Job 25525696, task 11 running on idun-05-34 at Fri  2 Oct 02:48:49 CEST 2026
Estimating parameters for replication r = 11
Iter     Function value   Gradient norm 
     0     1.935750e+00     1.572396e+00
 * time: 0.02038121223449707
     1     1.566515e+00     2.736996e-01
 * time: 0.7158281803131104
     2     1.517167e+00     5.751257e-02
 * time: 1.1986801624298096
     3     1.509900e+00     1.054741e-01
 * time: 1.690561056137085
     4     1.502808e+00     3.401858e-02
 * time: 2.181063175201416
     5     1.501354e+00     2.309756e-02
 * time: 2.6708312034606934
     6     1.500478e+00     4.848166e-03
 * time: 3.152971029281616
     7     1.500454e+00     3.307491e-03
 * time: 3.6346771717071533
     8     1.499642e+00     2.726173e-03
 * time: 4.448190212249756
     9     1.499127e+00     4.528489e-03
 * time: 11.152881145477295
    10     1.498641e+00     3.717404e-03
 * time: 12.352221012115479
    11     1.498626e+00     2.097311e-03
 * time: 13.037065029144287
    12     1.498618e+00     2.226416e-03
 * time: 13.709986209869385
    13     1.498471e+00     4.551383e-03
 * time: 14.698010206222534
    14     1.498366e+00     7.567920e-03
 * time: 15.374497175216675
    15     1.498260e+00     5.158516e-03
 * time: 16.089339017868042
    16     1.498209e+00     2.438672e-03
 * time: 16.764517068862915
    17     1.498195e+00     1.148414e-03
 * time: 17.52147912979126
    18     1.498193e+00     4.292423e-04
 * time: 18.17814612388611
    19     1.498192e+00     2.674326e-04
 * time: 18.624428033828735
    20     1.498192e+00     2.466368e-04
 * time: 19.305191040039062
    21     1.498189e+00     9.974166e-04
 * time: 20.525843143463135
    22     1.498166e+00     2.123135e-03
 * time: 21.40917420387268
    23     1.498160e+00     5.910444e-04
 * time: 22.080388069152832
    24     1.498159e+00     1.241094e-04
 * time: 22.759770154953003
    25     1.498159e+00     6.631813e-05
 * time: 23.51626420021057
    26     1.498159e+00     1.918470e-04
 * time: 24.41338801383972
    27     1.498156e+00     4.809433e-04
 * time: 25.53896999359131
    28     1.498147e+00     1.008000e-03
 * time: 26.212486028671265
    29     1.498141e+00     1.074758e-03
 * time: 26.876132011413574
    30     1.498138e+00     1.993678e-04
 * time: 27.325674057006836
    31     1.498134e+00     7.031600e-04
 * time: 27.76268219947815
    32     1.498131e+00     5.821785e-04
 * time: 28.507134199142456
    33     1.498131e+00     1.375389e-04
 * time: 28.94503617286682
    34     1.498130e+00     1.954583e-04
 * time: 29.38703203201294
    35     1.498130e+00     3.493744e-04
 * time: 30.05202007293701
    36     1.498129e+00     1.039811e-04
 * time: 30.724218130111694
    37     1.498129e+00     1.692490e-04
 * time: 31.16636300086975
    38     1.498129e+00     7.116353e-05
 * time: 31.700878143310547
    39     1.498129e+00     2.092280e-04
 * time: 32.356770038604736
    40     1.498129e+00     1.217762e-04
 * time: 33.02760410308838
    41     1.498129e+00     1.870392e-05
 * time: 33.6938750743866
    42     1.498129e+00     7.212276e-05
 * time: 34.14227318763733
    43     1.498129e+00     8.924335e-05
 * time: 34.82084608078003
 40.996879 seconds (65.55 M allocations: 14.408 GiB, 5.80% gc time, 26 lock conflicts, 37.34% compilation time)
 * Status: success

 * Candidate solution
    Final objective value:     1.498129e+00

 * Found with
    Algorithm:     BFGS

 * Convergence measures
    |x - x'|               = 2.42e-01 ≰ 1.0e-04
    |x - x'|/|x'|          = 7.37e-02 ≰ 0.0e+00
    |f(x) - f(x')|         = 1.38e-08 ≰ 0.0e+00
    |f(x) - f(x')|/|f(x')| = 9.23e-09 ≤ 1.0e-08
    |g(x)|                 = 8.92e-05 ≰ 1.0e-05

 * Work counters
    Seconds run:   35  (vs limit 14400)
    Iterations:    43
    f(x) calls:    131
    ∇f(x) calls:   131

ν_s = 0.5644581654328603
ν_t = 2.129309060484415
r_t = 14.55960979539105
r_s = 26.71617404163193
σ = 4.327629002740844
β_obs = 0.29000683018546974
σ_obs = 0.8336823978740305
Task 11 finished at Fri  2 Oct 02:49:39 CEST 2026
