Job 25525829, task 3 running on idun-04-04 at Fri  2 Oct 03:42:50 CEST 2026
Estimating parameters for scenario HL, replication r = 3
Iter     Function value   Gradient norm 
     0     2.022179e+00     1.637523e+00
 * time: 0.027792930603027344
     1     1.604970e+00     2.663329e-01
 * time: 0.8656859397888184
     2     1.553689e+00     5.379859e-02
 * time: 1.430539846420288
     3     1.549553e+00     6.316294e-02
 * time: 2.005844831466675
     4     1.547451e+00     1.015357e-02
 * time: 2.5570929050445557
     5     1.547181e+00     1.311615e-02
 * time: 3.136934995651245
     6     1.546912e+00     3.356440e-03
 * time: 3.677248954772949
     7     1.546817e+00     1.392332e-02
 * time: 4.431607961654663
     8     1.546329e+00     2.893398e-03
 * time: 5.262416839599609
     9     1.546287e+00     2.768625e-03
 * time: 5.658313989639282
    10     1.545963e+00     1.182065e-02
 * time: 6.431399822235107
    11     1.545494e+00     1.081922e-02
 * time: 9.293810844421387
    12     1.545234e+00     7.354917e-03
 * time: 10.282416820526123
    13     1.545195e+00     4.273221e-02
 * time: 30.412765979766846
    14     1.545177e+00     6.264887e-03
 * time: 42.89823794364929
    15     1.545158e+00     1.719311e-03
 * time: 43.408347845077515
    16     1.545126e+00     1.778579e-03
 * time: 54.584043979644775
    17     1.544936e+00     1.417826e-01
 * time: 73.66927886009216
    18     1.544933e+00     1.165392e-02
 * time: 110.37832999229431
    19     1.544935e+00     3.507095e-01
 * time: 515.9008958339691
    20     1.544935e+00     2.330254e-01
 * time: 873.27108502388
    21     1.544937e+00     1.534936e-01
 * time: 972.8283820152283
    22     1.544884e+00     9.033034e-03
 * time: 973.6028928756714
    23     1.544662e+00     1.856235e-03
 * time: 974.7939879894257
    24     1.544643e+00     3.804978e-03
 * time: 975.8863289356232
    25     1.544620e+00     1.263530e-03
 * time: 977.0467748641968
    26     1.544552e+00     4.785261e-03
 * time: 978.5731158256531
    27     1.544524e+00     1.657796e-03
 * time: 979.6499679088593
    28     1.544519e+00     1.012767e-03
 * time: 980.8371028900146
    29     1.544519e+00     5.849579e-04
 * time: 981.9385838508606
    30     1.544519e+00     6.276105e-04
 * time: 983.1420478820801
    31     1.544518e+00     5.081736e-04
 * time: 984.992241859436
    32     1.544483e+00     4.668958e-01
 * time: 1030.334704875946
    33     1.544479e+00     3.006717e-01
 * time: 1066.7462828159332
    34     1.544468e+00     2.509788e-02
 * time: 1083.3013818264008
    35     1.544458e+00     1.430427e-01
 * time: 1137.6142330169678
    36     1.544457e+00     1.514855e-02
 * time: 1160.9814069271088
    37     1.544456e+00     5.454725e-02
 * time: 1178.3470540046692
    38     1.544457e+00     1.871968e-01
 * time: 1213.1459429264069
    39     1.544458e+00     1.921839e-02
 * time: 1243.0453598499298
    40     1.544451e+00     9.629268e-02
 * time: 1271.0282599925995
    41     1.544452e+00     1.542948e-02
 * time: 1295.8424668312073
    42     1.544451e+00     5.853784e-02
 * time: 1326.210676908493
    43     1.544451e+00     9.509927e-02
 * time: 1370.0079748630524
    44     1.544451e+00     1.566575e-02
 * time: 1410.8946468830109
    45     1.544451e+00     1.188189e-01
 * time: 1438.8439118862152
    46     1.544451e+00     1.244237e-01
 * time: 1478.4799509048462
    47     1.544451e+00     7.380494e-02
 * time: 1511.6094110012054
    48     1.544451e+00     1.329205e-01
 * time: 1556.327838897705
    49     1.544451e+00     2.080436e-02
 * time: 1583.8830528259277
    50     1.544451e+00     2.896746e-01
 * time: 1599.1813838481903
    51     1.544451e+00     6.770214e-03
 * time: 1613.2404329776764
    52     1.544451e+00     1.549110e-01
 * time: 1639.0769028663635
    53     1.544451e+00     6.731955e-02
 * time: 1663.3784158229828
1670.345654 seconds (451.07 M allocations: 52.753 GiB, 0.62% gc time, 163 lock conflicts, 0.96% compilation time)
 * Status: success

 * Candidate solution
    Final objective value:     1.544451e+00

 * Found with
    Algorithm:     BFGS

 * Convergence measures
    |x - x'|               = 7.65e-05 ≤ 1.0e-04
    |x - x'|/|x'|          = 2.98e-05 ≰ 0.0e+00
    |f(x) - f(x')|         = 2.01e-09 ≰ 0.0e+00
    |f(x) - f(x')|/|f(x')| = 1.30e-09 ≤ 1.0e-08
    |g(x)|                 = 6.73e-02 ≰ 1.0e-05

 * Work counters
    Seconds run:   1663  (vs limit 14400)
    Iterations:    53
    f(x) calls:    287
    ∇f(x) calls:   287

ν_s = 0.5782050109902432
ν_t = 0.9764314766030674
r_t = 13.075377950834094
r_s = 2.2591391267535488
σ = 3.691656297156017
β_obs = 0.946434178806499
σ_obs = 0.8452942775882737
Task 3 finished at Fri  2 Oct 04:10:49 CEST 2026
