Job 25525696, task 19 running on idun-03-01 at Fri  2 Oct 02:48:49 CEST 2026
Estimating parameters for replication r = 19
Iter     Function value   Gradient norm 
     0     1.944881e+00     1.577764e+00
 * time: 0.024943828582763672
     1     1.569761e+00     2.737241e-01
 * time: 0.8579089641571045
     2     1.517892e+00     5.739062e-02
 * time: 1.4290368556976318
     3     1.509775e+00     1.183366e-01
 * time: 1.9879529476165771
     4     1.502486e+00     3.567038e-02
 * time: 2.555989980697632
     5     1.500244e+00     3.192804e-02
 * time: 3.1045889854431152
     6     1.498951e+00     1.271743e-02
 * time: 3.6724908351898193
     7     1.498862e+00     2.694976e-03
 * time: 4.231249809265137
     8     1.498267e+00     8.410945e-03
 * time: 5.17706298828125
     9     1.497251e+00     7.101574e+00
 * time: 21.065663814544678
    10     1.497252e+00     3.016599e+00
 * time: 51.15221095085144
    11     1.496963e+00     9.158214e-03
 * time: 57.92314291000366
    12     1.496884e+00     6.647283e-03
 * time: 63.49307894706726
    13     1.496799e+00     4.879819e-03
 * time: 68.34667682647705
    14     1.496786e+00     4.857034e-03
 * time: 79.27665591239929
    15     1.496714e+00     1.968468e-02
 * time: 96.46055698394775
    16     1.496558e+00     5.228422e-03
 * time: 110.98935985565186
    17     1.496495e+00     1.183071e-02
 * time: 116.6256058216095
    18     1.496463e+00     4.191016e-03
 * time: 122.88960790634155
    19     1.496458e+00     3.311642e-03
 * time: 217.5538239479065
    20     1.496449e+00     2.784564e+00
 * time: 224.94795989990234
    21     1.496445e+00     9.071529e-03
 * time: 231.8296618461609
    22     1.496428e+00     6.210036e-02
 * time: 242.09762001037598
    23     1.496237e+00     4.842872e-03
 * time: 254.39544582366943
    24     1.496174e+00     2.501642e+00
 * time: 262.8477599620819
    25     1.496174e+00     4.907544e-03
 * time: 266.1032738685608
    26     1.496167e+00     3.355733e-03
 * time: 293.93318796157837
    27     1.496156e+00     1.523236e-03
 * time: 301.3528859615326
    28     1.496143e+00     1.148016e-03
 * time: 307.49906182289124
    29     1.496140e+00     3.065897e-03
 * time: 324.04161500930786
    30     1.496138e+00     3.199414e-03
 * time: 329.33849000930786
    31     1.496137e+00     3.759974e-03
 * time: 334.84913897514343
    32     1.496137e+00     2.450419e-02
 * time: 343.53469800949097
    33     1.496137e+00     4.134273e-01
 * time: 357.64893889427185
    34     1.496137e+00     2.164971e-02
 * time: 362.4840338230133
    35     1.496137e+00     2.888640e-02
 * time: 371.50504088401794
    36     1.496131e+00     8.348327e+00
 * time: 386.1080288887024
    37     1.496131e+00     2.852308e-03
 * time: 387.30129384994507
    38     1.496127e+00     4.921176e-03
 * time: 397.4356598854065
    39     1.496124e+00     2.849735e-03
 * time: 402.9842188358307
    40     1.496122e+00     1.042921e-01
 * time: 412.68248891830444
    41     1.496121e+00     2.703800e-03
 * time: 419.9495029449463
    42     1.496121e+00     2.961500e-03
 * time: 425.9529139995575
    43     1.496019e+00     6.486544e-03
 * time: 435.0073399543762
    44     1.496002e+00     6.494115e-01
 * time: 442.5153329372406
    45     1.496002e+00     6.494115e-01
 * time: 535.9534969329834
542.782116 seconds (186.66 M allocations: 30.923 GiB, 1.02% gc time, 192 lock conflicts, 2.88% compilation time)
 * Status: success

 * Candidate solution
    Final objective value:     1.496002e+00

 * Found with
    Algorithm:     BFGS

 * Convergence measures
    |x - x'|               = 2.68e-10 ≤ 1.0e-04
    |x - x'|/|x'|          = 9.09e-11 ≰ 0.0e+00
    |f(x) - f(x')|         = 1.78e-14 ≰ 0.0e+00
    |f(x) - f(x')|/|f(x')| = 1.19e-14 ≤ 1.0e-08
    |g(x)|                 = 6.49e-01 ≰ 1.0e-05

 * Work counters
    Seconds run:   536  (vs limit 14400)
    Iterations:    45
    f(x) calls:    262
    ∇f(x) calls:   262

ν_s = 0.7954909772083727
ν_t = 1.5070900484033214
r_t = 19.13003919713996
r_s = 1.5507561604614872
σ = 5.6470280985183745
β_obs = 0.3971747987393997
σ_obs = 0.8269292947452093
Task 19 finished at Fri  2 Oct 02:58:00 CEST 2026
