Job 25525696, task 18 running on idun-03-01 at Fri  2 Oct 02:48:49 CEST 2026
Estimating parameters for replication r = 18
Iter     Function value   Gradient norm 
     0     1.976290e+00     1.649401e+00
 * time: 0.0241549015045166
     1     1.578093e+00     2.708358e-01
 * time: 0.8663499355316162
     2     1.527882e+00     5.586958e-02
 * time: 1.4288198947906494
     3     1.520329e+00     1.125049e-01
 * time: 1.986638069152832
     4     1.513206e+00     3.380009e-02
 * time: 2.5525810718536377
     5     1.511687e+00     2.315736e-02
 * time: 3.1023669242858887
     6     1.510890e+00     7.639219e-03
 * time: 3.659693956375122
     7     1.510854e+00     2.353181e-03
 * time: 4.215559005737305
     8     1.510769e+00     4.595192e-03
 * time: 4.972811937332153
     9     1.510392e+00     2.341994e-03
 * time: 10.96806812286377
    10     1.510126e+00     1.457860e-02
 * time: 24.455048084259033
    11     1.509663e+00     2.485909e-03
 * time: 25.44854712486267
    12     1.509605e+00     1.690475e-03
 * time: 26.39237904548645
    13     1.509543e+00     2.717433e-03
 * time: 27.139822959899902
    14     1.509481e+00     1.996875e-03
 * time: 27.910027980804443
    15     1.509464e+00     1.883964e-03
 * time: 28.744205951690674
    16     1.509433e+00     1.873057e-03
 * time: 29.59473705291748
    17     1.509410e+00     1.782339e-03
 * time: 30.517117977142334
    18     1.509330e+00     4.297970e-03
 * time: 34.55947995185852
    19     1.509276e+00     2.851424e-03
 * time: 36.02541208267212
    20     1.509162e+00     2.074998e-03
 * time: 37.1730580329895
    21     1.509144e+00     8.250345e-04
 * time: 37.891823053359985
    22     1.509138e+00     2.906069e-04
 * time: 39.020591020584106
    23     1.509136e+00     6.947379e-04
 * time: 40.01396703720093
    24     1.509136e+00     2.620669e-04
 * time: 41.15801405906677
    25     1.509133e+00     2.256292e-03
 * time: 42.53938698768616
    26     1.509116e+00     6.472926e-03
 * time: 47.95662307739258
    27     1.509082e+00     1.677591e-03
 * time: 48.74312090873718
    28     1.509061e+00     1.116354e-03
 * time: 49.686753034591675
    29     1.509055e+00     3.013997e-03
 * time: 61.835612058639526
    30     1.509055e+00     1.308792e-03
 * time: 66.69173693656921
    31     1.509051e+00     1.011162e-03
 * time: 73.60365390777588
    32     1.509051e+00     1.830833e-04
 * time: 78.67788505554199
    33     1.509051e+00     4.790694e-04
 * time: 85.53499603271484
    34     1.509049e+00     1.023194e-03
 * time: 98.47080707550049
    35     1.509044e+00     1.949874e-03
 * time: 103.11366295814514
    36     1.509030e+00     1.126677e-03
 * time: 114.46728801727295
    37     1.509020e+00     1.322282e-03
 * time: 122.25230503082275
    38     1.509017e+00     1.081140e-03
 * time: 126.85120701789856
    39     1.509013e+00     8.753492e-04
 * time: 134.43417310714722
    40     1.509012e+00     6.366688e-04
 * time: 143.00404500961304
    41     1.509010e+00     8.263284e-04
 * time: 148.36184906959534
    42     1.509009e+00     5.827991e-04
 * time: 160.54948091506958
    43     1.509008e+00     4.279747e-04
 * time: 163.43909406661987
    44     1.509007e+00     3.778133e-04
 * time: 170.40965604782104
    45     1.509007e+00     3.310055e-04
 * time: 178.15928506851196
    46     1.509007e+00     2.946825e-04
 * time: 187.96167993545532
    47     1.509006e+00     2.677564e-03
 * time: 199.76452612876892
    48     1.509006e+00     1.684275e-04
 * time: 200.95820999145508
    49     1.509006e+00     2.130731e-03
 * time: 211.3307180404663
    50     1.509006e+00     3.886331e-05
 * time: 219.85901999473572
    51     1.509006e+00     2.986415e-05
 * time: 230.2137451171875
    52     1.509006e+00     2.995284e-05
 * time: 235.08425498008728
241.965828 seconds (110.65 M allocations: 22.637 GiB, 1.91% gc time, 160 lock conflicts, 6.54% compilation time)
 * Status: success

 * Candidate solution
    Final objective value:     1.509006e+00

 * Found with
    Algorithm:     BFGS

 * Convergence measures
    |x - x'|               = 9.42e-03 ≰ 1.0e-04
    |x - x'|/|x'|          = 6.01e-03 ≰ 0.0e+00
    |f(x) - f(x')|         = 9.88e-10 ≰ 0.0e+00
    |f(x) - f(x')|/|f(x')| = 6.55e-10 ≤ 1.0e-08
    |g(x)|                 = 3.00e-05 ≰ 1.0e-05

 * Work counters
    Seconds run:   235  (vs limit 14400)
    Iterations:    52
    f(x) calls:    170
    ∇f(x) calls:   170

ν_s = 0.4800590494020608
ν_t = 2.6491593704602483
r_t = 4.4447839067296675
r_s = 0.6959041976907465
σ = 4.0812678664149376
β_obs = 0.00777377166853778
σ_obs = 0.8468614601775342
Task 18 finished at Fri  2 Oct 02:52:59 CEST 2026
