Job 25525829, task 10 running on idun-04-36 at Fri  2 Oct 03:42:50 CEST 2026
Estimating parameters for scenario HL, replication r = 10
Iter     Function value   Gradient norm 
     0     2.079523e+00     1.735744e+00
 * time: 0.025951147079467773
     1     1.624526e+00     2.600717e-01
 * time: 0.8489060401916504
     2     1.572731e+00     5.250587e-02
 * time: 1.4045751094818115
     3     1.568680e+00     6.319600e-02
 * time: 1.9440460205078125
     4     1.566841e+00     1.003088e-02
 * time: 2.4904561042785645
     5     1.566581e+00     1.016500e-02
 * time: 3.0471041202545166
     6     1.566404e+00     1.454414e-03
 * time: 3.5840799808502197
     7     1.566382e+00     3.914681e-03
 * time: 4.31685209274292
     8     1.566156e+00     2.590269e-03
 * time: 5.057142972946167
     9     1.566035e+00     2.007497e-03
 * time: 5.769906997680664
    10     1.566029e+00     2.265945e-03
 * time: 6.16093111038208
    11     1.565967e+00     3.333860e-03
 * time: 6.711883068084717
    12     1.565742e+00     1.316454e+00
 * time: 15.092323064804077
    13     1.565722e+00     4.275941e-03
 * time: 16.20924711227417
    14     1.565700e+00     2.973906e-03
 * time: 63.77245116233826
    15     1.565681e+00     1.784649e-03
 * time: 73.03820300102234
    16     1.565670e+00     1.917663e-02
 * time: 95.8555760383606
    17     1.565670e+00     2.520254e-03
 * time: 131.94538712501526
138.602100 seconds (75.68 M allocations: 8.129 GiB, 0.84% gc time, 55 lock conflicts, 10.80% compilation time)
 * Status: success

 * Candidate solution
    Final objective value:     1.565670e+00

 * Found with
    Algorithm:     BFGS

 * Convergence measures
    |x - x'|               = 9.59e-07 ≤ 1.0e-04
    |x - x'|/|x'|          = 5.44e-07 ≰ 0.0e+00
    |f(x) - f(x')|         = 2.77e-07 ≰ 0.0e+00
    |f(x) - f(x')|/|f(x')| = 1.77e-07 ≰ 1.0e-08
    |g(x)|                 = 2.52e-03 ≰ 1.0e-05

 * Work counters
    Seconds run:   132  (vs limit 14400)
    Iterations:    17
    f(x) calls:    66
    ∇f(x) calls:   66

ν_s = 0.6750067085903226
ν_t = 1.037627674386884
r_t = 5.837961189747511
r_s = 0.5343059920927079
σ = 3.745373111330964
β_obs = 0.5871260856345829
σ_obs = 0.8611464132269298
Task 10 finished at Fri  2 Oct 03:45:21 CEST 2026
