Job 25525696, task 23 running on idun-04-02 at Fri  2 Oct 02:48:49 CEST 2026
Estimating parameters for replication r = 23
Iter     Function value   Gradient norm 
     0     1.917431e+00     1.535605e+00
 * time: 0.0273590087890625
     1     1.559930e+00     2.773664e-01
 * time: 0.8714711666107178
     2     1.508185e+00     5.693134e-02
 * time: 1.413072109222412
     3     1.500625e+00     1.113482e-01
 * time: 1.9697620868682861
     4     1.493554e+00     3.511175e-02
 * time: 2.514108180999756
     5     1.491760e+00     2.705725e-02
 * time: 3.0600781440734863
     6     1.490729e+00     1.111325e-02
 * time: 3.598558187484741
     7     1.490663e+00     2.344428e-03
 * time: 4.147881031036377
     8     1.490396e+00     8.244381e-03
 * time: 5.030290126800537
     9     1.489719e+00     8.998580e-03
 * time: 6.2400901317596436
    10     1.489165e+00     1.196423e-02
 * time: 6.942192077636719
    11     1.489024e+00     2.586191e-03
 * time: 7.715548992156982
    12     1.488984e+00     5.406745e-03
 * time: 8.214061975479126
    13     1.488872e+00     6.207902e-03
 * time: 8.992669105529785
    14     1.488781e+00     2.465785e-03
 * time: 9.767966985702515
    15     1.488714e+00     3.825640e-03
 * time: 10.768984079360962
    16     1.488684e+00     1.584481e-03
 * time: 11.282763004302979
    17     1.488669e+00     6.536095e-04
 * time: 20.252379179000854
    18     1.488664e+00     5.890622e-04
 * time: 20.979609966278076
    19     1.488664e+00     5.836883e-04
 * time: 21.75012707710266
    20     1.488661e+00     9.959999e-04
 * time: 22.766188144683838
    21     1.488619e+00     6.683309e-04
 * time: 23.9065580368042
    22     1.488617e+00     8.024759e-04
 * time: 24.42603611946106
    23     1.488616e+00     3.812470e-04
 * time: 24.92671012878418
    24     1.488616e+00     3.094593e-04
 * time: 25.699778079986572
    25     1.488612e+00     1.527219e-03
 * time: 26.700868129730225
    26     1.488588e+00     8.202412e-04
 * time: 27.80169701576233
    27     1.488585e+00     3.020328e-04
 * time: 28.547880172729492
    28     1.488585e+00     8.176624e-05
 * time: 29.304993152618408
    29     1.488585e+00     5.094801e-05
 * time: 30.068438053131104
    30     1.488585e+00     2.141875e-04
 * time: 31.086250066757202
    31     1.488581e+00     1.334377e-03
 * time: 32.609302043914795
    32     1.488574e+00     1.127012e-03
 * time: 33.37882709503174
    33     1.488571e+00     6.610746e-04
 * time: 33.893474102020264
    34     1.488567e+00     1.264757e-03
 * time: 34.74874496459961
    35     1.488564e+00     4.784823e-04
 * time: 35.48732113838196
    36     1.488564e+00     4.816418e-04
 * time: 35.98024606704712
    37     1.488563e+00     4.736753e-04
 * time: 36.481276988983154
    38     1.488562e+00     3.877751e-04
 * time: 37.23958110809326
    39     1.488562e+00     4.534938e-04
 * time: 37.752143144607544
    40     1.488561e+00     3.008326e-04
 * time: 38.51190400123596
    41     1.488561e+00     1.555336e-04
 * time: 39.29274296760559
    42     1.488561e+00     1.559908e-04
 * time: 39.79414415359497
    43     1.488561e+00     2.395872e-04
 * time: 40.634727001190186
    44     1.488561e+00     2.264861e-04
 * time: 41.375760078430176
    45     1.488561e+00     3.004414e-05
 * time: 41.891990184783936
    46     1.488561e+00     8.472751e-05
 * time: 42.39426898956299
    47     1.488561e+00     1.715427e-04
 * time: 43.17433404922485
 49.915323 seconds (68.36 M allocations: 15.445 GiB, 4.01% gc time, 73 lock conflicts, 30.85% compilation time)
 * Status: success

 * Candidate solution
    Final objective value:     1.488561e+00

 * Found with
    Algorithm:     BFGS

 * Convergence measures
    |x - x'|               = 2.85e-01 ≰ 1.0e-04
    |x - x'|/|x'|          = 6.27e-02 ≰ 0.0e+00
    |f(x) - f(x')|         = 1.09e-08 ≰ 0.0e+00
    |f(x) - f(x')|/|f(x')| = 7.30e-09 ≤ 1.0e-08
    |g(x)|                 = 1.72e-04 ≰ 1.0e-05

 * Work counters
    Seconds run:   43  (vs limit 14400)
    Iterations:    47
    f(x) calls:    142
    ∇f(x) calls:   142

ν_s = 0.5452447350155687
ν_t = 2.1994153615970653
r_t = 14.256627633122658
r_s = 93.35710834369975
σ = 4.457222246936011
β_obs = 0.2328260665172354
σ_obs = 0.8253375139128465
Task 23 finished at Fri  2 Oct 02:49:47 CEST 2026
