Job 25525696, task 15 running on idun-05-34 at Fri  2 Oct 02:48:49 CEST 2026
Estimating parameters for replication r = 15
Iter     Function value   Gradient norm 
     0     1.969458e+00     1.634175e+00
 * time: 0.01996898651123047
     1     1.576613e+00     2.692922e-01
 * time: 0.7095868587493896
     2     1.528146e+00     5.758695e-02
 * time: 1.1902759075164795
     3     1.519837e+00     1.202004e-01
 * time: 1.6641018390655518
     4     1.511589e+00     3.981772e-02
 * time: 2.1407108306884766
     5     1.509412e+00     2.758282e-02
 * time: 2.6080169677734375
     6     1.508192e+00     8.877803e-03
 * time: 3.07747483253479
     7     1.508138e+00     2.939743e-03
 * time: 3.5570719242095947
     8     1.507878e+00     7.341896e-03
 * time: 4.192508935928345
     9     1.506668e+00     6.256855e-03
 * time: 4.907252788543701
    10     1.506478e+00     5.883465e-03
 * time: 12.828014850616455
    11     1.505976e+00     7.763163e-03
 * time: 18.255728006362915
    12     1.505926e+00     8.268467e-02
 * time: 51.34632897377014
    13     1.505925e+00     5.123675e-02
 * time: 89.31255388259888
 95.153016 seconds (67.74 M allocations: 8.649 GiB, 1.74% gc time, 16 lock conflicts, 14.74% compilation time)
 * Status: success

 * Candidate solution
    Final objective value:     1.505925e+00

 * Found with
    Algorithm:     BFGS

 * Convergence measures
    |x - x'|               = 6.10e-07 ≤ 1.0e-04
    |x - x'|/|x'|          = 2.67e-07 ≰ 0.0e+00
    |f(x) - f(x')|         = 1.06e-06 ≰ 0.0e+00
    |f(x) - f(x')|/|f(x')| = 7.02e-07 ≰ 1.0e-08
    |g(x)|                 = 5.12e-02 ≰ 1.0e-05

 * Work counters
    Seconds run:   89  (vs limit 14400)
    Iterations:    13
    f(x) calls:    71
    ∇f(x) calls:   71

ν_s = 0.8643540666424773
ν_t = 1.651104923440612
r_t = 9.829877378539752
r_s = 0.902969278325859
σ = 5.3597525574002765
β_obs = 0.2412098445828208
σ_obs = 0.8380055245990786
Task 15 finished at Fri  2 Oct 02:50:33 CEST 2026
