Job 25525828, task 13 running on idun-05-34 at Fri  2 Oct 03:42:50 CEST 2026
Estimating parameters for scenario HH, replication r = 13
Iter     Function value   Gradient norm 
     0     2.818327e+00     3.188383e+00
 * time: 0.02024102210998535
     1     1.792931e+00     1.450953e-01
 * time: 0.7041339874267578
     2     1.760619e+00     4.050231e-02
 * time: 1.183074951171875
     3     1.758655e+00     1.171137e-02
 * time: 1.6644129753112793
     4     1.758137e+00     6.255149e-03
 * time: 2.2998788356781006
     5     1.758083e+00     2.463724e-03
 * time: 2.7832489013671875
     6     1.758020e+00     4.550210e-03
 * time: 3.4224448204040527
     7     1.757712e+00     4.143890e-03
 * time: 4.156330823898315
     8     1.757687e+00     9.703181e-04
 * time: 4.630090951919556
     9     1.757672e+00     1.641774e-03
 * time: 5.293260812759399
    10     1.757670e+00     1.912170e-03
 * time: 14.370105981826782
    11     1.757608e+00     4.922002e-03
 * time: 14.853754997253418
    12     1.757527e+00     3.598809e-03
 * time: 21.637054920196533
    13     1.757517e+00     3.724495e-03
 * time: 31.014745950698853
    14     1.757362e+00     1.244033e-03
 * time: 31.71490788459778
    15     1.757356e+00     6.843241e-04
 * time: 32.16942501068115
    16     1.757319e+00     1.254199e-02
 * time: 41.26352381706238
    17     1.757319e+00     1.402647e-02
 * time: 66.38765692710876
    18     1.757316e+00     6.673031e-03
 * time: 98.02542400360107
    19     1.757315e+00     6.539284e-02
 * time: 122.15956282615662
    20     1.757315e+00     2.692858e-02
 * time: 166.74991989135742
    21     1.757315e+00     3.664270e-01
 * time: 213.97749400138855
    22     1.757313e+00     8.128397e-03
 * time: 226.93749499320984
    23     1.757314e+00     7.037970e-03
 * time: 240.96388483047485
    24     1.757310e+00     8.611587e-02
 * time: 256.56151700019836
    25     1.757310e+00     1.559720e-02
 * time: 271.30281591415405
    26     1.757308e+00     1.376307e-02
 * time: 296.29746294021606
    27     1.757308e+00     2.870501e-02
 * time: 313.2605969905853
    28     1.757307e+00     5.529550e-02
 * time: 328.3223638534546
    29     1.757306e+00     3.971484e-02
 * time: 352.8511469364166
    30     1.757297e+00     5.096155e-02
 * time: 382.23586797714233
    31     1.757299e+00     8.851553e-02
 * time: 414.3198719024658
    32     1.757276e+00     2.757907e-02
 * time: 439.4348428249359
    33     1.757275e+00     2.171755e-02
 * time: 477.7860679626465
    34     1.757276e+00     9.950737e-02
 * time: 561.5293807983398
    35     1.757269e+00     1.478191e-02
 * time: 577.3521327972412
    36     1.757268e+00     3.467111e-02
 * time: 597.4666638374329
    37     1.757269e+00     8.777077e-03
 * time: 612.0904250144958
    38     1.757269e+00     1.638430e-01
 * time: 634.4790279865265
    39     1.757270e+00     6.705873e-02
 * time: 677.9987828731537
    40     1.757270e+00     2.766497e-02
 * time: 693.0794808864594
    41     1.757269e+00     6.761046e-02
 * time: 706.7135598659515
    42     1.757269e+00     1.205143e-02
 * time: 742.2450408935547
    43     1.757270e+00     2.099948e-01
 * time: 797.1496059894562
    44     1.757271e+00     7.167991e-02
 * time: 810.9455018043518
    45     1.757267e+00     1.835719e-02
 * time: 870.4823977947235
    46     1.757267e+00     7.532623e-02
 * time: 1160.0059728622437
1166.170891 seconds (388.01 M allocations: 43.629 GiB, 0.76% gc time, 26 lock conflicts, 1.32% compilation time)
 * Status: success

 * Candidate solution
    Final objective value:     1.757267e+00

 * Found with
    Algorithm:     BFGS

 * Convergence measures
    |x - x'|               = 5.04e-13 ≤ 1.0e-04
    |x - x'|/|x'|          = 2.38e-13 ≰ 0.0e+00
    |f(x) - f(x')|         = 5.14e-07 ≰ 0.0e+00
    |f(x) - f(x')|/|f(x')| = 2.93e-07 ≰ 1.0e-08
    |g(x)|                 = 7.53e-02 ≰ 1.0e-05

 * Work counters
    Seconds run:   1160  (vs limit 14400)
    Iterations:    46
    f(x) calls:    237
    ∇f(x) calls:   237

ν_s = 0.5915293954419983
ν_t = 0.9943502412734576
r_t = 8.341538015219996
r_s = 0.9924565748060012
σ = 3.553490851204443
β_obs = 0.9727848189641112
σ_obs = 1.095991119422516
Task 13 finished at Fri  2 Oct 04:02:26 CEST 2026
