Job 25525696, task 22 running on idun-04-02 at Fri  2 Oct 02:48:49 CEST 2026
Estimating parameters for replication r = 22
Iter     Function value   Gradient norm 
     0     1.971576e+00     1.623082e+00
 * time: 0.02652287483215332
     1     1.579622e+00     2.717174e-01
 * time: 0.8792579174041748
     2     1.527486e+00     5.861230e-02
 * time: 1.4373300075531006
     3     1.518791e+00     1.222851e-01
 * time: 1.9891059398651123
     4     1.511246e+00     3.612001e-02
 * time: 2.5396978855133057
     5     1.508885e+00     3.142550e-02
 * time: 3.095767021179199
     6     1.507630e+00     1.074617e-02
 * time: 3.6411349773406982
     7     1.507561e+00     3.170651e-03
 * time: 4.19345498085022
     8     1.507227e+00     9.401710e-03
 * time: 5.097941875457764
     9     1.506861e+00     3.572801e-03
 * time: 5.631983995437622
    10     1.506638e+00     1.747416e-03
 * time: 6.181955814361572
    11     1.506579e+00     2.179404e-03
 * time: 6.714294910430908
    12     1.506525e+00     7.377993e-03
 * time: 14.812692880630493
    13     1.506368e+00     2.580415e-01
 * time: 72.33363699913025
    14     1.506345e+00     6.835290e-03
 * time: 72.68941378593445
    15     1.506208e+00     2.005698e-03
 * time: 73.0501389503479
    16     1.506077e+00     1.328704e-03
 * time: 73.5937008857727
    17     1.506065e+00     9.510284e-04
 * time: 74.13250684738159
    18     1.505956e+00     4.254468e-03
 * time: 74.85672092437744
    19     1.505839e+00     4.903142e-03
 * time: 85.21149396896362
    20     1.505682e+00     1.312198e-02
 * time: 93.64253187179565
    21     1.505541e+00     3.502420e-03
 * time: 94.13313388824463
    22     1.505471e+00     1.201627e-03
 * time: 94.65750479698181
    23     1.505451e+00     1.068028e-03
 * time: 95.41294193267822
    24     1.505447e+00     3.483902e-04
 * time: 96.16070199012756
    25     1.505447e+00     1.292170e-04
 * time: 96.91024279594421
    26     1.505447e+00     3.522023e-05
 * time: 97.73623299598694
    27     1.505447e+00     3.924413e-05
 * time: 98.48007583618164
    28     1.505447e+00     9.124654e-05
 * time: 99.98556685447693
    29     1.505446e+00     3.722512e-05
 * time: 100.74474787712097
    30     1.505446e+00     2.117958e-05
 * time: 101.50838780403137
    31     1.505446e+00     2.921574e-05
 * time: 102.34546184539795
109.269910 seconds (78.55 M allocations: 12.823 GiB, 1.66% gc time, 87 lock conflicts, 14.69% compilation time)
 * Status: success

 * Candidate solution
    Final objective value:     1.505446e+00

 * Found with
    Algorithm:     BFGS

 * Convergence measures
    |x - x'|               = 1.31e-03 ≰ 1.0e-04
    |x - x'|/|x'|          = 5.18e-04 ≰ 0.0e+00
    |f(x) - f(x')|         = 1.58e-09 ≰ 0.0e+00
    |f(x) - f(x')|/|f(x')| = 1.05e-09 ≤ 1.0e-08
    |g(x)|                 = 2.92e-05 ≰ 1.0e-05

 * Work counters
    Seconds run:   102  (vs limit 14400)
    Iterations:    31
    f(x) calls:    123
    ∇f(x) calls:   123

ν_s = 0.8490560409826091
ν_t = 1.7990970801828463
r_t = 12.447418149362417
r_s = 1.5340068445290507
σ = 5.91451983954571
β_obs = 0.32048789526377053
σ_obs = 0.8321989701497038
Task 22 finished at Fri  2 Oct 02:50:46 CEST 2026
