Job 25525696, task 16 running on idun-03-01 at Fri  2 Oct 02:48:49 CEST 2026
Estimating parameters for replication r = 16
Iter     Function value   Gradient norm 
     0     1.931655e+00     1.545136e+00
 * time: 0.026012897491455078
     1     1.565324e+00     2.757050e-01
 * time: 0.8504049777984619
     2     1.512026e+00     5.923369e-02
 * time: 1.4169950485229492
     3     1.503752e+00     1.161559e-01
 * time: 1.9735429286956787
     4     1.496289e+00     3.517031e-02
 * time: 2.534527063369751
     5     1.494495e+00     2.604597e-02
 * time: 3.0810561180114746
     6     1.493516e+00     8.015971e-03
 * time: 3.6290130615234375
     7     1.493474e+00     2.679878e-03
 * time: 4.177788019180298
     8     1.493277e+00     6.849919e-03
 * time: 4.918661117553711
     9     1.492158e+00     5.152443e-03
 * time: 5.78462290763855
    10     1.491796e+00     8.506162e-03
 * time: 7.080750942230225
    11     1.491707e+00     5.388798e-03
 * time: 7.603732109069824
    12     1.491490e+00     3.743566e-03
 * time: 8.387394905090332
    13     1.491435e+00     1.615723e-03
 * time: 9.183670043945312
    14     1.491417e+00     1.911276e-03
 * time: 9.694663047790527
    15     1.491406e+00     8.813951e-04
 * time: 10.593080997467041
    16     1.491400e+00     9.308838e-04
 * time: 11.376899003982544
    17     1.491383e+00     3.082542e-03
 * time: 12.416867971420288
    18     1.491350e+00     1.412727e-03
 * time: 13.202719926834106
    19     1.491346e+00     3.146385e-04
 * time: 13.73868989944458
    20     1.491346e+00     6.429119e-05
 * time: 14.295171976089478
    21     1.491346e+00     8.131030e-05
 * time: 15.111937999725342
    22     1.491345e+00     4.557256e-04
 * time: 16.40224003791809
    23     1.491343e+00     5.365964e-05
 * time: 17.181643962860107
    24     1.491343e+00     9.513417e-06
 * time: 17.68812108039856
 24.432298 seconds (50.66 M allocations: 8.318 GiB, 4.70% gc time, 74 lock conflicts, 62.74% compilation time)
 * Status: success

 * Candidate solution
    Final objective value:     1.491343e+00

 * Found with
    Algorithm:     BFGS

 * Convergence measures
    |x - x'|               = 3.02e-03 ≰ 1.0e-04
    |x - x'|/|x'|          = 1.42e-03 ≰ 0.0e+00
    |f(x) - f(x')|         = 1.93e-08 ≰ 0.0e+00
    |f(x) - f(x')|/|f(x')| = 1.29e-08 ≰ 1.0e-08
    |g(x)|                 = 9.51e-06 ≤ 1.0e-05

 * Work counters
    Seconds run:   18  (vs limit 14400)
    Iterations:    24
    f(x) calls:    73
    ∇f(x) calls:   73

ν_s = 0.8351178786523071
ν_t = 1.986616503472231
r_t = 8.424246734822873
r_s = 0.6892513945326825
σ = 5.208897585807637
β_obs = 0.33259125200234013
σ_obs = 0.8223306861688194
Task 16 finished at Fri  2 Oct 02:49:21 CEST 2026
