Job 25525879, task 14 running on idun-04-06 at Fri  2 Oct 03:43:20 CEST 2026
Estimating parameters for scenario LH, replication r = 14
Iter     Function value   Gradient norm 
     0     2.712554e+00     3.079218e+00
 * time: 0.0258939266204834
     1     1.754703e+00     1.639140e-01
 * time: 0.8797988891601562
     2     1.721647e+00     7.165670e-02
 * time: 1.4671049118041992
     3     1.714193e+00     2.877518e-02
 * time: 2.235529899597168
     4     1.713431e+00     1.567461e-02
 * time: 2.8250999450683594
     5     1.712882e+00     2.726925e-03
 * time: 3.4015109539031982
     6     1.712851e+00     3.254343e-03
 * time: 3.9836788177490234
     7     1.712828e+00     3.234242e-03
 * time: 4.565698862075806
     8     1.712151e+00     1.030064e-02
 * time: 5.604902029037476
     9     1.711669e+00     1.018789e-02
 * time: 6.427160978317261
    10     1.711393e+00     3.595006e-03
 * time: 7.433809995651245
    11     1.711304e+00     3.684511e-03
 * time: 8.089864015579224
    12     1.711183e+00     5.141263e-03
 * time: 8.621997833251953
    13     1.711099e+00     1.983834e-03
 * time: 17.737923860549927
    14     1.711044e+00     7.969026e-03
 * time: 26.802923917770386
    15     1.710933e+00     4.207467e-03
 * time: 27.68853783607483
    16     1.710890e+00     9.837324e-04
 * time: 29.003772020339966
    17     1.710883e+00     5.642948e-04
 * time: 30.15488886833191
    18     1.710882e+00     2.072266e-04
 * time: 30.963477849960327
    19     1.710882e+00     1.566865e-04
 * time: 32.07885384559631
    20     1.710881e+00     7.125340e-04
 * time: 34.08587384223938
    21     1.710872e+00     4.143892e-04
 * time: 35.84721088409424
    22     1.710868e+00     9.562960e-04
 * time: 36.706279039382935
    23     1.710865e+00     9.149354e-04
 * time: 37.93985199928284
    24     1.710861e+00     9.571389e-04
 * time: 39.06238794326782
    25     1.710860e+00     6.270105e-04
 * time: 39.85393691062927
    26     1.710859e+00     3.508922e-04
 * time: 40.74165081977844
    27     1.710858e+00     1.877401e-04
 * time: 41.54854083061218
    28     1.710858e+00     1.967115e-04
 * time: 42.41221904754639
    29     1.710858e+00     3.539499e-04
 * time: 43.724071979522705
    30     1.710857e+00     2.524003e-04
 * time: 45.29899787902832
    31     1.710857e+00     1.267122e-04
 * time: 46.58310294151306
    32     1.710857e+00     8.548728e-05
 * time: 47.389528036117554
    33     1.710857e+00     7.195464e-05
 * time: 48.6740939617157
    34     1.710857e+00     1.473537e-04
 * time: 49.48528003692627
    35     1.710857e+00     1.391292e-04
 * time: 50.656595945358276
    36     1.710856e+00     6.867929e-05
 * time: 51.95199704170227
    37     1.710856e+00     1.151823e-04
 * time: 52.69161105155945
    38     1.710856e+00     1.712073e-04
 * time: 55.34748291969299
    39     1.710856e+00     3.305172e-04
 * time: 57.27564287185669
    40     1.710855e+00     4.596292e-04
 * time: 58.084123849868774
    41     1.710854e+00     5.542274e-04
 * time: 59.16187381744385
    42     1.710851e+00     6.076701e-04
 * time: 60.421303033828735
    43     1.710851e+00     5.668882e-04
 * time: 69.26723885536194
    44     1.710850e+00     4.706755e-04
 * time: 70.94173884391785
    45     1.710849e+00     3.240429e-04
 * time: 71.68722701072693
    46     1.710849e+00     4.624251e-04
 * time: 72.99148893356323
    47     1.710848e+00     2.253287e-04
 * time: 74.10693001747131
    48     1.710848e+00     1.208276e-04
 * time: 82.49109983444214
    49     1.710848e+00     1.463881e-04
 * time: 83.3205668926239
    50     1.710848e+00     7.681826e-05
 * time: 84.42580795288086
    51     1.710848e+00     1.181702e-05
 * time: 85.60371804237366
    52     1.710848e+00     4.661952e-05
 * time: 87.15656304359436
 94.063931 seconds (76.83 M allocations: 20.936 GiB, 3.96% gc time, 215 lock conflicts, 16.60% compilation time)
 * Status: success

 * Candidate solution
    Final objective value:     1.710848e+00

 * Found with
    Algorithm:     BFGS

 * Convergence measures
    |x - x'|               = 2.41e-03 ≰ 1.0e-04
    |x - x'|/|x'|          = 1.31e-03 ≰ 0.0e+00
    |f(x) - f(x')|         = 2.82e-09 ≰ 0.0e+00
    |f(x) - f(x')|/|f(x')| = 1.65e-09 ≤ 1.0e-08
    |g(x)|                 = 4.66e-05 ≰ 1.0e-05

 * Work counters
    Seconds run:   87  (vs limit 14400)
    Iterations:    52
    f(x) calls:    157
    ∇f(x) calls:   157

ν_s = 0.41053105310933613
ν_t = 2.7233094210704607
r_t = 4.254983994135488
r_s = 2.607607376041382
σ = 3.635029693827274
β_obs = 0.004255720880849821
σ_obs = 1.0844543081767555
Task 14 finished at Fri  2 Oct 03:45:06 CEST 2026
