Job 25525829, task 19 running on idun-04-33 at Fri  2 Oct 03:42:50 CEST 2026
Estimating parameters for scenario HL, replication r = 19
Iter     Function value   Gradient norm 
     0     2.053960e+00     1.656829e+00
 * time: 0.023205995559692383
     1     1.617407e+00     2.652618e-01
 * time: 0.839432954788208
     2     1.561734e+00     5.386871e-02
 * time: 1.3955540657043457
     3     1.557684e+00     6.228625e-02
 * time: 1.9470350742340088
     4     1.555843e+00     9.609930e-03
 * time: 2.5009500980377197
     5     1.555617e+00     1.026918e-02
 * time: 3.0435259342193604
     6     1.555397e+00     3.105311e-03
 * time: 3.593242883682251
     7     1.555297e+00     9.280706e-03
 * time: 4.322649002075195
     8     1.554915e+00     8.737016e-03
 * time: 4.877115964889526
     9     1.554857e+00     7.413908e-03
 * time: 5.249916076660156
    10     1.554731e+00     7.836029e-03
 * time: 5.810774087905884
    11     1.554230e+00     9.457559e-03
 * time: 6.743743896484375
    12     1.553951e+00     8.063456e-03
 * time: 7.262165069580078
    13     1.553806e+00     3.637560e-03
 * time: 8.049304008483887
    14     1.553616e+00     4.979762e-03
 * time: 9.169109106063843
    15     1.553550e+00     1.257209e-03
 * time: 9.948604106903076
    16     1.553535e+00     7.253910e-04
 * time: 10.697663068771362
    17     1.553533e+00     5.332890e-04
 * time: 11.456958055496216
    18     1.553525e+00     2.737385e-03
 * time: 12.542134046554565
    19     1.553380e+00     2.195556e-03
 * time: 13.511756896972656
    20     1.553327e+00     2.161534e-03
 * time: 14.25570797920227
    21     1.553315e+00     1.457377e-03
 * time: 14.765366077423096
    22     1.553299e+00     1.636912e-03
 * time: 15.524924039840698
    23     1.553295e+00     7.974579e-04
 * time: 16.43468189239502
    24     1.553292e+00     7.799655e-04
 * time: 17.30441689491272
    25     1.553289e+00     6.384591e-04
 * time: 18.19818091392517
    26     1.553288e+00     6.422481e-04
 * time: 18.79719305038452
    27     1.553287e+00     9.688567e-05
 * time: 19.387455940246582
    28     1.553287e+00     9.830233e-05
 * time: 20.35196089744568
    29     1.553287e+00     8.920050e-05
 * time: 21.574583053588867
    30     1.553287e+00     1.506175e-04
 * time: 22.485064029693604
    31     1.553286e+00     1.850398e-04
 * time: 23.70189905166626
    32     1.553283e+00     4.229434e-04
 * time: 24.547656059265137
    33     1.553280e+00     5.726991e-04
 * time: 25.444447994232178
    34     1.553280e+00     4.081471e-04
 * time: 26.023616075515747
    35     1.553279e+00     2.581400e-04
 * time: 26.687663078308105
    36     1.553279e+00     3.936066e-04
 * time: 27.579991102218628
    37     1.553278e+00     3.308548e-04
 * time: 28.47174596786499
    38     1.553278e+00     7.136354e-04
 * time: 29.350934982299805
    39     1.553277e+00     5.014161e-04
 * time: 30.30804991722107
    40     1.553277e+00     3.614809e-04
 * time: 30.88766098022461
    41     1.553276e+00     2.815953e-04
 * time: 31.48498296737671
    42     1.553276e+00     3.036818e-04
 * time: 32.66092801094055
    43     1.553276e+00     1.184152e-04
 * time: 33.33452296257019
    44     1.553276e+00     1.959766e-05
 * time: 33.93947410583496
    45     1.553276e+00     4.056941e-06
 * time: 34.900914907455444
 41.634108 seconds (64.34 M allocations: 14.230 GiB, 4.84% gc time, 111 lock conflicts, 37.48% compilation time)
 * Status: success

 * Candidate solution
    Final objective value:     1.553276e+00

 * Found with
    Algorithm:     BFGS

 * Convergence measures
    |x - x'|               = 5.01e-04 ≰ 1.0e-04
    |x - x'|/|x'|          = 3.63e-05 ≰ 0.0e+00
    |f(x) - f(x')|         = 1.69e-10 ≰ 0.0e+00
    |f(x) - f(x')|/|f(x')| = 1.09e-10 ≤ 1.0e-08
    |g(x)|                 = 4.06e-06 ≤ 1.0e-05

 * Work counters
    Seconds run:   35  (vs limit 14400)
    Iterations:    45
    f(x) calls:    132
    ∇f(x) calls:   132

ν_s = 0.5740687201311923
ν_t = 0.7543692385327255
r_t = 250.25987212926512
r_s = 62.12719950598206
σ = 3.8623936122308735
β_obs = 1.0
σ_obs = 0.8453707571490598
Task 19 finished at Fri  2 Oct 03:43:44 CEST 2026
