Job 25525829, task 24 running on idun-03-03 at Fri  2 Oct 03:43:20 CEST 2026
Estimating parameters for scenario HL, replication r = 24
Iter     Function value   Gradient norm 
     0     2.004413e+00     1.598971e+00
 * time: 0.02572917938232422
     1     1.599254e+00     2.701770e-01
 * time: 0.8701300621032715
     2     1.546774e+00     5.330974e-02
 * time: 1.4956510066986084
     3     1.542922e+00     6.013828e-02
 * time: 2.109740972518921
     4     1.541084e+00     8.532589e-03
 * time: 2.7397961616516113
     5     1.540931e+00     8.998260e-03
 * time: 3.357516050338745
     6     1.540744e+00     2.769021e-03
 * time: 3.977856159210205
     7     1.540647e+00     1.155031e-02
 * time: 4.808601140975952
     8     1.540298e+00     1.055103e-02
 * time: 5.434568166732788
     9     1.540248e+00     9.558096e-03
 * time: 5.856919050216675
    10     1.540082e+00     3.631207e-03
 * time: 9.444885015487671
    11     1.539803e+00     2.332932e-02
 * time: 20.95422101020813
    12     1.539020e+00     7.749146e-03
 * time: 31.69706416130066
    13     1.538762e+00     7.342889e-03
 * time: 32.22545504570007
    14     1.538637e+00     8.961886e-03
 * time: 33.00568914413452
    15     1.538506e+00     5.689524e-03
 * time: 33.907711029052734
    16     1.538467e+00     2.554952e-03
 * time: 34.655068159103394
    17     1.538463e+00     5.398075e-04
 * time: 35.45155310630798
    18     1.538462e+00     4.924218e-04
 * time: 36.21691107749939
    19     1.538457e+00     1.631169e-03
 * time: 37.298747062683105
    20     1.538388e+00     1.380680e-03
 * time: 38.33436107635498
    21     1.538361e+00     1.406764e-03
 * time: 39.202402114868164
    22     1.538340e+00     1.076844e-03
 * time: 40.11109018325806
    23     1.538329e+00     6.480092e-04
 * time: 40.953885078430176
    24     1.538323e+00     7.227917e-04
 * time: 41.78580904006958
    25     1.538321e+00     3.458530e-04
 * time: 42.30836009979248
    26     1.538320e+00     3.181553e-04
 * time: 43.16285419464111
    27     1.538319e+00     3.988643e-04
 * time: 44.01166319847107
    28     1.538319e+00     8.547694e-05
 * time: 44.52705907821655
    29     1.538319e+00     1.058413e-04
 * time: 45.3228280544281
    30     1.538319e+00     7.176893e-05
 * time: 46.110620975494385
    31     1.538319e+00     2.020345e-04
 * time: 47.2315731048584
    32     1.538314e+00     3.287084e-04
 * time: 48.51289105415344
    33     1.538312e+00     4.570334e-04
 * time: 49.29907202720642
    34     1.538311e+00     2.898673e-04
 * time: 49.86890912055969
    35     1.538311e+00     2.266144e-04
 * time: 50.393853187561035
    36     1.538310e+00     1.801089e-04
 * time: 50.930899143218994
    37     1.538310e+00     2.415909e-04
 * time: 51.79540014266968
    38     1.538310e+00     2.294743e-04
 * time: 52.59706211090088
    39     1.538310e+00     1.203461e-04
 * time: 53.165645122528076
    40     1.538310e+00     1.924628e-04
 * time: 53.96272397041321
    41     1.538310e+00     8.667823e-05
 * time: 54.754194021224976
    42     1.538310e+00     2.214101e-05
 * time: 55.27520298957825
    43     1.538310e+00     4.451028e-05
 * time: 56.12921404838562
    44     1.538310e+00     2.007730e-05
 * time: 56.95007300376892
    45     1.538310e+00     2.529887e-05
 * time: 57.47333598136902
 64.221220 seconds (69.85 M allocations: 14.553 GiB, 3.22% gc time, 133 lock conflicts, 23.97% compilation time)
 * Status: success

 * Candidate solution
    Final objective value:     1.538310e+00

 * Found with
    Algorithm:     BFGS

 * Convergence measures
    |x - x'|               = 4.03e-01 ≰ 1.0e-04
    |x - x'|/|x'|          = 2.61e-02 ≰ 0.0e+00
    |f(x) - f(x')|         = 1.89e-09 ≰ 0.0e+00
    |f(x) - f(x')|/|f(x')| = 1.23e-09 ≤ 1.0e-08
    |g(x)|                 = 2.53e-05 ≰ 1.0e-05

 * Work counters
    Seconds run:   57  (vs limit 14400)
    Iterations:    45
    f(x) calls:    133
    ∇f(x) calls:   133

ν_s = 0.617366939806857
ν_t = 0.8602499039878051
r_t = 334.5004565454561
r_s = 142.38888953258547
σ = 3.734853831319233
β_obs = 1.0
σ_obs = 0.8383998473512255
Task 24 finished at Fri  2 Oct 03:44:36 CEST 2026
