Job 25525828, task 18 running on idun-05-34 at Fri  2 Oct 03:42:50 CEST 2026
Estimating parameters for scenario HH, replication r = 18
Iter     Function value   Gradient norm 
     0     2.836517e+00     3.191643e+00
 * time: 0.019977092742919922
     1     1.800198e+00     1.449792e-01
 * time: 0.7013940811157227
     2     1.763589e+00     4.361946e-02
 * time: 1.180804967880249
     3     1.762445e+00     1.420714e-02
 * time: 1.647265911102295
     4     1.762220e+00     4.515701e-03
 * time: 2.122201919555664
     5     1.761931e+00     4.063677e-03
 * time: 2.7372288703918457
     6     1.761904e+00     3.705566e-03
 * time: 3.199049949645996
     7     1.761449e+00     1.445834e-02
 * time: 4.065496921539307
     8     1.761348e+00     1.355774e-02
 * time: 4.456299066543579
     9     1.761100e+00     1.143752e-02
 * time: 5.01203989982605
    10     1.760774e+00     3.616577e-03
 * time: 8.407572031021118
    11     1.760563e+00     1.903587e-03
 * time: 15.766602039337158
    12     1.760438e+00     2.294443e-03
 * time: 16.629050970077515
    13     1.760394e+00     1.447356e-03
 * time: 25.818542957305908
    14     1.760379e+00     1.217970e-03
 * time: 34.57707691192627
    15     1.760371e+00     4.554707e-01
 * time: 64.87029004096985
    16     1.760369e+00     1.970744e-01
 * time: 83.03911089897156
    17     1.760369e+00     1.371604e-02
 * time: 199.2572638988495
    18     1.760368e+00     1.998525e-02
 * time: 213.34245109558105
    19     1.760368e+00     1.470195e-01
 * time: 228.1748549938202
    20     1.760324e+00     4.023616e-02
 * time: 244.69750690460205
    21     1.760319e+00     1.223804e-02
 * time: 262.6606478691101
    22     1.760295e+00     6.578042e-02
 * time: 288.5614070892334
    23     1.760271e+00     6.889005e-02
 * time: 312.65027689933777
    24     1.760231e+00     2.919786e-02
 * time: 338.2728199958801
    25     1.760227e+00     1.160736e-01
 * time: 422.170991897583
    26     1.760203e+00     2.450966e-01
 * time: 478.40945196151733
    27     1.760203e+00     6.005476e-01
 * time: 519.635097026825
    28     1.760204e+00     2.860337e-01
 * time: 571.4284110069275
    29     1.760202e+00     4.575493e-02
 * time: 604.4625129699707
    30     1.760193e+00     3.088779e-01
 * time: 629.344419002533
    31     1.760181e+00     1.618281e-01
 * time: 704.5965130329132
    32     1.760131e+00     1.075780e+00
 * time: 732.057205915451
    33     1.760131e+00     1.242601e+00
 * time: 999.5964109897614
    34     1.760105e+00     1.430478e-01
 * time: 1026.1358659267426
    35     1.760057e+00     4.646377e-01
 * time: 1044.0289640426636
    36     1.760054e+00     2.570091e-01
 * time: 1068.6022338867188
    37     1.760038e+00     3.425145e-01
 * time: 1094.8758509159088
    38     1.760033e+00     3.749782e-01
 * time: 1111.9342999458313
    39     1.759951e+00     1.377774e-02
 * time: 1145.2009720802307
    40     1.759899e+00     1.820121e-02
 * time: 1168.8385469913483
    41     1.759874e+00     1.349185e-01
 * time: 1204.165412902832
    42     1.759875e+00     1.551644e-02
 * time: 1237.5070118904114
    43     1.759820e+00     1.437355e-01
 * time: 1264.0063569545746
    44     1.759817e+00     2.970998e-02
 * time: 1281.8315839767456
    45     1.759815e+00     1.697003e-01
 * time: 1299.2549738883972
    46     1.759815e+00     3.489031e-01
 * time: 1314.9831569194794
    47     1.759814e+00     2.663527e-01
 * time: 1331.0290019512177
    48     1.759813e+00     1.151627e-01
 * time: 1354.120913028717
    49     1.759811e+00     2.593670e-01
 * time: 1379.2950038909912
    50     1.759811e+00     1.284883e-02
 * time: 1429.6598370075226
    51     1.759811e+00     9.001280e-02
 * time: 1456.2573149204254
    52     1.759801e+00     2.791489e-01
 * time: 1495.435662984848
    53     1.759798e+00     5.526303e-02
 * time: 1513.1159019470215
    54     1.759796e+00     2.061525e-01
 * time: 1530.3651719093323
    55     1.759792e+00     1.605981e-01
 * time: 1564.842493057251
    56     1.759791e+00     7.070620e-02
 * time: 1624.3880710601807
    57     1.759791e+00     2.085558e-01
 * time: 1648.5897068977356
    58     1.759790e+00     1.556627e-02
 * time: 1666.6835870742798
    59     1.759785e+00     1.391720e-01
 * time: 1692.5293469429016
    60     1.759785e+00     3.636828e-01
 * time: 1726.4386179447174
    61     1.759785e+00     2.640676e-01
 * time: 1752.9738059043884
    62     1.759785e+00     5.688871e-01
 * time: 1770.3864409923553
    63     1.759785e+00     8.200585e-02
 * time: 1794.4356000423431
    64     1.759786e+00     4.955933e-01
 * time: 1808.3293759822845
    65     1.759785e+00     1.747242e-01
 * time: 1824.2107009887695
    66     1.759785e+00     2.598139e-01
 * time: 1849.408236026764
    67     1.759786e+00     1.066786e-01
 * time: 1942.6266679763794
    68     1.759785e+00     3.105903e-02
 * time: 1976.9218158721924
    69     1.759785e+00     4.713122e-01
 * time: 2080.1277210712433
    70     1.759786e+00     1.104990e-01
 * time: 2118.058697938919
    71     1.759785e+00     9.695370e-02
 * time: 2168.657697916031
    72     1.759785e+00     3.366439e-01
 * time: 2250.3202850818634
2256.581215 seconds (701.42 M allocations: 69.209 GiB, 0.54% gc time, 71 lock conflicts, 0.69% compilation time)
 * Status: success

 * Candidate solution
    Final objective value:     1.759785e+00

 * Found with
    Algorithm:     BFGS

 * Convergence measures
    |x - x'|               = 1.12e-06 ≤ 1.0e-04
    |x - x'|/|x'|          = 3.14e-07 ≰ 0.0e+00
    |f(x) - f(x')|         = 5.65e-09 ≰ 0.0e+00
    |f(x) - f(x')|/|f(x')| = 3.21e-09 ≤ 1.0e-08
    |g(x)|                 = 3.37e-01 ≰ 1.0e-05

 * Work counters
    Seconds run:   2250  (vs limit 14400)
    Iterations:    72
    f(x) calls:    317
    ∇f(x) calls:   317

ν_s = 0.5377132074571891
ν_t = 0.9098754968662907
r_t = 35.495407523280186
r_s = 14.13334051332179
σ = 3.479678866526217
β_obs = 0.9903591341572628
σ_obs = 1.0961833539085886
Task 18 finished at Fri  2 Oct 04:20:36 CEST 2026
