Job 25525879, task 21 running on idun-04-08 at Fri  2 Oct 03:43:20 CEST 2026
Estimating parameters for scenario LH, replication r = 21
Iter     Function value   Gradient norm 
     0     2.670980e+00     3.010558e+00
 * time: 0.02342700958251953
     1     1.744721e+00     1.714583e-01
 * time: 0.8780968189239502
     2     1.713361e+00     6.595760e-02
 * time: 1.4915249347686768
     3     1.705782e+00     3.102926e-02
 * time: 2.315908908843994
     4     1.704978e+00     1.415659e-02
 * time: 2.9410388469696045
     5     1.704430e+00     3.587118e-03
 * time: 3.5641849040985107
     6     1.704360e+00     4.404310e-03
 * time: 4.184453010559082
     7     1.704331e+00     3.797995e-03
 * time: 4.802052974700928
     8     1.703899e+00     5.739781e-03
 * time: 5.821671962738037
     9     1.703746e+00     1.899624e-03
 * time: 6.392287015914917
    10     1.703712e+00     2.495264e-03
 * time: 6.966265916824341
    11     1.703688e+00     2.537986e-03
 * time: 7.528580904006958
    12     1.703077e+00     1.230905e-02
 * time: 21.683363914489746
    13     1.702771e+00     7.076270e-03
 * time: 22.295063972473145
    14     1.702714e+00     1.838870e-04
 * time: 22.85863184928894
    15     1.702714e+00     3.516741e-04
 * time: 23.794430017471313
    16     1.702711e+00     6.930709e-04
 * time: 25.10561990737915
    17     1.702707e+00     2.438481e-04
 * time: 25.979642868041992
    18     1.702707e+00     1.354185e-04
 * time: 26.90807795524597
    19     1.702706e+00     4.464251e-04
 * time: 27.966928005218506
    20     1.702690e+00     7.533658e-04
 * time: 29.280560970306396
    21     1.702682e+00     1.188126e-03
 * time: 30.04000496864319
    22     1.702678e+00     1.270690e-04
 * time: 30.53686785697937
    23     1.702677e+00     3.722817e-04
 * time: 31.390082836151123
    24     1.702675e+00     3.176584e-04
 * time: 32.25001788139343
    25     1.702675e+00     3.223607e-05
 * time: 32.900707960128784
    26     1.702675e+00     5.900103e-05
 * time: 33.431118965148926
    27     1.702675e+00     3.059868e-05
 * time: 34.285255908966064
    28     1.702675e+00     2.040450e-05
 * time: 35.02467584609985
    29     1.702675e+00     2.728308e-05
 * time: 36.02444791793823
 42.654759 seconds (57.59 M allocations: 10.375 GiB, 3.68% gc time, 93 lock conflicts, 35.61% compilation time)
 * Status: success

 * Candidate solution
    Final objective value:     1.702675e+00

 * Found with
    Algorithm:     BFGS

 * Convergence measures
    |x - x'|               = 3.05e-03 ≰ 1.0e-04
    |x - x'|/|x'|          = 1.82e-03 ≰ 0.0e+00
    |f(x) - f(x')|         = 6.83e-09 ≰ 0.0e+00
    |f(x) - f(x')|/|f(x')| = 4.01e-09 ≤ 1.0e-08
    |g(x)|                 = 2.73e-05 ≰ 1.0e-05

 * Work counters
    Seconds run:   36  (vs limit 14400)
    Iterations:    29
    f(x) calls:    95
    ∇f(x) calls:   95

ν_s = 0.4977332288199757
ν_t = 1.8311166200033662
r_t = 5.34828269781961
r_s = 4.408979920094503
σ = 3.764926456838075
β_obs = 0.04826686952717015
σ_obs = 1.0738855748490983
Task 21 finished at Fri  2 Oct 03:44:14 CEST 2026
