Job 25525879, task 8 running on idun-04-06 at Fri  2 Oct 03:43:20 CEST 2026
Estimating parameters for scenario LH, replication r = 8
Iter     Function value   Gradient norm 
     0     2.760796e+00     3.192371e+00
 * time: 0.028246164321899414
     1     1.761676e+00     1.581994e-01
 * time: 0.8932721614837646
     2     1.727914e+00     7.932462e-02
 * time: 1.47475004196167
     3     1.720965e+00     4.018959e-02
 * time: 2.254772186279297
     4     1.719488e+00     1.650421e-02
 * time: 2.8426480293273926
     5     1.718962e+00     1.096868e-02
 * time: 3.424159049987793
     6     1.718880e+00     2.936254e-03
 * time: 4.008279085159302
     7     1.718834e+00     3.011256e-03
 * time: 4.57605504989624
     8     1.718670e+00     3.828294e-03
 * time: 5.3465330600738525
     9     1.718216e+00     3.981250e-03
 * time: 5.932739973068237
    10     1.718167e+00     2.650957e-03
 * time: 6.51630711555481
    11     1.718132e+00     4.385474e-03
 * time: 7.066677093505859
    12     1.718054e+00     3.519866e-03
 * time: 7.616006135940552
    13     1.717856e+00     1.795274e-02
 * time: 8.345700979232788
    14     1.717572e+00     8.783576e-03
 * time: 9.189413070678711
    15     1.717419e+00     6.733267e-03
 * time: 9.703909158706665
    16     1.717338e+00     4.322878e-03
 * time: 10.227550029754639
    17     1.717321e+00     1.033467e-03
 * time: 10.749387979507446
    18     1.717320e+00     3.390635e-04
 * time: 11.299333095550537
    19     1.717319e+00     7.142956e-04
 * time: 12.184885025024414
    20     1.717318e+00     5.733390e-04
 * time: 12.937419176101685
    21     1.717311e+00     8.105400e-04
 * time: 13.974714994430542
    22     1.717310e+00     3.313364e-04
 * time: 14.793795108795166
    23     1.717310e+00     3.564229e-04
 * time: 15.66749906539917
    24     1.717308e+00     5.727101e-04
 * time: 16.753957986831665
    25     1.717288e+00     1.154171e-03
 * time: 17.840553045272827
    26     1.717279e+00     2.556289e-04
 * time: 18.618887186050415
    27     1.717278e+00     1.067568e-04
 * time: 19.12489914894104
    28     1.717278e+00     3.726491e-05
 * time: 19.632200002670288
    29     1.717278e+00     3.145379e-05
 * time: 20.506965160369873
    30     1.717278e+00     3.542957e-05
 * time: 21.61708402633667
    31     1.717278e+00     8.925029e-05
 * time: 22.425491094589233
    32     1.717277e+00     3.350159e-04
 * time: 23.78413701057434
    33     1.717272e+00     2.234503e-04
 * time: 24.85707998275757
    34     1.717269e+00     3.508068e-04
 * time: 25.65856409072876
    35     1.717269e+00     2.081671e-04
 * time: 26.286020040512085
    36     1.717268e+00     7.031298e-05
 * time: 27.050831079483032
    37     1.717267e+00     1.715545e-04
 * time: 27.835828065872192
    38     1.717267e+00     6.371949e-05
 * time: 28.369328022003174
    39     1.717267e+00     1.108503e-04
 * time: 29.143836975097656
    40     1.717267e+00     8.395751e-05
 * time: 30.02713108062744
    41     1.717267e+00     5.337115e-05
 * time: 30.876082181930542
    42     1.717267e+00     3.930855e-05
 * time: 31.38837504386902
    43     1.717267e+00     8.525272e-05
 * time: 31.93399214744568
    44     1.717267e+00     1.300082e-04
 * time: 32.70751118659973
 39.583135 seconds (64.21 M allocations: 13.925 GiB, 4.94% gc time, 136 lock conflicts, 39.44% compilation time: <1% of which was recompilation)
 * Status: success

 * Candidate solution
    Final objective value:     1.717267e+00

 * Found with
    Algorithm:     BFGS

 * Convergence measures
    |x - x'|               = 9.24e-01 ≰ 1.0e-04
    |x - x'|/|x'|          = 1.65e-01 ≰ 0.0e+00
    |f(x) - f(x')|         = 1.52e-08 ≰ 0.0e+00
    |f(x) - f(x')|/|f(x')| = 8.86e-09 ≤ 1.0e-08
    |g(x)|                 = 1.30e-04 ≰ 1.0e-05

 * Work counters
    Seconds run:   33  (vs limit 14400)
    Iterations:    44
    f(x) calls:    131
    ∇f(x) calls:   131

ν_s = 0.5708269449012491
ν_t = 1.9427559105454948
r_t = 10.805414058758062
r_s = 269.2261453238983
σ = 3.9136622663392893
β_obs = 0.1270862660168801
σ_obs = 1.1001975831248323
Task 8 finished at Fri  2 Oct 03:44:11 CEST 2026
