Job 25525828, task 14 running on idun-05-34 at Fri  2 Oct 03:42:50 CEST 2026
Estimating parameters for scenario HH, replication r = 14
Iter     Function value   Gradient norm 
     0     2.810803e+00     3.179876e+00
 * time: 0.02021002769470215
     1     1.791655e+00     1.502642e-01
 * time: 0.7128961086273193
     2     1.757757e+00     3.727405e-02
 * time: 1.1895170211791992
     3     1.756586e+00     1.494378e-02
 * time: 1.6711461544036865
     4     1.756415e+00     4.765886e-03
 * time: 2.156468152999878
     5     1.756175e+00     1.869404e-03
 * time: 2.635127067565918
     6     1.756150e+00     7.009265e-03
 * time: 3.2696330547332764
     7     1.755912e+00     5.753718e-03
 * time: 3.918174982070923
     8     1.755855e+00     4.363763e-03
 * time: 4.242448091506958
     9     1.755827e+00     3.518825e-03
 * time: 4.566712141036987
    10     1.755806e+00     3.124267e-03
 * time: 4.896852970123291
    11     1.755796e+00     2.750051e-03
 * time: 5.227484941482544
    12     1.755775e+00     3.865901e-03
 * time: 5.72711706161499
    13     1.755377e+00     6.623910e-03
 * time: 6.68996000289917
    14     1.755204e+00     1.284633e-03
 * time: 7.387156009674072
    15     1.755127e+00     1.683173e-03
 * time: 8.078030109405518
    16     1.755058e+00     6.667788e-04
 * time: 13.237565040588379
    17     1.755040e+00     3.246916e-04
 * time: 15.344608068466187
    18     1.755040e+00     4.174171e-04
 * time: 16.027889013290405
    19     1.755019e+00     1.941626e-03
 * time: 17.178416967391968
    20     1.754951e+00     1.904836e-03
 * time: 40.757575035095215
    21     1.754953e+00     1.961775e-03
 * time: 110.9542281627655
    22     1.754954e+00     1.717407e-02
 * time: 181.83001112937927
    23     1.754954e+00     1.606090e-02
 * time: 218.6325080394745
    24     1.754956e+00     1.277486e-03
 * time: 251.87774205207825
    25     1.754956e+00     1.277292e-03
 * time: 269.6328511238098
275.915353 seconds (126.82 M allocations: 16.743 GiB, 1.15% gc time, 16 lock conflicts, 5.63% compilation time)
 * Status: success

 * Candidate solution
    Final objective value:     1.754956e+00

 * Found with
    Algorithm:     BFGS

 * Convergence measures
    |x - x'|               = 7.14e-06 ≤ 1.0e-04
    |x - x'|/|x'|          = 3.16e-06 ≰ 0.0e+00
    |f(x) - f(x')|         = 1.10e-09 ≰ 0.0e+00
    |f(x) - f(x')|/|f(x')| = 6.24e-10 ≤ 1.0e-08
    |g(x)|                 = 1.28e-03 ≰ 1.0e-05

 * Work counters
    Seconds run:   270  (vs limit 14400)
    Iterations:    25
    f(x) calls:    117
    ∇f(x) calls:   117

ν_s = 0.6409480551327131
ν_t = 0.9837442231769725
r_t = 9.609498715917209
r_s = 1.3248928007512233
σ = 3.477998171462091
β_obs = 0.9966999523421016
σ_obs = 1.0987007013038081
Task 14 finished at Fri  2 Oct 03:47:36 CEST 2026
