Job 25525828, task 16 running on idun-05-34 at Fri  2 Oct 03:42:50 CEST 2026
Estimating parameters for scenario HH, replication r = 16
Iter     Function value   Gradient norm 
     0     2.727092e+00     3.009266e+00
 * time: 0.02044391632080078
     1     1.775687e+00     1.623156e-01
 * time: 0.7092180252075195
     2     1.740687e+00     3.744627e-02
 * time: 1.1768078804016113
     3     1.738904e+00     6.351277e-03
 * time: 1.6505770683288574
     4     1.738542e+00     7.648971e-03
 * time: 2.2792139053344727
     5     1.738408e+00     2.480601e-03
 * time: 2.7519619464874268
     6     1.738379e+00     4.290167e-03
 * time: 3.224778890609741
     7     1.738133e+00     7.108900e-03
 * time: 3.859266996383667
     8     1.738018e+00     1.246989e-03
 * time: 11.112010955810547
     9     1.737991e+00     2.002753e-03
 * time: 11.607081890106201
    10     1.737911e+00     8.617684e-03
 * time: 12.085900068283081
    11     1.737850e+00     5.292785e-03
 * time: 21.823471069335938
    12     1.737748e+00     5.139859e-03
 * time: 22.281280994415283
    13     1.737729e+00     1.496388e-03
 * time: 23.086992979049683
    14     1.737698e+00     2.234756e-03
 * time: 24.074002981185913
    15     1.737642e+00     1.737222e-03
 * time: 25.005790948867798
    16     1.737503e+00     5.280789e-03
 * time: 26.290587902069092
    17     1.737319e+00     3.773887e-03
 * time: 34.087186098098755
    18     1.737314e+00     5.040302e-03
 * time: 35.26620388031006
    19     1.737260e+00     4.006612e-03
 * time: 48.40055799484253
    20     1.737245e+00     6.063617e-03
 * time: 49.329556941986084
    21     1.737040e+00     9.857112e-04
 * time: 50.71233892440796
    22     1.737024e+00     7.767705e-04
 * time: 51.555399894714355
    23     1.737007e+00     2.101862e-03
 * time: 52.925812005996704
    24     1.736999e+00     3.310984e-04
 * time: 54.270533084869385
    25     1.736997e+00     3.540856e-04
 * time: 55.598109006881714
    26     1.736996e+00     2.745453e-04
 * time: 56.82238793373108
    27     1.736996e+00     3.055857e-04
 * time: 58.135863065719604
    28     1.736995e+00     5.022785e-04
 * time: 59.87342190742493
    29     1.736973e+00     1.737896e-03
 * time: 75.2784059047699
    30     1.736964e+00     1.084598e-01
 * time: 101.04041790962219
    31     1.736961e+00     1.872883e-02
 * time: 111.03748798370361
    32     1.736962e+00     1.260459e-03
 * time: 113.6853699684143
    33     1.736961e+00     8.835181e-04
 * time: 264.00095987319946
    34     1.736961e+00     2.428169e-02
 * time: 479.1969349384308
    35     1.736960e+00     3.846431e-03
 * time: 495.451504945755
    36     1.736960e+00     7.785055e-04
 * time: 513.4316759109497
    37     1.736959e+00     7.414205e-03
 * time: 532.5859138965607
    38     1.736959e+00     6.518164e-03
 * time: 561.2848370075226
    39     1.736959e+00     1.504347e-02
 * time: 582.3964838981628
    40     1.736959e+00     2.461883e-02
 * time: 607.4975469112396
    41     1.736958e+00     2.923419e-03
 * time: 622.2063388824463
    42     1.736959e+00     2.600866e-03
 * time: 638.4240050315857
    43     1.736959e+00     1.266711e-02
 * time: 656.5265159606934
    44     1.736959e+00     1.454370e-02
 * time: 708.5978689193726
    45     1.736959e+00     8.220143e-03
 * time: 727.3378949165344
    46     1.736960e+00     5.389762e-02
 * time: 769.3116800785065
    47     1.736961e+00     4.432501e-02
 * time: 894.2806720733643
    48     1.736962e+00     1.742318e-02
 * time: 1019.2462470531464
    49     1.736963e+00     4.929585e-02
 * time: 1035.5287709236145
    50     1.736962e+00     2.719665e-02
 * time: 1070.5690169334412
    51     1.736961e+00     3.702031e-02
 * time: 1087.689136981964
    52     1.736961e+00     1.013425e-01
 * time: 1121.918121099472
1128.176994 seconds (371.55 M allocations: 54.251 GiB, 1.14% gc time, 48 lock conflicts, 1.33% compilation time)
 * Status: success

 * Candidate solution
    Final objective value:     1.736961e+00

 * Found with
    Algorithm:     BFGS

 * Convergence measures
    |x - x'|               = 6.00e-06 ≤ 1.0e-04
    |x - x'|/|x'|          = 2.73e-06 ≰ 0.0e+00
    |f(x) - f(x')|         = 2.29e-07 ≰ 0.0e+00
    |f(x) - f(x')|/|f(x')| = 1.32e-07 ≰ 1.0e-08
    |g(x)|                 = 1.01e-01 ≰ 1.0e-05

 * Work counters
    Seconds run:   1122  (vs limit 14400)
    Iterations:    52
    f(x) calls:    231
    ∇f(x) calls:   231

ν_s = 0.4165487269376941
ν_t = 1.341622067690597
r_t = 8.823695012889514
r_s = 7.39022821655046
σ = 3.252856293393137
β_obs = 0.9972580384367349
σ_obs = 1.0704817570560847
Task 16 finished at Fri  2 Oct 04:01:48 CEST 2026
