Job 25525829, task 18 running on idun-04-33 at Fri  2 Oct 03:42:50 CEST 2026
Estimating parameters for scenario HL, replication r = 18
Iter     Function value   Gradient norm 
     0     2.071817e+00     1.702394e+00
 * time: 0.023292064666748047
     1     1.622919e+00     2.627338e-01
 * time: 0.8386821746826172
     2     1.568475e+00     5.277337e-02
 * time: 1.3925111293792725
     3     1.564591e+00     6.133904e-02
 * time: 1.9457671642303467
     4     1.562860e+00     8.841916e-03
 * time: 2.501875162124634
     5     1.562652e+00     9.874066e-03
 * time: 3.0542540550231934
     6     1.562443e+00     2.417119e-03
 * time: 3.6183769702911377
     7     1.562387e+00     6.511927e-03
 * time: 4.354900121688843
     8     1.562026e+00     7.056228e-03
 * time: 5.194125175476074
     9     1.561986e+00     5.500568e-03
 * time: 5.5708630084991455
    10     1.561927e+00     3.645718e-03
 * time: 5.944300174713135
    11     1.561844e+00     1.104284e-02
 * time: 6.502389192581177
    12     1.561071e+00     7.415702e-03
 * time: 15.449151039123535
    13     1.560873e+00     2.517224e-03
 * time: 16.274412155151367
    14     1.560797e+00     2.231344e-03
 * time: 17.13578510284424
    15     1.560681e+00     1.181914e-03
 * time: 18.11398696899414
    16     1.560662e+00     7.747180e-04
 * time: 18.997603178024292
    17     1.560660e+00     5.669212e-04
 * time: 19.844855070114136
    18     1.560657e+00     7.151259e-04
 * time: 21.083842039108276
    19     1.560561e+00     6.666583e-03
 * time: 22.630244970321655
    20     1.560478e+00     1.324476e-03
 * time: 23.497107982635498
    21     1.560471e+00     9.581908e-04
 * time: 24.07982611656189
    22     1.560463e+00     1.107552e-03
 * time: 25.033179998397827
    23     1.560453e+00     1.026246e-03
 * time: 25.867009162902832
    24     1.560449e+00     2.678009e-04
 * time: 26.740426063537598
    25     1.560448e+00     5.661207e-04
 * time: 27.335252046585083
    26     1.560446e+00     3.277849e-04
 * time: 28.292580127716064
    27     1.560446e+00     2.800706e-04
 * time: 29.219324111938477
    28     1.560445e+00     1.631248e-04
 * time: 30.06139302253723
    29     1.560445e+00     1.026447e-04
 * time: 30.940283060073853
    30     1.560445e+00     1.005681e-04
 * time: 31.51801609992981
    31     1.560445e+00     1.221525e-04
 * time: 32.49276304244995
    32     1.560445e+00     2.263003e-04
 * time: 33.335813999176025
    33     1.560445e+00     1.569473e-04
 * time: 34.247843980789185
    34     1.560444e+00     6.674498e-04
 * time: 35.4172580242157
    35     1.560443e+00     6.086914e-04
 * time: 36.255594968795776
    36     1.560442e+00     4.634940e-04
 * time: 36.7669939994812
    37     1.560441e+00     8.984575e-05
 * time: 37.54128813743591
    38     1.560440e+00     3.386398e-04
 * time: 38.054219007492065
    39     1.560439e+00     5.468103e-04
 * time: 38.82256102561951
    40     1.560438e+00     4.967204e-04
 * time: 39.341423988342285
    41     1.560438e+00     1.430661e-04
 * time: 39.918663024902344
    42     1.560438e+00     2.468805e-04
 * time: 40.405253171920776
    43     1.560437e+00     1.690464e-04
 * time: 41.15008497238159
    44     1.560437e+00     1.308720e-05
 * time: 41.88718318939209
    45     1.560437e+00     6.694676e-06
 * time: 42.378926038742065
 49.100991 seconds (66.43 M allocations: 14.209 GiB, 4.24% gc time, 112 lock conflicts, 31.74% compilation time)
 * Status: success

 * Candidate solution
    Final objective value:     1.560437e+00

 * Found with
    Algorithm:     BFGS

 * Convergence measures
    |x - x'|               = 4.97e-03 ≰ 1.0e-04
    |x - x'|/|x'|          = 4.16e-04 ≰ 0.0e+00
    |f(x) - f(x')|         = 2.46e-10 ≰ 0.0e+00
    |f(x) - f(x')|/|f(x')| = 1.57e-10 ≤ 1.0e-08
    |g(x)|                 = 6.69e-06 ≤ 1.0e-05

 * Work counters
    Seconds run:   42  (vs limit 14400)
    Iterations:    45
    f(x) calls:    131
    ∇f(x) calls:   131

ν_s = 0.598106342837969
ν_t = 0.8775674282946143
r_t = 108.24190200913735
r_s = 37.463835535629734
σ = 3.85177044054238
β_obs = 0.9999999999999994
σ_obs = 0.8548841572228266
Task 18 finished at Fri  2 Oct 03:43:51 CEST 2026
