Job 25525696, task 26 running on idun-03-06 at Fri  2 Oct 02:48:49 CEST 2026
Estimating parameters for replication r = 26
Iter     Function value   Gradient norm 
     0     1.989580e+00     1.688118e+00
 * time: 0.02507305145263672
     1     1.582114e+00     2.690801e-01
 * time: 0.8434569835662842
     2     1.534100e+00     5.275856e-02
 * time: 1.3828320503234863
     3     1.527265e+00     1.088265e-01
 * time: 1.9237589836120605
     4     1.520978e+00     3.181161e-02
 * time: 2.4544730186462402
     5     1.519378e+00     2.573329e-02
 * time: 2.9890570640563965
     6     1.518516e+00     1.136689e-02
 * time: 3.517009973526001
     7     1.518437e+00     2.465843e-03
 * time: 4.045279026031494
     8     1.518284e+00     6.553861e-03
 * time: 4.748680114746094
     9     1.517923e+00     3.583631e-03
 * time: 5.280272006988525
    10     1.517609e+00     2.269155e-03
 * time: 13.395581007003784
    11     1.517559e+00     6.325137e-03
 * time: 21.111658096313477
    12     1.517326e+00     5.639183e-01
 * time: 53.04129099845886
    13     1.517324e+00     4.163617e-03
 * time: 54.8829779624939
    14     1.517290e+00     2.662174e-03
 * time: 58.31824493408203
    15     1.517260e+00     3.233423e-03
 * time: 63.94257593154907
    16     1.516827e+00     3.221301e-02
 * time: 74.25045895576477
    17     1.516691e+00     5.911895e-03
 * time: 78.57835412025452
    18     1.516670e+00     4.397272e-04
 * time: 83.66444993019104
    19     1.516669e+00     5.334775e-04
 * time: 90.47616195678711
    20     1.516669e+00     4.622733e-04
 * time: 94.85522699356079
    21     1.516668e+00     2.014508e-02
 * time: 179.63814902305603
    22     1.516667e+00     4.954151e-04
 * time: 183.98724389076233
    23     1.516658e+00     9.485427e-04
 * time: 187.47733807563782
    24     1.516622e+00     1.578401e-03
 * time: 194.51749992370605
    25     1.516608e+00     4.168009e-04
 * time: 195.97737503051758
    26     1.516600e+00     6.292731e-04
 * time: 200.96422600746155
    27     1.516597e+00     8.145176e-04
 * time: 204.00362300872803
    28     1.516599e+00     6.631030e-03
 * time: 213.60731506347656
    29     1.516598e+00     1.142404e-03
 * time: 218.60267400741577
    30     1.516596e+00     4.035952e-04
 * time: 221.70028710365295
    31     1.516595e+00     4.274631e-04
 * time: 225.4920470714569
    32     1.516595e+00     4.239999e-04
 * time: 228.0383141040802
    33     1.516595e+00     3.856542e-04
 * time: 232.51109409332275
    34     1.516595e+00     6.502106e-03
 * time: 242.94834399223328
    35     1.516595e+00     8.006589e-04
 * time: 246.4525101184845
    36     1.516594e+00     5.119599e-04
 * time: 251.04102396965027
    37     1.516594e+00     8.181002e-03
 * time: 256.07349395751953
    38     1.516594e+00     3.229991e-04
 * time: 260.575865983963
    39     1.516593e+00     1.399178e-03
 * time: 269.99811697006226
    40     1.516590e+00     3.193964e-04
 * time: 280.5404260158539
    41     1.516588e+00     5.436749e-04
 * time: 284.4415030479431
    42     1.516587e+00     5.004586e-04
 * time: 286.12006306648254
    43     1.516587e+00     4.190004e-04
 * time: 289.48974204063416
    44     1.516587e+00     4.513502e-04
 * time: 297.8466000556946
    45     1.516587e+00     4.740714e-04
 * time: 302.22957396507263
    46     1.516587e+00     4.501264e-04
 * time: 311.89284801483154
    47     1.516587e+00     4.458587e-04
 * time: 314.58099007606506
    48     1.516587e+00     4.413580e-04
 * time: 317.8323850631714
324.521441 seconds (130.61 M allocations: 21.315 GiB, 1.17% gc time, 99 lock conflicts, 4.67% compilation time)
 * Status: success

 * Candidate solution
    Final objective value:     1.516587e+00

 * Found with
    Algorithm:     BFGS

 * Convergence measures
    |x - x'|               = 1.94e-03 ≰ 1.0e-04
    |x - x'|/|x'|          = 8.73e-04 ≰ 0.0e+00
    |f(x) - f(x')|         = 4.87e-10 ≰ 0.0e+00
    |f(x) - f(x')|/|f(x')| = 3.21e-10 ≤ 1.0e-08
    |g(x)|                 = 4.41e-04 ≰ 1.0e-05

 * Work counters
    Seconds run:   318  (vs limit 14400)
    Iterations:    48
    f(x) calls:    185
    ∇f(x) calls:   185

ν_s = 0.6394535436233316
ν_t = 1.6597458393097766
r_t = 9.213681339114322
r_s = 1.5896934158580283
σ = 4.517694256747062
β_obs = 0.22086653834625647
σ_obs = 0.85610112878511
Task 26 finished at Fri  2 Oct 02:54:21 CEST 2026
