Job 25525829, task 12 running on idun-04-36 at Fri  2 Oct 03:42:50 CEST 2026
Estimating parameters for scenario HL, replication r = 12
Iter     Function value   Gradient norm 
     0     2.046506e+00     1.652522e+00
 * time: 0.024663925170898438
     1     1.614591e+00     2.650038e-01
 * time: 0.8415029048919678
     2     1.560150e+00     5.470125e-02
 * time: 1.402890920639038
     3     1.555978e+00     6.312656e-02
 * time: 1.9531230926513672
     4     1.554031e+00     9.333476e-03
 * time: 2.5005760192871094
     5     1.553837e+00     9.784248e-03
 * time: 3.0498569011688232
     6     1.553646e+00     2.113422e-03
 * time: 3.5953989028930664
     7     1.553583e+00     8.487809e-03
 * time: 4.334907054901123
     8     1.553335e+00     1.339589e-03
 * time: 5.195070028305054
     9     1.553309e+00     2.243945e-03
 * time: 5.79734992980957
    10     1.553240e+00     8.919407e-03
 * time: 6.169823884963989
    11     1.553116e+00     5.900535e-03
 * time: 9.420305013656616
    12     1.553090e+00     1.232078e-03
 * time: 30.7714900970459
    13     1.553085e+00     2.971619e-01
 * time: 80.1601619720459
    14     1.553086e+00     1.849993e-01
 * time: 165.82578802108765
    15     1.553075e+00     1.586990e-01
 * time: 198.22475600242615
    16     1.553074e+00     1.269695e-01
 * time: 341.16122102737427
    17     1.553074e+00     3.341597e-01
 * time: 397.8247799873352
    18     1.553069e+00     2.214295e-01
 * time: 435.9488410949707
    19     1.553066e+00     3.858272e-02
 * time: 455.26314997673035
    20     1.553057e+00     2.889844e-01
 * time: 475.012727022171
    21     1.553051e+00     8.460026e-02
 * time: 493.4241690635681
    22     1.553030e+00     3.852008e-01
 * time: 520.7812249660492
    23     1.553030e+00     2.897323e-02
 * time: 645.9817180633545
    24     1.553009e+00     5.133184e-01
 * time: 674.3227849006653
    25     1.552967e+00     4.150794e-01
 * time: 732.6396539211273
    26     1.552897e+00     1.481366e-01
 * time: 761.3734879493713
    27     1.552889e+00     3.270471e-01
 * time: 817.1636869907379
    28     1.552849e+00     2.381971e-01
 * time: 846.698716878891
    29     1.552847e+00     5.859861e-02
 * time: 909.096832036972
    30     1.552846e+00     4.724156e-01
 * time: 936.7437150478363
    31     1.552846e+00     4.074804e-03
 * time: 974.0302948951721
    32     1.552845e+00     8.647056e-02
 * time: 991.9470279216766
    33     1.552846e+00     3.623296e-01
 * time: 1022.0071620941162
    34     1.552846e+00     1.546491e-01
 * time: 1040.5629799365997
    35     1.552847e+00     6.091253e-02
 * time: 1201.8704319000244
    36     1.552846e+00     5.904785e-01
 * time: 1220.5679399967194
    37     1.552845e+00     5.070322e-01
 * time: 1238.3330919742584
    38     1.552845e+00     1.797572e-01
 * time: 1287.0166449546814
    39     1.552845e+00     4.563134e-01
 * time: 1324.9057250022888
    40     1.552845e+00     3.844365e-01
 * time: 1345.4146530628204
    41     1.552845e+00     1.951256e-01
 * time: 1393.5732729434967
    42     1.552845e+00     3.878961e-01
 * time: 1446.7254989147186
    43     1.552845e+00     1.792366e-01
 * time: 1468.083389043808
    44     1.552845e+00     2.640467e-01
 * time: 1496.99951004982
    45     1.552845e+00     5.645958e-01
 * time: 1547.5354039669037
    46     1.552845e+00     2.397185e-01
 * time: 1577.3169538974762
    47     1.552845e+00     1.371119e-01
 * time: 1598.013025045395
    48     1.552845e+00     3.075444e-01
 * time: 1626.2937610149384
    49     1.552845e+00     2.129229e-01
 * time: 1646.4264481067657
    50     1.552844e+00     4.631447e-01
 * time: 1685.5389790534973
    51     1.552845e+00     4.359407e-01
 * time: 1704.0942599773407
    52     1.552846e+00     2.716650e-01
 * time: 1740.9378910064697
    53     1.552845e+00     4.738879e-02
 * time: 1769.8901479244232
    54     1.552845e+00     8.983432e-02
 * time: 1796.4652349948883
    55     1.552845e+00     4.397657e-01
 * time: 1827.3891830444336
    56     1.552845e+00     1.596339e-01
 * time: 1856.0598599910736
    57     1.552845e+00     6.366987e-01
 * time: 1876.900897026062
    58     1.552845e+00     3.339816e-01
 * time: 1913.2385261058807
    59     1.552845e+00     7.797951e-01
 * time: 1967.5298590660095
    60     1.552845e+00     7.258276e-01
 * time: 1995.7595059871674
    61     1.552845e+00     4.565435e-02
 * time: 2026.5196940898895
    62     1.552845e+00     1.385997e-01
 * time: 2056.437999010086
    63     1.552845e+00     5.580650e-01
 * time: 2077.3233420848846
    64     1.552845e+00     8.265165e-02
 * time: 2097.606386899948
    65     1.552845e+00     1.632877e-01
 * time: 2233.1377699375153
2239.880663 seconds (601.43 M allocations: 52.047 GiB, 0.28% gc time, 114 lock conflicts, 0.69% compilation time)
 * Status: success

 * Candidate solution
    Final objective value:     1.552845e+00

 * Found with
    Algorithm:     BFGS

 * Convergence measures
    |x - x'|               = 3.33e-04 ≰ 1.0e-04
    |x - x'|/|x'|          = 1.74e-04 ≰ 0.0e+00
    |f(x) - f(x')|         = 9.78e-09 ≰ 0.0e+00
    |f(x) - f(x')|/|f(x')| = 6.30e-09 ≤ 1.0e-08
    |g(x)|                 = 1.63e-01 ≰ 1.0e-05

 * Work counters
    Seconds run:   2233  (vs limit 14400)
    Iterations:    65
    f(x) calls:    279
    ∇f(x) calls:   279

ν_s = 0.7540384843062441
ν_t = 0.9848162397093481
r_t = 6.759772997650814
r_s = 0.5866027942605155
σ = 3.937769997775166
β_obs = 0.6768642796372831
σ_obs = 0.8452054092658154
Task 12 finished at Fri  2 Oct 04:20:22 CEST 2026
