Job 25525696, task 6 running on idun-05-34 at Fri  2 Oct 02:48:49 CEST 2026
Estimating parameters for replication r = 6
Iter     Function value   Gradient norm 
     0     1.936741e+00     1.577141e+00
 * time: 0.02000284194946289
     1     1.565839e+00     2.740144e-01
 * time: 0.7110228538513184
     2     1.516381e+00     5.718637e-02
 * time: 1.1896388530731201
     3     1.508754e+00     1.118806e-01
 * time: 1.6674690246582031
     4     1.500949e+00     3.886878e-02
 * time: 2.141058921813965
     5     1.498921e+00     2.783474e-02
 * time: 2.616877794265747
     6     1.497651e+00     9.086955e-03
 * time: 3.085380792617798
     7     1.497603e+00     2.997242e-03
 * time: 3.55348801612854
     8     1.496679e+00     3.727215e-03
 * time: 4.3360888957977295
     9     1.496608e+00     2.998729e-03
 * time: 4.650615930557251
    10     1.496542e+00     2.176857e-03
 * time: 5.118539810180664
    11     1.496348e+00     7.338653e-03
 * time: 13.062037944793701
    12     1.496085e+00     3.725495e-03
 * time: 13.524415969848633
    13     1.496030e+00     3.360268e-03
 * time: 14.09911298751831
    14     1.495828e+00     1.851381e-03
 * time: 14.526190996170044
    15     1.495794e+00     2.264625e-03
 * time: 15.182606935501099
    16     1.495767e+00     2.508000e-03
 * time: 15.63225793838501
    17     1.495745e+00     1.961083e-03
 * time: 16.303603887557983
    18     1.495668e+00     1.706238e-03
 * time: 16.964687824249268
    19     1.495655e+00     1.829735e-03
 * time: 17.49894690513611
    20     1.495651e+00     4.672749e-04
 * time: 17.92904496192932
    21     1.495649e+00     3.094603e-04
 * time: 18.576347827911377
    22     1.495649e+00     1.735751e-04
 * time: 19.227949857711792
    23     1.495645e+00     1.670856e-03
 * time: 20.32526183128357
    24     1.495623e+00     2.246753e-04
 * time: 27.219807863235474
    25     1.495620e+00     3.054233e-04
 * time: 27.76154899597168
    26     1.495620e+00     4.666950e-05
 * time: 28.593915939331055
    27     1.495620e+00     2.453414e-05
 * time: 29.576138973236084
    28     1.495620e+00     2.581441e-05
 * time: 30.51318597793579
 36.678329 seconds (56.22 M allocations: 9.392 GiB, 4.46% gc time, 11 lock conflicts, 42.12% compilation time)
 * Status: success

 * Candidate solution
    Final objective value:     1.495620e+00

 * Found with
    Algorithm:     BFGS

 * Convergence measures
    |x - x'|               = 1.47e-03 ≰ 1.0e-04
    |x - x'|/|x'|          = 6.23e-04 ≰ 0.0e+00
    |f(x) - f(x')|         = 4.21e-09 ≰ 0.0e+00
    |f(x) - f(x')|/|f(x')| = 2.82e-09 ≤ 1.0e-08
    |g(x)|                 = 2.58e-05 ≰ 1.0e-05

 * Work counters
    Seconds run:   31  (vs limit 14400)
    Iterations:    28
    f(x) calls:    84
    ∇f(x) calls:   84

ν_s = 0.8819375669926413
ν_t = 1.6968905685549036
r_t = 10.608240302456991
r_s = 0.8510604244354505
σ = 5.4749923826386135
β_obs = 0.3167621562464114
σ_obs = 0.8284369949710775
Task 6 finished at Fri  2 Oct 02:49:34 CEST 2026
