Job 25525879, task 20 running on idun-04-08 at Fri  2 Oct 03:43:20 CEST 2026
Estimating parameters for scenario LH, replication r = 20
Iter     Function value   Gradient norm 
     0     2.664743e+00     2.988592e+00
 * time: 0.023524999618530273
     1     1.744745e+00     1.712072e-01
 * time: 0.8941380977630615
     2     1.711520e+00     6.958126e-02
 * time: 1.5102059841156006
     3     1.702772e+00     2.579732e-02
 * time: 2.334423065185547
     4     1.701708e+00     1.585567e-02
 * time: 2.943213939666748
     5     1.701221e+00     3.858063e-03
 * time: 3.5494489669799805
     6     1.701068e+00     2.992973e-03
 * time: 4.172994136810303
     7     1.701031e+00     5.669197e-03
 * time: 4.799227952957153
     8     1.700424e+00     5.706141e-03
 * time: 5.6248180866241455
     9     1.700003e+00     3.420949e-03
 * time: 14.052947044372559
    10     1.699815e+00     3.134832e-03
 * time: 15.83853006362915
    11     1.699716e+00     3.405422e-03
 * time: 24.490757942199707
    12     1.699617e+00     2.388037e+00
 * time: 32.24618601799011
    13     1.699603e+00     4.301153e-02
 * time: 39.66595196723938
    14     1.699602e+00     4.153066e-02
 * time: 50.459660053253174
    15     1.699583e+00     2.670550e-03
 * time: 59.4329571723938
    16     1.699471e+00     3.861192e-02
 * time: 83.58435106277466
    17     1.699072e+00     1.454475e-01
 * time: 101.69080114364624
    18     1.699063e+00     2.790300e-01
 * time: 130.65097403526306
    19     1.699063e+00     1.098416e-03
 * time: 147.9044451713562
    20     1.699063e+00     1.481136e-02
 * time: 166.42164301872253
    21     1.699062e+00     2.995837e-04
 * time: 176.8968961238861
    22     1.699031e+00     4.242522e-02
 * time: 203.5913269519806
    23     1.698964e+00     5.245143e-01
 * time: 219.92700004577637
    24     1.698963e+00     1.875629e-01
 * time: 267.5034990310669
    25     1.698959e+00     1.714451e-01
 * time: 280.90776801109314
    26     1.698955e+00     7.444052e-04
 * time: 297.23395109176636
    27     1.698946e+00     1.653406e-02
 * time: 316.30536913871765
    28     1.698932e+00     3.071514e-01
 * time: 335.2623269557953
    29     1.698930e+00     1.573554e-03
 * time: 360.0082800388336
    30     1.698915e+00     1.298174e-02
 * time: 376.06893515586853
    31     1.698910e+00     3.520941e-04
 * time: 392.3408751487732
    32     1.698905e+00     5.316189e-02
 * time: 414.17263197898865
    33     1.698903e+00     7.523464e-03
 * time: 446.06956601142883
    34     1.698902e+00     6.701601e-02
 * time: 457.2002329826355
    35     1.698901e+00     1.109945e-01
 * time: 484.59836602211
    36     1.698901e+00     1.513185e-02
 * time: 506.7316300868988
    37     1.698900e+00     5.654819e-02
 * time: 529.0284819602966
    38     1.698900e+00     5.349456e-01
 * time: 547.354602098465
    39     1.698900e+00     3.996139e-01
 * time: 587.5107641220093
    40     1.698901e+00     1.067213e-01
 * time: 605.7897479534149
    41     1.698898e+00     2.332885e-02
 * time: 624.2657470703125
    42     1.698898e+00     4.032309e-01
 * time: 640.4648041725159
    43     1.698899e+00     4.644000e-03
 * time: 658.95476603508
    44     1.698898e+00     1.456807e-03
 * time: 847.000648021698
    45     1.698898e+00     2.496771e-01
 * time: 858.6755640506744
    46     1.698897e+00     1.537970e-02
 * time: 869.9790971279144
    47     1.698897e+00     7.811539e-02
 * time: 880.2060110569
    48     1.698898e+00     4.675749e-02
 * time: 895.4183809757233
    49     1.698899e+00     1.346143e-01
 * time: 906.9835619926453
    50     1.698897e+00     4.860422e-03
 * time: 946.9843621253967
    51     1.698897e+00     9.317539e-04
 * time: 1111.1241929531097
    52     1.698897e+00     8.828518e-02
 * time: 1119.9971780776978
    53     1.698897e+00     1.362505e+00
 * time: 1263.2157130241394
    54     1.698896e+00     4.822565e-02
 * time: 1436.1920580863953
    55     1.698896e+00     5.475671e-02
 * time: 1455.3324921131134
    56     1.698895e+00     8.872913e-01
 * time: 1612.9156930446625
    57     1.698895e+00     7.204303e-03
 * time: 1659.4621319770813
    58     1.698896e+00     1.117703e-01
 * time: 1673.5639231204987
    59     1.698897e+00     5.839872e-03
 * time: 1687.0291240215302
    60     1.698894e+00     9.377260e-01
 * time: 1700.8015270233154
    61     1.698894e+00     2.089452e-01
 * time: 1719.3840701580048
    62     1.698895e+00     4.994224e-01
 * time: 1733.7385280132294
    63     1.698894e+00     2.730310e-01
 * time: 1752.8929510116577
    64     1.698894e+00     1.897777e-01
 * time: 1761.6611721515656
    65     1.698894e+00     1.097211e-02
 * time: 1772.6344599723816
1779.320607 seconds (479.53 M allocations: 62.014 GiB, 0.59% gc time, 95 lock conflicts, 0.87% compilation time)
 * Status: success

 * Candidate solution
    Final objective value:     1.698894e+00

 * Found with
    Algorithm:     BFGS

 * Convergence measures
    |x - x'|               = 6.68e-03 ≰ 1.0e-04
    |x - x'|/|x'|          = 1.95e-03 ≰ 0.0e+00
    |f(x) - f(x')|         = 5.97e-09 ≰ 0.0e+00
    |f(x) - f(x')|/|f(x')| = 3.51e-09 ≤ 1.0e-08
    |g(x)|                 = 1.10e-02 ≰ 1.0e-05

 * Work counters
    Seconds run:   1773  (vs limit 14400)
    Iterations:    65
    f(x) calls:    465
    ∇f(x) calls:   465

ν_s = 0.6698677877601806
ν_t = 1.522424736644801
r_t = 28.167879432624364
r_s = 30.751117223749922
σ = 4.2998016414516655
β_obs = 0.2788565325232662
σ_obs = 1.0693822537719941
Task 20 finished at Fri  2 Oct 04:13:11 CEST 2026
