Job 25525696, task 3 running on idun-05-35 at Fri  2 Oct 02:48:49 CEST 2026
Estimating parameters for replication r = 3
Iter     Function value   Gradient norm 
     0     2.000002e+00     1.698061e+00
 * time: 0.020206928253173828
     1     1.585137e+00     2.661513e-01
 * time: 0.7116849422454834
     2     1.537589e+00     5.589770e-02
 * time: 1.196281909942627
     3     1.529431e+00     1.205924e-01
 * time: 1.6833279132843018
     4     1.521185e+00     4.012175e-02
 * time: 2.167273998260498
     5     1.518750e+00     3.107178e-02
 * time: 2.650580883026123
     6     1.517220e+00     1.145261e-02
 * time: 3.1266419887542725
     7     1.517150e+00     3.315710e-03
 * time: 3.6057307720184326
     8     1.516760e+00     8.228609e-03
 * time: 4.405383825302124
     9     1.516545e+00     2.387973e-03
 * time: 4.873249769210815
    10     1.516461e+00     1.446690e-03
 * time: 5.356656789779663
    11     1.516449e+00     1.720899e-03
 * time: 5.822512865066528
    12     1.516128e+00     5.688923e-03
 * time: 6.670542001724243
    13     1.516090e+00     5.269055e-01
 * time: 178.73074984550476
    14     1.516090e+00     1.037678e-01
 * time: 226.34869694709778
    15     1.515856e+00     2.256862e-01
 * time: 239.4455828666687
    16     1.515797e+00     3.240822e-02
 * time: 256.0284469127655
    17     1.515795e+00     1.706869e-03
 * time: 287.8136029243469
    18     1.515792e+00     1.004993e-03
 * time: 303.4060649871826
    19     1.515746e+00     1.471390e-02
 * time: 326.2200198173523
    20     1.515695e+00     1.677990e-01
 * time: 344.254900932312
    21     1.515613e+00     5.109052e-03
 * time: 361.85482597351074
    22     1.515556e+00     4.454973e-03
 * time: 379.8824758529663
    23     1.515544e+00     4.924974e-03
 * time: 390.60057187080383
    24     1.515533e+00     3.397835e-04
 * time: 407.82135486602783
    25     1.515531e+00     5.287803e-02
 * time: 420.71506786346436
    26     1.515530e+00     3.927118e-02
 * time: 433.32484197616577
    27     1.515530e+00     9.349218e-03
 * time: 451.8013379573822
    28     1.515530e+00     7.981262e-02
 * time: 470.6187448501587
    29     1.515530e+00     6.594557e-02
 * time: 483.258752822876
    30     1.515530e+00     6.269933e-04
 * time: 500.37517380714417
    31     1.515529e+00     6.132461e-02
 * time: 518.3562769889832
    32     1.515530e+00     1.958461e-02
 * time: 544.2773928642273
    33     1.515529e+00     3.061864e-02
 * time: 563.97660779953
    34     1.515528e+00     1.902340e-02
 * time: 593.0831429958344
    35     1.515528e+00     1.984594e-03
 * time: 612.2069628238678
    36     1.515527e+00     1.242601e-02
 * time: 647.2403469085693
    37     1.515526e+00     9.137026e-03
 * time: 658.3453989028931
    38     1.515514e+00     1.225163e-03
 * time: 674.4397578239441
    39     1.515510e+00     8.980333e-02
 * time: 692.0733578205109
    40     1.515510e+00     6.606564e-03
 * time: 702.8722088336945
    41     1.515510e+00     3.787199e-03
 * time: 719.3112897872925
    42     1.515509e+00     2.126287e-02
 * time: 738.5734198093414
    43     1.515509e+00     3.402686e-03
 * time: 753.0838308334351
    44     1.515509e+00     9.699764e-03
 * time: 764.6125168800354
    45     1.515509e+00     1.013178e-02
 * time: 783.6412189006805
    46     1.515509e+00     1.221348e-03
 * time: 800.5872437953949
    47     1.515509e+00     8.819966e-03
 * time: 836.3256487846375
    48     1.515508e+00     1.195855e-02
 * time: 845.6161699295044
    49     1.515509e+00     2.048587e-02
 * time: 857.50510597229
    50     1.515509e+00     2.875088e-03
 * time: 873.2112917900085
    51     1.515509e+00     1.236330e-04
 * time: 881.5590858459473
    52     1.515508e+00     6.607832e-03
 * time: 899.611086845398
    53     1.515509e+00     1.841044e-03
 * time: 923.3390657901764
    54     1.515509e+00     8.867209e-05
 * time: 954.565495967865
    55     1.515509e+00     3.702329e-03
 * time: 967.2747008800507
    56     1.515508e+00     5.752302e-04
 * time: 978.1913659572601
    57     1.515508e+00     1.105063e-02
 * time: 991.0593149662018
997.205817 seconds (314.23 M allocations: 33.355 GiB, 0.64% gc time, 56 lock conflicts, 1.54% compilation time)
 * Status: success

 * Candidate solution
    Final objective value:     1.515508e+00

 * Found with
    Algorithm:     BFGS

 * Convergence measures
    |x - x'|               = 9.48e-05 ≤ 1.0e-04
    |x - x'|/|x'|          = 3.99e-05 ≰ 0.0e+00
    |f(x) - f(x')|         = 5.18e-08 ≰ 0.0e+00
    |f(x) - f(x')|/|f(x')| = 3.42e-08 ≰ 1.0e-08
    |g(x)|                 = 1.11e-02 ≰ 1.0e-05

 * Work counters
    Seconds run:   991  (vs limit 14400)
    Iterations:    57
    f(x) calls:    224
    ∇f(x) calls:   224

ν_s = 1.210811801543303
ν_t = 1.6020278119168399
r_t = 10.74989405211465
r_s = 0.5664188486522673
σ = 6.448361061522077
β_obs = 0.30523882543789255
σ_obs = 0.8454609698584785
Task 3 finished at Fri  2 Oct 03:05:32 CEST 2026
