Job 25525828, task 5 running on idun-05-35 at Fri  2 Oct 03:42:50 CEST 2026
Estimating parameters for scenario HH, replication r = 5
Iter     Function value   Gradient norm 
     0     2.833413e+00     3.176529e+00
 * time: 0.020045995712280273
     1     1.802198e+00     1.460997e-01
 * time: 0.7198290824890137
     2     1.764191e+00     4.153265e-02
 * time: 1.216858148574829
     3     1.762807e+00     1.955276e-02
 * time: 1.7127771377563477
     4     1.762483e+00     5.838104e-03
 * time: 2.20780611038208
     5     1.762152e+00     3.955119e-03
 * time: 2.7035961151123047
     6     1.762128e+00     4.512623e-03
 * time: 3.200209140777588
     7     1.761759e+00     5.959823e-03
 * time: 4.112372159957886
     8     1.761602e+00     4.704747e-03
 * time: 4.8013880252838135
     9     1.761567e+00     4.259710e-03
 * time: 5.131687164306641
    10     1.761505e+00     4.704479e-03
 * time: 5.479703187942505
    11     1.760968e+00     1.779725e-02
 * time: 6.281084060668945
    12     1.760622e+00     2.944744e-03
 * time: 6.9948201179504395
    13     1.760496e+00     2.766468e-03
 * time: 7.694858074188232
    14     1.760398e+00     1.162129e-03
 * time: 14.75103211402893
    15     1.760359e+00     8.161518e-04
 * time: 18.240523099899292
    16     1.760338e+00     1.035065e-01
 * time: 64.63688707351685
    17     1.760326e+00     4.003433e-02
 * time: 72.99840307235718
    18     1.760328e+00     9.081392e-02
 * time: 147.28057718276978
    19     1.760326e+00     1.365385e-01
 * time: 170.27177906036377
    20     1.760325e+00     3.977265e-02
 * time: 187.6901731491089
    21     1.760325e+00     8.744308e-02
 * time: 471.6700711250305
    22     1.760326e+00     2.239349e-02
 * time: 847.6135020256042
    23     1.760322e+00     1.469918e-02
 * time: 930.4163200855255
    24     1.760283e+00     1.706645e-03
 * time: 955.9951441287994
    25     1.760282e+00     3.602884e-03
 * time: 972.9508609771729
    26     1.760280e+00     2.549977e-03
 * time: 989.7374680042267
    27     1.760278e+00     1.161180e-03
 * time: 1006.3771200180054
    28     1.760270e+00     1.860488e-02
 * time: 1030.856861114502
    29     1.760269e+00     2.448660e-01
 * time: 1103.9617240428925
    30     1.760269e+00     9.418024e-02
 * time: 1158.6565580368042
    31     1.760269e+00     1.170625e-02
 * time: 1237.3971722126007
1243.622330 seconds (404.65 M allocations: 41.603 GiB, 0.68% gc time, 44 lock conflicts, 1.25% compilation time)
 * Status: success

 * Candidate solution
    Final objective value:     1.760269e+00

 * Found with
    Algorithm:     BFGS

 * Convergence measures
    |x - x'|               = 4.11e-05 ≤ 1.0e-04
    |x - x'|/|x'|          = 1.61e-05 ≰ 0.0e+00
    |f(x) - f(x')|         = 2.33e-07 ≰ 0.0e+00
    |f(x) - f(x')|/|f(x')| = 1.32e-07 ≰ 1.0e-08
    |g(x)|                 = 1.17e-02 ≰ 1.0e-05

 * Work counters
    Seconds run:   1237  (vs limit 14400)
    Iterations:    31
    f(x) calls:    208
    ∇f(x) calls:   208

ν_s = 0.5977072049955321
ν_t = 0.9716374170234381
r_t = 7.178180483572793
r_s = 0.8214235665097356
σ = 3.613047919271549
β_obs = 0.9990520427674592
σ_obs = 1.0935485805195453
Task 5 finished at Fri  2 Oct 04:03:42 CEST 2026
