Job 25525696, task 10 running on idun-05-34 at Fri  2 Oct 02:48:49 CEST 2026
Estimating parameters for replication r = 10
Iter     Function value   Gradient norm 
     0     1.866374e+00     1.438017e+00
 * time: 0.020006179809570312
     1     1.542681e+00     2.815076e-01
 * time: 0.7038271427154541
     2     1.491177e+00     5.907265e-02
 * time: 1.1809771060943604
     3     1.483517e+00     1.045447e-01
 * time: 1.660830020904541
     4     1.475869e+00     3.581606e-02
 * time: 2.142651081085205
     5     1.474285e+00     2.423755e-02
 * time: 2.61836314201355
     6     1.473293e+00     3.815448e-03
 * time: 3.0886881351470947
     7     1.473274e+00     3.722209e-03
 * time: 3.564296007156372
     8     1.472906e+00     7.370283e-03
 * time: 4.349513053894043
     9     1.472442e+00     5.160879e-03
 * time: 5.045010089874268
    10     1.472301e+00     2.571904e-03
 * time: 5.360206127166748
    11     1.472270e+00     1.986141e-03
 * time: 8.380599021911621
    12     1.472250e+00     2.769949e+00
 * time: 51.915794134140015
    13     1.472247e+00     2.074426e-03
 * time: 62.13427209854126
    14     1.472222e+00     2.194790e-03
 * time: 62.595752000808716
    15     1.472042e+00     4.375692e-03
 * time: 63.215519189834595
    16     1.471922e+00     1.840482e-03
 * time: 63.679161071777344
    17     1.471920e+00     5.512796e-04
 * time: 64.14387011528015
    18     1.471908e+00     1.713858e-03
 * time: 64.91926121711731
    19     1.471876e+00     1.442506e-03
 * time: 70.41844415664673
    20     1.471775e+00     5.945546e-03
 * time: 90.33615016937256
    21     1.471776e+00     4.602303e-03
 * time: 110.30447101593018
    22     1.471776e+00     8.158429e-04
 * time: 129.59590816497803
    23     1.471750e+00     2.433517e-01
 * time: 144.9555160999298
    24     1.471751e+00     7.592105e-03
 * time: 159.1619770526886
    25     1.471742e+00     1.080032e-02
 * time: 171.69903802871704
    26     1.471742e+00     5.601914e-05
 * time: 192.32327699661255
    27     1.471742e+00     2.849886e-02
 * time: 210.06595516204834
    28     1.471739e+00     1.197962e-03
 * time: 229.36321306228638
    29     1.471737e+00     1.349687e-01
 * time: 240.3645532131195
    30     1.471735e+00     3.259016e-02
 * time: 250.19814801216125
    31     1.471734e+00     1.768821e-04
 * time: 263.029746055603
    32     1.471731e+00     2.454397e-02
 * time: 269.1187741756439
    33     1.471731e+00     1.066981e-04
 * time: 279.3427710533142
    34     1.471730e+00     3.904529e-04
 * time: 284.19006419181824
    35     1.471730e+00     9.587318e-01
 * time: 300.5623149871826
    36     1.471730e+00     3.773355e-02
 * time: 310.45114302635193
    37     1.471730e+00     3.820203e-01
 * time: 318.8128340244293
    38     1.471730e+00     2.519142e-02
 * time: 328.19886803627014
    39     1.471730e+00     8.183497e-05
 * time: 341.8669900894165
    40     1.471731e+00     6.064623e-02
 * time: 351.0567960739136
    41     1.471730e+00     6.807869e+00
 * time: 382.6052041053772
    42     1.471730e+00     1.013624e-04
 * time: 390.754025220871
    43     1.471730e+00     1.170322e-01
 * time: 403.66333413124084
    44     1.471730e+00     6.452149e-03
 * time: 419.9479320049286
    45     1.471730e+00     7.332824e-03
 * time: 428.7384090423584
    46     1.471730e+00     8.716317e-02
 * time: 506.74274706840515
512.976592 seconds (189.89 M allocations: 25.334 GiB, 0.99% gc time, 32 lock conflicts, 3.06% compilation time)
 * Status: success

 * Candidate solution
    Final objective value:     1.471730e+00

 * Found with
    Algorithm:     BFGS

 * Convergence measures
    |x - x'|               = 1.23e-04 ≰ 1.0e-04
    |x - x'|/|x'|          = 6.11e-05 ≰ 0.0e+00
    |f(x) - f(x')|         = 6.84e-09 ≰ 0.0e+00
    |f(x) - f(x')|/|f(x')| = 4.65e-09 ≤ 1.0e-08
    |g(x)|                 = 8.72e-02 ≰ 1.0e-05

 * Work counters
    Seconds run:   507  (vs limit 14400)
    Iterations:    46
    f(x) calls:    206
    ∇f(x) calls:   206

ν_s = 0.5064301785703968
ν_t = 1.5164701410144796
r_t = 7.535183272410296
r_s = 2.035791349757428
σ = 4.291069501376765
β_obs = 0.1340132280804187
σ_obs = 0.8074956100558108
Task 10 finished at Fri  2 Oct 02:57:31 CEST 2026
