Job 25525829, task 15 running on idun-04-10 at Fri  2 Oct 03:42:50 CEST 2026
Estimating parameters for scenario HL, replication r = 15
Iter     Function value   Gradient norm 
     0     2.112695e+00     1.800553e+00
 * time: 0.02400493621826172
     1     1.631909e+00     2.535961e-01
 * time: 0.8201069831848145
     2     1.582668e+00     5.284209e-02
 * time: 1.349944829940796
     3     1.578638e+00     6.457901e-02
 * time: 1.8755168914794922
     4     1.576775e+00     8.217698e-03
 * time: 2.406651020050049
     5     1.576608e+00     9.056916e-03
 * time: 2.9276349544525146
     6     1.576387e+00     3.211008e-03
 * time: 3.4593968391418457
     7     1.576247e+00     1.025560e-02
 * time: 4.157376050949097
     8     1.575946e+00     8.081056e-03
 * time: 4.6889848709106445
     9     1.575895e+00     3.342924e-03
 * time: 5.055771827697754
    10     1.575762e+00     1.280482e-02
 * time: 5.593832015991211
    11     1.574820e+00     1.519005e-02
 * time: 6.713665008544922
    12     1.574691e+00     1.218432e-03
 * time: 7.466418027877808
    13     1.574678e+00     1.633924e-03
 * time: 8.22913384437561
    14     1.574662e+00     1.107378e-03
 * time: 14.914199829101562
    15     1.574642e+00     8.892526e-04
 * time: 21.099450826644897
    16     1.574639e+00     7.418400e-04
 * time: 25.590438842773438
    17     1.574630e+00     1.219149e-03
 * time: 34.866474866867065
    18     1.574597e+00     1.935519e-01
 * time: 55.96741986274719
    19     1.574598e+00     4.415901e-03
 * time: 120.3071768283844
    20     1.574597e+00     2.172745e-01
 * time: 168.9700620174408
    21     1.574572e+00     2.740814e-03
 * time: 175.05832386016846
    22     1.574557e+00     4.873094e-03
 * time: 271.63119292259216
    23     1.574543e+00     5.168371e-02
 * time: 327.66669392585754
    24     1.574543e+00     2.868512e-02
 * time: 560.2189998626709
    25     1.574543e+00     4.945076e-02
 * time: 628.0596408843994
634.490238 seconds (195.54 M allocations: 21.913 GiB, 0.59% gc time, 17 lock conflicts, 2.28% compilation time)
 * Status: success

 * Candidate solution
    Final objective value:     1.574543e+00

 * Found with
    Algorithm:     BFGS

 * Convergence measures
    |x - x'|               = 1.05e-05 ≤ 1.0e-04
    |x - x'|/|x'|          = 3.52e-06 ≰ 0.0e+00
    |f(x) - f(x')|         = 1.14e-08 ≰ 0.0e+00
    |f(x) - f(x')|/|f(x')| = 7.22e-09 ≤ 1.0e-08
    |g(x)|                 = 4.95e-02 ≰ 1.0e-05

 * Work counters
    Seconds run:   628  (vs limit 14400)
    Iterations:    25
    f(x) calls:    130
    ∇f(x) calls:   130

ν_s = 0.5267885130283287
ν_t = 0.8720985065328791
r_t = 6.7988092721688
r_s = 0.7665958622416429
σ = 3.559799045567223
β_obs = 0.9997457006431675
σ_obs = 0.8743242027289875
Task 15 finished at Fri  2 Oct 03:53:36 CEST 2026
