Job 25525828, task 24 running on idun-04-02 at Fri  2 Oct 03:42:50 CEST 2026
Estimating parameters for scenario HH, replication r = 24
Iter     Function value   Gradient norm 
     0     2.786034e+00     3.140095e+00
 * time: 0.024530887603759766
     1     1.785266e+00     1.533974e-01
 * time: 0.8468420505523682
     2     1.752353e+00     3.760559e-02
 * time: 1.3939669132232666
     3     1.750924e+00     7.435322e-03
 * time: 1.9375460147857666
     4     1.750649e+00     9.074628e-03
 * time: 2.666956901550293
     5     1.750590e+00     3.103030e-03
 * time: 3.2211380004882812
     6     1.750538e+00     4.272072e-03
 * time: 3.946091890335083
     7     1.750151e+00     2.054790e-03
 * time: 9.064974069595337
     8     1.750120e+00     2.098620e-03
 * time: 9.446949005126953
     9     1.750091e+00     2.554629e-03
 * time: 9.826145887374878
    10     1.750000e+00     5.843407e-03
 * time: 10.403572082519531
    11     1.749866e+00     5.011318e-03
 * time: 20.77944803237915
    12     1.749431e+00     4.797177e-03
 * time: 21.602998971939087
    13     1.749287e+00     1.547133e-03
 * time: 22.397510051727295
    14     1.749210e+00     2.822306e-03
 * time: 23.206964015960693
    15     1.749146e+00     1.264044e-03
 * time: 23.99201798439026
    16     1.749138e+00     7.322221e-04
 * time: 24.795642852783203
    17     1.749134e+00     9.238486e-04
 * time: 25.795662879943848
    18     1.749081e+00     2.619458e-03
 * time: 27.023881912231445
    19     1.748905e+00     2.130347e-03
 * time: 27.96694803237915
    20     1.748866e+00     1.768340e-03
 * time: 28.536540985107422
    21     1.748841e+00     1.594688e-03
 * time: 29.423793077468872
    22     1.748807e+00     8.697700e-04
 * time: 30.616101026535034
    23     1.748801e+00     6.853086e-04
 * time: 31.12251901626587
    24     1.748800e+00     4.306259e-04
 * time: 31.66882085800171
    25     1.748798e+00     1.008365e-03
 * time: 32.44508695602417
    26     1.748796e+00     9.475696e-04
 * time: 33.261504888534546
    27     1.748795e+00     2.734310e-04
 * time: 34.058353900909424
    28     1.748795e+00     3.272267e-04
 * time: 34.578688859939575
    29     1.748794e+00     1.525170e-04
 * time: 35.10653305053711
    30     1.748794e+00     1.949874e-04
 * time: 35.87950801849365
    31     1.748794e+00     1.796649e-04
 * time: 36.4843430519104
    32     1.748794e+00     7.926557e-05
 * time: 37.23590707778931
    33     1.748794e+00     9.093043e-05
 * time: 37.99724292755127
    34     1.748794e+00     1.418291e-05
 * time: 38.77092695236206
    35     1.748794e+00     1.221179e-05
 * time: 39.27525997161865
 45.984348 seconds (60.73 M allocations: 11.195 GiB, 3.54% gc time, 79 lock conflicts, 33.06% compilation time)
 * Status: success

 * Candidate solution
    Final objective value:     1.748794e+00

 * Found with
    Algorithm:     BFGS

 * Convergence measures
    |x - x'|               = 3.59e-02 ≰ 1.0e-04
    |x - x'|/|x'|          = 4.11e-03 ≰ 0.0e+00
    |f(x) - f(x')|         = 8.75e-10 ≰ 0.0e+00
    |f(x) - f(x')|/|f(x')| = 5.01e-10 ≤ 1.0e-08
    |g(x)|                 = 1.22e-05 ≰ 1.0e-05

 * Work counters
    Seconds run:   39  (vs limit 14400)
    Iterations:    35
    f(x) calls:    101
    ∇f(x) calls:   101

ν_s = 0.6074666297904276
ν_t = 0.8037963199943904
r_t = 85.80564239047743
r_s = 17.136962077366004
σ = 3.453660489220198
β_obs = 0.9999999999914044
σ_obs = 1.0912981673785684
Task 24 finished at Fri  2 Oct 03:43:47 CEST 2026
