Job 25525828, task 19 running on idun-05-34 at Fri  2 Oct 03:42:50 CEST 2026
Estimating parameters for scenario HH, replication r = 19
Iter     Function value   Gradient norm 
     0     2.848541e+00     3.235811e+00
 * time: 0.02035808563232422
     1     1.803684e+00     1.460473e-01
 * time: 0.7110068798065186
     2     1.766829e+00     3.874607e-02
 * time: 1.1776130199432373
     3     1.765831e+00     1.599321e-02
 * time: 1.63999605178833
     4     1.765494e+00     6.147547e-03
 * time: 2.11039400100708
     5     1.765206e+00     5.848695e-03
 * time: 2.5729079246520996
     6     1.765177e+00     3.171320e-03
 * time: 3.0346438884735107
     7     1.763811e+00     1.011830e-02
 * time: 4.1243510246276855
     8     1.763705e+00     1.019015e-02
 * time: 4.509675979614258
     9     1.763457e+00     2.487568e-03
 * time: 4.923122882843018
    10     1.763402e+00     1.751751e-03
 * time: 17.261914014816284
    11     1.763230e+00     1.367534e-02
 * time: 17.935352087020874
    12     1.763106e+00     7.090668e-03
 * time: 18.602751970291138
    13     1.763037e+00     5.864011e-03
 * time: 19.420297861099243
    14     1.762978e+00     5.848201e-03
 * time: 20.106616973876953
    15     1.762906e+00     2.231058e-03
 * time: 29.807615995407104
    16     1.762863e+00     3.134022e-03
 * time: 45.89752507209778
    17     1.762857e+00     2.567163e-03
 * time: 59.4614360332489
    18     1.762844e+00     1.603522e-01
 * time: 111.81115794181824
    19     1.762844e+00     7.793489e-02
 * time: 208.84433794021606
    20     1.762846e+00     5.372012e-02
 * time: 364.7305750846863
    21     1.762828e+00     5.113004e-03
 * time: 425.0448000431061
    22     1.762829e+00     9.676897e-02
 * time: 729.4988880157471
    23     1.762830e+00     3.918217e-02
 * time: 800.9401469230652
    24     1.762825e+00     1.451762e-02
 * time: 843.7331030368805
    25     1.762824e+00     3.394490e-03
 * time: 869.9247288703918
    26     1.762824e+00     2.000483e-02
 * time: 887.4413259029388
    27     1.762824e+00     2.269502e-03
 * time: 990.5589380264282
996.745225 seconds (332.92 M allocations: 36.027 GiB, 0.59% gc time, 28 lock conflicts, 1.53% compilation time)
 * Status: success

 * Candidate solution
    Final objective value:     1.762824e+00

 * Found with
    Algorithm:     BFGS

 * Convergence measures
    |x - x'|               = 2.15e-05 ≤ 1.0e-04
    |x - x'|/|x'|          = 5.95e-06 ≰ 0.0e+00
    |f(x) - f(x')|         = 2.78e-09 ≰ 0.0e+00
    |f(x) - f(x')|/|f(x')| = 1.58e-09 ≤ 1.0e-08
    |g(x)|                 = 2.27e-03 ≰ 1.0e-05

 * Work counters
    Seconds run:   991  (vs limit 14400)
    Iterations:    27
    f(x) calls:    199
    ∇f(x) calls:   199

ν_s = 0.7265828904346232
ν_t = 1.0722479970560634
r_t = 37.33470593077084
r_s = 8.797422170394146
σ = 3.7476248178225076
β_obs = 0.9998695730451382
σ_obs = 1.106527569035109
Task 19 finished at Fri  2 Oct 03:59:36 CEST 2026
