Job 25525696, task 17 running on idun-03-01 at Fri  2 Oct 02:48:49 CEST 2026
Estimating parameters for replication r = 17
Iter     Function value   Gradient norm 
     0     1.895250e+00     1.496278e+00
 * time: 0.02385687828063965
     1     1.551486e+00     2.772768e-01
 * time: 0.8715369701385498
     2     1.501344e+00     5.761417e-02
 * time: 1.4376449584960938
     3     1.493665e+00     1.085687e-01
 * time: 2.0100128650665283
     4     1.485872e+00     3.666989e-02
 * time: 2.5712108612060547
     5     1.484266e+00     2.363406e-02
 * time: 3.12465500831604
     6     1.483245e+00     5.781724e-03
 * time: 3.684145927429199
     7     1.483223e+00     2.166874e-03
 * time: 4.233749866485596
     8     1.483070e+00     5.164785e-03
 * time: 5.163071870803833
     9     1.482086e+00     7.672904e-03
 * time: 6.04813289642334
    10     1.481932e+00     5.986395e-03
 * time: 6.750880002975464
    11     1.481848e+00     2.527431e-03
 * time: 7.342679977416992
    12     1.481827e+00     1.480993e-03
 * time: 8.230869054794312
    13     1.481813e+00     1.265119e-03
 * time: 9.037094831466675
    14     1.481796e+00     2.705096e-03
 * time: 10.146080017089844
    15     1.481684e+00     5.073067e-03
 * time: 11.306243896484375
    16     1.481586e+00     4.820296e-03
 * time: 12.09536600112915
    17     1.481545e+00     3.619428e-04
 * time: 12.638941049575806
    18     1.481544e+00     4.166648e-04
 * time: 13.43112301826477
    19     1.481543e+00     4.430989e-04
 * time: 14.3074049949646
    20     1.481541e+00     3.889084e-04
 * time: 15.089524984359741
    21     1.481536e+00     1.810071e-03
 * time: 16.146584033966064
    22     1.481482e+00     5.868568e-04
 * time: 17.2726788520813
    23     1.481462e+00     4.115113e-04
 * time: 18.034631967544556
    24     1.481459e+00     3.736679e-04
 * time: 18.858561992645264
    25     1.481458e+00     9.683790e-05
 * time: 19.376333951950073
    26     1.481458e+00     8.205133e-05
 * time: 20.204813957214355
    27     1.481458e+00     1.684566e-04
 * time: 21.178789854049683
    28     1.481458e+00     2.538747e-04
 * time: 22.16602897644043
    29     1.481447e+00     2.074469e-04
 * time: 23.454083919525146
    30     1.481434e+00     4.668803e-04
 * time: 24.19748091697693
    31     1.481432e+00     3.954325e-04
 * time: 24.736371994018555
    32     1.481427e+00     3.996285e-04
 * time: 25.54946994781494
    33     1.481424e+00     4.174670e-04
 * time: 26.3502299785614
    34     1.481422e+00     3.219907e-04
 * time: 27.209720849990845
    35     1.481421e+00     7.895375e-05
 * time: 27.994963884353638
    36     1.481420e+00     3.001723e-04
 * time: 28.872926950454712
    37     1.481420e+00     4.020634e-05
 * time: 29.48155903816223
    38     1.481420e+00     1.390741e-04
 * time: 30.29023790359497
    39     1.481420e+00     2.920412e-05
 * time: 31.085798025131226
    40     1.481420e+00     3.717712e-05
 * time: 31.853144884109497
    41     1.481420e+00     6.750203e-05
 * time: 32.665101051330566
    42     1.481420e+00     1.903980e-05
 * time: 33.17042684555054
    43     1.481420e+00     3.095577e-05
 * time: 33.92667102813721
 40.827293 seconds (64.71 M allocations: 14.415 GiB, 5.38% gc time, 138 lock conflicts, 38.75% compilation time)
 * Status: success

 * Candidate solution
    Final objective value:     1.481420e+00

 * Found with
    Algorithm:     BFGS

 * Convergence measures
    |x - x'|               = 4.15e-01 ≰ 1.0e-04
    |x - x'|/|x'|          = 1.11e-01 ≰ 0.0e+00
    |f(x) - f(x')|         = 9.05e-09 ≰ 0.0e+00
    |f(x) - f(x')|/|f(x')| = 6.11e-09 ≤ 1.0e-08
    |g(x)|                 = 3.10e-05 ≰ 1.0e-05

 * Work counters
    Seconds run:   34  (vs limit 14400)
    Iterations:    43
    f(x) calls:    133
    ∇f(x) calls:   133

ν_s = 0.48295995389485624
ν_t = 2.0541946585511095
r_t = 10.805189625915183
r_s = 41.88882105726777
σ = 4.2579718138175515
β_obs = 0.18891727041529152
σ_obs = 0.8197384122444272
Task 17 finished at Fri  2 Oct 02:49:38 CEST 2026
