Job 25525829, task 25 running on idun-03-03 at Fri  2 Oct 03:43:20 CEST 2026
Estimating parameters for scenario HL, replication r = 25
Iter     Function value   Gradient norm 
     0     2.035100e+00     1.651429e+00
 * time: 0.024995088577270508
     1     1.609593e+00     2.653708e-01
 * time: 0.9005260467529297
     2     1.557303e+00     5.439338e-02
 * time: 1.5149309635162354
     3     1.553119e+00     6.359165e-02
 * time: 2.134669065475464
     4     1.551088e+00     9.303378e-03
 * time: 2.760401964187622
     5     1.550873e+00     1.147821e-02
 * time: 3.3766651153564453
     6     1.550613e+00     3.701078e-03
 * time: 4.000437021255493
     7     1.550463e+00     1.620212e-02
 * time: 4.82267689704895
     8     1.550072e+00     8.896372e-03
 * time: 5.4408040046691895
     9     1.550016e+00     6.375613e-03
 * time: 5.861937046051025
    10     1.549874e+00     6.744282e-03
 * time: 15.372620105743408
    11     1.549535e+00     5.178846e-02
 * time: 21.48210597038269
    12     1.549482e+00     2.246741e-02
 * time: 67.58361411094666
    13     1.549432e+00     1.687741e-01
 * time: 96.38977313041687
    14     1.549430e+00     1.245587e-01
 * time: 163.49002504348755
170.272921 seconds (80.27 M allocations: 7.575 GiB, 0.60% gc time, 44 lock conflicts, 9.10% compilation time)
 * Status: success

 * Candidate solution
    Final objective value:     1.549430e+00

 * Found with
    Algorithm:     BFGS

 * Convergence measures
    |x - x'|               = 8.06e-05 ≤ 1.0e-04
    |x - x'|/|x'|          = 4.69e-05 ≰ 0.0e+00
    |f(x) - f(x')|         = 1.43e-06 ≰ 0.0e+00
    |f(x) - f(x')|/|f(x')| = 9.24e-07 ≰ 1.0e-08
    |g(x)|                 = 1.25e-01 ≰ 1.0e-05

 * Work counters
    Seconds run:   163  (vs limit 14400)
    Iterations:    14
    f(x) calls:    53
    ∇f(x) calls:   53

ν_s = 0.734866626008597
ν_t = 0.99215656959509
r_t = 5.576623513550711
r_s = 0.42253219413861665
σ = 3.673146117058375
β_obs = 0.6500734851433791
σ_obs = 0.8460151199094054
Task 25 finished at Fri  2 Oct 03:46:22 CEST 2026
