Job 25525696, task 21 running on idun-04-02 at Fri  2 Oct 02:48:49 CEST 2026
Estimating parameters for replication r = 21
Iter     Function value   Gradient norm 
     0     1.951371e+00     1.606045e+00
 * time: 0.02552509307861328
     1     1.571304e+00     2.758752e-01
 * time: 0.8704860210418701
     2     1.519016e+00     5.448773e-02
 * time: 1.4252300262451172
     3     1.511614e+00     1.121150e-01
 * time: 1.9717810153961182
     4     1.505001e+00     3.313765e-02
 * time: 2.527085065841675
     5     1.503314e+00     2.500593e-02
 * time: 3.081954002380371
     6     1.502515e+00     9.763932e-03
 * time: 3.6247329711914062
     7     1.502433e+00     4.262049e-03
 * time: 4.175096035003662
     8     1.502200e+00     7.517806e-03
 * time: 4.895334959030151
     9     1.501604e+00     4.904653e-03
 * time: 5.625320911407471
    10     1.501459e+00     1.713367e-03
 * time: 6.170351028442383
    11     1.501429e+00     2.617222e-03
 * time: 6.724267959594727
    12     1.501271e+00     1.575140e-02
 * time: 7.4414448738098145
    13     1.500925e+00     1.324730e-02
 * time: 17.967434883117676
    14     1.500482e+00     3.396144e-03
 * time: 18.68605399131775
    15     1.500382e+00     2.731017e-03
 * time: 19.423906087875366
    16     1.500351e+00     1.591399e-03
 * time: 20.159918069839478
    17     1.500313e+00     3.413323e-03
 * time: 20.896662950515747
    18     1.500300e+00     4.156346e-04
 * time: 21.641232013702393
    19     1.500298e+00     7.794928e-04
 * time: 22.16648006439209
    20     1.500297e+00     7.980537e-05
 * time: 23.074533939361572
    21     1.500297e+00     6.084292e-05
 * time: 23.801483869552612
    22     1.500297e+00     2.020770e-04
 * time: 24.797908067703247
    23     1.500295e+00     5.528999e-04
 * time: 26.057735919952393
    24     1.500283e+00     7.018458e-04
 * time: 27.060577869415283
    25     1.500277e+00     7.916362e-04
 * time: 27.858581066131592
    26     1.500275e+00     4.293043e-04
 * time: 28.365015029907227
    27     1.500274e+00     1.961311e-04
 * time: 29.122252941131592
    28     1.500272e+00     5.663872e-04
 * time: 29.86645197868347
    29     1.500271e+00     5.232663e-04
 * time: 30.4961359500885
    30     1.500271e+00     2.223804e-04
 * time: 31.253824949264526
    31     1.500271e+00     1.568622e-04
 * time: 32.06469702720642
    32     1.500271e+00     6.868188e-05
 * time: 32.880430936813354
    33     1.500271e+00     1.785989e-04
 * time: 33.74607992172241
    34     1.500271e+00     3.224013e-05
 * time: 34.31629991531372
    35     1.500271e+00     6.519127e-05
 * time: 34.86340594291687
    36     1.500271e+00     1.602002e-05
 * time: 35.674850940704346
 42.615336 seconds (61.14 M allocations: 11.826 GiB, 3.78% gc time, 81 lock conflicts, 37.75% compilation time)
 * Status: success

 * Candidate solution
    Final objective value:     1.500271e+00

 * Found with
    Algorithm:     BFGS

 * Convergence measures
    |x - x'|               = 4.62e-02 ≰ 1.0e-04
    |x - x'|/|x'|          = 1.49e-02 ≰ 0.0e+00
    |f(x) - f(x')|         = 2.83e-09 ≰ 0.0e+00
    |f(x) - f(x')|/|f(x')| = 1.89e-09 ≤ 1.0e-08
    |g(x)|                 = 1.60e-05 ≰ 1.0e-05

 * Work counters
    Seconds run:   36  (vs limit 14400)
    Iterations:    36
    f(x) calls:    110
    ∇f(x) calls:   110

ν_s = 0.680756127558992
ν_t = 1.921032042402817
r_t = 12.498788506745287
r_s = 22.06557758115439
σ = 4.607206526425107
β_obs = 0.19975242650521133
σ_obs = 0.8428317406353771
Task 21 finished at Fri  2 Oct 02:49:40 CEST 2026
