Job 25525696, task 5 running on idun-05-35 at Fri  2 Oct 02:48:49 CEST 2026
Estimating parameters for replication r = 5
Iter     Function value   Gradient norm 
     0     2.041693e+00     1.762656e+00
 * time: 0.020167112350463867
     1     1.597453e+00     2.623080e-01
 * time: 0.7663099765777588
     2     1.547783e+00     5.555821e-02
 * time: 1.3425610065460205
     3     1.538706e+00     1.268500e-01
 * time: 1.8974599838256836
     4     1.530893e+00     3.612933e-02
 * time: 2.3924551010131836
     5     1.528362e+00     3.303903e-02
 * time: 2.891813039779663
     6     1.526935e+00     9.537218e-03
 * time: 3.3802330493927
     7     1.526875e+00     3.509793e-03
 * time: 3.879518985748291
     8     1.526633e+00     6.753397e-03
 * time: 4.601726055145264
     9     1.526180e+00     7.976386e-03
 * time: 9.04445505142212
    10     1.526137e+00     1.584586e-03
 * time: 9.608814001083374
    11     1.526123e+00     2.268929e-03
 * time: 10.140015125274658
    12     1.526031e+00     3.613250e-03
 * time: 10.888120174407959
    13     1.525889e+00     8.139313e-03
 * time: 11.557374000549316
    14     1.525708e+00     1.004209e-02
 * time: 13.12785005569458
    15     1.525468e+00     2.323806e+00
 * time: 48.589028120040894
    16     1.525440e+00     4.553659e-01
 * time: 200.22317218780518
206.674081 seconds (93.98 M allocations: 10.270 GiB, 1.16% gc time, 24 lock conflicts, 7.76% compilation time)
 * Status: success

 * Candidate solution
    Final objective value:     1.525440e+00

 * Found with
    Algorithm:     BFGS

 * Convergence measures
    |x - x'|               = 2.20e-05 ≤ 1.0e-04
    |x - x'|/|x'|          = 9.93e-06 ≰ 0.0e+00
    |f(x) - f(x')|         = 2.84e-05 ≰ 0.0e+00
    |f(x) - f(x')|/|f(x')| = 1.86e-05 ≰ 1.0e-08
    |g(x)|                 = 4.55e-01 ≰ 1.0e-05

 * Work counters
    Seconds run:   200  (vs limit 14400)
    Iterations:    16
    f(x) calls:    78
    ∇f(x) calls:   78

ν_s = 0.800297411722772
ν_t = 1.5654468008105045
r_t = 9.160564187399515
r_s = 0.6099007698419705
σ = 5.913924118634752
β_obs = 0.18404268899348838
σ_obs = 0.8568776233165378
Task 5 finished at Fri  2 Oct 02:52:22 CEST 2026
