Job 25525828, task 9 running on idun-05-34 at Fri  2 Oct 03:42:50 CEST 2026
Estimating parameters for scenario HH, replication r = 9
Iter     Function value   Gradient norm 
     0     2.845718e+00     3.224393e+00
 * time: 0.019928932189941406
     1     1.799251e+00     1.412299e-01
 * time: 0.7006080150604248
     2     1.765592e+00     4.030224e-02
 * time: 1.1813209056854248
     3     1.764088e+00     1.396540e-02
 * time: 1.6530029773712158
     4     1.763850e+00     7.183808e-03
 * time: 2.123660087585449
     5     1.763567e+00     3.348808e-03
 * time: 2.5942111015319824
     6     1.763443e+00     7.579531e-03
 * time: 3.221503973007202
     7     1.763023e+00     5.368467e-03
 * time: 3.7031290531158447
     8     1.763011e+00     2.926255e-03
 * time: 4.0198750495910645
     9     1.762977e+00     2.537579e-03
 * time: 4.520780086517334
    10     1.762927e+00     5.707645e-03
 * time: 5.1818718910217285
    11     1.762886e+00     3.681154e-03
 * time: 13.008868932723999
    12     1.762840e+00     1.728725e-03
 * time: 13.556682109832764
    13     1.762838e+00     8.086814e-04
 * time: 14.037894010543823
    14     1.762829e+00     2.905336e-03
 * time: 14.682308912277222
    15     1.762748e+00     6.168219e-03
 * time: 29.338336944580078
    16     1.762712e+00     7.491138e-04
 * time: 30.025089979171753
    17     1.762702e+00     1.518535e-03
 * time: 30.703816890716553
    18     1.762695e+00     2.166476e-03
 * time: 31.475486040115356
    19     1.762670e+00     1.192011e-03
 * time: 32.36537504196167
    20     1.762666e+00     1.317303e-04
 * time: 33.031946897506714
    21     1.762665e+00     3.055520e-04
 * time: 33.703458070755005
    22     1.762664e+00     4.426080e-05
 * time: 34.44118809700012
    23     1.762664e+00     4.021347e-05
 * time: 34.88237190246582
    24     1.762664e+00     3.477779e-05
 * time: 35.55804800987244
 41.688876 seconds (57.11 M allocations: 8.369 GiB, 3.48% gc time, 11 lock conflicts, 36.58% compilation time)
 * Status: success

 * Candidate solution
    Final objective value:     1.762664e+00

 * Found with
    Algorithm:     BFGS

 * Convergence measures
    |x - x'|               = 2.77e-03 ≰ 1.0e-04
    |x - x'|/|x'|          = 1.26e-03 ≰ 0.0e+00
    |f(x) - f(x')|         = 5.70e-09 ≰ 0.0e+00
    |f(x) - f(x')|/|f(x')| = 3.23e-09 ≤ 1.0e-08
    |g(x)|                 = 3.48e-05 ≰ 1.0e-05

 * Work counters
    Seconds run:   36  (vs limit 14400)
    Iterations:    24
    f(x) calls:    75
    ∇f(x) calls:   75

ν_s = 0.5615070169522172
ν_t = 0.8484878155348011
r_t = 6.663874942490124
r_s = 0.6628815009787471
σ = 3.411411986339453
β_obs = 0.9973136731797543
σ_obs = 1.101694883792093
Task 9 finished at Fri  2 Oct 03:43:41 CEST 2026
