Job 25525696, task 7 running on idun-05-34 at Fri  2 Oct 02:48:49 CEST 2026
Estimating parameters for replication r = 7
Iter     Function value   Gradient norm 
     0     2.023059e+00     1.721214e+00
 * time: 0.020281076431274414
     1     1.593928e+00     2.645858e-01
 * time: 0.704246997833252
     2     1.543772e+00     5.720663e-02
 * time: 1.1769089698791504
     3     1.534723e+00     1.259304e-01
 * time: 1.6496500968933105
     4     1.526835e+00     3.662874e-02
 * time: 2.118443012237549
     5     1.524491e+00     3.072985e-02
 * time: 2.581127166748047
     6     1.523261e+00     9.428037e-03
 * time: 3.042283058166504
     7     1.523214e+00     2.158042e-03
 * time: 3.509111166000366
     8     1.523111e+00     5.155755e-03
 * time: 4.128165006637573
     9     1.522820e+00     3.372121e-03
 * time: 4.744775056838989
    10     1.522750e+00     1.548202e-03
 * time: 5.205503940582275
    11     1.522736e+00     1.693343e-03
 * time: 5.654623031616211
    12     1.522430e+00     6.477960e-03
 * time: 13.397343158721924
    13     1.522262e+00     6.845533e-03
 * time: 20.29477310180664
    14     1.522159e+00     5.548433e-03
 * time: 27.305325031280518
    15     1.522133e+00     6.321466e-01
 * time: 53.49910807609558
    16     1.522107e+00     3.890353e-01
 * time: 60.224756956100464
    17     1.522096e+00     2.762205e-03
 * time: 109.54810810089111
    18     1.522081e+00     4.241022e-03
 * time: 120.02334308624268
    19     1.522075e+00     4.021532e-03
 * time: 138.6895411014557
    20     1.522074e+00     1.323111e-02
 * time: 156.23151993751526
    21     1.522072e+00     5.785331e-03
 * time: 167.75326204299927
    22     1.522070e+00     4.898602e-03
 * time: 199.011146068573
    23     1.522063e+00     2.717834e-02
 * time: 240.40621304512024
    24     1.522057e+00     4.637754e-03
 * time: 253.31590294837952
    25     1.521979e+00     1.495687e-02
 * time: 266.1200530529022
    26     1.521963e+00     1.143960e-01
 * time: 314.3591091632843
    27     1.521960e+00     1.019525e-02
 * time: 377.4231209754944
    28     1.521926e+00     9.753119e-02
 * time: 407.49120903015137
    29     1.521918e+00     7.954434e-02
 * time: 419.4503860473633
    30     1.521907e+00     7.248541e-03
 * time: 431.7588040828705
    31     1.521900e+00     1.637332e-02
 * time: 450.02608704566956
    32     1.521896e+00     4.329898e-02
 * time: 488.1198580265045
    33     1.521894e+00     2.271727e-02
 * time: 695.4867370128632
701.786098 seconds (238.76 M allocations: 27.384 GiB, 0.70% gc time, 27 lock conflicts, 2.27% compilation time: <1% of which was recompilation)
 * Status: success

 * Candidate solution
    Final objective value:     1.521894e+00

 * Found with
    Algorithm:     BFGS

 * Convergence measures
    |x - x'|               = 1.07e-06 ≤ 1.0e-04
    |x - x'|/|x'|          = 4.34e-07 ≰ 0.0e+00
    |f(x) - f(x')|         = 1.10e-06 ≰ 0.0e+00
    |f(x) - f(x')|/|f(x')| = 7.24e-07 ≰ 1.0e-08
    |g(x)|                 = 2.27e-02 ≰ 1.0e-05

 * Work counters
    Seconds run:   695  (vs limit 14400)
    Iterations:    33
    f(x) calls:    195
    ∇f(x) calls:   195

ν_s = 1.0530871593817093
ν_t = 1.587281305938219
r_t = 11.866681886590017
r_s = 0.6461542324254671
σ = 6.506388927096772
β_obs = 0.3322403840967496
σ_obs = 0.8465510914171059
Task 7 finished at Fri  2 Oct 03:00:40 CEST 2026
