Job 25525828, task 10 running on idun-05-34 at Fri  2 Oct 03:42:50 CEST 2026
Estimating parameters for scenario HH, replication r = 10
Iter     Function value   Gradient norm 
     0     2.736384e+00     3.044442e+00
 * time: 0.020294189453125
     1     1.775782e+00     1.616463e-01
 * time: 0.7132852077484131
     2     1.742327e+00     3.696990e-02
 * time: 1.1932802200317383
     3     1.740686e+00     7.619012e-03
 * time: 1.669227123260498
     4     1.740290e+00     2.824012e-03
 * time: 2.302945137023926
     5     1.740227e+00     2.773667e-03
 * time: 2.7781190872192383
     6     1.740174e+00     3.603003e-03
 * time: 3.414198160171509
     7     1.739803e+00     2.214118e-03
 * time: 4.140275001525879
     8     1.739757e+00     1.764741e-03
 * time: 4.462784051895142
     9     1.739681e+00     2.588120e-03
 * time: 5.119473218917847
    10     1.739658e+00     3.228588e-03
 * time: 5.448750019073486
    11     1.739530e+00     7.061093e-03
 * time: 5.940253019332886
    12     1.738991e+00     1.349367e-02
 * time: 6.807038068771362
    13     1.738779e+00     3.859135e-03
 * time: 16.395580053329468
    14     1.738719e+00     1.569912e-03
 * time: 24.93562912940979
    15     1.738689e+00     9.234208e-03
 * time: 34.12462306022644
    16     1.738660e+00     8.038417e-03
 * time: 86.39782500267029
    17     1.738632e+00     9.836862e-04
 * time: 93.50984907150269
    18     1.738634e+00     2.479849e-03
 * time: 497.1945991516113
    19     1.738634e+00     2.942779e-03
 * time: 560.7503340244293
    20     1.738635e+00     4.859998e-03
 * time: 581.3592619895935
    21     1.738636e+00     7.519829e-03
 * time: 661.2055721282959
    22     1.738638e+00     3.145709e-03
 * time: 715.7653360366821
    23     1.738637e+00     7.470558e-03
 * time: 727.5778360366821
    24     1.738624e+00     2.498564e-03
 * time: 740.1234149932861
    25     1.738620e+00     1.335557e-02
 * time: 770.9069089889526
    26     1.738616e+00     2.562803e-03
 * time: 802.9135031700134
    27     1.738611e+00     3.252692e-02
 * time: 819.8019161224365
    28     1.738611e+00     2.882178e-03
 * time: 839.0384511947632
845.190512 seconds (279.73 M allocations: 32.986 GiB, 0.77% gc time, 24 lock conflicts, 1.82% compilation time)
 * Status: success

 * Candidate solution
    Final objective value:     1.738611e+00

 * Found with
    Algorithm:     BFGS

 * Convergence measures
    |x - x'|               = 8.84e-05 ≤ 1.0e-04
    |x - x'|/|x'|          = 4.68e-05 ≰ 0.0e+00
    |f(x) - f(x')|         = 1.63e-07 ≰ 0.0e+00
    |f(x) - f(x')|/|f(x')| = 9.36e-08 ≰ 1.0e-08
    |g(x)|                 = 2.88e-03 ≰ 1.0e-05

 * Work counters
    Seconds run:   839  (vs limit 14400)
    Iterations:    28
    f(x) calls:    194
    ∇f(x) calls:   194

ν_s = 0.5816816623259837
ν_t = 0.9368053542656006
r_t = 6.617989715844029
r_s = 0.6936479445584486
σ = 3.359213755247357
β_obs = 0.9879664045494279
σ_obs = 1.077023698186837
Task 10 finished at Fri  2 Oct 03:57:05 CEST 2026
