Job 25525879, task 25 running on idun-04-08 at Fri  2 Oct 03:43:20 CEST 2026
Estimating parameters for scenario LH, replication r = 25
Iter     Function value   Gradient norm 
     0     2.727564e+00     3.088053e+00
 * time: 0.025025129318237305
     1     1.764174e+00     1.643085e-01
 * time: 0.8994331359863281
     2     1.724582e+00     7.764618e-02
 * time: 1.4938991069793701
     3     1.717072e+00     3.595959e-02
 * time: 2.2923901081085205
     4     1.716025e+00     1.478928e-02
 * time: 2.8846030235290527
     5     1.715419e+00     2.705025e-03
 * time: 3.476809024810791
     6     1.715354e+00     1.161246e-02
 * time: 4.2836480140686035
     7     1.714629e+00     5.880405e-03
 * time: 5.0660622119903564
     8     1.714555e+00     2.611233e-03
 * time: 5.671818017959595
     9     1.714522e+00     3.571546e-03
 * time: 6.272521018981934
    10     1.714469e+00     4.415563e-02
 * time: 22.120997190475464
    11     1.714441e+00     9.966984e-03
 * time: 22.476941108703613
    12     1.714375e+00     3.780827e-03
 * time: 23.005961179733276
    13     1.714077e+00     1.899679e-03
 * time: 28.202821016311646
    14     1.714021e+00     7.976980e-04
 * time: 28.73613214492798
    15     1.713973e+00     6.015064e+00
 * time: 75.20607304573059
    16     1.713970e+00     5.420707e-02
 * time: 90.51871514320374
    17     1.713919e+00     1.346089e-03
 * time: 101.42001414299011
    18     1.713888e+00     6.825860e-02
 * time: 116.56400299072266
    19     1.713888e+00     8.978698e-04
 * time: 123.01193404197693
    20     1.713887e+00     7.821834e-04
 * time: 134.69975018501282
    21     1.713871e+00     2.114307e-02
 * time: 166.0150430202484
    22     1.713803e+00     1.831760e-03
 * time: 179.2436821460724
    23     1.713756e+00     9.168934e-02
 * time: 189.78635621070862
    24     1.713756e+00     9.028690e-04
 * time: 219.63686609268188
    25     1.713747e+00     2.693259e-02
 * time: 237.09082102775574
    26     1.713743e+00     2.564467e-04
 * time: 248.17366409301758
    27     1.713741e+00     9.367234e-04
 * time: 261.69406604766846
    28     1.713741e+00     5.996326e-03
 * time: 272.5738031864166
    29     1.713741e+00     1.862190e-04
 * time: 288.12228298187256
    30     1.713740e+00     1.837640e-02
 * time: 376.475298166275
    31     1.713740e+00     1.109429e-02
 * time: 387.06211519241333
    32     1.713740e+00     9.837024e-03
 * time: 402.87659907341003
    33     1.713740e+00     1.063966e-03
 * time: 415.39562606811523
    34     1.713739e+00     1.683808e-02
 * time: 427.105672121048
    35     1.713739e+00     8.994589e-04
 * time: 447.63340616226196
    36     1.713739e+00     1.019574e-03
 * time: 462.53494000434875
    37     1.713739e+00     7.698954e-02
 * time: 485.4259150028229
    38     1.713739e+00     5.012350e-02
 * time: 503.3947060108185
    39     1.713739e+00     3.160588e-02
 * time: 520.5511140823364
    40     1.713739e+00     9.702279e-04
 * time: 528.0586450099945
    41     1.713739e+00     1.051789e-03
 * time: 535.5850641727448
    42     1.713739e+00     1.188587e-03
 * time: 551.6968801021576
    43     1.713738e+00     6.464420e-03
 * time: 571.2023370265961
    44     1.713731e+00     1.214559e-03
 * time: 582.9203011989594
    45     1.713729e+00     2.162590e-03
 * time: 631.2430791854858
    46     1.713728e+00     2.125776e-03
 * time: 642.5899941921234
    47     1.713725e+00     2.239524e-02
 * time: 656.822389125824
    48     1.713724e+00     5.981231e-02
 * time: 670.1145091056824
    49     1.713724e+00     2.227870e-02
 * time: 676.437252998352
    50     1.713723e+00     1.034429e-03
 * time: 691.8805952072144
    51     1.713722e+00     9.481575e-04
 * time: 705.674054145813
    52     1.713722e+00     9.842872e-04
 * time: 712.412672996521
    53     1.713722e+00     8.269598e-04
 * time: 719.2194011211395
    54     1.713722e+00     2.290334e-02
 * time: 730.7837691307068
    55     1.713722e+00     9.158011e-04
 * time: 737.3921411037445
    56     1.713722e+00     2.589714e-02
 * time: 755.8533589839935
    57     1.713722e+00     8.991353e-04
 * time: 767.5735881328583
    58     1.713722e+00     9.373327e-04
 * time: 777.7150161266327
    59     1.713722e+00     8.744185e-04
 * time: 790.1204650402069
    60     1.713722e+00     2.494369e-02
 * time: 800.1867790222168
    61     1.713722e+00     9.252486e-04
 * time: 806.6163630485535
    62     1.713722e+00     3.400206e-02
 * time: 817.1444900035858
    63     1.713722e+00     1.507963e-02
 * time: 833.2946131229401
    64     1.713722e+00     8.844479e-04
 * time: 839.4957001209259
    65     1.713722e+00     1.411114e-02
 * time: 850.1805000305176
    66     1.713722e+00     3.693099e-03
 * time: 865.8545010089874
    67     1.713722e+00     2.024133e+00
 * time: 890.573245048523
    68     1.713722e+00     8.713027e-04
 * time: 899.8205511569977
    69     1.713722e+00     8.772636e-04
 * time: 910.7432169914246
    70     1.713722e+00     7.990601e-04
 * time: 929.8615601062775
    71     1.713722e+00     4.181127e-02
 * time: 941.0517101287842
947.708097 seconds (267.17 M allocations: 33.812 GiB, 0.66% gc time, 133 lock conflicts, 1.59% compilation time: <1% of which was recompilation)
 * Status: success

 * Candidate solution
    Final objective value:     1.713722e+00

 * Found with
    Algorithm:     BFGS

 * Convergence measures
    |x - x'|               = 4.73e-03 ≰ 1.0e-04
    |x - x'|/|x'|          = 1.36e-03 ≰ 0.0e+00
    |f(x) - f(x')|         = 9.36e-10 ≰ 0.0e+00
    |f(x) - f(x')|/|f(x')| = 5.46e-10 ≤ 1.0e-08
    |g(x)|                 = 4.18e-02 ≰ 1.0e-05

 * Work counters
    Seconds run:   941  (vs limit 14400)
    Iterations:    71
    f(x) calls:    264
    ∇f(x) calls:   264

ν_s = 0.5538285202086312
ν_t = 1.5130340297991576
r_t = 9.557787680798274
r_s = 32.54729992148187
σ = 4.124250955619308
β_obs = 0.11075626536548372
σ_obs = 1.080562137237726
Task 25 finished at Fri  2 Oct 03:59:20 CEST 2026
