Job 25525696, task 30 running on idun-04-04 at Fri  2 Oct 02:48:49 CEST 2026
Estimating parameters for replication r = 30
Iter     Function value   Gradient norm 
     0     1.842182e+00     1.413185e+00
 * time: 0.023283004760742188
     1     1.533334e+00     2.849525e-01
 * time: 0.8907320499420166
     2     1.482602e+00     5.559603e-02
 * time: 1.456287145614624
     3     1.475536e+00     1.010744e-01
 * time: 2.0694801807403564
     4     1.468321e+00     3.723144e-02
 * time: 2.6586790084838867
     5     1.466737e+00     2.253081e-02
 * time: 3.2347781658172607
     6     1.465859e+00     5.184531e-03
 * time: 3.777536153793335
     7     1.465833e+00     3.153432e-03
 * time: 4.339692115783691
     8     1.465660e+00     5.782864e-03
 * time: 5.14146614074707
     9     1.464882e+00     5.948731e-03
 * time: 7.022062063217163
    10     1.464777e+00     5.082697e-03
 * time: 7.383615016937256
    11     1.464718e+00     2.856847e-03
 * time: 8.209420204162598
    12     1.464682e+00     2.333543e-03
 * time: 16.264710187911987
    13     1.464680e+00     8.863405e-03
 * time: 24.703002214431763
    14     1.464445e+00     1.051266e-02
 * time: 25.251419067382812
    15     1.464354e+00     6.917898e-03
 * time: 25.756551027297974
    16     1.464263e+00     2.208771e-03
 * time: 26.538602113723755
    17     1.464233e+00     1.418745e-03
 * time: 27.310590028762817
    18     1.464219e+00     2.654024e-03
 * time: 28.104753017425537
    19     1.464150e+00     1.487529e-03
 * time: 29.190256118774414
    20     1.464115e+00     2.946287e-03
 * time: 29.702731132507324
    21     1.464102e+00     4.892234e-04
 * time: 30.501843214035034
    22     1.464100e+00     2.323157e-04
 * time: 31.009960174560547
    23     1.464100e+00     4.394517e-05
 * time: 31.544613122940063
    24     1.464100e+00     3.110028e-05
 * time: 32.31679606437683
    25     1.464100e+00     2.098322e-04
 * time: 33.349783182144165
    26     1.464098e+00     4.992071e-04
 * time: 34.95217299461365
    27     1.464097e+00     7.037923e-04
 * time: 35.479243993759155
    28     1.464096e+00     4.310234e-04
 * time: 36.27294206619263
    29     1.464095e+00     2.369522e-04
 * time: 36.84902215003967
    30     1.464095e+00     2.979840e-04
 * time: 37.82589912414551
    31     1.464077e+00     1.001237e-02
 * time: 46.43806719779968
    32     1.464077e+00     2.777819e-03
 * time: 72.74871516227722
    33     1.464074e+00     3.949393e-02
 * time: 89.71842217445374
    34     1.464074e+00     1.931226e-03
 * time: 100.52919721603394
    35     1.464073e+00     7.498917e-04
 * time: 106.11137008666992
    36     1.464070e+00     2.485474e-02
 * time: 118.23302006721497
    37     1.464070e+00     3.399573e-02
 * time: 132.81537699699402
    38     1.464059e+00     2.468451e-03
 * time: 144.73387217521667
    39     1.464059e+00     2.468450e-03
 * time: 246.26772809028625
253.165050 seconds (118.51 M allocations: 22.273 GiB, 1.66% gc time, 54 lock conflicts, 6.25% compilation time)
 * Status: success

 * Candidate solution
    Final objective value:     1.464059e+00

 * Found with
    Algorithm:     BFGS

 * Convergence measures
    |x - x'|               = 5.95e-12 ≤ 1.0e-04
    |x - x'|/|x'|          = 2.35e-12 ≰ 0.0e+00
    |f(x) - f(x')|         = 4.22e-15 ≰ 0.0e+00
    |f(x) - f(x')|/|f(x')| = 2.88e-15 ≤ 1.0e-08
    |g(x)|                 = 2.47e-03 ≰ 1.0e-05

 * Work counters
    Seconds run:   246  (vs limit 14400)
    Iterations:    39
    f(x) calls:    197
    ∇f(x) calls:   197

ν_s = 0.8083976894093983
ν_t = 1.5109451892534376
r_t = 12.595481925211601
r_s = 1.2915580552245636
σ = 4.848554424513315
β_obs = 0.31549363064238495
σ_obs = 0.8054637728990518
Task 30 finished at Fri  2 Oct 02:53:10 CEST 2026
