Job 25525828, task 25 running on idun-04-02 at Fri  2 Oct 03:42:50 CEST 2026
Estimating parameters for scenario HH, replication r = 25
Iter     Function value   Gradient norm 
     0     2.876962e+00     3.301007e+00
 * time: 0.026044845581054688
     1     1.802035e+00     1.359698e-01
 * time: 0.8582968711853027
     2     1.771774e+00     4.145795e-02
 * time: 1.4155888557434082
     3     1.770429e+00     1.490059e-02
 * time: 1.9626848697662354
     4     1.770249e+00     5.523025e-03
 * time: 2.5087358951568604
     5     1.769974e+00     2.615907e-03
 * time: 3.053905963897705
     6     1.769912e+00     1.188026e-02
 * time: 3.7865259647369385
     7     1.769460e+00     9.008782e-03
 * time: 4.616273880004883
     8     1.769366e+00     7.950865e-03
 * time: 5.343304872512817
     9     1.769303e+00     3.318296e-03
 * time: 5.743713855743408
    10     1.769213e+00     1.254090e-02
 * time: 6.3098108768463135
    11     1.768728e+00     7.102608e-03
 * time: 7.410017013549805
    12     1.768568e+00     1.786996e-03
 * time: 8.245182037353516
    13     1.768495e+00     5.461807e-03
 * time: 9.045443058013916
    14     1.768368e+00     1.541146e-03
 * time: 9.93764591217041
    15     1.768356e+00     5.839236e-04
 * time: 10.911701917648315
    16     1.768355e+00     5.433719e-04
 * time: 11.70963191986084
    17     1.768338e+00     5.055004e-03
 * time: 13.088945865631104
    18     1.768229e+00     1.151185e-03
 * time: 14.179954051971436
    19     1.768193e+00     3.078857e-03
 * time: 14.995264053344727
    20     1.768179e+00     1.666879e-03
 * time: 15.619683980941772
    21     1.768169e+00     1.299968e-03
 * time: 16.40450096130371
    22     1.768163e+00     5.897684e-04
 * time: 17.18379783630371
    23     1.768160e+00     1.013186e-03
 * time: 17.959045886993408
    24     1.768158e+00     7.560849e-04
 * time: 18.73079800605774
    25     1.768157e+00     2.405795e-04
 * time: 19.494174003601074
    26     1.768156e+00     2.220467e-04
 * time: 20.3301420211792
    27     1.768156e+00     1.480483e-04
 * time: 21.093941926956177
    28     1.768156e+00     9.210503e-05
 * time: 21.63254189491272
    29     1.768156e+00     5.115851e-05
 * time: 22.426869869232178
    30     1.768156e+00     4.576825e-05
 * time: 23.494226932525635
    31     1.768156e+00     2.171837e-04
 * time: 24.627415895462036
    32     1.768153e+00     4.189860e-04
 * time: 25.77964997291565
    33     1.768151e+00     3.041419e-04
 * time: 26.734169006347656
    34     1.768151e+00     2.166058e-04
 * time: 27.3485689163208
    35     1.768150e+00     2.370881e-04
 * time: 28.285475969314575
    36     1.768150e+00     1.323732e-04
 * time: 29.178355932235718
    37     1.768150e+00     1.306388e-04
 * time: 29.799811840057373
    38     1.768149e+00     8.515961e-05
 * time: 30.38454794883728
    39     1.768149e+00     5.643511e-05
 * time: 31.188567876815796
    40     1.768149e+00     3.557795e-05
 * time: 31.744598865509033
    41     1.768149e+00     3.521166e-05
 * time: 32.529358863830566
    42     1.768149e+00     4.051056e-05
 * time: 33.34992289543152
    43     1.768149e+00     2.812578e-05
 * time: 33.89836382865906
 40.666518 seconds (64.52 M allocations: 14.146 GiB, 4.87% gc time, 130 lock conflicts, 37.86% compilation time)
 * Status: success

 * Candidate solution
    Final objective value:     1.768149e+00

 * Found with
    Algorithm:     BFGS

 * Convergence measures
    |x - x'|               = 6.62e-01 ≰ 1.0e-04
    |x - x'|/|x'|          = 5.58e-02 ≰ 0.0e+00
    |f(x) - f(x')|         = 8.40e-09 ≰ 0.0e+00
    |f(x) - f(x')|/|f(x')| = 4.75e-09 ≤ 1.0e-08
    |g(x)|                 = 2.81e-05 ≰ 1.0e-05

 * Work counters
    Seconds run:   34  (vs limit 14400)
    Iterations:    43
    f(x) calls:    131
    ∇f(x) calls:   131

ν_s = 0.603310414297212
ν_t = 0.8237442000410714
r_t = 318.2145252893809
r_s = 118.21918925039748
σ = 3.474312756100747
β_obs = 0.9999999999999993
σ_obs = 1.1150494875765777
Task 25 finished at Fri  2 Oct 03:43:42 CEST 2026
