Job 25525879, task 16 running on idun-04-08 at Fri  2 Oct 03:43:20 CEST 2026
Estimating parameters for scenario LH, replication r = 16
Iter     Function value   Gradient norm 
     0     2.643374e+00     2.924485e+00
 * time: 0.02393317222595215
     1     1.747034e+00     1.773292e-01
 * time: 0.8756890296936035
     2     1.708145e+00     7.068132e-02
 * time: 1.4745121002197266
     3     1.701832e+00     2.757647e-02
 * time: 2.0795791149139404
     4     1.700972e+00     1.645273e-02
 * time: 2.6941590309143066
     5     1.700399e+00     4.880869e-03
 * time: 3.2963411808013916
     6     1.700374e+00     2.899033e-03
 * time: 3.899825096130371
     7     1.700212e+00     5.112959e-03
 * time: 4.708065032958984
     8     1.699377e+00     8.074278e-03
 * time: 5.722092151641846
     9     1.699187e+00     3.882944e-03
 * time: 6.110640048980713
    10     1.699146e+00     3.157480e-03
 * time: 13.8646240234375
    11     1.698991e+00     3.975029e-03
 * time: 14.783950090408325
    12     1.698746e+00     5.907818e-03
 * time: 15.367063045501709
    13     1.698629e+00     6.586762e-03
 * time: 16.021151065826416
    14     1.698552e+00     2.511056e-03
 * time: 23.313647985458374
    15     1.698549e+00     1.347910e-03
 * time: 23.899549961090088
    16     1.698530e+00     1.094957e-01
 * time: 50.26732611656189
    17     1.698531e+00     6.204802e-02
 * time: 89.3206160068512
    18     1.698487e+00     2.046701e-03
 * time: 103.03502917289734
    19     1.698485e+00     8.841136e-04
 * time: 121.10742402076721
    20     1.698469e+00     2.646246e-03
 * time: 145.0732991695404
    21     1.698447e+00     5.525956e-03
 * time: 160.61265110969543
    22     1.698437e+00     2.789134e-03
 * time: 175.90323495864868
    23     1.698429e+00     2.836409e-03
 * time: 188.93990015983582
    24     1.698424e+00     1.081158e-03
 * time: 202.05936312675476
    25     1.698424e+00     3.444008e-03
 * time: 230.57674503326416
    26     1.698421e+00     1.324022e-02
 * time: 246.5607521533966
    27     1.698423e+00     4.571876e-02
 * time: 266.6568591594696
    28     1.698423e+00     1.743401e-03
 * time: 319.2454741001129
    29     1.698420e+00     5.103945e-02
 * time: 338.4402070045471
    30     1.698419e+00     5.085012e-03
 * time: 360.8519539833069
    31     1.698418e+00     3.604701e-02
 * time: 381.6010010242462
    32     1.698409e+00     1.215410e-01
 * time: 409.67901515960693
    33     1.698405e+00     7.192454e-04
 * time: 428.68922209739685
    34     1.698399e+00     1.802641e-03
 * time: 449.3830420970917
    35     1.698396e+00     1.391080e-02
 * time: 468.79456615448
    36     1.698393e+00     1.503265e-03
 * time: 491.7936611175537
    37     1.698389e+00     1.804554e-03
 * time: 511.4108090400696
    38     1.698386e+00     3.228016e-03
 * time: 531.9247009754181
    39     1.698379e+00     1.037556e-02
 * time: 546.6428420543671
    40     1.698371e+00     3.111300e-03
 * time: 565.7165579795837
    41     1.698368e+00     5.029185e-04
 * time: 586.5362370014191
    42     1.698367e+00     2.216401e-02
 * time: 599.9182109832764
    43     1.698367e+00     1.303877e-03
 * time: 615.1476399898529
    44     1.698367e+00     4.446451e-03
 * time: 629.2538621425629
    45     1.698367e+00     8.859821e-03
 * time: 642.6635179519653
    46     1.698367e+00     1.273659e-04
 * time: 659.7926440238953
    47     1.698366e+00     9.791792e-04
 * time: 680.3997061252594
    48     1.698366e+00     1.706432e-02
 * time: 704.2619969844818
    49     1.698366e+00     4.998082e-04
 * time: 723.500128030777
    50     1.698366e+00     6.450784e-04
 * time: 741.4614441394806
    51     1.698366e+00     3.816828e-04
 * time: 762.7512090206146
    52     1.698365e+00     2.110566e-04
 * time: 781.2134351730347
    53     1.698365e+00     2.897917e-02
 * time: 799.6021661758423
    54     1.698365e+00     1.595713e-03
 * time: 814.639582157135
    55     1.698365e+00     1.570223e-02
 * time: 823.116702079773
    56     1.698365e+00     4.444272e-03
 * time: 835.8750920295715
    57     1.698365e+00     4.517144e-05
 * time: 855.0389959812164
    58     1.698365e+00     2.451340e-02
 * time: 875.8836581707001
    59     1.698365e+00     1.244882e-03
 * time: 887.5882749557495
    60     1.698365e+00     6.613857e-04
 * time: 904.1558179855347
    61     1.698365e+00     3.317768e-02
 * time: 922.5459561347961
    62     1.698365e+00     6.281352e-04
 * time: 933.6826720237732
    63     1.698365e+00     3.691882e-03
 * time: 944.8993780612946
    64     1.698365e+00     6.261992e-03
 * time: 959.2335059642792
965.849888 seconds (259.98 M allocations: 33.665 GiB, 0.87% gc time, 58 lock conflicts, 1.56% compilation time)
 * Status: success

 * Candidate solution
    Final objective value:     1.698365e+00

 * Found with
    Algorithm:     BFGS

 * Convergence measures
    |x - x'|               = 5.56e-06 ≤ 1.0e-04
    |x - x'|/|x'|          = 3.32e-06 ≰ 0.0e+00
    |f(x) - f(x')|         = 8.27e-08 ≰ 0.0e+00
    |f(x) - f(x')|/|f(x')| = 4.87e-08 ≰ 1.0e-08
    |g(x)|                 = 6.26e-03 ≰ 1.0e-05

 * Work counters
    Seconds run:   959  (vs limit 14400)
    Iterations:    64
    f(x) calls:    202
    ∇f(x) calls:   202

ν_s = 0.5298700090304626
ν_t = 2.617152997115263
r_t = 5.348258728183195
r_s = 5.204720558701153
σ = 3.8944142428968087
β_obs = 0.10831022367053318
σ_obs = 1.0626269448130208
Task 16 finished at Fri  2 Oct 03:59:37 CEST 2026
