Job 25525696, task 1 running on idun-05-33 at Fri  2 Oct 02:48:49 CEST 2026
Estimating parameters for replication r = 1
Iter     Function value   Gradient norm 
     0     1.966569e+00     1.610518e+00
 * time: 0.020181894302368164
     1     1.578363e+00     2.722236e-01
 * time: 0.7068319320678711
     2     1.525707e+00     5.887658e-02
 * time: 1.1869359016418457
     3     1.517516e+00     1.168736e-01
 * time: 1.6634130477905273
     4     1.510304e+00     3.489819e-02
 * time: 2.1429460048675537
     5     1.508306e+00     2.851188e-02
 * time: 2.614098072052002
     6     1.507229e+00     9.120905e-03
 * time: 3.086287021636963
     7     1.507171e+00     3.051875e-03
 * time: 3.564785957336426
     8     1.506405e+00     1.038535e-02
 * time: 4.878943920135498
     9     1.506020e+00     7.408992e-03
 * time: 7.777623891830444
    10     1.505426e+00     5.122576e-02
 * time: 16.197073936462402
    11     1.505403e+00     3.313655e-03
 * time: 30.198519945144653
    12     1.505397e+00     4.870816e-02
 * time: 187.24639201164246
    13     1.505398e+00     4.857515e-03
 * time: 255.3348159790039
    14     1.505359e+00     2.521061e-02
 * time: 273.9492619037628
    15     1.505333e+00     8.837044e-02
 * time: 290.1665370464325
    16     1.505212e+00     8.361278e-02
 * time: 319.3768720626831
    17     1.505035e+00     1.029700e-01
 * time: 331.2817258834839
    18     1.505015e+00     8.595621e-01
 * time: 357.23730397224426
    19     1.505015e+00     1.828637e-03
 * time: 458.48084688186646
    20     1.505010e+00     3.285161e+00
 * time: 470.44843888282776
    21     1.505005e+00     1.475591e+00
 * time: 486.64237904548645
    22     1.505003e+00     1.711119e+00
 * time: 504.4597420692444
    23     1.504978e+00     5.616914e-01
 * time: 515.0984630584717
    24     1.504979e+00     1.616229e+00
 * time: 531.5127198696136
    25     1.504972e+00     1.575814e-01
 * time: 542.3472719192505
    26     1.504965e+00     1.224919e-01
 * time: 587.3730828762054
    27     1.504918e+00     7.281397e-03
 * time: 599.4766478538513
    28     1.504877e+00     3.171366e-01
 * time: 613.5480740070343
    29     1.504839e+00     3.220099e+00
 * time: 629.1860189437866
    30     1.504840e+00     1.764419e-02
 * time: 651.5061950683594
    31     1.504791e+00     9.580408e-02
 * time: 671.3960709571838
    32     1.504765e+00     1.636419e-01
 * time: 834.8184649944305
    33     1.504760e+00     3.715036e-01
 * time: 852.368350982666
    34     1.504751e+00     2.768580e-01
 * time: 868.3070929050446
    35     1.504738e+00     2.912914e-02
 * time: 886.9343659877777
    36     1.504737e+00     4.704683e-01
 * time: 1034.7521340847015
    37     1.504737e+00     1.482753e+00
 * time: 1052.937814950943
    38     1.504733e+00     1.077023e+00
 * time: 1063.869873046875
    39     1.504732e+00     1.235522e+00
 * time: 1087.1795480251312
    40     1.504729e+00     6.164014e-01
 * time: 1109.6242928504944
    41     1.504728e+00     1.066262e-02
 * time: 1117.3389780521393
    42     1.504726e+00     8.782025e-01
 * time: 1199.7477488517761
    43     1.504726e+00     1.025747e-03
 * time: 1221.8559250831604
    44     1.504726e+00     1.006337e-01
 * time: 1363.840889930725
    45     1.504726e+00     2.741073e-01
 * time: 1506.8259930610657
    46     1.504726e+00     1.725449e+00
 * time: 1677.3876719474792
    47     1.504727e+00     2.844712e+00
 * time: 1732.1872148513794
    48     1.504728e+00     1.784730e+00
 * time: 1741.8628799915314
    49     1.504727e+00     3.087986e+00
 * time: 1793.2079129219055
    50     1.504726e+00     2.917038e+00
 * time: 1802.7131750583649
    51     1.504726e+00     1.738962e+00
 * time: 1811.8361549377441
    52     1.504727e+00     5.417643e-02
 * time: 1823.8551230430603
    53     1.504726e+00     2.757569e-01
 * time: 1835.2411799430847
    54     1.504725e+00     1.222265e-01
 * time: 1998.1713888645172
    55     1.504727e+00     3.713286e-02
 * time: 2015.4500758647919
    56     1.504725e+00     3.845315e-01
 * time: 2038.0560910701752
    57     1.504724e+00     1.412944e+00
 * time: 2145.367887020111
    58     1.504719e+00     1.924861e+00
 * time: 2324.9057850837708
    59     1.504718e+00     2.077929e+00
 * time: 2340.6922030448914
    60     1.504718e+00     7.470282e-01
 * time: 2500.346545934677
    61     1.504716e+00     8.589333e-02
 * time: 2515.943310022354
