Job 25525879, task 6 running on idun-04-07 at Fri  2 Oct 03:43:20 CEST 2026
Estimating parameters for scenario LH, replication r = 6
Iter     Function value   Gradient norm 
     0     2.696541e+00     3.041557e+00
 * time: 0.02564096450805664
     1     1.750345e+00     1.650874e-01
 * time: 0.8730490207672119
     2     1.716902e+00     7.514050e-02
 * time: 1.4549469947814941
     3     1.708120e+00     3.314036e-02
 * time: 2.228245973587036
     4     1.707199e+00     1.534711e-02
 * time: 2.782905101776123
     5     1.706573e+00     3.631701e-03
 * time: 3.317991018295288
     6     1.706515e+00     3.862780e-03
 * time: 3.8509020805358887
     7     1.706504e+00     1.395628e-03
 * time: 4.391123056411743
     8     1.706333e+00     5.585406e-03
 * time: 5.302375078201294
     9     1.705956e+00     2.636391e-03
 * time: 6.943110942840576
    10     1.705811e+00     3.292285e-03
 * time: 7.605602025985718
    11     1.705722e+00     2.264269e-03
 * time: 14.840781927108765
    12     1.705661e+00     2.534847e-03
 * time: 23.40012812614441
    13     1.705645e+00     1.334375e-02
 * time: 42.408488035202026
    14     1.705644e+00     1.172979e-03
 * time: 47.632368087768555
    15     1.705646e+00     6.040882e-03
 * time: 55.524677991867065
    16     1.705646e+00     1.973754e-03
 * time: 70.12305998802185
    17     1.705643e+00     3.418940e-04
 * time: 78.71206402778625
    18     1.705643e+00     6.930005e-03
 * time: 86.1881730556488
    19     1.705643e+00     1.235842e-02
 * time: 109.27474212646484
    20     1.705643e+00     5.669748e-04
 * time: 117.90230703353882
    21     1.705640e+00     1.503446e-02
 * time: 129.5919349193573
    22     1.705636e+00     1.370400e-03
 * time: 147.01518893241882
    23     1.705617e+00     4.361599e-04
 * time: 157.8349850177765
    24     1.705559e+00     1.568248e-03
 * time: 163.05793595314026
    25     1.705553e+00     2.444770e-04
 * time: 171.8556249141693
    26     1.705553e+00     2.593212e-04
 * time: 180.5762801170349
    27     1.705553e+00     3.371584e-04
 * time: 185.31616711616516
    28     1.705542e+00     6.524879e-04
 * time: 198.66165399551392
    29     1.705537e+00     2.285265e-02
 * time: 206.8781599998474
    30     1.705537e+00     3.355509e-04
 * time: 210.11319613456726
    31     1.705537e+00     1.590741e-04
 * time: 212.87515807151794
    32     1.705537e+00     1.649100e-04
 * time: 218.1615710258484
    33     1.705537e+00     7.854770e-03
 * time: 292.26953411102295
    34     1.705537e+00     2.406409e-04
 * time: 296.44426703453064
    35     1.705537e+00     1.829597e-04
 * time: 305.6933059692383
    36     1.705537e+00     1.549782e-04
 * time: 319.34825110435486
    37     1.705536e+00     7.272308e-03
 * time: 325.6213619709015
    38     1.705536e+00     1.957316e-04
 * time: 330.31334400177
    39     1.705536e+00     1.803270e-04
 * time: 335.366975069046
    40     1.705536e+00     1.679876e-04
 * time: 344.5688741207123
    41     1.705536e+00     1.566069e-04
 * time: 356.8862409591675
    42     1.705536e+00     1.568938e-03
 * time: 365.6843430995941
    43     1.705536e+00     1.679115e-04
 * time: 368.9424560070038
    44     1.705536e+00     2.127764e-04
 * time: 377.58639311790466
    45     1.705535e+00     1.967001e-03
 * time: 387.95217299461365
    46     1.705535e+00     1.706283e-04
 * time: 393.09663701057434
    47     1.705534e+00     7.117140e-04
 * time: 402.98693013191223
    48     1.705532e+00     1.831961e-04
 * time: 412.8250811100006
    49     1.705530e+00     1.978195e-04
 * time: 418.1657979488373
    50     1.705528e+00     4.837925e-04
 * time: 422.22922801971436
    51     1.705525e+00     7.067799e-04
 * time: 439.9266879558563
    52     1.705524e+00     3.034656e-02
 * time: 445.00233912467957
    53     1.705525e+00     7.888083e-04
 * time: 451.73239302635193
    54     1.705524e+00     1.336279e-04
 * time: 459.23617792129517
    55     1.705524e+00     6.651312e-03
 * time: 467.2456030845642
    56     1.705524e+00     1.368483e-04
 * time: 475.95437812805176
    57     1.705523e+00     1.932510e-04
 * time: 483.0861201286316
    58     1.705523e+00     5.844774e-04
 * time: 488.6768629550934
    59     1.705522e+00     1.804554e-04
 * time: 495.68042397499084
    60     1.705522e+00     2.273212e-04
 * time: 501.56879591941833
    61     1.705522e+00     1.704235e-04
 * time: 503.074068069458
    62     1.705522e+00     1.766505e-04
 * time: 509.3442099094391
    63     1.705522e+00     2.604552e-04
 * time: 519.5612750053406
    64     1.705521e+00     1.631485e-04
 * time: 525.1885550022125
    65     1.705522e+00     2.008696e-04
 * time: 526.3421030044556
    66     1.705521e+00     1.897575e-04
 * time: 534.8699939250946
    67     1.705521e+00     4.944927e-04
 * time: 551.7711749076843
    68     1.705521e+00     4.854015e-02
 * time: 576.3488459587097
    69     1.705522e+00     1.694117e-03
 * time: 589.4453649520874
    70     1.705522e+00     1.425445e-03
 * time: 592.0923221111298
    71     1.705521e+00     1.917187e-04
 * time: 600.4151990413666
    72     1.705521e+00     1.754577e-04
 * time: 610.023087978363
    73     1.705521e+00     3.449728e-03
 * time: 679.7750890254974
    74     1.705521e+00     2.752200e-04
 * time: 689.2842979431152
    75     1.705521e+00     4.186629e-03
 * time: 698.854259967804
    76     1.705521e+00     1.733318e-04
 * time: 701.2751879692078
    77     1.705521e+00     1.737213e-04
 * time: 710.3416750431061
    78     1.705521e+00     1.809099e-04
 * time: 716.9202101230621
    79     1.705521e+00     1.800311e-04
 * time: 722.4344339370728
    80     1.705521e+00     1.771801e-04
 * time: 727.3707859516144
734.398786 seconds (248.25 M allocations: 39.849 GiB, 0.91% gc time, 200 lock conflicts, 2.20% compilation time)
 * Status: success

 * Candidate solution
    Final objective value:     1.705521e+00

 * Found with
    Algorithm:     BFGS

 * Convergence measures
    |x - x'|               = 1.50e-03 ≰ 1.0e-04
    |x - x'|/|x'|          = 2.47e-04 ≰ 0.0e+00
    |f(x) - f(x')|         = 4.36e-10 ≰ 0.0e+00
    |f(x) - f(x')|/|f(x')| = 2.56e-10 ≤ 1.0e-08
    |g(x)|                 = 1.77e-04 ≰ 1.0e-05

 * Work counters
    Seconds run:   727  (vs limit 14400)
    Iterations:    80
    f(x) calls:    344
    ∇f(x) calls:   344

ν_s = 0.47052957469919365
ν_t = 1.6483670677337436
r_t = 14.230199028460552
r_s = 433.2798044007431
σ = 3.9730709653738985
β_obs = 0.13804212419879752
σ_obs = 1.07491578279607
Task 6 finished at Fri  2 Oct 03:55:45 CEST 2026
