Job 25525828, task 11 running on idun-05-34 at Fri  2 Oct 03:42:50 CEST 2026
Estimating parameters for scenario HH, replication r = 11
Iter     Function value   Gradient norm 
     0     2.745294e+00     3.058716e+00
 * time: 0.020327091217041016
     1     1.776035e+00     1.584907e-01
 * time: 0.6981620788574219
     2     1.743674e+00     3.724614e-02
 * time: 1.1770961284637451
     3     1.741879e+00     5.834720e-03
 * time: 1.6740310192108154
     4     1.741555e+00     1.378382e-02
 * time: 2.151479959487915
     5     1.741283e+00     4.968147e-03
 * time: 2.6227071285247803
     6     1.741198e+00     5.575043e-03
 * time: 3.0983269214630127
     7     1.740708e+00     8.534611e-03
 * time: 12.182878971099854
     8     1.740606e+00     6.958600e-03
 * time: 12.502245903015137
     9     1.740563e+00     2.271820e-03
 * time: 12.98890495300293
    10     1.740518e+00     4.907897e-03
 * time: 13.480576992034912
    11     1.740406e+00     1.500656e-02
 * time: 19.432915925979614
    12     1.740265e+00     1.634258e-03
 * time: 20.046754121780396
    13     1.740243e+00     2.645836e-03
 * time: 20.673353910446167
    14     1.740237e+00     1.138016e-03
 * time: 28.704514980316162
    15     1.740231e+00     3.384039e-03
 * time: 29.394022941589355
    16     1.740162e+00     2.913448e-03
 * time: 38.54337000846863
    17     1.739965e+00     2.695817e-03
 * time: 39.21482491493225
    18     1.739901e+00     6.997804e-04
 * time: 39.88370704650879
    19     1.739787e+00     2.411204e-03
 * time: 40.863044023513794
    20     1.739766e+00     1.329628e-03
 * time: 41.306391954422
    21     1.739760e+00     2.301136e-03
 * time: 41.97853994369507
    22     1.739739e+00     1.028849e-03
 * time: 42.86686897277832
    23     1.739731e+00     8.780109e-04
 * time: 43.64541792869568
    24     1.739725e+00     1.485162e-03
 * time: 44.29985308647156
    25     1.739721e+00     3.651811e-04
 * time: 44.96915006637573
    26     1.739718e+00     2.359150e-03
 * time: 45.640860080718994
    27     1.739717e+00     2.309001e-03
 * time: 46.09753108024597
    28     1.739714e+00     5.477317e-04
 * time: 46.62630891799927
    29     1.739714e+00     5.547252e-04
 * time: 47.06582808494568
    30     1.739713e+00     7.379081e-04
 * time: 47.72376203536987
    31     1.739711e+00     6.469674e-04
 * time: 48.410017013549805
    32     1.739710e+00     1.347367e-03
 * time: 49.08876609802246
    33     1.739709e+00     1.346523e-03
 * time: 49.546823024749756
    34     1.739708e+00     1.200575e-03
 * time: 50.0810980796814
    35     1.739707e+00     4.895533e-04
 * time: 50.5332350730896
    36     1.739707e+00     3.592211e-04
 * time: 50.99698996543884
    37     1.739707e+00     5.053692e-04
 * time: 51.680814027786255
    38     1.739706e+00     6.043173e-04
 * time: 52.356985092163086
    39     1.739705e+00     1.826855e-03
 * time: 53.28579497337341
    40     1.739705e+00     2.010248e-03
 * time: 53.79967498779297
    41     1.739704e+00     1.738850e-03
 * time: 54.24129796028137
    42     1.739702e+00     4.666858e-04
 * time: 54.689225912094116
    43     1.739702e+00     1.900485e-04
 * time: 55.14039397239685
    44     1.739702e+00     4.178042e-04
 * time: 56.04335403442383
    45     1.739702e+00     6.871388e-04
 * time: 56.71656894683838
    46     1.739701e+00     5.247210e-04
 * time: 57.39656901359558
    47     1.739701e+00     5.236038e-04
 * time: 57.927510023117065
    48     1.739701e+00     4.003483e-04
 * time: 58.37011790275574
    49     1.739700e+00     4.209101e-04
 * time: 59.05298209190369
    50     1.739700e+00     4.809674e-04
 * time: 59.960853099823
    51     1.739700e+00     4.793298e-04
 * time: 60.41009712219238
    52     1.739700e+00     4.309176e-04
 * time: 60.94077801704407
    53     1.739700e+00     3.145306e-04
 * time: 61.37327599525452
    54     1.739700e+00     4.923193e-04
 * time: 61.823121070861816
    55     1.739700e+00     2.826091e-04
 * time: 62.50124001502991
    56     1.739699e+00     3.441877e-04
 * time: 63.17771005630493
    57     1.739699e+00     5.488354e-04
 * time: 63.645411014556885
    58     1.739699e+00     5.578955e-04
 * time: 64.3070240020752
    59     1.739699e+00     5.400521e-04
 * time: 64.75394606590271
    60     1.739699e+00     3.987441e-04
 * time: 65.20624303817749
    61     1.739699e+00     3.852486e-04
 * time: 65.66235399246216
    62     1.739699e+00     1.482129e-04
 * time: 66.1998519897461
    63     1.739699e+00     2.561086e-04
 * time: 66.87307095527649
    64     1.739699e+00     3.963865e-04
 * time: 67.33532309532166
    65     1.739699e+00     2.545690e-04
 * time: 68.01125192642212
    66     1.739699e+00     8.868133e-05
 * time: 68.69901490211487
    67     1.739699e+00     1.534473e-04
 * time: 69.16216397285461
    68     1.739698e+00     1.581019e-04
 * time: 69.62544012069702
    69     1.739698e+00     2.415932e-04
 * time: 70.1566309928894
    70     1.739698e+00     1.964179e-04
 * time: 70.83383989334106
    71     1.739698e+00     5.288496e-04
 * time: 71.75590205192566
    72     1.739698e+00     1.310656e-04
 * time: 72.6717369556427
    73     1.739698e+00     5.462332e-05
 * time: 73.12958407402039
    74     1.739698e+00     4.479131e-05
 * time: 73.59322094917297
 79.737568 seconds (89.52 M allocations: 21.980 GiB, 4.32% gc time, 34 lock conflicts, 19.24% compilation time)
 * Status: success

 * Candidate solution
    Final objective value:     1.739698e+00

 * Found with
    Algorithm:     BFGS

 * Convergence measures
    |x - x'|               = 4.81e-02 ≰ 1.0e-04
    |x - x'|/|x'|          = 3.32e-03 ≰ 0.0e+00
    |f(x) - f(x')|         = 3.06e-09 ≰ 0.0e+00
    |f(x) - f(x')|/|f(x')| = 1.76e-09 ≤ 1.0e-08
    |g(x)|                 = 4.48e-05 ≰ 1.0e-05

 * Work counters
    Seconds run:   74  (vs limit 14400)
    Iterations:    74
    f(x) calls:    204
    ∇f(x) calls:   204

ν_s = 0.4804114187164429
ν_t = 0.6199747861728869
r_t = 856503.5654630172
r_s = 1.950588605103608e6
σ = 3.291470029618498
β_obs = 0.99999999965784
σ_obs = 1.079121926426213
Task 11 finished at Fri  2 Oct 03:44:19 CEST 2026
