Job 25525828, task 6 running on idun-05-35 at Fri  2 Oct 03:42:50 CEST 2026
Estimating parameters for scenario HH, replication r = 6
Iter     Function value   Gradient norm 
     0     2.788429e+00     3.135614e+00
 * time: 0.020314931869506836
     1     1.788984e+00     1.545480e-01
 * time: 0.7120249271392822
     2     1.754156e+00     3.734570e-02
 * time: 1.2181029319763184
     3     1.752717e+00     1.780751e-02
 * time: 1.6968088150024414
     4     1.752473e+00     5.599842e-03
 * time: 2.191842794418335
     5     1.752227e+00     1.771251e-03
 * time: 2.684889793395996
     6     1.752212e+00     2.764062e-03
 * time: 3.1730668544769287
     7     1.751756e+00     1.066606e-02
 * time: 4.075031995773315
     8     1.751574e+00     1.000142e-02
 * time: 5.0926690101623535
     9     1.751494e+00     4.414732e-03
 * time: 5.434841871261597
    10     1.751429e+00     6.852237e-03
 * time: 5.781509876251221
    11     1.751021e+00     1.570418e-02
 * time: 6.612320899963379
    12     1.750836e+00     2.745051e-03
 * time: 7.313673973083496
    13     1.750779e+00     3.104425e-03
 * time: 8.042433023452759
    14     1.750769e+00     1.206790e-03
 * time: 8.512730836868286
    15     1.750766e+00     1.699591e-03
 * time: 9.230034828186035
    16     1.750747e+00     3.139879e-03
 * time: 10.170305967330933
    17     1.750725e+00     3.290730e-02
 * time: 28.959529876708984
    18     1.750713e+00     1.401866e-02
 * time: 47.77876901626587
    19     1.750680e+00     1.852572e-02
 * time: 73.51541090011597
    20     1.750682e+00     5.607015e-02
 * time: 274.89330792427063
    21     1.750682e+00     9.509216e-03
 * time: 395.654443025589
    22     1.750673e+00     1.241917e-02
 * time: 408.53309893608093
    23     1.750673e+00     6.922489e-02
 * time: 422.572772026062
    24     1.750675e+00     1.154912e-01
 * time: 505.6062879562378
    25     1.750676e+00     1.227008e-02
 * time: 637.4473528862
    26     1.750676e+00     3.241120e-03
 * time: 664.5552129745483
    27     1.750675e+00     1.317749e-01
 * time: 689.1462140083313
    28     1.750676e+00     1.113309e-01
 * time: 707.059700012207
    29     1.750676e+00     6.176680e-02
 * time: 723.0449669361115
    30     1.750676e+00     5.153505e-02
 * time: 756.5826699733734
    31     1.750676e+00     6.183994e-02
 * time: 792.3357238769531
    32     1.750676e+00     7.068679e-03
 * time: 809.0794689655304
    33     1.750675e+00     3.380748e-02
 * time: 829.1782579421997
    34     1.750676e+00     1.222393e-01
 * time: 844.9984648227692
    35     1.750675e+00     3.528087e-02
 * time: 873.9726369380951
    36     1.750675e+00     5.528832e-02
 * time: 896.4661839008331
    37     1.750677e+00     7.639258e-03
 * time: 932.3133299350739
    38     1.750675e+00     3.674620e-02
 * time: 949.8600068092346
    39     1.750675e+00     3.778550e-01
 * time: 966.1929278373718
    40     1.750675e+00     3.061411e-03
 * time: 984.9631569385529
    41     1.750675e+00     3.086644e-02
 * time: 998.9636127948761
    42     1.750675e+00     9.376506e-02
 * time: 1019.2757449150085
    43     1.750675e+00     1.838488e-02
 * time: 1058.934340953827
1065.203916 seconds (344.16 M allocations: 38.562 GiB, 0.69% gc time, 77 lock conflicts, 1.47% compilation time: <1% of which was recompilation)
 * Status: success

 * Candidate solution
    Final objective value:     1.750675e+00

 * Found with
    Algorithm:     BFGS

 * Convergence measures
    |x - x'|               = 2.80e-05 ≤ 1.0e-04
    |x - x'|/|x'|          = 1.11e-05 ≰ 0.0e+00
    |f(x) - f(x')|         = 1.09e-08 ≰ 0.0e+00
    |f(x) - f(x')|/|f(x')| = 6.23e-09 ≤ 1.0e-08
    |g(x)|                 = 1.84e-02 ≰ 1.0e-05

 * Work counters
    Seconds run:   1059  (vs limit 14400)
    Iterations:    43
    f(x) calls:    219
    ∇f(x) calls:   219

ν_s = 0.8325495235517044
ν_t = 1.14878459265237
r_t = 12.330075462970417
r_s = 1.4429528300565346
σ = 3.9135263495977832
β_obs = 0.9983344579536202
σ_obs = 1.0930240306705645
Task 6 finished at Fri  2 Oct 04:00:43 CEST 2026
