Job 25525828, task 26 running on idun-04-02 at Fri  2 Oct 03:42:50 CEST 2026
Estimating parameters for scenario HH, replication r = 26
Iter     Function value   Gradient norm 
     0     2.846123e+00     3.221421e+00
 * time: 0.025812864303588867
     1     1.798755e+00     1.399138e-01
 * time: 0.8645479679107666
     2     1.766094e+00     4.259184e-02
 * time: 1.4230239391326904
     3     1.764367e+00     1.430891e-02
 * time: 1.9816880226135254
     4     1.764059e+00     1.019794e-02
 * time: 2.5465588569641113
     5     1.763739e+00     4.403362e-03
 * time: 3.0970559120178223
     6     1.763610e+00     1.137648e-02
 * time: 3.833415985107422
     7     1.763001e+00     7.897072e-03
 * time: 4.401324033737183
     8     1.762883e+00     7.699113e-03
 * time: 4.980346918106079
     9     1.762650e+00     3.295010e-03
 * time: 5.839492082595825
    10     1.762431e+00     6.831713e-03
 * time: 6.384026050567627
    11     1.762294e+00     1.664420e-03
 * time: 7.199154853820801
    12     1.762271e+00     1.439121e-03
 * time: 8.037369966506958
    13     1.762255e+00     2.231254e-03
 * time: 8.863842964172363
    14     1.762230e+00     1.991828e-03
 * time: 9.757194995880127
    15     1.762135e+00     2.556521e-03
 * time: 10.924020051956177
    16     1.761966e+00     2.527171e-03
 * time: 11.757014036178589
    17     1.761838e+00     2.769511e-03
 * time: 12.738332033157349
    18     1.761693e+00     3.172538e-03
 * time: 13.600112915039062
    19     1.761594e+00     2.400678e-03
 * time: 14.446302890777588
    20     1.761569e+00     7.451602e-04
 * time: 14.990540981292725
    21     1.761549e+00     3.014711e-03
 * time: 15.834270000457764
    22     1.761516e+00     3.134047e-03
 * time: 25.203108072280884
    23     1.761510e+00     2.902283e-03
 * time: 26.06024193763733
    24     1.761504e+00     5.184798e-04
 * time: 26.721889972686768
    25     1.761502e+00     1.002778e-03
 * time: 27.711618900299072
    26     1.761500e+00     8.429530e-04
 * time: 29.186145067214966
    27     1.761498e+00     3.627094e-04
 * time: 34.853193044662476
    28     1.761495e+00     1.062688e-03
 * time: 49.202597856521606
    29     1.761497e+00     6.939042e-04
 * time: 54.32243990898132
    30     1.761496e+00     9.580755e-05
 * time: 58.383360862731934
    31     1.761495e+00     1.492109e-04
 * time: 69.92859601974487
    32     1.761496e+00     2.635097e-03
 * time: 298.50648403167725
    33     1.761497e+00     2.271779e-03
 * time: 354.6087028980255
    34     1.761497e+00     6.136414e-03
 * time: 389.3962399959564
    35     1.761495e+00     3.195411e-02
 * time: 415.83312487602234
    36     1.761495e+00     5.569108e-04
 * time: 447.2969980239868
    37     1.761494e+00     3.956148e-04
 * time: 463.2069959640503
    38     1.761494e+00     1.283297e-03
 * time: 478.4639139175415
    39     1.761494e+00     2.392335e-04
 * time: 504.5952410697937
    40     1.761494e+00     4.791426e-04
 * time: 547.0054759979248
    41     1.761494e+00     8.035920e-03
 * time: 579.3616030216217
    42     1.761494e+00     2.981158e-03
 * time: 594.3183689117432
601.076820 seconds (191.60 M allocations: 22.215 GiB, 0.52% gc time, 101 lock conflicts, 2.56% compilation time)
 * Status: success

 * Candidate solution
    Final objective value:     1.761494e+00

 * Found with
    Algorithm:     BFGS

 * Convergence measures
    |x - x'|               = 4.78e-04 ≰ 1.0e-04
    |x - x'|/|x'|          = 6.63e-05 ≰ 0.0e+00
    |f(x) - f(x')|         = 2.03e-10 ≰ 0.0e+00
    |f(x) - f(x')|/|f(x')| = 1.15e-10 ≤ 1.0e-08
    |g(x)|                 = 2.98e-03 ≰ 1.0e-05

 * Work counters
    Seconds run:   594  (vs limit 14400)
    Iterations:    42
    f(x) calls:    165
    ∇f(x) calls:   165

ν_s = 0.5500361040862618
ν_t = 0.5749480729880835
r_t = 90.74061409493441
r_s = 5.955510386932652
σ = 3.540442307573196
β_obs = 0.9999999991785844
σ_obs = 1.1012636478486129
Task 26 finished at Fri  2 Oct 03:53:02 CEST 2026
