Job 25525879, task 15 running on idun-04-06 at Fri  2 Oct 03:43:20 CEST 2026
Estimating parameters for scenario LH, replication r = 15
Iter     Function value   Gradient norm 
     0     2.637226e+00     2.940818e+00
 * time: 0.023990869522094727
     1     1.740767e+00     1.778641e-01
 * time: 0.8907668590545654
     2     1.706248e+00     6.379142e-02
 * time: 1.4723999500274658
     3     1.699186e+00     1.394152e-02
 * time: 2.2632899284362793
     4     1.698437e+00     1.417614e-02
 * time: 2.865453004837036
     5     1.698159e+00     4.197381e-03
 * time: 3.444261074066162
     6     1.698119e+00     1.400071e-03
 * time: 4.028541088104248
     7     1.698112e+00     1.092175e-03
 * time: 4.604655027389526
     8     1.697852e+00     1.364438e-02
 * time: 5.585437059402466
     9     1.697686e+00     6.357456e-03
 * time: 10.594088077545166
    10     1.697559e+00     2.590379e-03
 * time: 11.261420011520386
    11     1.697521e+00     2.232313e-03
 * time: 19.310760021209717
    12     1.697495e+00     2.573477e-03
 * time: 19.870059967041016
    13     1.697478e+00     1.316952e-03
 * time: 20.87558102607727
    14     1.697471e+00     1.106944e-03
 * time: 21.651859998703003
    15     1.697467e+00     1.075318e-03
 * time: 22.2002170085907
    16     1.697459e+00     9.618189e-04
 * time: 22.997618913650513
    17     1.697442e+00     2.077030e-03
 * time: 23.78715991973877
    18     1.697349e+00     1.026348e-03
 * time: 33.04549789428711
    19     1.697336e+00     1.391043e-03
 * time: 34.4309458732605
    20     1.697326e+00     7.413046e-04
 * time: 39.39271092414856
    21     1.697325e+00     2.637962e-04
 * time: 40.253721952438354
    22     1.697325e+00     2.657168e-04
 * time: 41.19653105735779
    23     1.697323e+00     6.037057e-04
 * time: 42.355205059051514
    24     1.697292e+00     2.477141e-03
 * time: 43.72266888618469
    25     1.697281e+00     1.346312e-03
 * time: 44.25135397911072
    26     1.697277e+00     3.297899e-04
 * time: 45.14152002334595
    27     1.697276e+00     3.033257e-04
 * time: 46.01358604431152
    28     1.697275e+00     1.401936e-04
 * time: 46.8522310256958
    29     1.697275e+00     5.899655e-05
 * time: 47.782755851745605
    30     1.697275e+00     2.415103e-05
 * time: 48.601470947265625
    31     1.697275e+00     2.216785e-05
 * time: 49.73701000213623
 56.696307 seconds (60.62 M allocations: 10.934 GiB, 3.26% gc time, 84 lock conflicts, 28.03% compilation time)
 * Status: success

 * Candidate solution
    Final objective value:     1.697275e+00

 * Found with
    Algorithm:     BFGS

 * Convergence measures
    |x - x'|               = 2.56e-03 ≰ 1.0e-04
    |x - x'|/|x'|          = 1.54e-03 ≰ 0.0e+00
    |f(x) - f(x')|         = 4.79e-09 ≰ 0.0e+00
    |f(x) - f(x')|/|f(x')| = 2.82e-09 ≤ 1.0e-08
    |g(x)|                 = 2.22e-05 ≰ 1.0e-05

 * Work counters
    Seconds run:   50  (vs limit 14400)
    Iterations:    31
    f(x) calls:    98
    ∇f(x) calls:   98

ν_s = 0.5330442828732942
ν_t = 1.8489787060232468
r_t = 5.290288925485794
r_s = 0.8274157603121091
σ = 3.70054767764701
β_obs = 0.1113800939450962
σ_obs = 1.064388322038518
Task 15 finished at Fri  2 Oct 03:44:28 CEST 2026
