Job 25525696, task 24 running on idun-03-07 at Fri  2 Oct 02:48:49 CEST 2026
Estimating parameters for replication r = 24
Iter     Function value   Gradient norm 
     0     1.882195e+00     1.476146e+00
 * time: 0.025851011276245117
     1     1.547270e+00     2.806264e-01
 * time: 0.8772671222686768
     2     1.496164e+00     5.660069e-02
 * time: 1.4375851154327393
     3     1.488565e+00     1.090858e-01
 * time: 1.9918999671936035
     4     1.481098e+00     3.726865e-02
 * time: 2.5318450927734375
     5     1.479298e+00     2.552985e-02
 * time: 3.070841073989868
     6     1.478219e+00     8.438644e-03
 * time: 3.614377975463867
     7     1.478172e+00     2.955556e-03
 * time: 4.159434080123901
     8     1.477838e+00     8.362199e-03
 * time: 5.068444013595581
     9     1.476691e+00     5.847504e-03
 * time: 5.877211093902588
    10     1.476332e+00     3.063064e-03
 * time: 6.391909122467041
    11     1.476256e+00     5.387369e-03
 * time: 6.899857044219971
    12     1.476087e+00     4.751162e-03
 * time: 7.663372039794922
    13     1.476002e+00     5.624639e-03
 * time: 8.439159154891968
    14     1.475938e+00     3.405716e-03
 * time: 8.952973127365112
    15     1.475900e+00     2.691465e-03
 * time: 18.33774709701538
    16     1.475869e+00     3.022458e-03
 * time: 27.338499069213867
    17     1.475806e+00     6.935737e-03
 * time: 36.52186107635498
    18     1.475759e+00     8.196346e-03
 * time: 40.41675400733948
    19     1.475760e+00     1.274822e-02
 * time: 377.3925280570984
    20     1.475760e+00     6.922332e-03
 * time: 593.1764709949493
    21     1.475699e+00     7.147126e-03
 * time: 610.4119560718536
    22     1.475685e+00     8.761542e-03
 * time: 671.81081199646
    23     1.475639e+00     3.863969e-02
 * time: 690.4112219810486
    24     1.475638e+00     7.720186e-02
 * time: 704.9497630596161
712.508423 seconds (204.46 M allocations: 27.550 GiB, 0.92% gc time, 162 lock conflicts, 2.34% compilation time)
 * Status: success

 * Candidate solution
    Final objective value:     1.475638e+00

 * Found with
    Algorithm:     BFGS

 * Convergence measures
    |x - x'|               = 7.12e-05 ≤ 1.0e-04
    |x - x'|/|x'|          = 3.44e-05 ≰ 0.0e+00
    |f(x) - f(x')|         = 1.13e-06 ≰ 0.0e+00
    |f(x) - f(x')|/|f(x')| = 7.68e-07 ≰ 1.0e-08
    |g(x)|                 = 7.72e-02 ≰ 1.0e-05

 * Work counters
    Seconds run:   705  (vs limit 14400)
    Iterations:    24
    f(x) calls:    170
    ∇f(x) calls:   170

ν_s = 0.7766293069083732
ν_t = 2.6074651178534207
r_t = 7.940527248338497
r_s = 1.2278786512603317
σ = 4.965428829447632
β_obs = 0.3447260018694036
σ_obs = 0.8138214657740912
Task 24 finished at Fri  2 Oct 03:00:50 CEST 2026
