Job 25525879, task 26 running on idun-04-08 at Fri  2 Oct 03:43:20 CEST 2026
Estimating parameters for scenario LH, replication r = 26
Iter     Function value   Gradient norm 
     0     2.609762e+00     2.878651e+00
 * time: 0.026321887969970703
     1     1.737628e+00     1.834785e-01
 * time: 0.8868629932403564
     2     1.699193e+00     6.784977e-02
 * time: 1.4997498989105225
     3     1.691289e+00     2.622411e-02
 * time: 2.312598943710327
     4     1.690447e+00     1.675288e-02
 * time: 2.912213087081909
     5     1.689945e+00     3.979688e-03
 * time: 3.516972064971924
     6     1.689849e+00     4.632295e-03
 * time: 4.129211902618408
     7     1.689781e+00     8.377834e-03
 * time: 4.735023021697998
     8     1.688766e+00     6.861315e-03
 * time: 5.9317169189453125
     9     1.688559e+00     2.692880e-03
 * time: 12.160846948623657
    10     1.688485e+00     3.202458e-03
 * time: 20.29329204559326
    11     1.688330e+00     1.386422e-01
 * time: 52.89824891090393
    12     1.688326e+00     3.152120e+00
 * time: 79.91026401519775
    13     1.688238e+00     4.903963e-01
 * time: 101.31986093521118
    14     1.688231e+00     2.999689e-01
 * time: 121.61375093460083
    15     1.688141e+00     8.177156e-01
 * time: 141.17102599143982
    16     1.687980e+00     4.779155e-03
 * time: 170.89351987838745
    17     1.687810e+00     1.958295e-01
 * time: 211.87907695770264
    18     1.687730e+00     8.526174e-02
 * time: 230.62360906600952
    19     1.687684e+00     6.073114e-03
 * time: 269.62854409217834
    20     1.687595e+00     2.228994e-01
 * time: 292.59993600845337
    21     1.687574e+00     2.404639e-02
 * time: 312.5483889579773
    22     1.687572e+00     1.073720e+00
 * time: 327.1104199886322
    23     1.687572e+00     2.424304e-01
 * time: 340.53425002098083
    24     1.687571e+00     5.637277e-02
 * time: 379.04437589645386
    25     1.687563e+00     2.852572e-02
 * time: 423.4846410751343
    26     1.687563e+00     4.502622e-04
 * time: 455.36176204681396
    27     1.687557e+00     5.041395e-03
 * time: 683.0242290496826
    28     1.687516e+00     4.421678e-02
 * time: 706.3554580211639
    29     1.687460e+00     4.841127e-01
 * time: 726.97345495224
    30     1.687421e+00     2.451548e-01
 * time: 748.0816299915314
    31     1.687392e+00     4.927701e-02
 * time: 770.8862838745117
    32     1.687380e+00     9.290156e-01
 * time: 798.3527700901031
    33     1.687380e+00     1.336009e-02
 * time: 893.0753099918365
    34     1.687379e+00     7.012003e-01
 * time: 1115.6895129680634
    35     1.687378e+00     1.375052e-03
 * time: 1208.9345190525055
    36     1.687373e+00     1.736520e-02
 * time: 1228.234764099121
    37     1.687357e+00     1.092283e+00
 * time: 1252.5558829307556
    38     1.687355e+00     9.928763e-01
 * time: 1497.7745308876038
    39     1.687355e+00     3.860679e+00
 * time: 1512.0243380069733
    40     1.687353e+00     5.504660e-02
 * time: 1539.4499189853668
    41     1.687351e+00     2.708600e-01
 * time: 1603.3819499015808
    42     1.687352e+00     4.211176e-01
 * time: 1619.1573150157928
    43     1.687350e+00     1.128734e-01
 * time: 1731.3313200473785
    44     1.687349e+00     1.133920e+00
 * time: 1761.3165369033813
    45     1.687350e+00     2.486919e-01
 * time: 1783.8100309371948
    46     1.687349e+00     2.524171e-01
 * time: 1826.7538290023804
    47     1.687349e+00     9.945512e-01
 * time: 1840.0326449871063
    48     1.687349e+00     3.849861e-01
 * time: 1870.975182056427
    49     1.687350e+00     6.298694e-01
 * time: 1893.636414051056
    50     1.687349e+00     8.069684e-01
 * time: 1930.4162850379944
    51     1.687349e+00     9.444452e-02
 * time: 1943.2445449829102
    52     1.687349e+00     1.300057e+00
 * time: 2099.5292179584503
    53     1.687349e+00     6.107949e-01
 * time: 2114.8062629699707
    54     1.687349e+00     6.455187e-01
 * time: 2177.3364300727844
    55     1.687349e+00     5.425062e-01
 * time: 2189.82981300354
    56     1.687348e+00     1.399990e+00
 * time: 2200.1957581043243
    57     1.687349e+00     1.052045e-01
 * time: 2388.506078004837
    58     1.687348e+00     2.177151e+00
 * time: 2401.9408509731293
    59     1.687348e+00     7.976046e-03
 * time: 2576.6032440662384
    60     1.687348e+00     1.764496e-01
 * time: 2591.7824079990387
    61     1.687349e+00     3.348646e-02
 * time: 2776.3085899353027
    62     1.687348e+00     9.959455e-01
 * time: 2917.76824593544
    63     1.687349e+00     3.028632e+00
 * time: 3107.766210079193
    64     1.687347e+00     7.191223e-01
 * time: 3136.4792759418488
    65     1.687346e+00     3.915648e-02
 * time: 3316.6971020698547
    66     1.687347e+00     5.765636e-01
 * time: 3345.811429977417
    67     1.687346e+00     6.348123e-03
 * time: 3359.0875658988953
    68     1.687346e+00     1.947501e-02
 * time: 3553.284672021866
    69     1.687346e+00     7.870939e-02
 * time: 3749.7292358875275
    70     1.687347e+00     1.741840e-01
 * time: 3764.993829011917
    71     1.687346e+00     2.008175e+00
 * time: 3777.735554933548
    72     1.687346e+00     4.743404e-01
 * time: 3916.0234730243683
    73     1.687346e+00     1.611417e+00
 * time: 4033.4615449905396
    74     1.687346e+00     2.867220e+00
 * time: 4046.625633955002
    75     1.687346e+00     3.492331e-02
 * time: 4227.002732992172
    76     1.687346e+00     9.167944e-01
 * time: 4379.396935939789
    77     1.687346e+00     1.911597e-01
 * time: 4398.271698951721
    78     1.687346e+00     2.841023e-01
 * time: 4417.405222892761
    79     1.687346e+00     2.157004e+00
 * time: 4556.802839040756
4563.469824 seconds (1.15 G allocations: 140.595 GiB, 0.56% gc time, 432 lock conflicts, 0.33% compilation time)
 * Status: success

 * Candidate solution
    Final objective value:     1.687346e+00

 * Found with
    Algorithm:     BFGS

 * Convergence measures
    |x - x'|               = 1.49e-02 ≰ 1.0e-04
    |x - x'|/|x'|          = 4.20e-03 ≰ 0.0e+00
    |f(x) - f(x')|         = 1.19e-08 ≰ 0.0e+00
    |f(x) - f(x')|/|f(x')| = 7.04e-09 ≤ 1.0e-08
    |g(x)|                 = 2.16e+00 ≰ 1.0e-05

 * Work counters
    Seconds run:   4557  (vs limit 14400)
    Iterations:    79
    f(x) calls:    984
    ∇f(x) calls:   984

ν_s = 0.6700033622664641
ν_t = 1.5322044800929742
r_t = 18.730539447840105
r_s = 35.10460982733496
σ = 4.170209023091376
β_obs = 0.2137932382912315
σ_obs = 1.055576199188325
Task 26 finished at Fri  2 Oct 04:59:36 CEST 2026
