Job 25525828, task 22 running on idun-03-01 at Fri  2 Oct 03:42:50 CEST 2026
Estimating parameters for scenario HH, replication r = 22
Iter     Function value   Gradient norm 
     0     2.743922e+00     3.032549e+00
 * time: 0.024255990982055664
     1     1.781361e+00     1.597741e-01
 * time: 0.8478269577026367
     2     1.745209e+00     3.944210e-02
 * time: 1.3981530666351318
     3     1.743313e+00     1.164587e-02
 * time: 1.9448540210723877
     4     1.742821e+00     1.040901e-02
 * time: 2.6766860485076904
     5     1.742748e+00     2.363994e-03
 * time: 3.22222900390625
     6     1.742725e+00     2.791094e-03
 * time: 3.771177053451538
     7     1.742399e+00     7.755447e-03
 * time: 4.514703035354614
     8     1.742253e+00     3.255209e-03
 * time: 5.182512044906616
     9     1.742113e+00     7.380607e-03
 * time: 5.739886999130249
    10     1.742037e+00     1.056721e-02
 * time: 15.92526888847351
    11     1.741843e+00     1.142386e-02
 * time: 19.77845287322998
    12     1.741506e+00     5.376254e-03
 * time: 20.76270604133606
    13     1.741266e+00     1.493875e-03
 * time: 21.741549968719482
    14     1.741176e+00     3.332054e-03
 * time: 27.873804092407227
    15     1.741148e+00     1.340685e-03
 * time: 29.42347002029419
    16     1.741144e+00     9.774087e-04
 * time: 30.943630933761597
    17     1.741122e+00     4.605129e-03
 * time: 32.98553490638733
    18     1.740775e+00     9.456418e-03
 * time: 34.782798051834106
    19     1.740723e+00     8.219062e-03
 * time: 35.61315703392029
    20     1.740677e+00     7.659665e-04
 * time: 36.506651878356934
    21     1.740670e+00     1.201076e-03
 * time: 43.11460494995117
    22     1.740665e+00     5.949426e-04
 * time: 55.18331599235535
    23     1.740663e+00     4.755760e-04
 * time: 56.41014790534973
    24     1.740661e+00     2.295817e-04
 * time: 65.4004180431366
    25     1.740658e+00     6.645515e-02
 * time: 94.19825291633606
    26     1.740658e+00     2.016539e-04
 * time: 104.98874688148499
    27     1.740660e+00     9.366760e-03
 * time: 467.37591195106506
    28     1.740660e+00     1.372374e-01
 * time: 914.4426469802856
    29     1.740661e+00     3.120205e-02
 * time: 966.2137839794159
    30     1.740661e+00     3.583246e-02
 * time: 1020.7403728961945
    31     1.740662e+00     3.463625e-03
 * time: 1147.8490509986877
    32     1.740662e+00     2.221088e-01
 * time: 1190.5018739700317
    33     1.740662e+00     7.971361e-02
 * time: 1247.0994188785553
1253.948215 seconds (349.07 M allocations: 45.731 GiB, 0.78% gc time, 160 lock conflicts, 1.25% compilation time)
 * Status: success

 * Candidate solution
    Final objective value:     1.740662e+00

 * Found with
    Algorithm:     BFGS

 * Convergence measures
    |x - x'|               = 8.83e-05 ≤ 1.0e-04
    |x - x'|/|x'|          = 3.40e-05 ≰ 0.0e+00
    |f(x) - f(x')|         = 7.55e-09 ≰ 0.0e+00
    |f(x) - f(x')|/|f(x')| = 4.34e-09 ≤ 1.0e-08
    |g(x)|                 = 7.97e-02 ≰ 1.0e-05

 * Work counters
    Seconds run:   1247  (vs limit 14400)
    Iterations:    33
    f(x) calls:    220
    ∇f(x) calls:   220

ν_s = 0.5591400242819733
ν_t = 1.2695455811734833
r_t = 8.793550866174805
r_s = 2.2392770705636345
σ = 3.5501491431845316
β_obs = 0.9991769576687284
σ_obs = 1.0746399046531319
Task 22 finished at Fri  2 Oct 04:03:53 CEST 2026
