Job 25525828, task 12 running on idun-05-34 at Fri  2 Oct 03:42:50 CEST 2026
Estimating parameters for scenario HH, replication r = 12
Iter     Function value   Gradient norm 
     0     2.815196e+00     3.185717e+00
 * time: 0.020964860916137695
     1     1.792994e+00     1.481954e-01
 * time: 0.7044219970703125
     2     1.759447e+00     3.840780e-02
 * time: 1.1767778396606445
     3     1.757842e+00     1.569356e-02
 * time: 1.6530640125274658
     4     1.757521e+00     9.364169e-03
 * time: 2.123322010040283
     5     1.757282e+00     3.300859e-03
 * time: 2.5928218364715576
     6     1.757194e+00     1.010804e-02
 * time: 3.232330799102783
     7     1.756572e+00     1.126740e-02
 * time: 3.9344818592071533
     8     1.756434e+00     9.113118e-03
 * time: 4.581718921661377
     9     1.756366e+00     5.353913e-03
 * time: 4.901715993881226
    10     1.756184e+00     1.693226e-02
 * time: 5.384714841842651
    11     1.755243e+00     1.125314e-02
 * time: 6.227544784545898
    12     1.754931e+00     6.348505e-03
 * time: 6.676630973815918
    13     1.754853e+00     5.253102e-03
 * time: 7.356575965881348
    14     1.754724e+00     5.489660e-03
 * time: 20.2687029838562
    15     1.754709e+00     2.472239e-03
 * time: 20.72852087020874
    16     1.754703e+00     1.285481e-03
 * time: 31.1003999710083
    17     1.754705e+00     4.285971e-01
 * time: 446.6144378185272
    18     1.754705e+00     4.285971e-01
 * time: 975.9140908718109
982.006160 seconds (326.05 M allocations: 38.438 GiB, 0.71% gc time, 25 lock conflicts, 1.54% compilation time)
 * Status: success

 * Candidate solution
    Final objective value:     1.754705e+00

 * Found with
    Algorithm:     BFGS

 * Convergence measures
    |x - x'|               = 4.44e-16 ≤ 1.0e-04
    |x - x'|/|x'|          = 1.37e-16 ≰ 0.0e+00
    |f(x) - f(x')|         = 0.00e+00 ≤ 0.0e+00
    |f(x) - f(x')|/|f(x')| = 0.00e+00 ≤ 1.0e-08
    |g(x)|                 = 4.29e-01 ≰ 1.0e-05

 * Work counters
    Seconds run:   976  (vs limit 14400)
    Iterations:    18
    f(x) calls:    210
    ∇f(x) calls:   210

ν_s = 0.5252617382510025
ν_t = 0.8796293934872152
r_t = 8.470512506764361
r_s = 0.985496471016798
σ = 3.3876473181103863
β_obs = 0.999882185580948
σ_obs = 1.0936958558452894
Task 12 finished at Fri  2 Oct 03:59:22 CEST 2026
