Job 25525879, task 9 running on idun-04-06 at Fri  2 Oct 03:43:20 CEST 2026
Estimating parameters for scenario LH, replication r = 9
Iter     Function value   Gradient norm 
     0     2.669938e+00     2.991933e+00
 * time: 0.025901079177856445
     1     1.747165e+00     1.699977e-01
 * time: 0.8838381767272949
     2     1.714026e+00     6.719303e-02
 * time: 1.4724431037902832
     3     1.706121e+00     1.650075e-02
 * time: 2.250030040740967
     4     1.705202e+00     4.965794e-03
 * time: 2.844295024871826
     5     1.704818e+00     2.376386e-03
 * time: 3.433577060699463
     6     1.704798e+00     2.272064e-03
 * time: 4.008365154266357
     7     1.704204e+00     3.947138e-03
 * time: 4.971496105194092
     8     1.703978e+00     3.052909e-03
 * time: 5.553179979324341
     9     1.703963e+00     5.273978e-02
 * time: 221.812655210495
    10     1.703963e+00     8.041697e-03
 * time: 258.9286961555481
    11     1.703702e+00     6.893717e-03
 * time: 273.7499849796295
    12     1.703691e+00     4.689971e-02
 * time: 288.690630197525
    13     1.703684e+00     4.646914e-01
 * time: 304.2336940765381
    14     1.703675e+00     6.228592e-02
 * time: 317.24580001831055
    15     1.703640e+00     1.598187e-01
 * time: 338.0022192001343
    16     1.703567e+00     7.576157e-03
 * time: 358.13572812080383
    17     1.703300e+00     1.565390e-01
 * time: 377.4680280685425
    18     1.703263e+00     2.683479e-03
 * time: 385.3343200683594
    19     1.703261e+00     7.700952e-02
 * time: 399.56555104255676
    20     1.703261e+00     5.578261e-02
 * time: 419.9492230415344
    21     1.703261e+00     7.703151e-03
 * time: 465.4740500450134
    22     1.703260e+00     1.493459e-02
 * time: 482.7295620441437
    23     1.703260e+00     5.147435e-03
 * time: 501.4483001232147
    24     1.703259e+00     7.436068e-02
 * time: 523.0650200843811
    25     1.703261e+00     5.433366e-03
 * time: 553.926609992981
    26     1.703257e+00     6.409395e-02
 * time: 565.17937707901
    27     1.703257e+00     1.174103e-02
 * time: 590.3504650592804
    28     1.703248e+00     1.990058e-03
 * time: 614.138619184494
    29     1.703218e+00     3.976591e-03
 * time: 635.4942181110382
    30     1.703204e+00     1.689685e+00
 * time: 653.8785600662231
    31     1.703206e+00     3.220055e-01
 * time: 697.7737979888916
    32     1.703205e+00     1.866049e-01
 * time: 712.8479361534119
    33     1.703204e+00     6.108854e-03
 * time: 746.6087920665741
    34     1.703203e+00     3.590451e-02
 * time: 772.6861550807953
    35     1.703202e+00     7.410445e-03
 * time: 781.5922710895538
    36     1.703204e+00     1.931316e-01
 * time: 801.9802911281586
    37     1.703202e+00     4.784856e-03
 * time: 822.8115210533142
    38     1.703202e+00     2.444876e-03
 * time: 842.3419601917267
    39     1.703202e+00     1.118187e+00
 * time: 863.0531070232391
    40     1.703202e+00     2.092104e-03
 * time: 875.5519580841064
    41     1.703203e+00     1.554459e-02
 * time: 890.5829780101776
    42     1.703202e+00     7.688479e-03
 * time: 903.5602481365204
    43     1.703202e+00     4.629381e-03
 * time: 924.0482721328735
    44     1.703201e+00     2.069461e-01
 * time: 947.6786251068115
    45     1.703200e+00     6.345760e-04
 * time: 1006.388345003128
    46     1.703196e+00     7.530759e-04
 * time: 1033.5161101818085
    47     1.703193e+00     3.556678e-02
 * time: 1046.0168330669403
    48     1.703188e+00     3.711649e-02
 * time: 1064.7393209934235
    49     1.703187e+00     7.921928e-03
 * time: 1076.7316341400146
    50     1.703184e+00     1.136409e-02
 * time: 1099.4006412029266
    51     1.703183e+00     2.802678e-02
 * time: 1108.072594165802
    52     1.703183e+00     5.023182e-02
 * time: 1293.539978981018
    53     1.703183e+00     1.465037e-02
 * time: 1313.3372831344604
    54     1.703182e+00     9.735942e-05
 * time: 1322.3645391464233
    55     1.703182e+00     1.343991e-02
 * time: 1336.837741136551
    56     1.703182e+00     8.176181e-04
 * time: 1358.187348127365
    57     1.703182e+00     6.500440e-03
 * time: 1381.166918039322
    58     1.703182e+00     1.486171e-02
 * time: 1417.3445460796356
    59     1.703183e+00     7.568466e-03
 * time: 1437.4370760917664
    60     1.703182e+00     7.025839e-02
 * time: 1481.1610071659088
    61     1.703182e+00     1.282476e-02
 * time: 1501.369439125061
    62     1.703183e+00     2.356040e-01
 * time: 1562.790857076645
    63     1.703184e+00     2.492257e-01
 * time: 1577.8517470359802
    64     1.703182e+00     1.974899e-02
 * time: 1591.604994058609
    65     1.703182e+00     4.028452e-02
 * time: 1612.1184179782867
    66     1.703182e+00     1.965823e-02
 * time: 1646.8885312080383
    67     1.703182e+00     1.329043e-01
 * time: 1827.9602081775665
    68     1.703183e+00     1.143156e-02
 * time: 1846.5374891757965
    69     1.703182e+00     1.272104e-01
 * time: 1864.088040113449
    70     1.703182e+00     2.353116e-02
 * time: 1877.5904111862183
    71     1.703183e+00     9.365676e-02
 * time: 1895.9406521320343
    72     1.703182e+00     2.480181e-02
 * time: 1959.685616016388
    73     1.703182e+00     5.863310e-02
 * time: 1988.0887060165405
    74     1.703182e+00     2.705305e-03
 * time: 2002.218491077423
    75     1.703182e+00     7.886731e-05
 * time: 2016.7825260162354
    76     1.703182e+00     1.716110e-01
 * time: 2059.75746011734
2066.784044 seconds (521.55 M allocations: 57.432 GiB, 0.57% gc time, 162 lock conflicts, 0.78% compilation time)
 * Status: success

 * Candidate solution
    Final objective value:     1.703182e+00

 * Found with
    Algorithm:     BFGS

 * Convergence measures
    |x - x'|               = 1.52e-05 ≤ 1.0e-04
    |x - x'|/|x'|          = 3.97e-06 ≰ 0.0e+00
    |f(x) - f(x')|         = 6.35e-07 ≰ 0.0e+00
    |f(x) - f(x')|/|f(x')| = 3.73e-07 ≰ 1.0e-08
    |g(x)|                 = 1.72e-01 ≰ 1.0e-05

 * Work counters
    Seconds run:   2060  (vs limit 14400)
    Iterations:    76
    f(x) calls:    384
    ∇f(x) calls:   384

ν_s = 0.5210967061005047
ν_t = 1.6114281589187687
r_t = 10.222970712284164
r_s = 46.21871289205616
σ = 3.8935984845384572
β_obs = 0.1327820259776244
σ_obs = 1.070391025995727
Task 9 finished at Fri  2 Oct 04:17:58 CEST 2026
