Job 25525828, task 4 running on idun-05-35 at Fri  2 Oct 03:42:50 CEST 2026
Estimating parameters for scenario HH, replication r = 4
Iter     Function value   Gradient norm 
     0     2.901079e+00     3.301848e+00
 * time: 0.02038097381591797
     1     1.814340e+00     1.330243e-01
 * time: 0.7242438793182373
     2     1.777532e+00     4.083532e-02
 * time: 1.2237000465393066
     3     1.776218e+00     1.886860e-02
 * time: 1.7204010486602783
     4     1.775902e+00     6.325100e-03
 * time: 2.2200539112091064
     5     1.775505e+00     4.041675e-03
 * time: 2.723857879638672
     6     1.775444e+00     9.925583e-03
 * time: 3.224982976913452
     7     1.774909e+00     7.173030e-03
 * time: 3.8999860286712646
     8     1.774798e+00     6.049669e-03
 * time: 4.244905948638916
     9     1.774720e+00     3.704998e-03
 * time: 4.591896057128906
    10     1.774554e+00     1.439313e-02
 * time: 5.099441051483154
    11     1.774033e+00     1.120223e-02
 * time: 6.01945686340332
    12     1.773904e+00     1.644289e-03
 * time: 6.737663984298706
    13     1.773875e+00     2.293489e-03
 * time: 7.44813084602356
    14     1.773860e+00     1.727139e-03
 * time: 8.142603874206543
    15     1.773860e+00     1.341798e-01
 * time: 310.09390687942505
    16     1.773862e+00     4.152367e-01
 * time: 606.5500090122223
    17     1.773863e+00     6.855859e-02
 * time: 665.7733130455017
    18     1.773865e+00     3.584512e-02
 * time: 829.5822260379791
    19     1.773704e+00     7.972126e-03
 * time: 843.2398009300232
    20     1.773693e+00     1.163348e-02
 * time: 881.6390998363495
    21     1.773654e+00     1.274405e-02
 * time: 929.4505109786987
    22     1.773642e+00     1.551269e-01
 * time: 953.1030838489532
    23     1.773592e+00     1.215744e-01
 * time: 981.6715219020844
    24     1.773593e+00     2.275534e-01
 * time: 1026.8886008262634
    25     1.773513e+00     1.435819e-01
 * time: 1050.143539905548
    26     1.773500e+00     1.164234e-01
 * time: 1065.9708240032196
    27     1.773455e+00     3.794076e-02
 * time: 1090.085317850113
    28     1.773273e+00     9.856517e-03
 * time: 1122.0038378238678
    29     1.773220e+00     2.497179e-02
 * time: 1145.5165479183197
    30     1.773148e+00     6.672949e-03
 * time: 1171.1654479503632
    31     1.773136e+00     4.158162e-02
 * time: 1195.430999994278
    32     1.773136e+00     1.335916e-02
 * time: 1211.105139017105
    33     1.773135e+00     4.716221e-01
 * time: 1258.9282829761505
    34     1.773135e+00     4.051969e-02
 * time: 1299.6327688694
    35     1.773135e+00     4.562891e-02
 * time: 1320.796413898468
    36     1.773133e+00     8.357738e-03
 * time: 1345.979684829712
    37     1.773131e+00     1.787681e-02
 * time: 1368.2908010482788
    38     1.773128e+00     4.086829e-02
 * time: 1392.1769218444824
    39     1.773128e+00     1.884694e-01
 * time: 1469.2140378952026
    40     1.773128e+00     7.194976e-02
 * time: 1485.770026922226
    41     1.773126e+00     2.095471e-02
 * time: 1508.2267060279846
    42     1.773126e+00     2.698786e-02
 * time: 1573.8675019741058
    43     1.773127e+00     1.885683e-01
 * time: 1588.682739019394
    44     1.773126e+00     9.251053e-02
 * time: 1612.242928981781
    45     1.773127e+00     9.563884e-02
 * time: 1641.79829788208
    46     1.773127e+00     4.887512e-02
 * time: 1676.9209659099579
    47     1.773126e+00     2.217853e-02
 * time: 1702.6469249725342
    48     1.773126e+00     2.413043e-02
 * time: 1726.7424218654633
    49     1.773126e+00     1.429393e-03
 * time: 1751.594962835312
    50     1.773126e+00     1.432257e-02
 * time: 1776.4769730567932
    51     1.773126e+00     8.307397e-03
 * time: 1789.2581288814545
    52     1.773125e+00     3.248040e-02
 * time: 1806.372939825058
    53     1.773125e+00     2.063993e-02
 * time: 1821.5651819705963
    54     1.773125e+00     5.306010e-02
 * time: 1844.47274184227
    55     1.773125e+00     2.000335e-02
 * time: 1869.7552678585052
    56     1.773125e+00     9.044853e-02
 * time: 1921.289227962494
1927.478061 seconds (595.23 M allocations: 63.148 GiB, 0.68% gc time, 52 lock conflicts, 0.80% compilation time)
 * Status: success

 * Candidate solution
    Final objective value:     1.773125e+00

 * Found with
    Algorithm:     BFGS

 * Convergence measures
    |x - x'|               = 1.93e-03 ≰ 1.0e-04
    |x - x'|/|x'|          = 7.77e-04 ≰ 0.0e+00
    |f(x) - f(x')|         = 1.16e-08 ≰ 0.0e+00
    |f(x) - f(x')|/|f(x')| = 6.52e-09 ≤ 1.0e-08
    |g(x)|                 = 9.04e-02 ≰ 1.0e-05

 * Work counters
    Seconds run:   1921  (vs limit 14400)
    Iterations:    56
    f(x) calls:    318
    ∇f(x) calls:   318

ν_s = 0.5161809745207757
ν_t = 0.8874313311387403
r_t = 11.970892129376603
r_s = 1.9841931009497227
σ = 3.5693047060269314
β_obs = 0.9973413608132715
σ_obs = 1.1104250745083863
Task 4 finished at Fri  2 Oct 04:15:06 CEST 2026
