Job 25525828, task 20 running on idun-03-01 at Fri  2 Oct 03:42:50 CEST 2026
Estimating parameters for scenario HH, replication r = 20
Iter     Function value   Gradient norm 
     0     2.836443e+00     3.223681e+00
 * time: 0.023944854736328125
     1     1.795257e+00     1.428107e-01
 * time: 0.8354198932647705
     2     1.763814e+00     4.079365e-02
 * time: 1.3844659328460693
     3     1.762236e+00     1.424771e-02
 * time: 1.9311528205871582
     4     1.762016e+00     6.162960e-03
 * time: 2.4735159873962402
     5     1.761776e+00     1.714569e-03
 * time: 3.0155818462371826
     6     1.761746e+00     3.944274e-03
 * time: 3.7369840145111084
     7     1.761538e+00     3.613547e-03
 * time: 4.466462850570679
     8     1.761502e+00     9.352149e-04
 * time: 5.018206834793091
     9     1.761499e+00     8.013437e-04
 * time: 5.566675901412964
    10     1.761391e+00     1.970625e-03
 * time: 6.498906850814819
    11     1.761315e+00     2.560221e-03
 * time: 6.86770486831665
    12     1.761258e+00     3.633972e-03
 * time: 7.256709814071655
    13     1.761168e+00     1.200351e-03
 * time: 18.802913904190063
    14     1.761137e+00     7.665214e-03
 * time: 29.494220972061157
    15     1.761045e+00     3.120787e-03
 * time: 30.15574598312378
    16     1.761011e+00     9.317455e-04
 * time: 30.809364795684814
    17     1.760926e+00     2.173591e-03
 * time: 32.57726502418518
    18     1.760871e+00     2.470735e-03
 * time: 41.90422296524048
    19     1.760855e+00     2.376027e-03
 * time: 43.19363498687744
    20     1.760825e+00     9.544005e-04
 * time: 44.32762598991394
    21     1.760821e+00     5.362008e-04
 * time: 53.3547158241272
    22     1.760819e+00     1.007876e-01
 * time: 140.13510084152222
    23     1.760819e+00     2.322006e-04
 * time: 141.1985149383545
    24     1.760818e+00     4.824922e-04
 * time: 142.76865100860596
    25     1.760807e+00     2.591112e-04
 * time: 144.78909397125244
    26     1.760807e+00     1.611174e-04
 * time: 146.3254849910736
    27     1.760806e+00     5.302305e-04
 * time: 148.39447784423828
    28     1.760787e+00     7.186518e-04
 * time: 150.39203190803528
    29     1.760781e+00     3.609026e-03
 * time: 154.91337990760803
    30     1.760781e+00     1.790108e-03
 * time: 155.6286518573761
    31     1.760773e+00     3.979675e-02
 * time: 181.17559599876404
    32     1.760774e+00     1.070583e-01
 * time: 227.3436508178711
    33     1.760774e+00     3.460813e-02
 * time: 280.1113920211792
    34     1.760774e+00     2.016100e-02
 * time: 365.1490168571472
    35     1.760774e+00     1.920568e-02
 * time: 394.27503490448
    36     1.760774e+00     5.192798e-02
 * time: 423.228394985199
430.023535 seconds (153.98 M allocations: 23.410 GiB, 1.05% gc time, 155 lock conflicts, 3.61% compilation time)
 * Status: success

 * Candidate solution
    Final objective value:     1.760774e+00

 * Found with
    Algorithm:     BFGS

 * Convergence measures
    |x - x'|               = 3.63e-05 ≤ 1.0e-04
    |x - x'|/|x'|          = 1.80e-05 ≰ 0.0e+00
    |f(x) - f(x')|         = 1.36e-08 ≰ 0.0e+00
    |f(x) - f(x')|/|f(x')| = 7.72e-09 ≤ 1.0e-08
    |g(x)|                 = 5.19e-02 ≰ 1.0e-05

 * Work counters
    Seconds run:   423  (vs limit 14400)
    Iterations:    36
    f(x) calls:    136
    ∇f(x) calls:   136

ν_s = 0.5351894655060374
ν_t = 1.2847009616892795
r_t = 7.545940852009559
r_s = 1.9447407313737388
σ = 3.4058936825759636
β_obs = 0.9675876703110486
σ_obs = 1.1033319615390484
Task 20 finished at Fri  2 Oct 03:50:09 CEST 2026
