Job 25525828, task 30 running on idun-03-06 at Fri  2 Oct 03:42:50 CEST 2026
Estimating parameters for scenario HH, replication r = 30
Iter     Function value   Gradient norm 
     0     2.836540e+00     3.193178e+00
 * time: 0.025581836700439453
     1     1.801884e+00     1.449032e-01
 * time: 0.8465368747711182
     2     1.764577e+00     3.987987e-02
 * time: 1.3812458515167236
     3     1.763146e+00     1.672623e-02
 * time: 1.9165759086608887
     4     1.762901e+00     5.874555e-03
 * time: 2.451643943786621
     5     1.762607e+00     2.976959e-03
 * time: 2.9827189445495605
     6     1.762522e+00     6.250512e-03
 * time: 3.690053939819336
     7     1.761924e+00     9.722071e-03
 * time: 4.494133949279785
     8     1.761790e+00     3.905262e-03
 * time: 5.0403289794921875
     9     1.761715e+00     1.142814e-02
 * time: 5.406822919845581
    10     1.760913e+00     1.549581e-02
 * time: 7.004725933074951
    11     1.760543e+00     1.915276e-03
 * time: 7.781206846237183
    12     1.760423e+00     3.548744e-03
 * time: 8.551947832107544
    13     1.760294e+00     2.378815e-03
 * time: 10.536872863769531
    14     1.760279e+00     1.726755e-01
 * time: 57.245656967163086
    15     1.760270e+00     5.578037e-02
 * time: 65.78234696388245
    16     1.760272e+00     1.599751e-02
 * time: 144.18522191047668
    17     1.760273e+00     9.324389e-03
 * time: 269.66947889328003
    18     1.760275e+00     1.251208e-02
 * time: 464.7695758342743
    19     1.760261e+00     7.697600e-03
 * time: 518.9555580615997
    20     1.760261e+00     3.324343e-02
 * time: 621.4979870319366
    21     1.760263e+00     1.619917e-02
 * time: 660.6531448364258
    22     1.760264e+00     9.626485e-03
 * time: 687.2836859226227
    23     1.760259e+00     1.547560e-02
 * time: 704.5387420654297
    24     1.760258e+00     1.504700e-01
 * time: 744.2715799808502
    25     1.760255e+00     1.081989e-01
 * time: 761.0009958744049
    26     1.760254e+00     1.917633e-02
 * time: 781.0803580284119
    27     1.760255e+00     6.572355e-02
 * time: 851.0587048530579
    28     1.760255e+00     9.306910e-04
 * time: 913.660964012146
    29     1.760250e+00     1.013181e-02
 * time: 943.542594909668
    30     1.760245e+00     1.077012e-02
 * time: 980.8141438961029
    31     1.760239e+00     3.139224e-02
 * time: 1006.591726064682
    32     1.760226e+00     2.552618e-02
 * time: 1042.0284259319305
    33     1.760176e+00     1.816425e-02
 * time: 1067.270994901657
    34     1.760011e+00     6.844249e-03
 * time: 1119.5364120006561
    35     1.759988e+00     1.730548e-01
 * time: 1176.2646279335022
    36     1.759989e+00     1.102363e-02
 * time: 1274.8743538856506
    37     1.759987e+00     2.406664e-02
 * time: 1292.67924284935
    38     1.759987e+00     7.446123e-03
 * time: 1327.7630338668823
    39     1.759986e+00     2.233851e-01
 * time: 1348.3410499095917
    40     1.759986e+00     1.030116e-02
 * time: 1366.5283410549164
    41     1.759986e+00     7.428365e-02
 * time: 1467.2444639205933
    42     1.759985e+00     6.880588e-02
 * time: 1503.2844820022583
    43     1.759984e+00     1.046376e-02
 * time: 1578.197595834732
    44     1.759984e+00     4.290271e-02
 * time: 1658.3877019882202
    45     1.759985e+00     5.645386e-01
 * time: 1732.878126859665
    46     1.759986e+00     2.193017e-02
 * time: 2083.457382917404
    47     1.759987e+00     7.218909e-02
 * time: 2119.128962993622
    48     1.759978e+00     1.002076e-01
 * time: 2137.5876710414886
    49     1.759979e+00     4.233149e-02
 * time: 2158.279624938965
    50     1.759972e+00     1.940474e-01
 * time: 2177.513402938843
    51     1.759971e+00     2.509205e-01
 * time: 2207.8567299842834
    52     1.759970e+00     3.061213e-01
 * time: 2223.8291919231415
    53     1.759971e+00     2.233445e-01
 * time: 2254.3164010047913
    54     1.759969e+00     6.759144e-02
 * time: 2284.736237049103
    55     1.759969e+00     2.927218e-02
 * time: 2302.925384044647
    56     1.759969e+00     1.261079e-01
 * time: 2331.689920902252
    57     1.759969e+00     2.270860e-03
 * time: 2349.250555038452
    58     1.759968e+00     2.935202e-01
 * time: 2375.945839881897
    59     1.759956e+00     6.237778e-01
 * time: 2413.2191219329834
    60     1.759954e+00     3.988359e-02
 * time: 2438.9500329494476
    61     1.759945e+00     1.335010e-01
 * time: 2467.24995303154
    62     1.759946e+00     2.236452e-02
 * time: 2505.221906900406
    63     1.759944e+00     3.209462e-01
 * time: 2534.637004852295
    64     1.759945e+00     2.580724e-01
 * time: 2553.783443927765
    65     1.759945e+00     9.794993e-02
 * time: 2601.5249099731445
    66     1.759945e+00     6.566521e-02
 * time: 2630.5058760643005
    67     1.759945e+00     3.252622e-01
 * time: 2659.1079230308533
    68     1.759945e+00     3.276983e-02
 * time: 2679.4169659614563
    69     1.759944e+00     7.864898e-03
 * time: 2719.2647140026093
    70     1.759941e+00     5.676821e-02
 * time: 2754.4016819000244
    71     1.759941e+00     4.959198e-02
 * time: 2794.1774289608
    72     1.759939e+00     2.117359e-01
 * time: 2812.002193927765
    73     1.759939e+00     2.079751e-01
 * time: 2830.0804879665375
    74     1.759939e+00     1.170742e-01
 * time: 2849.0733008384705
    75     1.759939e+00     3.930481e-01
 * time: 2912.395217895508
    76     1.759940e+00     3.571554e-02
 * time: 2940.2643048763275
    77     1.759940e+00     1.780965e-02
 * time: 2968.3149540424347
    78     1.759938e+00     2.176923e-02
 * time: 2984.0790288448334
    79     1.759937e+00     1.517578e-01
 * time: 3013.1052989959717
    80     1.759937e+00     3.097548e-01
 * time: 3029.0799908638
    81     1.759937e+00     8.238282e-02
 * time: 3045.584161043167
    82     1.759936e+00     4.507133e-02
 * time: 3072.344123840332
    83     1.759936e+00     1.130271e-01
 * time: 3113.429461956024
    84     1.759936e+00     3.413642e-02
 * time: 3182.6484780311584
    85     1.759936e+00     1.090144e-01
 * time: 3211.744999885559
    86     1.759936e+00     9.071798e-03
 * time: 3260.5342400074005
    87     1.759936e+00     2.956951e-02
 * time: 3348.759750843048
    88     1.759936e+00     5.227756e-01
 * time: 3396.2856669425964
    89     1.759937e+00     5.594372e-02
 * time: 3425.392912864685
    90     1.759937e+00     9.595572e-02
 * time: 3481.2213270664215
    91     1.759937e+00     4.068411e-02
 * time: 3519.9473600387573
    92     1.759937e+00     5.889907e-02
 * time: 3548.570252895355
    93     1.759936e+00     1.543681e-01
 * time: 3709.786674976349
    94     1.759937e+00     1.347382e-01
 * time: 3880.5534279346466
    95     1.759936e+00     9.753970e-03
 * time: 3910.1979608535767
    96     1.759936e+00     1.246923e-02
 * time: 3929.971319913864
    97     1.759936e+00     1.695584e-02
 * time: 3960.475781917572
    98     1.759936e+00     4.090481e-02
 * time: 3978.162766933441
    99     1.759936e+00     3.330870e-01
 * time: 4006.7074570655823
   100     1.759936e+00     5.335668e-02
 * time: 4047.6065578460693
4054.295631 seconds (1.06 G allocations: 105.211 GiB, 0.49% gc time, 160 lock conflicts, 0.37% compilation time)
 * Status: success

 * Candidate solution
    Final objective value:     1.759936e+00

 * Found with
    Algorithm:     BFGS

 * Convergence measures
    |x - x'|               = 1.76e-05 ≤ 1.0e-04
    |x - x'|/|x'|          = 2.72e-06 ≰ 0.0e+00
    |f(x) - f(x')|         = 4.66e-07 ≰ 0.0e+00
    |f(x) - f(x')|/|f(x')| = 2.65e-07 ≰ 1.0e-08
    |g(x)|                 = 5.34e-02 ≰ 1.0e-05

 * Work counters
    Seconds run:   4048  (vs limit 14400)
    Iterations:    100
    f(x) calls:    485
    ∇f(x) calls:   485

ν_s = 0.5458882347253207
ν_t = 0.9165543610674991
r_t = 386.1015489831962
r_s = 636.5794224453583
σ = 3.585809267211276
β_obs = 0.9986165534868894
σ_obs = 1.0963483977569297
Task 30 finished at Fri  2 Oct 04:50:35 CEST 2026
