Job 25525879, task 3 running on idun-03-27 at Fri  2 Oct 03:43:20 CEST 2026
Estimating parameters for scenario LH, replication r = 3
Iter     Function value   Gradient norm 
     0     2.720313e+00     3.093207e+00
 * time: 0.024206161499023438
     1     1.759531e+00     1.649676e-01
 * time: 0.8193261623382568
     2     1.725182e+00     7.235150e-02
 * time: 1.3606581687927246
     3     1.718156e+00     4.020491e-02
 * time: 2.065451145172119
     4     1.716931e+00     1.544688e-02
 * time: 2.5985050201416016
     5     1.716064e+00     3.735924e-03
 * time: 3.1311051845550537
     6     1.716014e+00     9.616880e-03
 * time: 3.6555020809173584
     7     1.715396e+00     4.257689e-03
 * time: 4.357550144195557
     8     1.715382e+00     2.188390e-03
 * time: 4.885335206985474
     9     1.715231e+00     2.092552e-03
 * time: 5.7621941566467285
    10     1.714760e+00     8.229562e-03
 * time: 6.292211055755615
    11     1.714644e+00     2.740421e-03
 * time: 6.652298212051392
    12     1.714611e+00     6.949229e-01
 * time: 43.84937310218811
    13     1.714601e+00     4.920984e-01
 * time: 102.58106803894043
    14     1.714574e+00     7.689693e-02
 * time: 123.27522611618042
    15     1.714553e+00     1.160128e+00
 * time: 138.53482604026794
    16     1.714554e+00     6.108209e-02
 * time: 168.34343719482422
    17     1.714525e+00     5.137193e-02
 * time: 190.68072199821472
    18     1.714524e+00     2.740676e-01
 * time: 214.12028002738953
    19     1.714523e+00     5.561301e-03
 * time: 273.806006193161
    20     1.714522e+00     4.347218e-01
 * time: 442.21391010284424
    21     1.714522e+00     2.368836e-02
 * time: 455.77068400382996
    22     1.714522e+00     7.674168e-01
 * time: 674.0546171665192
    23     1.714521e+00     1.271816e+00
 * time: 892.8654010295868
    24     1.714521e+00     1.391906e-01
 * time: 916.3517181873322
    25     1.714496e+00     7.759344e-01
 * time: 951.5213761329651
    26     1.714484e+00     1.235268e+00
 * time: 987.2199192047119
    27     1.714485e+00     1.810413e+00
 * time: 999.9870731830597
    28     1.714470e+00     6.290520e-01
 * time: 1015.5947082042694
    29     1.714454e+00     1.593680e-02
 * time: 1038.8860552310944
    30     1.714453e+00     1.698282e-01
 * time: 1303.662759065628
    31     1.714454e+00     8.088956e-01
 * time: 1317.01158618927
    32     1.714448e+00     1.027828e+00
 * time: 1330.20583319664
    33     1.714448e+00     1.409163e-01
 * time: 1346.038300037384
    34     1.714447e+00     8.116883e-02
 * time: 1586.4237542152405
    35     1.714444e+00     6.231541e-01
 * time: 1625.9482171535492
    36     1.714444e+00     3.241919e-02
 * time: 1736.3831641674042
    37     1.714445e+00     5.625891e-01
 * time: 1959.9627921581268
    38     1.714444e+00     5.554388e-02
 * time: 1987.2609632015228
    39     1.714441e+00     1.785450e-01
 * time: 2010.1573050022125
    40     1.714442e+00     6.872117e-02
 * time: 2026.8407711982727
    41     1.714439e+00     6.607400e-04
 * time: 2039.67582821846
    42     1.714439e+00     1.457168e+00
 * time: 2086.1297352313995
    43     1.714439e+00     7.509121e-01
 * time: 2102.0847210884094
    44     1.714439e+00     3.150367e-04
 * time: 2120.690548181534
    45     1.714440e+00     3.359991e-01
 * time: 2142.1758551597595
    46     1.714439e+00     1.921672e-01
 * time: 2155.5748641490936
    47     1.714439e+00     5.140004e-01
 * time: 2176.5716531276703
    48     1.714439e+00     9.784681e-02
 * time: 2192.062130212784
    49     1.714439e+00     1.558740e-02
 * time: 2211.3611681461334
    50     1.714439e+00     6.495240e-01
 * time: 2326.17600607872
    51     1.714439e+00     6.693081e-02
 * time: 2349.4656641483307
    52     1.714439e+00     1.081711e-01
 * time: 2543.5495100021362
    53     1.714439e+00     1.262614e+00
 * time: 2559.1566491127014
    54     1.714439e+00     2.287435e+00
 * time: 2580.969126224518
    55     1.714439e+00     4.607351e-01
 * time: 2597.2927811145782
    56     1.714438e+00     2.630267e-01
 * time: 2628.0654780864716
    57     1.714437e+00     1.836491e+00
 * time: 2651.329600095749
    58     1.714437e+00     2.391910e+00
 * time: 2673.6632101535797
    59     1.714437e+00     7.877446e-03
 * time: 2695.2951231002808
    60     1.714436e+00     1.319508e-01
 * time: 2715.3620162010193
    61     1.714436e+00     5.654562e-02
 * time: 2729.0024180412292
    62     1.714436e+00     2.579800e-01
 * time: 2774.659781217575
    63     1.714437e+00     5.331971e-02
 * time: 2789.8406841754913
    64     1.714437e+00     1.759919e-01
 * time: 2813.6575100421906
    65     1.714437e+00     3.301125e-01
 * time: 2828.5630881786346
    66     1.714437e+00     2.213827e-01
 * time: 2883.8110949993134
    67     1.714437e+00     1.259365e-01
 * time: 2904.8927960395813
    68     1.714436e+00     4.249928e-01
 * time: 2989.7629470825195
    69     1.714437e+00     4.524326e-04
 * time: 3021.6552250385284
    70     1.714437e+00     7.705307e-02
 * time: 3054.7101151943207
    71     1.714436e+00     6.925851e-02
 * time: 3070.0456302165985
    72     1.714436e+00     1.706908e-02
 * time: 3083.922623157501
    73     1.714436e+00     1.735398e-01
 * time: 3160.1699821949005
    74     1.714436e+00     2.388969e-01
 * time: 3210.7408061027527
    75     1.714437e+00     1.068696e+00
 * time: 3226.2107520103455
    76     1.714438e+00     1.073839e+00
 * time: 3241.60342502594
    77     1.714437e+00     2.201142e-04
 * time: 3273.7234580516815
    78     1.714436e+00     1.435355e+00
 * time: 3395.8154740333557
    79     1.714437e+00     6.499366e-01
 * time: 3418.790027141571
    80     1.714436e+00     4.825587e-01
 * time: 3438.9642930030823
    81     1.714436e+00     3.186512e-04
 * time: 3454.6039531230927
    82     1.714436e+00     2.705410e+00
 * time: 3468.9515841007233
    83     1.714436e+00     1.049233e-02
 * time: 3492.205952167511
3498.781703 seconds (879.82 M allocations: 98.154 GiB, 0.47% gc time, 41 lock conflicts, 0.42% compilation time)
 * Status: success

 * Candidate solution
    Final objective value:     1.714436e+00

 * Found with
    Algorithm:     BFGS

 * Convergence measures
    |x - x'|               = 3.12e-03 ≰ 1.0e-04
    |x - x'|/|x'|          = 8.07e-04 ≰ 0.0e+00
    |f(x) - f(x')|         = 3.48e-09 ≰ 0.0e+00
    |f(x) - f(x')|/|f(x')| = 2.03e-09 ≤ 1.0e-08
    |g(x)|                 = 1.05e-02 ≰ 1.0e-05

 * Work counters
    Seconds run:   3492  (vs limit 14400)
    Iterations:    83
    f(x) calls:    639
    ∇f(x) calls:   639

ν_s = 0.6743927894969635
ν_t = 1.5674256322170537
r_t = 16.688464065628516
r_s = 47.523876238038234
σ = 4.321956098411014
β_obs = 0.18942318849856665
σ_obs = 1.0828308818510433
Task 3 finished at Fri  2 Oct 04:41:50 CEST 2026
