Job 25525829, task 27 running on idun-03-03 at Fri  2 Oct 03:43:20 CEST 2026
Estimating parameters for scenario HL, replication r = 27
Iter     Function value   Gradient norm 
     0     2.069277e+00     1.734579e+00
 * time: 0.02319788932800293
     1     1.620021e+00     2.645005e-01
 * time: 0.8901078701019287
     2     1.568216e+00     4.890076e-02
 * time: 1.4911658763885498
     3     1.564966e+00     5.510895e-02
 * time: 2.104512929916382
     4     1.563485e+00     7.219628e-03
 * time: 2.7218289375305176
     5     1.563357e+00     8.420992e-03
 * time: 3.324692964553833
     6     1.563211e+00     2.425336e-03
 * time: 3.931511878967285
     7     1.563114e+00     9.921347e-03
 * time: 4.762351989746094
     8     1.562898e+00     4.161978e-03
 * time: 5.382893800735474
     9     1.562871e+00     3.153498e-03
 * time: 5.798976898193359
    10     1.562700e+00     1.235834e-02
 * time: 6.39837384223938
    11     1.562356e+00     3.451042e-03
 * time: 7.221116781234741
    12     1.562209e+00     3.416436e-03
 * time: 16.811794996261597
    13     1.562168e+00     1.572176e-03
 * time: 26.08452796936035
    14     1.562164e+00     4.372288e-03
 * time: 47.561614990234375
    15     1.562107e+00     1.618255e-03
 * time: 61.96759390830994
    16     1.562107e+00     1.822707e-01
 * time: 390.830109834671
    17     1.562109e+00     3.165914e-01
 * time: 490.52643179893494
    18     1.562109e+00     9.213868e-02
 * time: 618.3401598930359
625.074747 seconds (193.29 M allocations: 22.798 GiB, 0.65% gc time, 50 lock conflicts, 2.49% compilation time)
 * Status: success

 * Candidate solution
    Final objective value:     1.562109e+00

 * Found with
    Algorithm:     BFGS

 * Convergence measures
    |x - x'|               = 5.95e-06 ≤ 1.0e-04
    |x - x'|/|x'|          = 3.69e-06 ≰ 0.0e+00
    |f(x) - f(x')|         = 2.72e-07 ≰ 0.0e+00
    |f(x) - f(x')|/|f(x')| = 1.74e-07 ≰ 1.0e-08
    |g(x)|                 = 9.21e-02 ≰ 1.0e-05

 * Work counters
    Seconds run:   618  (vs limit 14400)
    Iterations:    18
    f(x) calls:    134
    ∇f(x) calls:   134

ν_s = 0.6011555929469616
ν_t = 0.9797278831602978
r_t = 5.0171755408547005
r_s = 0.48981313997265236
σ = 3.4197732714343108
β_obs = 0.9693679886612903
σ_obs = 0.8649414692651682
Task 27 finished at Fri  2 Oct 03:53:57 CEST 2026
