Job 25525828, task 17 running on idun-05-34 at Fri  2 Oct 03:42:50 CEST 2026
Estimating parameters for scenario HH, replication r = 17
Iter     Function value   Gradient norm 
     0     2.862382e+00     3.268927e+00
 * time: 0.02007007598876953
     1     1.802875e+00     1.414412e-01
 * time: 0.7144680023193359
     2     1.768821e+00     3.922615e-02
 * time: 1.1819100379943848
     3     1.767777e+00     1.509699e-02
 * time: 1.653353214263916
     4     1.767557e+00     4.651080e-03
 * time: 2.1289191246032715
     5     1.767321e+00     3.482099e-03
 * time: 2.7592790126800537
     6     1.767310e+00     2.208816e-03
 * time: 3.234187126159668
     7     1.767106e+00     3.249416e-03
 * time: 4.01522421836853
     8     1.767040e+00     2.592216e-03
 * time: 4.332067012786865
     9     1.767013e+00     2.141408e-03
 * time: 4.646566152572632
    10     1.766970e+00     1.991176e-03
 * time: 5.2989161014556885
    11     1.766960e+00     2.540550e-03
 * time: 5.616494178771973
    12     1.766920e+00     4.892771e-03
 * time: 6.094398021697998
    13     1.766526e+00     1.085200e-02
 * time: 6.871412992477417
    14     1.766416e+00     1.200043e-03
 * time: 7.551602125167847
    15     1.766392e+00     3.481313e-03
 * time: 8.237248182296753
    16     1.766372e+00     6.522587e-04
 * time: 17.842015027999878
    17     1.766370e+00     6.341389e-04
 * time: 18.54723310470581
    18     1.766365e+00     6.574543e-04
 * time: 27.94429302215576
    19     1.766344e+00     2.125154e-02
 * time: 41.58067798614502
    20     1.766346e+00     1.709919e-02
 * time: 72.16977214813232
    21     1.766346e+00     1.081412e-02
 * time: 84.46053910255432
    22     1.766341e+00     8.518399e-01
 * time: 375.8887231349945
    23     1.766340e+00     9.005752e-01
 * time: 717.2458961009979
723.536457 seconds (256.80 M allocations: 28.322 GiB, 0.70% gc time, 31 lock conflicts, 2.15% compilation time)
 * Status: success

 * Candidate solution
    Final objective value:     1.766340e+00

 * Found with
    Algorithm:     BFGS

 * Convergence measures
    |x - x'|               = 1.09e-05 ≤ 1.0e-04
    |x - x'|/|x'|          = 5.36e-06 ≰ 0.0e+00
    |f(x) - f(x')|         = 1.42e-06 ≰ 0.0e+00
    |f(x) - f(x')|/|f(x')| = 8.06e-07 ≰ 1.0e-08
    |g(x)|                 = 9.01e-01 ≰ 1.0e-05

 * Work counters
    Seconds run:   717  (vs limit 14400)
    Iterations:    23
    f(x) calls:    160
    ∇f(x) calls:   160

ν_s = 0.5863673074530931
ν_t = 0.9663611280837867
r_t = 7.619190014620443
r_s = 0.980506014349493
σ = 3.477174130840851
β_obs = 0.9863231734985582
σ_obs = 1.1072219190112997
Task 17 finished at Fri  2 Oct 03:55:03 CEST 2026
