Job 25525696, task 8 running on idun-05-34 at Fri  2 Oct 02:48:49 CEST 2026
Estimating parameters for replication r = 8
Iter     Function value   Gradient norm 
     0     1.914891e+00     1.553031e+00
 * time: 0.02028799057006836
     1     1.556421e+00     2.761456e-01
 * time: 0.7064030170440674
     2     1.508231e+00     5.428538e-02
 * time: 1.1812779903411865
     3     1.501182e+00     1.057628e-01
 * time: 1.6589720249176025
     4     1.493757e+00     3.679183e-02
 * time: 2.1318368911743164
     5     1.492152e+00     2.367124e-02
 * time: 2.605242967605591
     6     1.491160e+00     8.309602e-03
 * time: 3.078368902206421
     7     1.491122e+00     2.145088e-03
 * time: 3.542914867401123
     8     1.490915e+00     7.614198e-03
 * time: 4.333462953567505
     9     1.490432e+00     4.858741e-03
 * time: 5.028530836105347
    10     1.490152e+00     1.849504e-03
 * time: 5.568794012069702
    11     1.490032e+00     3.186001e-01
 * time: 12.707185983657837
    12     1.490031e+00     3.744509e-03
 * time: 42.9913489818573
    13     1.490009e+00     2.703327e-03
 * time: 43.74916100502014
    14     1.490001e+00     1.443912e-02
 * time: 51.56881880760193
    15     1.489764e+00     5.136104e-03
 * time: 55.48472881317139
    16     1.489706e+00     2.002215e-03
 * time: 60.63551688194275
    17     1.489701e+00     1.062401e+01
 * time: 65.99705386161804
    18     1.489702e+00     8.307648e-01
 * time: 82.42454600334167
    19     1.489701e+00     6.893891e+00
 * time: 87.31236982345581
    20     1.489701e+00     2.314006e-03
 * time: 88.56005382537842
    21     1.489700e+00     2.284073e-03
 * time: 102.22199892997742
    22     1.489700e+00     2.341728e-03
 * time: 167.90602588653564
    23     1.489696e+00     2.889674e-03
 * time: 172.18004083633423
    24     1.489633e+00     4.761795e-03
 * time: 178.68753099441528
    25     1.489585e+00     1.653053e-03
 * time: 182.80907082557678
    26     1.489572e+00     2.448665e-03
 * time: 190.90808701515198
    27     1.489565e+00     1.854196e-03
 * time: 199.63127303123474
    28     1.489557e+00     1.779134e-03
 * time: 203.03171682357788
    29     1.489509e+00     4.883975e+00
 * time: 212.96737003326416
    30     1.489509e+00     1.446499e+00
 * time: 281.8636779785156
287.980905 seconds (140.75 M allocations: 25.665 GiB, 1.69% gc time, 25 lock conflicts, 5.29% compilation time)
 * Status: success

 * Candidate solution
    Final objective value:     1.489509e+00

 * Found with
    Algorithm:     BFGS

 * Convergence measures
    |x - x'|               = 2.13e-09 ≤ 1.0e-04
    |x - x'|/|x'|          = 9.56e-10 ≰ 0.0e+00
    |f(x) - f(x')|         = 1.13e-13 ≰ 0.0e+00
    |f(x) - f(x')|/|f(x')| = 7.62e-14 ≤ 1.0e-08
    |g(x)|                 = 1.45e+00 ≰ 1.0e-05

 * Work counters
    Seconds run:   282  (vs limit 14400)
    Iterations:    30
    f(x) calls:    225
    ∇f(x) calls:   225

ν_s = 0.5900006267248967
ν_t = 1.5064510386272902
r_t = 9.284121858037947
r_s = 1.5873586675271072
σ = 4.434238742809815
β_obs = 0.19439576947100837
σ_obs = 0.8297770813428915
Task 8 finished at Fri  2 Oct 02:53:46 CEST 2026
