Job 25525879, task 28 running on idun-04-08 at Fri  2 Oct 03:43:21 CEST 2026
Estimating parameters for scenario LH, replication r = 28
Iter     Function value   Gradient norm 
     0     2.679729e+00     3.006998e+00
 * time: 0.024796009063720703
     1     1.751603e+00     1.710250e-01
 * time: 0.888498067855835
     2     1.713648e+00     7.607892e-02
 * time: 1.491353988647461
     3     1.706491e+00     3.518953e-02
 * time: 2.286813974380493
     4     1.705264e+00     1.788290e-02
 * time: 2.8899190425872803
     5     1.704495e+00     8.047062e-03
 * time: 3.4827730655670166
     6     1.704462e+00     2.187440e-03
 * time: 4.076556921005249
     7     1.704422e+00     2.982128e-03
 * time: 4.8524169921875
     8     1.704146e+00     3.438632e-03
 * time: 5.657064914703369
     9     1.704059e+00     1.372843e-03
 * time: 6.240451097488403
    10     1.704044e+00     1.774851e-03
 * time: 6.7993669509887695
    11     1.704006e+00     8.898394e-03
 * time: 7.514075994491577
    12     1.703685e+00     5.093061e-03
 * time: 8.30467700958252
    13     1.703540e+00     3.720632e-01
 * time: 23.894906044006348
    14     1.703521e+00     2.729275e-03
 * time: 29.588918924331665
    15     1.703507e+00     1.575558e-01
 * time: 85.21199607849121
    16     1.703504e+00     2.512742e-03
 * time: 176.02810502052307
    17     1.703500e+00     2.882815e-02
 * time: 229.48780393600464
    18     1.703500e+00     2.807022e-02
 * time: 243.43472814559937
    19     1.703498e+00     7.782378e-04
 * time: 258.8871269226074
    20     1.703497e+00     1.576735e-02
 * time: 415.4008960723877
422.185792 seconds (135.99 M allocations: 14.145 GiB, 0.58% gc time, 59 lock conflicts, 3.68% compilation time)
 * Status: success

 * Candidate solution
    Final objective value:     1.703497e+00

 * Found with
    Algorithm:     BFGS

 * Convergence measures
    |x - x'|               = 5.22e-08 ≤ 1.0e-04
    |x - x'|/|x'|          = 2.71e-08 ≰ 0.0e+00
    |f(x) - f(x')|         = 6.82e-07 ≰ 0.0e+00
    |f(x) - f(x')|/|f(x')| = 4.00e-07 ≰ 1.0e-08
    |g(x)|                 = 1.58e-02 ≰ 1.0e-05

 * Work counters
    Seconds run:   415  (vs limit 14400)
    Iterations:    20
    f(x) calls:    99
    ∇f(x) calls:   99

ν_s = 0.6231131842228417
ν_t = 1.575394300893761
r_t = 6.850649328870556
r_s = 0.8758164680319642
σ = 4.171079747082787
β_obs = 0.14157748400094328
σ_obs = 1.0706034022814161
Task 28 finished at Fri  2 Oct 03:50:34 CEST 2026
