Job 25525829, task 29 running on idun-03-03 at Fri  2 Oct 03:43:20 CEST 2026
Estimating parameters for scenario HL, replication r = 29
Iter     Function value   Gradient norm 
     0     2.084945e+00     1.733838e+00
 * time: 0.02402210235595703
     1     1.625903e+00     2.582639e-01
 * time: 0.8506801128387451
     2     1.573896e+00     5.363749e-02
 * time: 1.4434192180633545
     3     1.569642e+00     6.532741e-02
 * time: 2.0474932193756104
     4     1.567658e+00     1.085670e-02
 * time: 2.6497280597686768
     5     1.567327e+00     1.215631e-02
 * time: 3.244422197341919
     6     1.567076e+00     2.439870e-03
 * time: 3.831940174102783
     7     1.567017e+00     8.646985e-03
 * time: 4.616295099258423
     8     1.566633e+00     6.376051e-03
 * time: 5.6332972049713135
     9     1.566578e+00     4.899559e-03
 * time: 6.037766218185425
    10     1.566523e+00     2.604419e-03
 * time: 6.835391044616699
    11     1.566471e+00     6.435913e-03
 * time: 7.417117118835449
    12     1.566340e+00     4.065527e-03
 * time: 7.988542079925537
    13     1.566065e+00     3.109783e-02
 * time: 16.82275700569153
    14     1.565735e+00     2.956511e-03
 * time: 17.67443299293518
    15     1.565696e+00     1.905041e-03
 * time: 18.171290159225464
    16     1.565603e+00     1.504742e-03
 * time: 18.916656017303467
    17     1.565595e+00     4.275278e-04
 * time: 19.75983715057373
    18     1.565590e+00     1.959311e-03
 * time: 20.907389163970947
    19     1.565478e+00     7.528002e-03
 * time: 31.836875200271606
    20     1.565475e+00     2.893585e-02
 * time: 450.8213150501251
    21     1.565476e+00     1.002275e-02
 * time: 513.3142910003662
    22     1.565467e+00     1.424554e-02
 * time: 523.4845170974731
    23     1.565414e+00     2.351008e-02
 * time: 550.3736710548401
    24     1.565415e+00     1.097162e-02
 * time: 753.6525800228119
    25     1.565416e+00     1.624233e-02
 * time: 903.2278981208801
    26     1.565416e+00     1.692738e-01
 * time: 923.4341111183167
    27     1.565359e+00     6.587489e-03
 * time: 937.8212561607361
    28     1.565346e+00     4.008967e-03
 * time: 964.0732290744781
    29     1.565346e+00     4.545072e-03
 * time: 1080.487076997757
    30     1.565346e+00     6.804844e-03
 * time: 1238.8712301254272
    31     1.565346e+00     1.795332e-03
 * time: 1283.135637998581
    32     1.565345e+00     2.041018e-02
 * time: 1312.3106961250305
    33     1.565345e+00     1.767558e-03
 * time: 1347.577975988388
    34     1.565345e+00     7.992372e-04
 * time: 1383.6758642196655
    35     1.565345e+00     1.070695e-03
 * time: 1411.7678620815277
    36     1.565345e+00     1.448437e-04
 * time: 1452.5432760715485
    37     1.565345e+00     6.520662e-03
 * time: 1479.4821181297302
    38     1.565345e+00     1.280559e-03
 * time: 1504.6426811218262
1511.223900 seconds (416.79 M allocations: 44.822 GiB, 0.50% gc time, 59 lock conflicts, 0.98% compilation time)
 * Status: success

 * Candidate solution
    Final objective value:     1.565345e+00

 * Found with
    Algorithm:     BFGS

 * Convergence measures
    |x - x'|               = 9.17e-05 ≤ 1.0e-04
    |x - x'|/|x'|          = 1.82e-05 ≰ 0.0e+00
    |f(x) - f(x')|         = 1.66e-09 ≰ 0.0e+00
    |f(x) - f(x')|/|f(x')| = 1.06e-09 ≤ 1.0e-08
    |g(x)|                 = 1.28e-03 ≰ 1.0e-05

 * Work counters
    Seconds run:   1505  (vs limit 14400)
    Iterations:    38
    f(x) calls:    236
    ∇f(x) calls:   236

ν_s = 0.5267330666354266
ν_t = 0.8965844905069907
r_t = 18.630865972107745
r_s = 4.115277793718866
σ = 3.754493004086399
β_obs = 0.9999994628027349
σ_obs = 0.8594404859304589
Task 29 finished at Fri  2 Oct 04:08:43 CEST 2026
