Job 25525879, task 18 running on idun-04-08 at Fri  2 Oct 03:43:20 CEST 2026
Estimating parameters for scenario LH, replication r = 18
Iter     Function value   Gradient norm 
     0     2.649815e+00     2.982625e+00
 * time: 0.02399587631225586
     1     1.738653e+00     1.755685e-01
 * time: 0.8717279434204102
     2     1.705792e+00     6.613299e-02
 * time: 1.479046106338501
     3     1.697772e+00     2.730643e-02
 * time: 2.2923049926757812
     4     1.697018e+00     1.308932e-02
 * time: 2.909528970718384
     5     1.696644e+00     3.157681e-03
 * time: 3.5182418823242188
     6     1.696544e+00     3.307420e-03
 * time: 4.124542951583862
     7     1.696499e+00     8.173982e-03
 * time: 4.738503932952881
     8     1.695822e+00     4.102216e-03
 * time: 5.566713094711304
     9     1.695727e+00     2.121654e-03
 * time: 6.15175199508667
    10     1.695673e+00     3.194652e-03
 * time: 6.717323064804077
    11     1.695615e+00     2.941801e-03
 * time: 7.27463698387146
    12     1.695531e+00     7.647824e-03
 * time: 10.173261880874634
    13     1.695332e+00     1.315363e-01
 * time: 21.89880394935608
    14     1.695313e+00     4.169324e-02
 * time: 35.405380964279175
    15     1.695304e+00     4.296469e-03
 * time: 52.87247896194458
    16     1.695196e+00     1.902609e-02
 * time: 72.6318929195404
    17     1.694845e+00     1.923555e+00
 * time: 93.97143697738647
    18     1.694845e+00     2.205824e-01
 * time: 166.14790797233582
    19     1.694820e+00     6.116027e-02
 * time: 184.62089109420776
    20     1.694820e+00     2.220568e-01
 * time: 201.33451509475708
    21     1.694818e+00     6.826543e-03
 * time: 219.58384704589844
    22     1.694817e+00     1.752139e+00
 * time: 240.57051301002502
    23     1.694817e+00     2.700230e-01
 * time: 253.55044388771057
    24     1.694813e+00     3.236364e-02
 * time: 273.1192979812622
    25     1.694773e+00     5.787347e-02
 * time: 298.3586518764496
    26     1.694759e+00     8.077069e-03
 * time: 318.5327670574188
    27     1.694754e+00     4.276441e-03
 * time: 341.222305059433
    28     1.694753e+00     4.307129e-02
 * time: 360.98676896095276
    29     1.694753e+00     4.436636e-03
 * time: 550.8247039318085
    30     1.694753e+00     2.609981e-03
 * time: 561.522262096405
    31     1.694753e+00     3.343671e-02
 * time: 624.4065370559692
    32     1.694748e+00     2.073822e-02
 * time: 659.311604976654
    33     1.694745e+00     1.522942e-02
 * time: 679.2348430156708
    34     1.694741e+00     4.635385e-02
 * time: 698.0169289112091
    35     1.694741e+00     1.729959e-01
 * time: 725.6775920391083
    36     1.694739e+00     4.056454e-02
 * time: 740.6433980464935
    37     1.694738e+00     9.827462e-02
 * time: 761.063234090805
    38     1.694736e+00     1.410681e-02
 * time: 776.5731899738312
    39     1.694737e+00     8.689486e-04
 * time: 787.7764520645142
    40     1.694735e+00     2.948092e-02
 * time: 807.2716760635376
    41     1.694735e+00     2.784651e-03
 * time: 826.5197069644928
    42     1.694735e+00     2.157823e-04
 * time: 841.1347630023956
    43     1.694736e+00     1.820744e+00
 * time: 1048.7409811019897
    44     1.694736e+00     1.383619e-02
 * time: 1077.225280046463
    45     1.694735e+00     1.420774e-02
 * time: 1097.7866399288177
    46     1.694734e+00     1.313597e-02
 * time: 1107.743716955185
    47     1.694735e+00     2.076249e-03
 * time: 1128.2166240215302
    48     1.694734e+00     8.553442e-03
 * time: 1171.6140129566193
    49     1.694735e+00     4.040396e-01
 * time: 1191.8953030109406
    50     1.694734e+00     6.770889e-02
 * time: 1211.7771689891815
    51     1.694734e+00     3.291544e-01
 * time: 1233.4072489738464
    52     1.694734e+00     1.667090e-03
 * time: 1255.1953799724579
    53     1.694734e+00     2.681708e-01
 * time: 1274.3629879951477
    54     1.694734e+00     3.060402e-02
 * time: 1294.6503069400787
    55     1.694734e+00     1.066859e-02
 * time: 1328.5297429561615
    56     1.694734e+00     9.461009e-04
 * time: 1356.356731891632
    57     1.694734e+00     4.946137e-03
 * time: 1384.1678879261017
    58     1.694734e+00     3.025785e-01
 * time: 1406.5432739257812
    59     1.694735e+00     3.919635e-01
 * time: 1441.0854671001434
    60     1.694734e+00     4.127910e-02
 * time: 1456.1060490608215
    61     1.694734e+00     5.622070e-03
 * time: 1476.31685090065
    62     1.694734e+00     2.479924e-03
 * time: 1493.6880629062653
    63     1.694734e+00     6.835396e-02
 * time: 1536.441792011261
    64     1.694734e+00     4.196409e-03
 * time: 1543.155797958374
    65     1.694734e+00     2.447240e-03
 * time: 1567.023542881012
    66     1.694734e+00     4.549107e-02
 * time: 1626.961021900177
    67     1.694734e+00     6.156756e-03
 * time: 1647.3867499828339
    68     1.694734e+00     1.033396e-01
 * time: 1661.016350030899
    69     1.694734e+00     1.423843e-03
 * time: 1674.4890410900116
1681.059797 seconds (438.46 M allocations: 48.923 GiB, 0.51% gc time, 89 lock conflicts, 0.89% compilation time)
 * Status: success

 * Candidate solution
    Final objective value:     1.694734e+00

 * Found with
    Algorithm:     BFGS

 * Convergence measures
    |x - x'|               = 1.76e-03 ≰ 1.0e-04
    |x - x'|/|x'|          = 3.57e-04 ≰ 0.0e+00
    |f(x) - f(x')|         = 3.44e-09 ≰ 0.0e+00
    |f(x) - f(x')|/|f(x')| = 2.03e-09 ≤ 1.0e-08
    |g(x)|                 = 1.42e-03 ≰ 1.0e-05

 * Work counters
    Seconds run:   1674  (vs limit 14400)
    Iterations:    69
    f(x) calls:    337
    ∇f(x) calls:   337

ν_s = 0.5728054760383399
ν_t = 1.6007637815752136
r_t = 11.44141103409533
r_s = 137.92058268799443
σ = 3.8030473548827994
β_obs = 0.1203071721308728
σ_obs = 1.070913334266745
Task 18 finished at Fri  2 Oct 04:11:33 CEST 2026
