Job 25525696, task 25 running on idun-03-06 at Fri  2 Oct 02:48:49 CEST 2026
Estimating parameters for replication r = 25
Iter     Function value   Gradient norm 
     0     1.930899e+00     1.538312e+00
 * time: 0.02403998374938965
     1     1.567484e+00     2.770874e-01
 * time: 0.8196921348571777
     2     1.513331e+00     5.939062e-02
 * time: 1.3536779880523682
     3     1.505156e+00     1.150993e-01
 * time: 1.8942971229553223
     4     1.498188e+00     3.439847e-02
 * time: 2.4304111003875732
     5     1.496087e+00     3.043055e-02
 * time: 2.957667112350464
     6     1.494921e+00     1.072117e-02
 * time: 3.4821460247039795
     7     1.494852e+00     3.368707e-03
 * time: 4.0066750049591064
     8     1.494283e+00     6.095091e-03
 * time: 4.882771968841553
     9     1.494071e+00     2.266732e-03
 * time: 5.412473917007446
    10     1.494040e+00     2.720933e-03
 * time: 5.940302133560181
    11     1.494008e+00     2.602223e-03
 * time: 6.462060928344727
    12     1.493891e+00     4.437273e-03
 * time: 7.158527135848999
    13     1.493874e+00     6.058519e+00
 * time: 264.4820280075073
    14     1.493875e+00     1.118931e+00
 * time: 423.5539801120758
    15     1.493533e+00     1.639490e+00
 * time: 438.74263405799866
    16     1.493281e+00     1.000709e-01
 * time: 454.1390960216522
    17     1.493261e+00     4.159072e-01
 * time: 475.39542508125305
    18     1.493260e+00     1.462981e+00
 * time: 497.9003441333771
    19     1.493249e+00     1.091970e+00
 * time: 517.8831100463867
    20     1.493249e+00     7.212806e-01
 * time: 563.2299389839172
    21     1.493247e+00     3.545049e+00
 * time: 578.026428937912
    22     1.493247e+00     6.849026e-02
 * time: 592.3537111282349
    23     1.493245e+00     3.610066e-01
 * time: 786.4391670227051
    24     1.493227e+00     1.266137e+00
 * time: 808.7677969932556
    25     1.493197e+00     9.052782e-01
 * time: 831.3814690113068
    26     1.493178e+00     3.661995e-03
 * time: 849.046571969986
    27     1.493159e+00     8.562986e-03
 * time: 862.1545009613037
    28     1.493154e+00     2.130359e-01
 * time: 885.741935968399
    29     1.493150e+00     1.482462e+00
 * time: 900.2809491157532
    30     1.493149e+00     1.930344e+00
 * time: 922.2390630245209
    31     1.493150e+00     2.192148e-02
 * time: 937.7593929767609
    32     1.493149e+00     1.041115e+00
 * time: 960.759773015976
    33     1.493149e+00     8.093993e-04
 * time: 1032.2511639595032
    34     1.493149e+00     7.551715e-02
 * time: 1054.394285917282
    35     1.493149e+00     6.203672e-01
 * time: 1084.7057430744171
    36     1.493149e+00     4.151072e-03
 * time: 1106.170252084732
    37     1.493149e+00     5.667079e-01
 * time: 1121.4446251392365
    38     1.493149e+00     1.518340e-01
 * time: 1155.3255729675293
    39     1.493149e+00     6.084475e-01
 * time: 1330.6711339950562
    40     1.493149e+00     1.820094e+00
 * time: 1382.0878710746765
    41     1.493149e+00     1.735438e-01
 * time: 1403.913701057434
    42     1.493150e+00     2.169909e-02
 * time: 1501.4044160842896
    43     1.493149e+00     3.357893e-02
 * time: 1544.8860359191895
    44     1.493150e+00     1.118541e+00
 * time: 1576.025582075119
    45     1.493149e+00     6.376610e-02
 * time: 1614.2524619102478
1620.741455 seconds (424.45 M allocations: 45.839 GiB, 0.46% gc time, 31 lock conflicts, 0.92% compilation time)
 * Status: success

 * Candidate solution
    Final objective value:     1.493149e+00

 * Found with
    Algorithm:     BFGS

 * Convergence measures
    |x - x'|               = 3.43e-05 ≤ 1.0e-04
    |x - x'|/|x'|          = 1.49e-05 ≰ 0.0e+00
    |f(x) - f(x')|         = 2.69e-07 ≰ 0.0e+00
    |f(x) - f(x')|/|f(x')| = 1.80e-07 ≰ 1.0e-08
    |g(x)|                 = 6.38e-02 ≰ 1.0e-05

 * Work counters
    Seconds run:   1614  (vs limit 14400)
    Iterations:    45
    f(x) calls:    298
    ∇f(x) calls:   298

ν_s = 0.8370524942222671
ν_t = 1.5521687142449643
r_t = 10.065870557375431
r_s = 0.8939703119221597
σ = 5.530910193879586
β_obs = 0.26135929042652367
σ_obs = 0.8197786769917531
Task 25 finished at Fri  2 Oct 03:15:57 CEST 2026
