Job 25525829, task 13 running on idun-04-36 at Fri  2 Oct 03:42:50 CEST 2026
Estimating parameters for scenario HL, replication r = 13
Iter     Function value   Gradient norm 
     0     2.081763e+00     1.720934e+00
 * time: 0.024093151092529297
     1     1.624522e+00     2.603605e-01
 * time: 0.8424220085144043
     2     1.571149e+00     5.289213e-02
 * time: 1.4117860794067383
     3     1.567212e+00     6.282101e-02
 * time: 1.9659461975097656
     4     1.565410e+00     8.922478e-03
 * time: 2.5264132022857666
     5     1.565201e+00     1.004490e-02
 * time: 3.074388027191162
     6     1.564942e+00     4.051803e-03
 * time: 3.6203501224517822
     7     1.564741e+00     9.742307e-03
 * time: 4.3545050621032715
     8     1.564411e+00     8.830658e-03
 * time: 4.918362140655518
     9     1.564315e+00     2.299617e-03
 * time: 5.314939022064209
    10     1.564197e+00     1.143517e-02
 * time: 5.880347013473511
    11     1.563671e+00     1.854369e+00
 * time: 20.050987005233765
    12     1.563669e+00     9.987516e-02
 * time: 86.37370800971985
    13     1.563669e+00     7.756397e-02
 * time: 156.5412142276764
    14     1.563661e+00     2.886286e-01
 * time: 323.35014820098877
330.200165 seconds (118.89 M allocations: 10.867 GiB, 0.47% gc time, 45 lock conflicts, 4.78% compilation time)
 * Status: success

 * Candidate solution
    Final objective value:     1.563661e+00

 * Found with
    Algorithm:     BFGS

 * Convergence measures
    |x - x'|               = 6.28e-07 ≤ 1.0e-04
    |x - x'|/|x'|          = 3.59e-07 ≰ 0.0e+00
    |f(x) - f(x')|         = 8.54e-06 ≰ 0.0e+00
    |f(x) - f(x')|/|f(x')| = 5.46e-06 ≰ 1.0e-08
    |g(x)|                 = 2.89e-01 ≰ 1.0e-05

 * Work counters
    Seconds run:   323  (vs limit 14400)
    Iterations:    14
    f(x) calls:    71
    ∇f(x) calls:   71

ν_s = 0.7555672104249745
ν_t = 0.9607443310189704
r_t = 5.772359124269599
r_s = 0.45415842562051
σ = 3.8255144032165798
β_obs = 0.6969143934883819
σ_obs = 0.8540800108586167
Task 13 finished at Fri  2 Oct 03:48:32 CEST 2026
