Job 25525828, task 3 running on idun-05-35 at Fri  2 Oct 03:42:50 CEST 2026
Estimating parameters for scenario HH, replication r = 3
Iter     Function value   Gradient norm 
     0     2.857003e+00     3.211144e+00
 * time: 0.022763967514038086
     1     1.807748e+00     1.405585e-01
 * time: 0.7241828441619873
     2     1.769180e+00     4.097883e-02
 * time: 1.2230548858642578
     3     1.767734e+00     1.899110e-02
 * time: 1.7229609489440918
     4     1.767450e+00     5.792510e-03
 * time: 2.2231318950653076
     5     1.767106e+00     2.636673e-03
 * time: 2.7272558212280273
     6     1.767069e+00     7.497496e-03
 * time: 3.224370002746582
     7     1.766706e+00     7.723359e-03
 * time: 3.903110980987549
     8     1.766575e+00     3.832679e-03
 * time: 4.422551870346069
     9     1.766538e+00     2.980094e-03
 * time: 4.757112979888916
    10     1.766469e+00     9.547040e-03
 * time: 5.100097894668579
    11     1.766226e+00     2.412124e-02
 * time: 18.5164577960968
    12     1.765873e+00     1.650312e-03
 * time: 19.196563959121704
    13     1.765832e+00     2.292836e-03
 * time: 19.859578847885132
    14     1.765790e+00     1.285387e-03
 * time: 25.58628487586975
    15     1.765775e+00     1.601614e-02
 * time: 47.65222477912903
    16     1.765777e+00     1.356536e-03
 * time: 74.42336678504944
    17     1.765758e+00     2.026383e-02
 * time: 125.82423686981201
    18     1.765759e+00     1.862291e-02
 * time: 170.9678249359131
    19     1.765749e+00     2.228500e-02
 * time: 264.33909487724304
    20     1.765729e+00     6.070544e-02
 * time: 287.8565797805786
    21     1.765730e+00     7.865875e-02
 * time: 360.36910486221313
    22     1.765731e+00     1.222271e-02
 * time: 428.6322169303894
    23     1.765731e+00     1.952473e-03
 * time: 462.83898997306824
468.993264 seconds (171.15 M allocations: 19.601 GiB, 0.80% gc time, 17 lock conflicts, 3.25% compilation time)
 * Status: success

 * Candidate solution
    Final objective value:     1.765731e+00

 * Found with
    Algorithm:     BFGS

 * Convergence measures
    |x - x'|               = 4.34e-05 ≤ 1.0e-04
    |x - x'|/|x'|          = 2.62e-05 ≰ 0.0e+00
    |f(x) - f(x')|         = 1.37e-07 ≰ 0.0e+00
    |f(x) - f(x')|/|f(x')| = 7.74e-08 ≰ 1.0e-08
    |g(x)|                 = 1.95e-03 ≰ 1.0e-05

 * Work counters
    Seconds run:   463  (vs limit 14400)
    Iterations:    23
    f(x) calls:    117
    ∇f(x) calls:   117

ν_s = 0.5941110764924498
ν_t = 0.9686762092571587
r_t = 5.257671617005728
r_s = 0.4780763986108782
σ = 3.535255597990369
β_obs = 0.977246365419151
σ_obs = 1.0969460618566753
Task 3 finished at Fri  2 Oct 03:50:47 CEST 2026
