Job 25525879, task 30 running on idun-04-27 at Fri  2 Oct 03:43:20 CEST 2026
Estimating parameters for scenario LH, replication r = 30
Iter     Function value   Gradient norm 
     0     2.760487e+00     3.168956e+00
 * time: 0.024053096771240234
     1     1.764122e+00     1.566192e-01
 * time: 0.8183541297912598
     2     1.729947e+00     7.975516e-02
 * time: 1.3561580181121826
     3     1.722970e+00     3.649148e-02
 * time: 2.0776641368865967
     4     1.721646e+00     1.629295e-02
 * time: 2.60237717628479
     5     1.721045e+00     1.074475e-02
 * time: 3.1348631381988525
     6     1.720977e+00     2.104489e-03
 * time: 3.6538171768188477
     7     1.720951e+00     2.205269e-03
 * time: 4.182687044143677
     8     1.720743e+00     3.908027e-03
 * time: 4.88753604888916
     9     1.720411e+00     1.526131e-03
 * time: 5.4160380363464355
    10     1.720350e+00     2.412829e-03
 * time: 5.949465036392212
    11     1.720321e+00     2.595116e-03
 * time: 6.481796979904175
    12     1.720292e+00     2.261668e-03
 * time: 9.555790185928345
    13     1.720250e+00     2.258580e-03
 * time: 15.28205919265747
    14     1.720108e+00     1.106565e-02
 * time: 16.337450981140137
    15     1.719920e+00     1.339683e-02
 * time: 17.244266033172607
    16     1.719834e+00     2.564178e-03
 * time: 24.098427057266235
    17     1.719831e+00     3.883484e-04
 * time: 25.895409107208252
    18     1.719830e+00     2.859239e-04
 * time: 26.9334499835968
    19     1.719829e+00     1.882938e-04
 * time: 27.765382051467896
    20     1.719829e+00     4.487896e-04
 * time: 28.52870798110962
    21     1.719815e+00     1.018637e-03
 * time: 29.771162033081055
    22     1.719794e+00     6.820268e-04
 * time: 30.588122129440308
    23     1.719792e+00     1.430141e-04
 * time: 31.078768968582153
    24     1.719792e+00     8.098752e-05
 * time: 31.81682515144348
    25     1.719792e+00     1.867348e-05
 * time: 32.5553879737854
    26     1.719792e+00     2.932119e-05
 * time: 33.356691122055054
 39.738684 seconds (54.52 M allocations: 8.664 GiB, 3.12% gc time, 39 lock conflicts, 35.99% compilation time)
 * Status: success

 * Candidate solution
    Final objective value:     1.719792e+00

 * Found with
    Algorithm:     BFGS

 * Convergence measures
    |x - x'|               = 5.71e-04 ≰ 1.0e-04
    |x - x'|/|x'|          = 2.97e-04 ≰ 0.0e+00
    |f(x) - f(x')|         = 1.57e-09 ≰ 0.0e+00
    |f(x) - f(x')|/|f(x')| = 9.10e-10 ≤ 1.0e-08
    |g(x)|                 = 2.93e-05 ≰ 1.0e-05

 * Work counters
    Seconds run:   33  (vs limit 14400)
    Iterations:    26
    f(x) calls:    79
    ∇f(x) calls:   79

ν_s = 0.5974401953099457
ν_t = 1.8126549640645957
r_t = 6.851642686556417
r_s = 1.1049707703030878
σ = 4.075381789382528
β_obs = 0.165908298217755
σ_obs = 1.095440547542419
Task 30 finished at Fri  2 Oct 03:44:11 CEST 2026
