Job 25525829, task 14 running on idun-03-32 at Fri  2 Oct 03:42:50 CEST 2026
Estimating parameters for scenario HL, replication r = 14
Iter     Function value   Gradient norm 
     0     2.112983e+00     1.784949e+00
 * time: 0.024120092391967773
     1     1.632700e+00     2.544453e-01
 * time: 0.8096461296081543
     2     1.581447e+00     5.292312e-02
 * time: 1.3327710628509521
     3     1.577389e+00     6.465911e-02
 * time: 1.862926959991455
     4     1.575535e+00     8.134143e-03
 * time: 2.3912971019744873
     5     1.575373e+00     8.845160e-03
 * time: 2.9185850620269775
     6     1.575121e+00     4.035039e-03
 * time: 3.448470115661621
     7     1.574816e+00     6.883554e-03
 * time: 9.257256031036377
     8     1.574739e+00     5.338379e-03
 * time: 9.633721113204956
     9     1.574570e+00     1.776444e-03
 * time: 10.008411169052124
    10     1.574142e+00     1.517093e-02
 * time: 11.118752002716064
    11     1.573973e+00     1.915250e-03
 * time: 11.950070142745972
    12     1.573921e+00     4.617964e-03
 * time: 12.688907146453857
    13     1.573883e+00     2.370422e-03
 * time: 13.424875020980835
    14     1.573870e+00     1.463479e-03
 * time: 14.172518014907837
    15     1.573854e+00     3.323113e-03
 * time: 15.240821123123169
    16     1.573722e+00     8.575787e-03
 * time: 16.24540114402771
    17     1.573489e+00     4.867545e-03
 * time: 16.9996440410614
    18     1.573404e+00     8.955218e-04
 * time: 17.828739166259766
    19     1.573388e+00     6.953239e-04
 * time: 18.578808069229126
    20     1.573367e+00     1.744740e-03
 * time: 19.34040594100952
    21     1.573351e+00     1.016078e-03
 * time: 20.09381413459778
    22     1.573345e+00     4.585928e-04
 * time: 20.854612112045288
    23     1.573342e+00     3.923927e-04
 * time: 21.676800966262817
    24     1.573339e+00     8.080335e-04
 * time: 22.43395209312439
    25     1.573339e+00     1.634781e-04
 * time: 23.195465087890625
    26     1.573339e+00     2.289627e-04
 * time: 23.968558073043823
    27     1.573338e+00     1.740529e-04
 * time: 24.962098121643066
    28     1.573338e+00     3.825589e-04
 * time: 25.775876998901367
    29     1.573330e+00     1.097670e-03
 * time: 26.775423049926758
    30     1.573326e+00     1.207161e-03
 * time: 27.269909143447876
    31     1.573324e+00     1.237649e-03
 * time: 27.761881113052368
    32     1.573318e+00     9.334464e-04
 * time: 28.259140968322754
    33     1.573312e+00     1.871391e-04
 * time: 28.825058937072754
    34     1.573304e+00     6.668906e-04
 * time: 29.327337980270386
    35     1.573303e+00     6.405589e-04
 * time: 29.82620096206665
    36     1.573301e+00     1.213780e-04
 * time: 30.58703899383545
    37     1.573301e+00     8.829216e-05
 * time: 31.355568170547485
    38     1.573301e+00     3.048176e-05
 * time: 32.16350793838501
    39     1.573301e+00     4.051431e-04
 * time: 33.41366696357727
    40     1.573300e+00     8.687573e-05
 * time: 34.17617416381836
    41     1.573300e+00     8.521216e-05
 * time: 34.67893695831299
    42     1.573299e+00     1.323503e-04
 * time: 35.49742913246155
    43     1.573299e+00     1.063208e-04
 * time: 35.988691091537476
    44     1.573299e+00     8.675768e-05
 * time: 36.73877501487732
    45     1.573299e+00     8.456181e-05
 * time: 37.49734306335449
    46     1.573299e+00     1.132300e-04
 * time: 38.24775815010071
    47     1.573299e+00     5.135112e-05
 * time: 38.7512321472168
    48     1.573299e+00     1.385333e-05
 * time: 39.24903416633606
 45.819168 seconds (68.07 M allocations: 15.422 GiB, 4.24% gc time, 25 lock conflicts, 32.59% compilation time)
 * Status: success

 * Candidate solution
    Final objective value:     1.573299e+00

 * Found with
    Algorithm:     BFGS

 * Convergence measures
    |x - x'|               = 1.05e-01 ≰ 1.0e-04
    |x - x'|/|x'|          = 1.65e-02 ≰ 0.0e+00
    |f(x) - f(x')|         = 3.34e-09 ≰ 0.0e+00
    |f(x) - f(x')|/|f(x')| = 2.12e-09 ≤ 1.0e-08
    |g(x)|                 = 1.39e-05 ≰ 1.0e-05

 * Work counters
    Seconds run:   39  (vs limit 14400)
    Iterations:    48
    f(x) calls:    142
    ∇f(x) calls:   142

ν_s = 0.5075437542966921
ν_t = 0.7178518612721312
r_t = 236.76030153320806
r_s = 93.55188184728999
σ = 3.662043222269749
β_obs = 0.9999999900005386
σ_obs = 0.8678101388998628
Task 14 finished at Fri  2 Oct 03:43:48 CEST 2026
