Job 25525828, task 21 running on idun-03-01 at Fri  2 Oct 03:42:50 CEST 2026
Estimating parameters for scenario HH, replication r = 21
Iter     Function value   Gradient norm 
     0     2.857885e+00     3.234337e+00
 * time: 0.024391889572143555
     1     1.805878e+00     1.412458e-01
 * time: 0.8447890281677246
     2     1.769315e+00     3.981939e-02
 * time: 1.3986449241638184
     3     1.768023e+00     1.927764e-02
 * time: 1.9498770236968994
     4     1.767709e+00     5.643256e-03
 * time: 2.4957189559936523
     5     1.767381e+00     3.753970e-03
 * time: 3.040940999984741
     6     1.767369e+00     2.355707e-03
 * time: 3.5856690406799316
     7     1.767180e+00     6.315379e-03
 * time: 4.503983020782471
     8     1.767118e+00     5.542763e-03
 * time: 13.937973022460938
     9     1.767048e+00     4.389936e-03
 * time: 14.303142070770264
    10     1.767011e+00     3.639379e-03
 * time: 14.666275978088379
    11     1.766939e+00     2.881096e-03
 * time: 15.402235984802246
    12     1.766931e+00     2.702122e-03
 * time: 15.776769876480103
    13     1.766907e+00     3.663416e-03
 * time: 16.14269495010376
    14     1.766486e+00     1.140477e-02
 * time: 17.9578640460968
    15     1.766260e+00     1.839866e-03
 * time: 18.845216989517212
    16     1.766181e+00     3.477603e-03
 * time: 28.84909200668335
    17     1.766114e+00     7.060349e-03
 * time: 40.43326497077942
    18     1.766114e+00     1.211312e-03
 * time: 158.96975898742676
    19     1.766112e+00     2.237333e-02
 * time: 173.3381199836731
    20     1.766112e+00     8.288098e-04
 * time: 184.79133796691895
    21     1.766111e+00     8.445656e-04
 * time: 196.54971194267273
    22     1.766111e+00     1.598912e-03
 * time: 264.30976486206055
    23     1.766111e+00     1.598092e-03
 * time: 287.1126458644867
293.867094 seconds (112.20 M allocations: 15.144 GiB, 0.91% gc time, 95 lock conflicts, 5.18% compilation time)
 * Status: success

 * Candidate solution
    Final objective value:     1.766111e+00

 * Found with
    Algorithm:     BFGS

 * Convergence measures
    |x - x'|               = 1.30e-05 ≤ 1.0e-04
    |x - x'|/|x'|          = 6.52e-06 ≰ 0.0e+00
    |f(x) - f(x')|         = 6.67e-09 ≰ 0.0e+00
    |f(x) - f(x')|/|f(x')| = 3.78e-09 ≤ 1.0e-08
    |g(x)|                 = 1.60e-03 ≰ 1.0e-05

 * Work counters
    Seconds run:   287  (vs limit 14400)
    Iterations:    23
    f(x) calls:    108
    ∇f(x) calls:   108

ν_s = 0.601587131414304
ν_t = 0.9731874383315097
r_t = 7.340248759459681
r_s = 0.8886542200591167
σ = 3.5951396524414947
β_obs = 0.9701528110138877
σ_obs = 1.1010910502748443
Task 21 finished at Fri  2 Oct 03:47:53 CEST 2026
