Job 25525879, task 10 running on idun-04-06 at Fri  2 Oct 03:43:20 CEST 2026
Estimating parameters for scenario LH, replication r = 10
Iter     Function value   Gradient norm 
     0     2.719580e+00     3.082423e+00
 * time: 0.025010108947753906
     1     1.757303e+00     1.642267e-01
 * time: 0.8904209136962891
     2     1.720129e+00     8.191905e-02
 * time: 1.4721639156341553
     3     1.712597e+00     3.921876e-02
 * time: 2.2534430027008057
     4     1.711004e+00     1.902216e-02
 * time: 2.829758882522583
     5     1.710258e+00     1.200550e-02
 * time: 3.4056499004364014
     6     1.710178e+00     2.186157e-03
 * time: 3.9816129207611084
     7     1.710132e+00     3.383691e-03
 * time: 4.751571893692017
     8     1.709930e+00     3.000669e-03
 * time: 5.5278520584106445
     9     1.709249e+00     5.663283e-03
 * time: 6.108633995056152
    10     1.709115e+00     2.366673e-03
 * time: 22.910036087036133
    11     1.709102e+00     6.516301e-01
 * time: 373.68117904663086
    12     1.709100e+00     4.322643e-01
 * time: 538.3426759243011
    13     1.709045e+00     2.422025e-01
 * time: 551.149514913559
    14     1.709038e+00     1.112123e-01
 * time: 566.2163450717926
    15     1.709026e+00     7.124472e-01
 * time: 584.4777250289917
    16     1.709024e+00     2.526201e-02
 * time: 606.9870569705963
    17     1.708879e+00     5.220449e-03
 * time: 632.895859003067
    18     1.708733e+00     1.018570e+00
 * time: 655.74205493927
    19     1.708733e+00     2.198661e-01
 * time: 713.6227169036865
    20     1.708729e+00     2.505009e-03
 * time: 728.8269069194794
    21     1.708729e+00     6.769304e-02
 * time: 751.5258409976959
    22     1.708728e+00     1.191657e-01
 * time: 774.8923349380493
    23     1.708727e+00     1.519464e+00
 * time: 813.6266648769379
    24     1.708728e+00     9.888873e-01
 * time: 836.0039548873901
    25     1.708726e+00     8.575494e-03
 * time: 858.8001110553741
    26     1.708723e+00     8.611310e-02
 * time: 893.68128490448
    27     1.708721e+00     4.893835e-01
 * time: 909.2046840190887
    28     1.708713e+00     1.782254e-03
 * time: 929.6433560848236
    29     1.708711e+00     1.051311e-01
 * time: 944.8547151088715
    30     1.708662e+00     2.697083e-01
 * time: 968.0512540340424
    31     1.708629e+00     1.343373e+00
 * time: 988.6646220684052
    32     1.708628e+00     7.177534e-03
 * time: 1008.2057859897614
    33     1.708614e+00     4.304087e-02
 * time: 1027.772381067276
    34     1.708612e+00     5.249924e-01
 * time: 1051.349452972412
    35     1.708607e+00     1.616823e-02
 * time: 1069.5558559894562
    36     1.708607e+00     1.622554e-01
 * time: 1091.4634280204773
    37     1.708607e+00     4.890110e-03
 * time: 1114.385824918747
    38     1.708607e+00     8.215374e-01
 * time: 1137.436753988266
    39     1.708606e+00     2.464275e-04
 * time: 1152.8301799297333
    40     1.708606e+00     5.483779e-01
 * time: 1186.2309288978577
    41     1.708606e+00     2.926923e-02
 * time: 1247.1373159885406
    42     1.708606e+00     1.476902e-03
 * time: 1262.262582063675
    43     1.708606e+00     2.137613e-02
 * time: 1280.9859418869019
    44     1.708606e+00     6.253209e-02
 * time: 1303.702183008194
    45     1.708606e+00     1.108668e-01
 * time: 1323.7863030433655
    46     1.708604e+00     1.860467e-03
 * time: 1356.7203540802002
    47     1.708602e+00     1.220498e-02
 * time: 1384.5831890106201
    48     1.708602e+00     5.696612e-01
 * time: 1471.830372095108
    49     1.708599e+00     8.190221e-04
 * time: 1499.028203010559
    50     1.708599e+00     3.480772e-02
 * time: 1514.2294619083405
    51     1.708599e+00     1.654921e-02
 * time: 1525.8704528808594
    52     1.708599e+00     9.387326e-03
 * time: 1548.2115049362183
    53     1.708598e+00     3.926082e-03
 * time: 1575.5078389644623
    54     1.708598e+00     9.896222e-03
 * time: 1605.5156269073486
    55     1.708598e+00     9.480178e-02
 * time: 1720.0713000297546
    56     1.708598e+00     1.344042e-01
 * time: 1806.846076965332
    57     1.708598e+00     4.357110e-02
 * time: 1845.0500140190125
    58     1.708598e+00     1.875774e-01
 * time: 1893.712786912918
    59     1.708598e+00     2.274183e-01
 * time: 1907.24018907547
    60     1.708598e+00     2.662868e-01
 * time: 2017.144994020462
2024.105981 seconds (508.74 M allocations: 52.312 GiB, 0.52% gc time, 152 lock conflicts, 0.78% compilation time: <1% of which was recompilation)
 * Status: success

 * Candidate solution
    Final objective value:     1.708598e+00

 * Found with
    Algorithm:     BFGS

 * Convergence measures
    |x - x'|               = 1.27e-03 ≰ 1.0e-04
    |x - x'|/|x'|          = 5.36e-04 ≰ 0.0e+00
    |f(x) - f(x')|         = 1.04e-08 ≰ 0.0e+00
    |f(x) - f(x')|/|f(x')| = 6.10e-09 ≤ 1.0e-08
    |g(x)|                 = 2.66e-01 ≰ 1.0e-05

 * Work counters
    Seconds run:   2017  (vs limit 14400)
    Iterations:    60
    f(x) calls:    328
    ∇f(x) calls:   328

ν_s = 0.5437437046746745
ν_t = 1.5779522133678974
r_t = 10.615481098265057
r_s = 6.4772745327358905
σ = 4.285372863560296
β_obs = 0.17051822972455163
σ_obs = 1.0771404098048416
Task 10 finished at Fri  2 Oct 04:17:16 CEST 2026
