Job 25525879, task 1 running on idun-03-03 at Fri  2 Oct 03:43:20 CEST 2026
Estimating parameters for scenario LH, replication r = 1
Iter     Function value   Gradient norm 
     0     2.700363e+00     3.042727e+00
 * time: 0.02371811866760254
     1     1.755185e+00     1.675245e-01
 * time: 0.878669023513794
     2     1.717952e+00     7.911201e-02
 * time: 1.4800910949707031
     3     1.709460e+00     4.424823e-02
 * time: 2.3006591796875
     4     1.708105e+00     1.547497e-02
 * time: 2.905506134033203
     5     1.707140e+00     2.463286e-03
 * time: 3.512151002883911
     6     1.707087e+00     7.283907e-03
 * time: 4.313093185424805
     7     1.706896e+00     6.307747e-03
 * time: 5.114893198013306
     8     1.706065e+00     6.990753e-03
 * time: 6.082456111907959
     9     1.705877e+00     9.615458e-03
 * time: 14.032047986984253
    10     1.705836e+00     2.946399e-03
 * time: 24.214644193649292
    11     1.705797e+00     1.955139e-03
 * time: 24.578063011169434
    12     1.705670e+00     4.178332e-03
 * time: 34.3254029750824
    13     1.705494e+00     3.155451e-03
 * time: 34.94120717048645
    14     1.705411e+00     4.109032e-03
 * time: 35.43879318237305
    15     1.705300e+00     5.038002e-03
 * time: 35.921454191207886
    16     1.705226e+00     2.477817e-03
 * time: 36.65644097328186
    17     1.705129e+00     3.422272e-03
 * time: 37.610085010528564
    18     1.705068e+00     1.002260e-03
 * time: 38.54124402999878
    19     1.705056e+00     1.162010e-03
 * time: 45.96423316001892
    20     1.705025e+00     3.691268e-02
 * time: 62.72872519493103
    21     1.705023e+00     2.185288e-02
 * time: 118.76783108711243
    22     1.705020e+00     9.705880e-02
 * time: 134.94124817848206
    23     1.705019e+00     9.081409e-02
 * time: 183.6504201889038
    24     1.705017e+00     3.083873e-02
 * time: 425.21984815597534
    25     1.705017e+00     3.977917e-02
 * time: 457.17913603782654
    26     1.705016e+00     1.075200e-03
 * time: 489.720685005188
    27     1.705014e+00     3.563781e-02
 * time: 511.88876509666443
    28     1.705005e+00     1.948870e-01
 * time: 550.4028820991516
    29     1.705002e+00     4.874395e-01
 * time: 562.4440519809723
    30     1.705000e+00     6.445031e-02
 * time: 701.8093690872192
    31     1.704977e+00     6.899651e-01
 * time: 733.7520480155945
    32     1.704972e+00     3.756813e-03
 * time: 820.7828240394592
    33     1.704972e+00     9.845027e-02
 * time: 867.3367371559143
    34     1.704969e+00     4.350205e-02
 * time: 988.1748101711273
994.823308 seconds (269.84 M allocations: 32.674 GiB, 0.78% gc time, 76 lock conflicts, 1.53% compilation time)
 * Status: success

 * Candidate solution
    Final objective value:     1.704969e+00

 * Found with
    Algorithm:     BFGS

 * Convergence measures
    |x - x'|               = 6.12e-07 ≤ 1.0e-04
    |x - x'|/|x'|          = 3.20e-07 ≰ 0.0e+00
    |f(x) - f(x')|         = 2.92e-06 ≰ 0.0e+00
    |f(x) - f(x')|/|f(x')| = 1.72e-06 ≰ 1.0e-08
    |g(x)|                 = 4.35e-02 ≰ 1.0e-05

 * Work counters
    Seconds run:   988  (vs limit 14400)
    Iterations:    34
    f(x) calls:    189
    ∇f(x) calls:   189

ν_s = 0.6275976780410244
ν_t = 2.5628489935340983
r_t = 6.789835092918883
r_s = 1.6433828117090266
σ = 4.3672013167661845
β_obs = 0.2373984335830518
σ_obs = 1.0714095441784297
Task 1 finished at Fri  2 Oct 04:00:06 CEST 2026
