Job 25525696, task 13 running on idun-05-34 at Fri  2 Oct 02:48:49 CEST 2026
Estimating parameters for replication r = 13
Iter     Function value   Gradient norm 
     0     2.024072e+00     1.753390e+00
 * time: 0.020019054412841797
     1     1.593562e+00     2.660398e-01
 * time: 0.7201621532440186
     2     1.546097e+00     5.402075e-02
 * time: 1.2036991119384766
     3     1.538490e+00     1.173066e-01
 * time: 1.6905009746551514
     4     1.531156e+00     3.758592e-02
 * time: 2.1780829429626465
     5     1.528957e+00     2.954144e-02
 * time: 2.6549160480499268
     6     1.527862e+00     1.175122e-02
 * time: 3.1318769454956055
     7     1.527786e+00     3.353036e-03
 * time: 3.614941120147705
     8     1.527534e+00     5.715891e-03
 * time: 4.417886018753052
     9     1.527280e+00     1.845207e-03
 * time: 4.9039411544799805
    10     1.527263e+00     1.726321e-03
 * time: 5.377594947814941
    11     1.527249e+00     2.184890e-03
 * time: 5.850307941436768
    12     1.527191e+00     7.885433e-03
 * time: 6.483756065368652
    13     1.526951e+00     4.881377e-03
 * time: 6.95622706413269
    14     1.526775e+00     4.900106e-03
 * time: 7.500363111495972
    15     1.526706e+00     5.477164e-03
 * time: 7.817831039428711
    16     1.526627e+00     7.576455e-02
 * time: 13.803786993026733
    17     1.526625e+00     3.083438e-03
 * time: 32.26853704452515
    18     1.526623e+00     2.979962e-02
 * time: 39.817872047424316
    19     1.526624e+00     8.780830e-04
 * time: 42.58346199989319
    20     1.526623e+00     1.062886e-02
 * time: 47.53585696220398
    21     1.526623e+00     3.604256e-04
 * time: 54.447776079177856
 60.648784 seconds (59.32 M allocations: 7.637 GiB, 2.37% gc time, 6 lock conflicts, 25.55% compilation time)
 * Status: success

 * Candidate solution
    Final objective value:     1.526623e+00

 * Found with
    Algorithm:     BFGS

 * Convergence measures
    |x - x'|               = 6.26e-06 ≤ 1.0e-04
    |x - x'|/|x'|          = 2.93e-06 ≰ 0.0e+00
    |f(x) - f(x')|         = 3.51e-10 ≰ 0.0e+00
    |f(x) - f(x')|/|f(x')| = 2.30e-10 ≤ 1.0e-08
    |g(x)|                 = 3.60e-04 ≰ 1.0e-05

 * Work counters
    Seconds run:   54  (vs limit 14400)
    Iterations:    21
    f(x) calls:    70
    ∇f(x) calls:   70

ν_s = 0.8700668066436823
ν_t = 1.506742996421654
r_t = 8.51301958535602
r_s = 0.7150954432853894
σ = 5.237584775521254
β_obs = 0.19100259222215266
σ_obs = 0.8614143435187392
Task 13 finished at Fri  2 Oct 02:49:58 CEST 2026
