Job 25525828, task 8 running on idun-05-35 at Fri  2 Oct 03:42:50 CEST 2026
Estimating parameters for scenario HH, replication r = 8
Iter     Function value   Gradient norm 
     0     2.820457e+00     3.179629e+00
 * time: 0.02056288719177246
     1     1.795535e+00     1.460910e-01
 * time: 0.7657780647277832
     2     1.761404e+00     4.111097e-02
 * time: 1.3587288856506348
     3     1.759740e+00     1.527372e-02
 * time: 1.885504961013794
     4     1.759472e+00     7.423321e-03
 * time: 2.4016480445861816
     5     1.759224e+00     2.247994e-03
 * time: 2.901447057723999
     6     1.759185e+00     5.214902e-03
 * time: 3.582406997680664
     7     1.758708e+00     1.015558e-02
 * time: 4.297662973403931
     8     1.758555e+00     9.498004e-03
 * time: 14.031193971633911
     9     1.758371e+00     7.205848e-03
 * time: 31.60470485687256
    10     1.758323e+00     4.100603e-03
 * time: 31.94640803337097
    11     1.758154e+00     1.689890e-02
 * time: 32.50355887413025
    12     1.757411e+00     1.022090e-02
 * time: 33.65698003768921
    13     1.757132e+00     6.104284e-03
 * time: 41.05257487297058
    14     1.757045e+00     5.408586e-03
 * time: 41.805678844451904
    15     1.756903e+00     6.720188e-03
 * time: 42.54411196708679
    16     1.756849e+00     1.140762e-03
 * time: 48.831587076187134
    17     1.756840e+00     6.333463e-04
 * time: 56.12345290184021
    18     1.756833e+00     3.227084e-03
 * time: 71.97228789329529
    19     1.756832e+00     3.664986e-03
 * time: 96.92689490318298
    20     1.756834e+00     7.390276e-04
 * time: 158.47470593452454
    21     1.756830e+00     6.342642e-04
 * time: 173.39194893836975
    22     1.756830e+00     8.621562e-03
 * time: 192.51444602012634
    23     1.756830e+00     2.607427e-03
 * time: 207.45353198051453
    24     1.756829e+00     6.809811e-04
 * time: 228.84683394432068
    25     1.756829e+00     5.588211e-03
 * time: 246.89892196655273
    26     1.756828e+00     4.691660e-04
 * time: 264.2476899623871
    27     1.756828e+00     1.009585e-03
 * time: 278.36259388923645
284.786355 seconds (114.72 M allocations: 14.466 GiB, 1.37% gc time, 59 lock conflicts, 5.60% compilation time)
 * Status: success

 * Candidate solution
    Final objective value:     1.756828e+00

 * Found with
    Algorithm:     BFGS

 * Convergence measures
    |x - x'|               = 8.01e-05 ≤ 1.0e-04
    |x - x'|/|x'|          = 2.72e-05 ≰ 0.0e+00
    |f(x) - f(x')|         = 2.04e-09 ≰ 0.0e+00
    |f(x) - f(x')|/|f(x')| = 1.16e-09 ≤ 1.0e-08
    |g(x)|                 = 1.01e-03 ≰ 1.0e-05

 * Work counters
    Seconds run:   278  (vs limit 14400)
    Iterations:    27
    f(x) calls:    99
    ∇f(x) calls:   99

ν_s = 0.6304880692869281
ν_t = 0.9719952774193886
r_t = 11.655454955410333
r_s = 1.5341433824405657
σ = 3.625008071145369
β_obs = 0.9997090620825358
σ_obs = 1.096333671655797
Task 8 finished at Fri  2 Oct 03:47:43 CEST 2026
