Job 25525828, task 15 running on idun-05-34 at Fri  2 Oct 03:42:50 CEST 2026
Estimating parameters for scenario HH, replication r = 15
Iter     Function value   Gradient norm 
     0     2.779069e+00     3.110876e+00
 * time: 0.020556926727294922
     1     1.787026e+00     1.546680e-01
 * time: 0.7089970111846924
     2     1.751714e+00     3.796530e-02
 * time: 1.1772630214691162
     3     1.750263e+00     9.401166e-03
 * time: 1.643061876296997
     4     1.749998e+00     1.143577e-02
 * time: 2.2646820545196533
     5     1.749902e+00     2.364067e-03
 * time: 2.733078956604004
     6     1.749878e+00     5.490989e-03
 * time: 3.202000856399536
     7     1.749577e+00     2.439234e-03
 * time: 3.83610200881958
     8     1.749513e+00     2.015599e-03
 * time: 4.152995824813843
     9     1.749354e+00     3.238691e-03
 * time: 5.100832939147949
    10     1.749239e+00     3.878542e-03
 * time: 13.864459991455078
    11     1.748910e+00     9.400975e-03
 * time: 23.084190845489502
    12     1.748362e+00     5.552109e-03
 * time: 30.064031839370728
    13     1.748096e+00     2.429117e-03
 * time: 30.9603488445282
    14     1.747988e+00     6.093667e-01
 * time: 38.87367391586304
    15     1.747988e+00     7.250735e-02
 * time: 70.43568682670593
    16     1.747984e+00     6.984761e-02
 * time: 126.52550888061523
    17     1.747981e+00     4.096324e-01
 * time: 200.24982285499573
206.445583 seconds (99.06 M allocations: 10.871 GiB, 1.01% gc time, 22 lock conflicts, 7.41% compilation time)
 * Status: success

 * Candidate solution
    Final objective value:     1.747981e+00

 * Found with
    Algorithm:     BFGS

 * Convergence measures
    |x - x'|               = 7.18e-05 ≤ 1.0e-04
    |x - x'|/|x'|          = 3.76e-05 ≰ 0.0e+00
    |f(x) - f(x')|         = 2.65e-06 ≰ 0.0e+00
    |f(x) - f(x')|/|f(x')| = 1.52e-06 ≰ 1.0e-08
    |g(x)|                 = 4.10e-01 ≰ 1.0e-05

 * Work counters
    Seconds run:   200  (vs limit 14400)
    Iterations:    17
    f(x) calls:    72
    ∇f(x) calls:   72

ν_s = 0.6581512465606627
ν_t = 1.0297389441936002
r_t = 6.761028820313525
r_s = 0.736283950040565
σ = 3.559481020335162
β_obs = 0.9765318336783424
σ_obs = 1.0867284373988537
Task 15 finished at Fri  2 Oct 03:46:26 CEST 2026
