Job 25525829, task 28 running on idun-03-03 at Fri  2 Oct 03:43:20 CEST 2026
Estimating parameters for scenario HL, replication r = 28
Iter     Function value   Gradient norm 
     0     1.999691e+00     1.587444e+00
 * time: 0.024497032165527344
     1     1.597873e+00     2.694234e-01
 * time: 0.8536810874938965
     2     1.545482e+00     5.450685e-02
 * time: 1.4485399723052979
     3     1.541366e+00     6.230394e-02
 * time: 2.059007167816162
     4     1.539332e+00     9.337595e-03
 * time: 2.664335012435913
     5     1.539129e+00     1.102496e-02
 * time: 3.267488956451416
     6     1.538893e+00     2.423138e-03
 * time: 3.873616933822632
     7     1.538840e+00     9.893961e-03
 * time: 4.673397064208984
     8     1.538548e+00     2.816801e-03
 * time: 5.749485969543457
     9     1.538499e+00     1.946747e-03
 * time: 6.3577611446380615
    10     1.538461e+00     3.880955e-03
 * time: 6.944923162460327
    11     1.538235e+00     1.758823e-02
 * time: 7.629024028778076
    12     1.538006e+00     2.127931e-02
 * time: 15.724082946777344
    13     1.537825e+00     1.386315e-03
 * time: 16.510147094726562
    14     1.537782e+00     3.204530e-03
 * time: 17.474077939987183
    15     1.537774e+00     1.864193e-03
 * time: 26.210185050964355
    16     1.537760e+00     2.641822e-01
 * time: 55.783900022506714
    17     1.537758e+00     1.867424e-01
 * time: 105.3166241645813
    18     1.537756e+00     9.827725e-02
 * time: 187.09040808677673
    19     1.537755e+00     4.071993e-02
 * time: 197.9515769481659
204.523549 seconds (92.22 M allocations: 10.954 GiB, 0.92% gc time, 49 lock conflicts, 7.31% compilation time)
 * Status: success

 * Candidate solution
    Final objective value:     1.537755e+00

 * Found with
    Algorithm:     BFGS

 * Convergence measures
    |x - x'|               = 2.66e-06 ≤ 1.0e-04
    |x - x'|/|x'|          = 1.62e-06 ≰ 0.0e+00
    |f(x) - f(x')|         = 7.39e-07 ≰ 0.0e+00
    |f(x) - f(x')|/|f(x')| = 4.80e-07 ≰ 1.0e-08
    |g(x)|                 = 4.07e-02 ≰ 1.0e-05

 * Work counters
    Seconds run:   198  (vs limit 14400)
    Iterations:    19
    f(x) calls:    77
    ∇f(x) calls:   77

ν_s = 0.5783930392379764
ν_t = 0.9469522532225173
r_t = 5.166813802848362
r_s = 0.4958319348310514
σ = 3.5212167860025176
β_obs = 0.9785593243401838
σ_obs = 0.8359205783016554
Task 28 finished at Fri  2 Oct 03:46:56 CEST 2026
