Job 25525829, task 16 running on idun-04-33 at Fri  2 Oct 03:42:50 CEST 2026
Estimating parameters for scenario HL, replication r = 16
Iter     Function value   Gradient norm 
     0     2.055818e+00     1.682421e+00
 * time: 0.023993968963623047
     1     1.615949e+00     2.625308e-01
 * time: 0.8404519557952881
     2     1.563840e+00     5.293832e-02
 * time: 1.3897960186004639
     3     1.559717e+00     6.392694e-02
 * time: 1.9458730220794678
     4     1.557676e+00     1.139985e-02
 * time: 2.5035271644592285
     5     1.557311e+00     1.406765e-02
 * time: 3.057098150253296
     6     1.556984e+00     4.335951e-03
 * time: 3.6069459915161133
     7     1.556832e+00     1.559730e-02
 * time: 4.336295127868652
     8     1.556317e+00     1.155360e-02
 * time: 4.8904149532318115
     9     1.556249e+00     9.409019e-03
 * time: 5.267092943191528
    10     1.556100e+00     1.114509e-02
 * time: 5.830510139465332
    11     1.555052e+00     6.481822e-03
 * time: 16.938603162765503
    12     1.555020e+00     1.717525e-03
 * time: 17.530534982681274
    13     1.555010e+00     2.122745e-03
 * time: 18.39220094680786
    14     1.554927e+00     5.501807e-03
 * time: 19.61532211303711
    15     1.554865e+00     1.861334e-03
 * time: 20.624272108078003
    16     1.554846e+00     1.993874e-03
 * time: 21.571786165237427
    17     1.554795e+00     9.889860e-03
 * time: 22.763370990753174
    18     1.554540e+00     4.498138e-03
 * time: 23.820961952209473
    19     1.554452e+00     4.224026e-03
 * time: 24.782034158706665
    20     1.554423e+00     1.634654e-03
 * time: 25.639188051223755
    21     1.554390e+00     2.660884e-03
 * time: 26.515550136566162
    22     1.554371e+00     1.545990e-03
 * time: 27.388578176498413
    23     1.554358e+00     1.498650e-03
 * time: 28.29798412322998
    24     1.554349e+00     6.420333e-04
 * time: 29.238742113113403
    25     1.554340e+00     1.387376e-03
 * time: 30.06518816947937
    26     1.554338e+00     1.006291e-03
 * time: 30.633751153945923
    27     1.554335e+00     4.679728e-04
 * time: 31.23595905303955
    28     1.554334e+00     4.755696e-04
 * time: 32.11894202232361
    29     1.554333e+00     3.416892e-04
 * time: 32.78384494781494
    30     1.554332e+00     1.932836e-04
 * time: 33.34179997444153
    31     1.554332e+00     2.511145e-04
 * time: 33.92644000053406
    32     1.554331e+00     3.346192e-04
 * time: 34.8861939907074
    33     1.554331e+00     1.500698e-04
 * time: 35.69192695617676
    34     1.554331e+00     2.047693e-04
 * time: 36.19569706916809
    35     1.554330e+00     8.995639e-05
 * time: 37.03783416748047
    36     1.554330e+00     8.802718e-05
 * time: 37.804978132247925
    37     1.554330e+00     2.585484e-05
 * time: 38.31950616836548
    38     1.554330e+00     3.305623e-05
 * time: 38.83940815925598
    39     1.554330e+00     5.423569e-06
 * time: 39.621644020080566
 46.085100 seconds (62.62 M allocations: 12.400 GiB, 3.99% gc time, 122 lock conflicts, 31.65% compilation time)
 * Status: success

 * Candidate solution
    Final objective value:     1.554330e+00

 * Found with
    Algorithm:     BFGS

 * Convergence measures
    |x - x'|               = 6.41e-02 ≰ 1.0e-04
    |x - x'|/|x'|          = 6.71e-03 ≰ 0.0e+00
    |f(x) - f(x')|         = 3.52e-09 ≰ 0.0e+00
    |f(x) - f(x')|/|f(x')| = 2.26e-09 ≤ 1.0e-08
    |g(x)|                 = 5.42e-06 ≤ 1.0e-05

 * Work counters
    Seconds run:   40  (vs limit 14400)
    Iterations:    39
    f(x) calls:    113
    ∇f(x) calls:   113

ν_s = 0.5424696035236704
ν_t = 0.6823641308373349
r_t = 140.13230080135486
r_s = 21.014271040112817
σ = 3.7621873714879683
β_obs = 0.9999999999992853
σ_obs = 0.8508592063550766
Task 16 finished at Fri  2 Oct 03:43:48 CEST 2026
