Job 25525879, task 29 running on idun-04-27 at Fri  2 Oct 03:43:20 CEST 2026
Estimating parameters for scenario LH, replication r = 29
Iter     Function value   Gradient norm 
     0     2.736921e+00     3.084429e+00
 * time: 0.023588895797729492
     1     1.765051e+00     1.607820e-01
 * time: 0.8181889057159424
     2     1.724992e+00     8.790272e-02
 * time: 1.3465991020202637
     3     1.717391e+00     4.168726e-02
 * time: 1.880155086517334
     4     1.715413e+00     2.060671e-02
 * time: 2.407320022583008
     5     1.714501e+00     1.531875e-02
 * time: 2.927496910095215
     6     1.714377e+00     2.023062e-03
 * time: 3.446521043777466
     7     1.714350e+00     2.509075e-03
 * time: 3.9753360748291016
     8     1.714269e+00     2.087325e-03
 * time: 4.67834210395813
     9     1.713829e+00     5.024360e-03
 * time: 5.4577720165252686
    10     1.713771e+00     1.864478e-03
 * time: 5.980765104293823
    11     1.713750e+00     2.568184e-03
 * time: 6.504167079925537
    12     1.713703e+00     2.501179e-03
 * time: 7.275136947631836
    13     1.713638e+00     6.456079e-03
 * time: 16.9927179813385
    14     1.713548e+00     3.945440e-03
 * time: 17.487787008285522
    15     1.713505e+00     1.978078e-03
 * time: 18.5500009059906
    16     1.713423e+00     1.804831e-03
 * time: 19.041117906570435
    17     1.713376e+00     3.372467e-03
 * time: 19.799796104431152
    18     1.713331e+00     1.572255e-03
 * time: 20.291666984558105
    19     1.713308e+00     3.372978e-03
 * time: 21.052212953567505
    20     1.713285e+00     2.888634e-03
 * time: 23.67751407623291
    21     1.713264e+00     4.897231e-04
 * time: 25.50202989578247
    22     1.713262e+00     5.158893e-03
 * time: 39.65601110458374
    23     1.713263e+00     3.500819e-04
 * time: 43.490232944488525
    24     1.713262e+00     1.473142e-04
 * time: 46.31209993362427
    25     1.713262e+00     2.497981e-04
 * time: 56.136861085891724
    26     1.713255e+00     1.432392e-03
 * time: 72.94168305397034
    27     1.713250e+00     1.714263e+00
 * time: 118.76943802833557
    28     1.713242e+00     5.336691e-02
 * time: 129.27477312088013
    29     1.713233e+00     3.328618e-03
 * time: 189.40645599365234
    30     1.713233e+00     3.408557e-02
 * time: 218.67869305610657
    31     1.713232e+00     1.326057e-02
 * time: 241.5003559589386
    32     1.713232e+00     7.976255e-04
 * time: 263.3022520542145
    33     1.713232e+00     6.246697e-03
 * time: 282.1351399421692
    34     1.713231e+00     3.351283e-02
 * time: 432.4946050643921
    35     1.713232e+00     3.465853e-03
 * time: 467.4383690357208
    36     1.713227e+00     3.640667e-04
 * time: 485.4804871082306
    37     1.713226e+00     1.746840e+00
 * time: 526.2554550170898
    38     1.713225e+00     3.781826e-03
 * time: 541.4262449741364
    39     1.713225e+00     1.798591e-03
 * time: 555.489648103714
    40     1.713225e+00     9.981747e-03
 * time: 570.766382932663
    41     1.713225e+00     1.978981e-02
 * time: 593.4852731227875
    42     1.713225e+00     3.865551e-01
 * time: 617.1710360050201
    43     1.713225e+00     1.775878e-02
 * time: 639.2334389686584
    44     1.713225e+00     8.119510e-03
 * time: 653.7789719104767
    45     1.713225e+00     7.942636e-03
 * time: 673.7647230625153
    46     1.713225e+00     3.014804e-03
 * time: 689.0463728904724
    47     1.713225e+00     7.168903e-02
 * time: 707.153736114502
    48     1.713225e+00     5.893316e-03
 * time: 721.656683921814
    49     1.713225e+00     4.846015e-03
 * time: 750.9896280765533
    50     1.713224e+00     3.998645e-04
 * time: 791.6567289829254
    51     1.713224e+00     1.276148e-03
 * time: 814.927118062973
    52     1.713223e+00     1.161298e-02
 * time: 882.540689945221
    53     1.713223e+00     8.523248e-02
 * time: 897.5469930171967
    54     1.713223e+00     5.982920e-03
 * time: 924.8570148944855
    55     1.713223e+00     2.476917e-02
 * time: 936.799567937851
    56     1.713223e+00     5.373031e-02
 * time: 959.6142790317535
    57     1.713223e+00     6.636174e-03
 * time: 975.0820519924164
    58     1.713223e+00     8.593871e-03
 * time: 990.0595309734344
    59     1.713223e+00     6.942713e-03
 * time: 1005.5987620353699
    60     1.713223e+00     2.264571e-02
 * time: 1021.208086013794
    61     1.713222e+00     3.411930e-03
 * time: 1036.3968479633331
    62     1.713223e+00     9.943306e-05
 * time: 1051.5352020263672
    63     1.713223e+00     3.903588e-03
 * time: 1072.363060951233
    64     1.713223e+00     2.536543e-02
 * time: 1100.7262349128723
    65     1.713223e+00     1.210949e-02
 * time: 1116.0168290138245
1122.508716 seconds (307.09 M allocations: 34.616 GiB, 0.52% gc time, 40 lock conflicts, 1.32% compilation time)
 * Status: success

 * Candidate solution
    Final objective value:     1.713223e+00

 * Found with
    Algorithm:     BFGS

 * Convergence measures
    |x - x'|               = 8.21e-05 ≤ 1.0e-04
    |x - x'|/|x'|          = 3.49e-05 ≰ 0.0e+00
    |f(x) - f(x')|         = 5.14e-08 ≰ 0.0e+00
    |f(x) - f(x')|/|f(x')| = 3.00e-08 ≰ 1.0e-08
    |g(x)|                 = 1.21e-02 ≰ 1.0e-05

 * Work counters
    Seconds run:   1116  (vs limit 14400)
    Iterations:    65
    f(x) calls:    238
    ∇f(x) calls:   238

ν_s = 0.6658782285739856
ν_t = 1.582907731805898
r_t = 10.496316401250072
r_s = 1.4200358487834053
σ = 4.856088128777765
β_obs = 0.24257585263821835
σ_obs = 1.0745023012702228
Task 29 finished at Fri  2 Oct 04:02:13 CEST 2026
