Job 25525879, task 12 running on idun-04-06 at Fri  2 Oct 03:43:20 CEST 2026
Estimating parameters for scenario LH, replication r = 12
Iter     Function value   Gradient norm 
     0     2.730601e+00     3.101986e+00
 * time: 0.02540898323059082
     1     1.758590e+00     1.593353e-01
 * time: 0.8781180381774902
     2     1.727073e+00     7.201461e-02
 * time: 1.4678280353546143
     3     1.719332e+00     2.510024e-02
 * time: 2.2354629039764404
     4     1.718499e+00     1.853815e-02
 * time: 2.816175937652588
     5     1.717948e+00     3.716252e-03
 * time: 3.3928160667419434
     6     1.717882e+00     3.124644e-03
 * time: 3.956173896789551
     7     1.717859e+00     3.326675e-03
 * time: 4.530083894729614
     8     1.717385e+00     2.015022e-03
 * time: 12.130445003509521
     9     1.716943e+00     4.413293e-03
 * time: 12.773778915405273
    10     1.716881e+00     2.099001e-03
 * time: 21.099956035614014
    11     1.716847e+00     2.514966e-02
 * time: 66.18059396743774
    12     1.716845e+00     1.058118e+00
 * time: 111.09996390342712
    13     1.716822e+00     5.961188e-02
 * time: 130.74270796775818
    14     1.716803e+00     8.455451e-02
 * time: 217.4462571144104
    15     1.716783e+00     8.878128e-03
 * time: 252.60770511627197
    16     1.716684e+00     4.493740e-02
 * time: 279.5903580188751
    17     1.716476e+00     3.244689e-02
 * time: 303.5645890235901
    18     1.716433e+00     1.139191e-01
 * time: 339.1787340641022
    19     1.716406e+00     3.521128e-03
 * time: 360.0872321128845
    20     1.716405e+00     1.183515e+00
 * time: 403.0512249469757
    21     1.716396e+00     2.349908e-01
 * time: 433.86034512519836
    22     1.716389e+00     1.095202e-01
 * time: 479.1510410308838
    23     1.716389e+00     1.469368e-02
 * time: 567.1169240474701
    24     1.716387e+00     4.980665e-01
 * time: 598.6398429870605
    25     1.716388e+00     3.826947e-02
 * time: 620.9872150421143
    26     1.716384e+00     5.504236e-01
 * time: 642.2585120201111
    27     1.716383e+00     1.457637e+00
 * time: 739.9680919647217
    28     1.716380e+00     3.420462e-01
 * time: 761.7956280708313
    29     1.716291e+00     2.491618e-01
 * time: 794.5286331176758
    30     1.716223e+00     1.628437e-01
 * time: 820.9389979839325
    31     1.716191e+00     9.976894e-01
 * time: 834.7674119472504
    32     1.716185e+00     6.439618e-01
 * time: 874.3623459339142
    33     1.716179e+00     5.764885e-01
 * time: 889.9578409194946
    34     1.716177e+00     1.271286e-01
 * time: 976.6168570518494
    35     1.716178e+00     4.620503e-01
 * time: 1012.7500169277191
    36     1.716176e+00     5.431724e-02
 * time: 1028.2777268886566
    37     1.716176e+00     1.977538e+00
 * time: 1262.5680038928986
    38     1.716177e+00     1.255008e+00
 * time: 1321.5711300373077
    39     1.716177e+00     9.907601e-02
 * time: 1345.1013350486755
    40     1.716175e+00     5.472281e-01
 * time: 1367.300982952118
    41     1.716175e+00     1.796309e-01
 * time: 1390.1292099952698
    42     1.716175e+00     2.446608e-02
 * time: 1533.0064339637756
    43     1.716174e+00     7.082695e-02
 * time: 1573.4584939479828
    44     1.716174e+00     1.594157e+00
 * time: 1665.5264539718628
    45     1.716174e+00     8.754679e-01
 * time: 1733.6674649715424
1740.548738 seconds (444.13 M allocations: 46.145 GiB, 0.47% gc time, 219 lock conflicts, 0.89% compilation time)
 * Status: success

 * Candidate solution
    Final objective value:     1.716174e+00

 * Found with
    Algorithm:     BFGS

 * Convergence measures
    |x - x'|               = 4.89e-05 ≤ 1.0e-04
    |x - x'|/|x'|          = 2.92e-05 ≰ 0.0e+00
    |f(x) - f(x')|         = 8.54e-08 ≰ 0.0e+00
    |f(x) - f(x')|/|f(x')| = 4.97e-08 ≰ 1.0e-08
    |g(x)|                 = 8.75e-01 ≰ 1.0e-05

 * Work counters
    Seconds run:   1734  (vs limit 14400)
    Iterations:    45
    f(x) calls:    292
    ∇f(x) calls:   292

ν_s = 0.4542970358642715
ν_t = 1.5420897920082572
r_t = 5.3432821773146655
r_s = 2.0565145003922645
σ = 3.827269746552627
β_obs = 0.03707008275470157
σ_obs = 1.0855402218142949
Task 12 finished at Fri  2 Oct 04:12:32 CEST 2026
