Job 25525879, task 22 running on idun-04-08 at Fri  2 Oct 03:43:20 CEST 2026
Estimating parameters for scenario LH, replication r = 22
Iter     Function value   Gradient norm 
     0     2.708568e+00     3.051922e+00
 * time: 0.024680137634277344
     1     1.758766e+00     1.668727e-01
 * time: 0.8652491569519043
     2     1.719337e+00     7.864124e-02
 * time: 1.4658479690551758
     3     1.712589e+00     3.432331e-02
 * time: 2.0833561420440674
     4     1.711394e+00     1.616819e-02
 * time: 2.70296311378479
     5     1.710776e+00     8.745481e-03
 * time: 3.3161020278930664
     6     1.710733e+00     1.673952e-03
 * time: 3.9228620529174805
     7     1.710704e+00     2.400737e-03
 * time: 4.744740962982178
     8     1.710094e+00     3.936846e-03
 * time: 5.958878993988037
     9     1.709791e+00     2.985184e-03
 * time: 12.057289123535156
    10     1.709782e+00     2.201441e-03
 * time: 12.586163997650146
    11     1.709738e+00     1.851403e-03
 * time: 12.943178176879883
    12     1.709716e+00     1.611816e-03
 * time: 23.929208040237427
    13     1.709686e+00     1.233411e-01
 * time: 36.40231800079346
    14     1.709686e+00     4.354637e-03
 * time: 56.04805612564087
    15     1.709672e+00     8.856384e-03
 * time: 64.76602506637573
    16     1.709657e+00     6.760602e-03
 * time: 79.45598196983337
    17     1.709566e+00     1.758634e-03
 * time: 96.37908506393433
    18     1.709545e+00     1.717849e-03
 * time: 125.94182205200195
    19     1.709531e+00     2.654185e-02
 * time: 151.53161811828613
    20     1.709524e+00     7.050624e-04
 * time: 180.70868110656738
    21     1.709525e+00     3.462581e-02
 * time: 275.06119298934937
    22     1.709527e+00     2.052233e-01
 * time: 510.01303815841675
    23     1.709528e+00     3.238243e-02
 * time: 536.6001441478729
    24     1.709503e+00     3.970872e-01
 * time: 550.2521810531616
    25     1.709504e+00     3.342920e-02
 * time: 576.3238880634308
    26     1.709501e+00     1.885225e-02
 * time: 593.3070740699768
    27     1.709501e+00     3.363966e-04
 * time: 759.0955281257629
    28     1.709496e+00     8.733361e-03
 * time: 977.399854183197
    29     1.709493e+00     5.294909e-01
 * time: 996.5904891490936
    30     1.709493e+00     7.803209e-04
 * time: 1027.8417129516602
    31     1.709492e+00     5.355926e-02
 * time: 1194.0619430541992
    32     1.709486e+00     7.434564e-01
 * time: 1209.2918231487274
    33     1.709462e+00     4.223837e-02
 * time: 1229.4231221675873
    34     1.709382e+00     7.700506e-04
 * time: 1241.4994580745697
    35     1.709360e+00     1.611198e-02
 * time: 1257.6896030902863
    36     1.709352e+00     2.021089e-01
 * time: 1275.2913410663605
    37     1.709352e+00     2.998862e-01
 * time: 1288.6164190769196
    38     1.709352e+00     2.904156e-01
 * time: 1300.6035640239716
    39     1.709352e+00     1.774891e-02
 * time: 1335.6159069538116
    40     1.709352e+00     4.155318e-02
 * time: 1344.9366221427917
    41     1.709351e+00     1.069772e-04
 * time: 1457.8890261650085
    42     1.709351e+00     9.650423e-02
 * time: 1575.8749310970306
    43     1.709351e+00     5.009447e-03
 * time: 1799.9293200969696
    44     1.709350e+00     6.022848e-02
 * time: 1810.966684103012
    45     1.709349e+00     4.217512e-01
 * time: 1825.181457042694
    46     1.709349e+00     1.533148e-02
 * time: 1842.0259580612183
    47     1.709349e+00     7.311042e-03
 * time: 1860.1353709697723
    48     1.709349e+00     1.074000e-02
 * time: 1964.3346099853516
    49     1.709349e+00     1.341123e-01
 * time: 2132.2504601478577
    50     1.709349e+00     4.652018e-03
 * time: 2196.9639949798584
    51     1.709348e+00     1.125298e-04
 * time: 2387.0759880542755
    52     1.709348e+00     1.865615e-01
 * time: 2405.323168039322
    53     1.709338e+00     2.362212e-01
 * time: 2433.5751910209656
    54     1.709337e+00     3.276818e-02
 * time: 2448.0439970493317
    55     1.709336e+00     2.225689e-03
 * time: 2463.091192007065
    56     1.709332e+00     1.242243e-04
 * time: 2478.344498157501
    57     1.709334e+00     4.604443e-01
 * time: 2514.4219200611115
    58     1.709330e+00     1.675602e-03
 * time: 2539.3254220485687
    59     1.709330e+00     3.271617e-03
 * time: 2550.0720930099487
    60     1.709328e+00     5.589553e-03
 * time: 2562.7657310962677
    61     1.709328e+00     1.739403e-01
 * time: 2602.4844410419464
    62     1.709328e+00     1.410231e-04
 * time: 2609.927591085434
    63     1.709328e+00     3.726724e-01
 * time: 2622.369630098343
2628.938902 seconds (700.39 M allocations: 86.946 GiB, 0.55% gc time, 93 lock conflicts, 0.57% compilation time)
 * Status: success

 * Candidate solution
    Final objective value:     1.709328e+00

 * Found with
    Algorithm:     BFGS

 * Convergence measures
    |x - x'|               = 3.14e-03 ≰ 1.0e-04
    |x - x'|/|x'|          = 1.27e-03 ≰ 0.0e+00
    |f(x) - f(x')|         = 9.05e-09 ≰ 0.0e+00
    |f(x) - f(x')|/|f(x')| = 5.30e-09 ≤ 1.0e-08
    |g(x)|                 = 3.73e-01 ≰ 1.0e-05

 * Work counters
    Seconds run:   2622  (vs limit 14400)
    Iterations:    63
    f(x) calls:    635
    ∇f(x) calls:   635

ν_s = 0.49835767910015905
ν_t = 1.5236971080840078
r_t = 9.139141638824315
r_s = 11.947608225253825
σ = 4.003306936346896
β_obs = 0.129484096285923
σ_obs = 1.0772624547806307
Task 22 finished at Fri  2 Oct 04:27:21 CEST 2026
