Job 25525696, task 4 running on idun-05-35 at Fri  2 Oct 02:48:49 CEST 2026
Estimating parameters for replication r = 4
Iter     Function value   Gradient norm 
     0     1.927358e+00     1.537992e+00
 * time: 0.02070903778076172
     1     1.563386e+00     2.777133e-01
 * time: 0.7315289974212646
     2     1.508392e+00     5.800913e-02
 * time: 1.221174955368042
     3     1.500167e+00     1.188647e-01
 * time: 1.7127940654754639
     4     1.492914e+00     3.465953e-02
 * time: 2.1957759857177734
     5     1.490931e+00     2.851001e-02
 * time: 2.6785080432891846
     6     1.489961e+00     1.092328e-02
 * time: 3.1589479446411133
     7     1.489890e+00     2.383639e-03
 * time: 3.642359972000122
     8     1.489784e+00     5.680529e-03
 * time: 4.280282020568848
     9     1.489568e+00     2.522239e-03
 * time: 4.7480309009552
    10     1.489144e+00     6.901291e-03
 * time: 5.220722913742065
    11     1.489085e+00     4.377439e-03
 * time: 5.693445920944214
    12     1.489031e+00     5.137137e-03
 * time: 6.157097101211548
    13     1.488974e+00     1.592693e-02
 * time: 14.054204940795898
    14     1.488882e+00     1.937164e-02
 * time: 14.511452913284302
    15     1.488585e+00     2.812574e-03
 * time: 15.192380905151367
    16     1.488549e+00     3.208012e-03
 * time: 15.65397310256958
    17     1.488491e+00     3.609281e-03
 * time: 16.10781192779541
    18     1.488462e+00     9.566667e-04
 * time: 16.798033952713013
    19     1.488446e+00     4.878556e-03
 * time: 17.478928089141846
    20     1.488414e+00     2.739497e-03
 * time: 24.673476934432983
    21     1.488397e+00     1.315564e-03
 * time: 26.94689393043518
    22     1.488391e+00     7.402576e-04
 * time: 27.40562105178833
    23     1.488390e+00     1.182463e-04
 * time: 28.084299087524414
    24     1.488390e+00     1.771862e-04
 * time: 28.756237030029297
    25     1.488390e+00     6.295568e-04
 * time: 29.677520990371704
    26     1.488381e+00     2.760354e-03
 * time: 40.92527890205383
    27     1.488372e+00     3.962098e-04
 * time: 42.3653359413147
    28     1.488370e+00     1.411109e-04
 * time: 53.84493708610535
    29     1.488370e+00     1.229335e-04
 * time: 57.45754909515381
    30     1.488370e+00     8.802944e-05
 * time: 62.516566038131714
    31     1.488370e+00     4.561585e-05
 * time: 64.53189301490784
    32     1.488370e+00     3.397084e-04
 * time: 72.80037999153137
    33     1.488366e+00     2.766309e-04
 * time: 124.83021092414856
    34     1.488365e+00     7.607139e-04
 * time: 151.17788791656494
    35     1.488366e+00     3.081164e-04
 * time: 169.71341109275818
    36     1.488366e+00     1.346976e-04
 * time: 176.83895111083984
    37     1.488367e+00     7.000281e-04
 * time: 237.8083779811859
    38     1.488369e+00     4.500239e-03
 * time: 403.6814000606537
    39     1.488369e+00     9.988158e-04
 * time: 417.592276096344
    40     1.488365e+00     1.068459e-04
 * time: 432.81659507751465
    41     1.488365e+00     8.359966e-03
 * time: 445.69270610809326
    42     1.488365e+00     4.790048e-03
 * time: 454.5969491004944
    43     1.488365e+00     4.018174e-05
 * time: 470.10224199295044
    44     1.488365e+00     7.782688e-03
 * time: 501.0602169036865
    45     1.488365e+00     3.678609e-04
 * time: 515.0763370990753
521.400550 seconds (196.66 M allocations: 27.731 GiB, 0.99% gc time, 52 lock conflicts, 3.04% compilation time)
 * Status: success

 * Candidate solution
    Final objective value:     1.488365e+00

 * Found with
    Algorithm:     BFGS

 * Convergence measures
    |x - x'|               = 2.31e-04 ≰ 1.0e-04
    |x - x'|/|x'|          = 9.60e-05 ≰ 0.0e+00
    |f(x) - f(x')|         = 3.50e-09 ≰ 0.0e+00
    |f(x) - f(x')|/|f(x')| = 2.35e-09 ≤ 1.0e-08
    |g(x)|                 = 3.68e-04 ≰ 1.0e-05

 * Work counters
    Seconds run:   515  (vs limit 14400)
    Iterations:    45
    f(x) calls:    229
    ∇f(x) calls:   229

ν_s = 0.7818901121605302
ν_t = 1.6321979295258873
r_t = 11.085651414524794
r_s = 0.991767115776806
σ = 5.276313129605924
β_obs = 0.29936200809205865
σ_obs = 0.8225801132025727
Task 4 finished at Fri  2 Oct 02:57:37 CEST 2026
