Job 25525696, task 2 running on idun-05-35 at Fri  2 Oct 02:48:49 CEST 2026
Estimating parameters for replication r = 2
Iter     Function value   Gradient norm 
     0     1.945257e+00     1.585154e+00
 * time: 0.02010202407836914
     1     1.568962e+00     2.743548e-01
 * time: 0.7215092182159424
     2     1.517511e+00     5.773744e-02
 * time: 1.1953611373901367
     3     1.509662e+00     1.141069e-01
 * time: 1.6810572147369385
     4     1.502221e+00     3.605504e-02
 * time: 2.1642160415649414
     5     1.500396e+00     2.609384e-02
 * time: 2.646423101425171
     6     1.499382e+00     8.867981e-03
 * time: 3.121563196182251
     7     1.499320e+00     3.376902e-03
 * time: 3.5966110229492188
     8     1.498682e+00     1.161830e-02
 * time: 6.893667221069336
     9     1.497835e+00     4.217305e-03
 * time: 7.374126195907593
    10     1.497688e+00     2.532937e-03
 * time: 7.920702219009399
    11     1.497587e+00     4.410338e+00
 * time: 33.011075019836426
    12     1.497582e+00     8.763754e-02
 * time: 49.90542817115784
    13     1.497544e+00     5.468589e+00
 * time: 120.58258199691772
    14     1.497544e+00     5.576251e+00
 * time: 352.1247720718384
358.288955 seconds (142.41 M allocations: 17.584 GiB, 0.90% gc time, 18 lock conflicts, 4.29% compilation time)
 * Status: success

 * Candidate solution
    Final objective value:     1.497544e+00

 * Found with
    Algorithm:     BFGS

 * Convergence measures
    |x - x'|               = 4.10e-13 ≤ 1.0e-04
    |x - x'|/|x'|          = 2.13e-13 ≰ 0.0e+00
    |f(x) - f(x')|         = 3.55e-15 ≰ 0.0e+00
    |f(x) - f(x')|/|f(x')| = 2.37e-15 ≤ 1.0e-08
    |g(x)|                 = 5.58e+00 ≰ 1.0e-05

 * Work counters
    Seconds run:   352  (vs limit 14400)
    Iterations:    14
    f(x) calls:    131
    ∇f(x) calls:   131

ν_s = 0.8903914108051391
ν_t = 1.5330233024772817
r_t = 6.8508680391531
r_s = 0.7027333386304253
σ = 5.223055453709984
β_obs = 0.10182500401536712
σ_obs = 0.8323763502732475
Task 2 finished at Fri  2 Oct 02:54:54 CEST 2026
