Job 25525829, task 11 running on idun-04-36 at Fri  2 Oct 03:42:50 CEST 2026
Estimating parameters for scenario HL, replication r = 11
Iter     Function value   Gradient norm 
     0     2.069825e+00     1.742904e+00
 * time: 0.02481698989868164
     1     1.617206e+00     2.571603e-01
 * time: 0.8482460975646973
     2     1.570404e+00     5.363994e-02
 * time: 1.409559965133667
     3     1.566296e+00     6.509671e-02
 * time: 1.9678459167480469
     4     1.564162e+00     8.687759e-03
 * time: 2.5213520526885986
     5     1.563981e+00     1.090080e-02
 * time: 3.072338104248047
     6     1.563743e+00     2.957774e-03
 * time: 3.6192119121551514
     7     1.563663e+00     1.255353e-02
 * time: 4.361799955368042
     8     1.563254e+00     2.037828e-03
 * time: 5.251044988632202
     9     1.563223e+00     2.868667e-03
 * time: 5.6343560218811035
    10     1.563003e+00     1.160265e-02
 * time: 15.051882982254028
    11     1.562916e+00     9.772188e-03
 * time: 22.274252891540527
    12     1.562528e+00     9.119485e-03
 * time: 33.34428596496582
    13     1.562410e+00     2.410091e-03
 * time: 34.10077095031738
    14     1.562401e+00     3.687623e-02
 * time: 468.47391390800476
    15     1.562387e+00     3.251527e-03
 * time: 470.0372679233551
    16     1.562335e+00     1.314117e-03
 * time: 470.78483605384827
    17     1.562332e+00     1.367125e-03
 * time: 472.492800951004
    18     1.562091e+00     1.921621e-02
 * time: 490.9366190433502
    19     1.562031e+00     8.379808e-03
 * time: 503.8776559829712
    20     1.562030e+00     8.355336e-03
 * time: 529.555214881897
    21     1.562026e+00     1.236243e-02
 * time: 548.4120230674744
    22     1.562026e+00     2.700895e-02
 * time: 596.7579998970032
    23     1.561952e+00     2.635909e-03
 * time: 624.7729179859161
    24     1.561946e+00     8.584593e-03
 * time: 642.7419919967651
    25     1.561947e+00     1.105693e-03
 * time: 664.8949971199036
    26     1.561946e+00     4.682806e-03
 * time: 689.7809519767761
    27     1.561946e+00     1.146820e-03
 * time: 719.6697790622711
    28     1.561943e+00     8.331417e-03
 * time: 745.6351230144501
    29     1.561944e+00     6.419360e-03
 * time: 769.2015969753265
    30     1.561945e+00     1.675721e-03
 * time: 831.7954831123352
    31     1.561941e+00     3.308767e-03
 * time: 855.6721830368042
    32     1.561940e+00     1.356668e-03
 * time: 890.0485479831696
    33     1.561931e+00     7.606914e-03
 * time: 931.565279006958
    34     1.561930e+00     2.612133e-02
 * time: 946.3133060932159
    35     1.561930e+00     1.358102e-02
 * time: 972.0384669303894
    36     1.561930e+00     5.488771e-03
 * time: 998.4982190132141
    37     1.561889e+00     2.631097e-03
 * time: 1017.5686628818512
    38     1.561877e+00     2.290133e-03
 * time: 1020.995453119278
    39     1.561860e+00     1.198553e-03
 * time: 1022.6750419139862
    40     1.561852e+00     9.939437e-04
 * time: 1023.7181830406189
    41     1.561850e+00     4.721254e-04
 * time: 1024.859857082367
    42     1.561849e+00     8.475034e-04
 * time: 1025.899451971054
    43     1.561849e+00     2.813961e-04
 * time: 1027.007956981659
    44     1.561849e+00     1.972124e-04
 * time: 1028.0112190246582
    45     1.561849e+00     2.213066e-04
 * time: 1029.1025230884552
    46     1.561848e+00     5.655844e-04
 * time: 1030.8795869350433
    47     1.561842e+00     5.346575e-04
 * time: 1040.3361959457397
    48     1.561838e+00     3.463654e-04
 * time: 1049.222373008728
    49     1.561836e+00     9.698637e-02
 * time: 1068.6810510158539
    50     1.561832e+00     1.826637e-03
 * time: 1090.605525970459
    51     1.561831e+00     7.850728e-03
 * time: 1492.555592060089
    52     1.561831e+00     3.593786e-01
 * time: 1621.2966060638428
    53     1.561833e+00     1.117605e-02
 * time: 1905.6138410568237
    54     1.561833e+00     2.878203e-02
 * time: 1945.8233408927917
    55     1.561832e+00     1.223310e-01
 * time: 1976.3201169967651
    56     1.561832e+00     6.558435e-02
 * time: 2025.5717899799347
    57     1.561833e+00     4.399249e-03
 * time: 2041.1518709659576
    58     1.561832e+00     2.492103e-02
 * time: 2062.6257479190826
    59     1.561832e+00     5.037562e-02
 * time: 2121.6875410079956
2128.418500 seconds (554.91 M allocations: 63.329 GiB, 0.56% gc time, 168 lock conflicts, 0.72% compilation time)
 * Status: success

 * Candidate solution
    Final objective value:     1.561832e+00

 * Found with
    Algorithm:     BFGS

 * Convergence measures
    |x - x'|               = 1.93e-05 ≤ 1.0e-04
    |x - x'|/|x'|          = 6.27e-06 ≰ 0.0e+00
    |f(x) - f(x')|         = 1.88e-07 ≰ 0.0e+00
    |f(x) - f(x')|/|f(x')| = 1.20e-07 ≰ 1.0e-08
    |g(x)|                 = 5.04e-02 ≰ 1.0e-05

 * Work counters
    Seconds run:   2122  (vs limit 14400)
    Iterations:    59
    f(x) calls:    337
    ∇f(x) calls:   337

ν_s = 0.5560568539061931
ν_t = 0.9231776987314917
r_t = 21.855032713532708
r_s = 5.290367302195504
σ = 3.59355987305918
β_obs = 0.9983923888535333
σ_obs = 0.8644079698347394
Task 11 finished at Fri  2 Oct 04:18:31 CEST 2026
