Job 25525696, task 14 running on idun-05-34 at Fri  2 Oct 02:48:49 CEST 2026
Estimating parameters for replication r = 14
Iter     Function value   Gradient norm 
     0     1.931962e+00     1.554582e+00
 * time: 0.019938945770263672
     1     1.566277e+00     2.768926e-01
 * time: 0.707974910736084
     2     1.513323e+00     5.868546e-02
 * time: 1.184478998184204
     3     1.504961e+00     1.158305e-01
 * time: 1.6605758666992188
     4     1.496875e+00     3.965835e-02
 * time: 2.1361470222473145
     5     1.494734e+00     2.799849e-02
 * time: 2.609445810317993
     6     1.493542e+00     7.085442e-03
 * time: 3.0731239318847656
     7     1.493505e+00     3.429891e-03
 * time: 3.537292957305908
     8     1.493041e+00     3.622117e-03
 * time: 4.313091039657593
     9     1.493002e+00     1.403853e-03
 * time: 4.777700901031494
    10     1.492993e+00     1.066635e-03
 * time: 5.240655899047852
    11     1.492979e+00     1.923956e-03
 * time: 5.857093811035156
    12     1.492843e+00     5.237488e-03
 * time: 6.47853684425354
    13     1.492739e+00     5.645001e-03
 * time: 6.782632827758789
    14     1.492619e+00     2.630203e-03
 * time: 7.327422857284546
    15     1.492598e+00     2.030916e-03
 * time: 7.638890027999878
    16     1.492585e+00     1.249802e-03
 * time: 7.945528030395508
    17     1.492578e+00     4.716401e-04
 * time: 8.407557964324951
    18     1.492578e+00     5.809884e-04
 * time: 8.872697830200195
    19     1.492573e+00     4.198625e-04
 * time: 9.484519958496094
    20     1.492536e+00     1.745398e-03
 * time: 10.094902038574219
    21     1.492487e+00     2.286782e-03
 * time: 10.560284852981567
    22     1.492475e+00     5.941646e-04
 * time: 11.016321897506714
    23     1.492473e+00     8.421463e-04
 * time: 11.319416999816895
    24     1.492471e+00     1.776808e-04
 * time: 11.787391901016235
    25     1.492471e+00     2.269355e-05
 * time: 12.245507955551147
    26     1.492471e+00     6.521406e-06
 * time: 12.553225040435791
 18.647184 seconds (51.96 M allocations: 7.477 GiB, 5.66% gc time, 6 lock conflicts, 80.98% compilation time)
 * Status: success

 * Candidate solution
    Final objective value:     1.492471e+00

 * Found with
    Algorithm:     BFGS

 * Convergence measures
    |x - x'|               = 9.58e-04 ≰ 1.0e-04
    |x - x'|/|x'|          = 3.88e-04 ≰ 0.0e+00
    |f(x) - f(x')|         = 1.85e-09 ≰ 0.0e+00
    |f(x) - f(x')|/|f(x')| = 1.24e-09 ≤ 1.0e-08
    |g(x)|                 = 6.52e-06 ≤ 1.0e-05

 * Work counters
    Seconds run:   13  (vs limit 14400)
    Iterations:    26
    f(x) calls:    79
    ∇f(x) calls:   79

ν_s = 1.0139096709916682
ν_t = 1.2776366964128216
r_t = 11.785058636366333
r_s = 0.6539760049290203
σ = 5.728746152730333
β_obs = 0.25215183145195097
σ_obs = 0.8252870422310975
Task 14 finished at Fri  2 Oct 02:49:16 CEST 2026
