Job 25525829, task 17 running on idun-04-33 at Fri  2 Oct 03:42:50 CEST 2026
Estimating parameters for scenario HL, replication r = 17
Iter     Function value   Gradient norm 
     0     2.062019e+00     1.713603e+00
 * time: 0.023205041885375977
     1     1.617269e+00     2.615079e-01
 * time: 0.8340020179748535
     2     1.566902e+00     5.227669e-02
 * time: 1.373776912689209
     3     1.562901e+00     6.326457e-02
 * time: 1.9290478229522705
     4     1.561029e+00     9.239099e-03
 * time: 2.470896005630493
     5     1.560801e+00     1.066339e-02
 * time: 3.0119998455047607
     6     1.560567e+00     2.800229e-03
 * time: 3.564954996109009
     7     1.560464e+00     8.569503e-03
 * time: 4.290616989135742
     8     1.560148e+00     6.168853e-03
 * time: 4.843984842300415
     9     1.560097e+00     3.505180e-03
 * time: 5.216536998748779
    10     1.560049e+00     2.740808e-03
 * time: 5.586948871612549
    11     1.559968e+00     1.223548e-02
 * time: 6.153479814529419
    12     1.559645e+00     9.287292e-03
 * time: 7.167613983154297
    13     1.559546e+00     2.376698e-03
 * time: 7.952483892440796
    14     1.559512e+00     5.965378e-03
 * time: 8.847489833831787
    15     1.559456e+00     4.620096e-03
 * time: 9.651691913604736
    16     1.559448e+00     5.774125e-01
 * time: 437.6539328098297
    17     1.559445e+00     2.403050e-01
 * time: 534.1309199333191
    18     1.559445e+00     2.403050e-01
 * time: 1023.7006089687347
1030.225862 seconds (301.39 M allocations: 34.899 GiB, 0.60% gc time, 85 lock conflicts, 1.43% compilation time)
 * Status: success

 * Candidate solution
    Final objective value:     1.559445e+00

 * Found with
    Algorithm:     BFGS

 * Convergence measures
    |x - x'|               = 2.22e-16 ≤ 1.0e-04
    |x - x'|/|x'|          = 9.56e-17 ≰ 0.0e+00
    |f(x) - f(x')|         = 8.88e-16 ≰ 0.0e+00
    |f(x) - f(x')|/|f(x')| = 5.70e-16 ≤ 1.0e-08
    |g(x)|                 = 2.40e-01 ≰ 1.0e-05

 * Work counters
    Seconds run:   1024  (vs limit 14400)
    Iterations:    18
    f(x) calls:    192
    ∇f(x) calls:   192

ν_s = 0.5332124687303481
ν_t = 0.894659488081249
r_t = 5.604848420582674
r_s = 0.5497891537246196
σ = 3.522324225702454
β_obs = 0.9981213052736689
σ_obs = 0.8537294623242031
Task 17 finished at Fri  2 Oct 04:00:12 CEST 2026
