Job 25525828, task 23 running on idun-03-01 at Fri  2 Oct 03:42:50 CEST 2026
Estimating parameters for scenario HH, replication r = 23
Iter     Function value   Gradient norm 
     0     2.819303e+00     3.180233e+00
 * time: 0.025283098220825195
     1     1.795715e+00     1.471147e-01
 * time: 0.8468441963195801
     2     1.760743e+00     4.004062e-02
 * time: 1.4018681049346924
     3     1.759126e+00     1.461322e-02
 * time: 1.9615411758422852
     4     1.758809e+00     1.016967e-02
 * time: 2.5155041217803955
     5     1.758575e+00     3.226797e-03
 * time: 3.0667481422424316
     6     1.758492e+00     1.145204e-02
 * time: 3.8016791343688965
     7     1.757872e+00     1.012657e-02
 * time: 4.67231011390686
     8     1.757653e+00     6.662830e-03
 * time: 5.81043815612793
     9     1.757522e+00     1.257988e-02
 * time: 6.381652116775513
    10     1.757331e+00     1.311501e-02
 * time: 6.9564080238342285
    11     1.756564e+00     2.372716e-02
 * time: 9.524837970733643
    12     1.756287e+00     2.112748e-03
 * time: 10.315040111541748
    13     1.756214e+00     5.477900e-03
 * time: 11.098642110824585
    14     1.756089e+00     1.258193e-03
 * time: 17.18681812286377
    15     1.756081e+00     7.515791e-04
 * time: 18.020246028900146
    16     1.756078e+00     8.116818e-04
 * time: 18.942130088806152
    17     1.756007e+00     5.014943e-03
 * time: 20.38540816307068
    18     1.755897e+00     3.544486e-03
 * time: 21.25084114074707
    19     1.755809e+00     1.454054e-03
 * time: 22.199592113494873
    20     1.755763e+00     1.577631e-03
 * time: 22.980772018432617
    21     1.755736e+00     5.112730e-04
 * time: 23.503077030181885
    22     1.755726e+00     9.485266e-04
 * time: 24.028218984603882
    23     1.755717e+00     1.039859e-03
 * time: 24.803394079208374
    24     1.755709e+00     6.402196e-04
 * time: 25.589603185653687
    25     1.755706e+00     1.530390e-04
 * time: 26.184840202331543
    26     1.755705e+00     2.972395e-04
 * time: 26.943331003189087
    27     1.755705e+00     8.420799e-05
 * time: 27.76849102973938
    28     1.755705e+00     1.193542e-04
 * time: 28.718571186065674
    29     1.755704e+00     7.783210e-04
 * time: 30.541441202163696
    30     1.755692e+00     6.338887e-04
 * time: 31.927129983901978
    31     1.755690e+00     3.755202e-04
 * time: 32.64274311065674
    32     1.755684e+00     7.032699e-04
 * time: 33.716981172561646
    33     1.755682e+00     2.014428e-04
 * time: 34.7481050491333
    34     1.755681e+00     3.788140e-04
 * time: 35.60051703453064
    35     1.755680e+00     4.417489e-04
 * time: 36.47492218017578
    36     1.755678e+00     4.169578e-04
 * time: 37.322242975234985
    37     1.755678e+00     1.843588e-04
 * time: 37.85402202606201
    38     1.755677e+00     2.597786e-04
 * time: 38.3747181892395
    39     1.755677e+00     7.171076e-05
 * time: 38.892868995666504
    40     1.755677e+00     1.658566e-04
 * time: 39.72769904136658
    41     1.755677e+00     1.705431e-04
 * time: 40.50075101852417
    42     1.755677e+00     9.813803e-05
 * time: 41.29486298561096
    43     1.755677e+00     1.599611e-05
 * time: 41.87071514129639
    44     1.755677e+00     3.930311e-05
 * time: 42.72384715080261
    45     1.755677e+00     2.650870e-05
 * time: 43.858088970184326
 50.522089 seconds (67.24 M allocations: 14.871 GiB, 4.41% gc time, 131 lock conflicts, 29.65% compilation time)
 * Status: success

 * Candidate solution
    Final objective value:     1.755677e+00

 * Found with
    Algorithm:     BFGS

 * Convergence measures
    |x - x'|               = 8.73e-02 ≰ 1.0e-04
    |x - x'|/|x'|          = 9.50e-03 ≰ 0.0e+00
    |f(x) - f(x')|         = 6.02e-09 ≰ 0.0e+00
    |f(x) - f(x')|/|f(x')| = 3.43e-09 ≤ 1.0e-08
    |g(x)|                 = 2.65e-05 ≰ 1.0e-05

 * Work counters
    Seconds run:   44  (vs limit 14400)
    Iterations:    45
    f(x) calls:    138
    ∇f(x) calls:   138

ν_s = 0.5567495952821716
ν_t = 0.7116083232964232
r_t = 246.50880317344584
r_s = 48.421680712516235
σ = 3.537082277461146
β_obs = 0.9999999999978901
σ_obs = 1.095175292527246
Task 23 finished at Fri  2 Oct 03:43:49 CEST 2026
