Job 25525829, task 23 running on idun-03-03 at Fri  2 Oct 03:43:20 CEST 2026
Estimating parameters for scenario HL, replication r = 23
Iter     Function value   Gradient norm 
     0     2.113673e+00     1.795336e+00
 * time: 0.026140928268432617
     1     1.634034e+00     2.552717e-01
 * time: 0.889056921005249
     2     1.582703e+00     5.205109e-02
 * time: 1.5000090599060059
     3     1.578775e+00     6.305427e-02
 * time: 2.123260974884033
     4     1.577054e+00     8.258590e-03
 * time: 2.7456791400909424
     5     1.576864e+00     9.015083e-03
 * time: 3.361715078353882
     6     1.576660e+00     2.942828e-03
 * time: 3.9885871410369873
     7     1.576546e+00     5.893434e-03
 * time: 4.807689905166626
     8     1.576237e+00     4.788410e-03
 * time: 5.421550989151001
     9     1.576157e+00     3.666571e-03
 * time: 5.8347930908203125
    10     1.576086e+00     4.346993e-03
 * time: 6.452255964279175
    11     1.576030e+00     5.307396e-03
 * time: 7.034425973892212
    12     1.575529e+00     2.347524e-02
 * time: 8.251792907714844
    13     1.575286e+00     1.572497e-03
 * time: 9.181693077087402
    14     1.575241e+00     2.960633e-03
 * time: 10.087427139282227
    15     1.575105e+00     1.994363e-03
 * time: 10.932793140411377
    16     1.575089e+00     6.648637e-04
 * time: 11.7138090133667
    17     1.575088e+00     5.025772e-04
 * time: 12.659364938735962
    18     1.575058e+00     5.802602e-03
 * time: 14.082665920257568
    19     1.574939e+00     1.688774e-03
 * time: 15.1873459815979
    20     1.574917e+00     1.203620e-03
 * time: 15.73196792602539
    21     1.574886e+00     1.593987e-03
 * time: 16.617408990859985
    22     1.574872e+00     5.331968e-04
 * time: 17.360992908477783
    23     1.574869e+00     2.858688e-04
 * time: 18.205727100372314
    24     1.574868e+00     1.295194e-04
 * time: 18.722990036010742
    25     1.574867e+00     3.922593e-04
 * time: 19.53718113899231
    26     1.574866e+00     3.884783e-04
 * time: 20.43264412879944
    27     1.574865e+00     9.661241e-05
 * time: 21.516540050506592
    28     1.574865e+00     1.903395e-04
 * time: 22.13969397544861
    29     1.574865e+00     1.515349e-04
 * time: 22.97758412361145
    30     1.574865e+00     5.080880e-05
 * time: 23.83833599090576
    31     1.574865e+00     4.263699e-05
 * time: 24.721099138259888
    32     1.574865e+00     1.895589e-05
 * time: 25.513917922973633
    33     1.574865e+00     1.782182e-05
 * time: 26.32734513282776
 32.996847 seconds (57.10 M allocations: 10.899 GiB, 4.90% gc time, 132 lock conflicts, 45.82% compilation time)
 * Status: success

 * Candidate solution
    Final objective value:     1.574865e+00

 * Found with
    Algorithm:     BFGS

 * Convergence measures
    |x - x'|               = 6.34e-03 ≰ 1.0e-04
    |x - x'|/|x'|          = 9.25e-04 ≰ 0.0e+00
    |f(x) - f(x')|         = 2.10e-09 ≰ 0.0e+00
    |f(x) - f(x')|/|f(x')| = 1.33e-09 ≤ 1.0e-08
    |g(x)|                 = 1.78e-05 ≰ 1.0e-05

 * Work counters
    Seconds run:   26  (vs limit 14400)
    Iterations:    33
    f(x) calls:    100
    ∇f(x) calls:   100

ν_s = 0.5722195943705708
ν_t = 0.7990618406403757
r_t = 49.40947044480937
r_s = 9.658744955820628
σ = 3.760254277569981
β_obs = 0.9999999976378338
σ_obs = 0.8712308522748311
Task 23 finished at Fri  2 Oct 03:44:05 CEST 2026
