Job 25525829, task 21 running on idun-03-03 at Fri  2 Oct 03:43:20 CEST 2026
Estimating parameters for scenario HL, replication r = 21
Iter     Function value   Gradient norm 
     0     2.091047e+00     1.757323e+00
 * time: 0.024377107620239258
     1     1.625613e+00     2.550824e-01
 * time: 0.90985107421875
     2     1.576163e+00     5.478853e-02
 * time: 1.5225281715393066
     3     1.571835e+00     6.748327e-02
 * time: 2.1423230171203613
     4     1.569687e+00     9.384170e-03
 * time: 2.7653260231018066
     5     1.569471e+00     1.099851e-02
 * time: 3.380181074142456
     6     1.569195e+00     3.421754e-03
 * time: 4.00153112411499
     7     1.569022e+00     1.501985e-02
 * time: 4.825937032699585
     8     1.568685e+00     7.830680e-03
 * time: 5.446396112442017
     9     1.568651e+00     5.179933e-03
 * time: 5.870695114135742
    10     1.568570e+00     8.747270e-03
 * time: 6.475934982299805
    11     1.568089e+00     4.268053e-03
 * time: 7.546787977218628
    12     1.567954e+00     1.573601e-03
 * time: 8.1687490940094
    13     1.567932e+00     1.740887e-03
 * time: 9.119690179824829
    14     1.567892e+00     2.565493e-03
 * time: 12.776599168777466
    15     1.567879e+00     1.684251e-03
 * time: 13.64940619468689
    16     1.567829e+00     3.855778e-03
 * time: 21.85329818725586
    17     1.567680e+00     8.135587e-02
 * time: 38.71911406517029
    18     1.567681e+00     1.717942e-01
 * time: 108.55914616584778
    19     1.567680e+00     5.219513e-02
 * time: 434.8919050693512
    20     1.567482e+00     6.415419e-03
 * time: 435.75347113609314
    21     1.567423e+00     8.092138e-04
 * time: 436.5169551372528
    22     1.567416e+00     1.647573e-03
 * time: 437.7338809967041
    23     1.567410e+00     1.723925e-03
 * time: 439.06185507774353
    24     1.567389e+00     5.394737e-04
 * time: 440.6210219860077
    25     1.567386e+00     4.866143e-04
 * time: 441.8297710418701
    26     1.567386e+00     4.060278e-04
 * time: 442.9497091770172
    27     1.567384e+00     6.692249e-04
 * time: 444.9097671508789
    28     1.567300e+00     7.827612e-04
 * time: 450.51598596572876
    29     1.567298e+00     5.326399e-04
 * time: 451.30130314826965
    30     1.567296e+00     5.110310e-04
 * time: 451.85965514183044
    31     1.567293e+00     9.570854e-04
 * time: 462.5740120410919
    32     1.567284e+00     1.179296e-03
 * time: 463.42320799827576
    33     1.567283e+00     1.030461e-03
 * time: 463.9482171535492
    34     1.567282e+00     1.449170e-04
 * time: 464.4707570075989
    35     1.567282e+00     1.622561e-04
 * time: 465.5912411212921
    36     1.567282e+00     1.713073e-04
 * time: 466.0949959754944
    37     1.567282e+00     1.802683e-04
 * time: 466.8691899776459
    38     1.567282e+00     1.431771e-04
 * time: 467.66138195991516
474.494970 seconds (168.32 M allocations: 23.366 GiB, 0.86% gc time, 121 lock conflicts, 3.31% compilation time)
 * Status: success

 * Candidate solution
    Final objective value:     1.567282e+00

 * Found with
    Algorithm:     BFGS

 * Convergence measures
    |x - x'|               = 6.57e-02 ≰ 1.0e-04
    |x - x'|/|x'|          = 1.86e-02 ≰ 0.0e+00
    |f(x) - f(x')|         = 1.02e-08 ≰ 0.0e+00
    |f(x) - f(x')|/|f(x')| = 6.53e-09 ≤ 1.0e-08
    |g(x)|                 = 1.43e-04 ≰ 1.0e-05

 * Work counters
    Seconds run:   468  (vs limit 14400)
    Iterations:    38
    f(x) calls:    154
    ∇f(x) calls:   154

ν_s = 0.513904685744274
ν_t = 0.8357964798783185
r_t = 33.99315480562053
r_s = 9.801972262488688
σ = 3.661989719950471
β_obs = 0.9923537846959136
σ_obs = 0.863803544106233
Task 21 finished at Fri  2 Oct 03:51:26 CEST 2026
