Job 25525828, task 27 running on idun-04-02 at Fri  2 Oct 03:42:50 CEST 2026
Estimating parameters for scenario HH, replication r = 27
Iter     Function value   Gradient norm 
     0     2.885164e+00     3.266597e+00
 * time: 0.02696394920349121
     1     1.814926e+00     1.378682e-01
 * time: 0.8696599006652832
     2     1.775607e+00     4.068031e-02
 * time: 1.399367094039917
     3     1.774497e+00     1.700611e-02
 * time: 1.947464942932129
     4     1.774103e+00     6.154629e-03
 * time: 2.4777650833129883
     5     1.773799e+00     6.415553e-03
 * time: 3.016023874282837
     6     1.773774e+00     1.969346e-03
 * time: 3.5625929832458496
     7     1.773578e+00     9.616383e-03
 * time: 12.271966934204102
     8     1.772998e+00     1.219741e-03
 * time: 12.818305015563965
     9     1.772814e+00     2.217140e-03
 * time: 13.556510925292969
    10     1.772786e+00     2.594868e-03
 * time: 13.921061992645264
    11     1.772356e+00     6.946973e-03
 * time: 14.823535919189453
    12     1.772120e+00     3.202293e-03
 * time: 15.64084506034851
    13     1.771991e+00     5.268308e-03
 * time: 16.413027048110962
    14     1.771925e+00     1.432641e-03
 * time: 17.194709062576294
    15     1.771896e+00     1.334529e-03
 * time: 17.98707890510559
    16     1.771815e+00     1.471829e-03
 * time: 28.374181985855103
    17     1.771811e+00     1.423119e-01
 * time: 68.24551105499268
    18     1.771812e+00     1.224294e-03
 * time: 81.59274697303772
    19     1.771812e+00     8.257019e+14
 * time: 126.09861707687378
132.874188 seconds (75.62 M allocations: 9.552 GiB, 1.15% gc time, 54 lock conflicts, 11.53% compilation time)
 * Status: success

 * Candidate solution
    Final objective value:     1.771812e+00

 * Found with
    Algorithm:     BFGS

 * Convergence measures
    |x - x'|               = 7.55e-05 ≤ 1.0e-04
    |x - x'|/|x'|          = 2.56e-05 ≰ 0.0e+00
    |f(x) - f(x')|         = 1.32e-07 ≰ 0.0e+00
    |f(x) - f(x')|/|f(x')| = 7.47e-08 ≰ 1.0e-08
    |g(x)|                 = 8.26e+14 ≰ 1.0e-05

 * Work counters
    Seconds run:   126  (vs limit 14400)
    Iterations:    19
    f(x) calls:    75
    ∇f(x) calls:   75

ν_s = 0.8061573700232219
ν_t = 1.1180389470007226
r_t = 19.214360334716158
r_s = 2.7510813270591425
σ = 4.104212063507109
β_obs = 0.997750186742362
σ_obs = 1.1081043476773635
Task 27 finished at Fri  2 Oct 03:45:14 CEST 2026
