Job 25525828, task 7 running on idun-05-35 at Fri  2 Oct 03:42:50 CEST 2026
Estimating parameters for scenario HH, replication r = 7
Iter     Function value   Gradient norm 
     0     2.781899e+00     3.092192e+00
 * time: 0.02043890953063965
     1     1.790459e+00     1.543541e-01
 * time: 0.7131009101867676
     2     1.753048e+00     4.022255e-02
 * time: 1.1988699436187744
     3     1.751617e+00     1.400618e-02
 * time: 1.6769158840179443
     4     1.751439e+00     5.055813e-03
 * time: 2.1600489616394043
     5     1.751190e+00     1.552972e-03
 * time: 2.671332836151123
     6     1.751149e+00     4.018181e-03
 * time: 3.3435888290405273
     7     1.750615e+00     4.726329e-03
 * time: 11.192623853683472
     8     1.750513e+00     4.456466e-03
 * time: 20.809173822402954
     9     1.750466e+00     3.744819e-03
 * time: 28.258018016815186
    10     1.750106e+00     2.201679e-02
 * time: 28.96620202064514
    11     1.749986e+00     8.262695e-03
 * time: 36.49688482284546
    12     1.749282e+00     6.339441e-03
 * time: 38.26377487182617
    13     1.749198e+00     1.522123e-03
 * time: 39.12489295005798
    14     1.749159e+00     1.138789e-03
 * time: 47.118512868881226
    15     1.749111e+00     8.425060e-04
 * time: 48.69174790382385
    16     1.749108e+00     5.959565e-04
 * time: 49.27788996696472
    17     1.749105e+00     2.249355e-03
 * time: 50.503010988235474
    18     1.749004e+00     4.290677e-03
 * time: 61.50011491775513
    19     1.748937e+00     1.004880e-03
 * time: 62.4638729095459
    20     1.748929e+00     1.067289e-03
 * time: 63.05670189857483
    21     1.748913e+00     1.400114e-03
 * time: 64.01391291618347
    22     1.748907e+00     5.526138e-04
 * time: 64.88609290122986
    23     1.748905e+00     5.756458e-04
 * time: 65.84678387641907
    24     1.748903e+00     2.359491e-04
 * time: 66.72808194160461
    25     1.748903e+00     1.303218e-04
 * time: 67.61954498291016
    26     1.748903e+00     8.320073e-05
 * time: 68.51706004142761
    27     1.748903e+00     1.681840e-04
 * time: 69.4594030380249
    28     1.748898e+00     4.797592e-04
 * time: 71.01497483253479
    29     1.748893e+00     5.846390e-04
 * time: 71.8644859790802
    30     1.748887e+00     2.260179e-04
 * time: 72.7524950504303
    31     1.748886e+00     2.393689e-04
 * time: 73.40746998786926
    32     1.748885e+00     4.396569e-04
 * time: 73.97434496879578
    33     1.748884e+00     2.468167e-04
 * time: 74.93602395057678
    34     1.748884e+00     1.895312e-04
 * time: 75.51788997650146
    35     1.748883e+00     6.930912e-05
 * time: 76.40819692611694
    36     1.748883e+00     1.266658e-04
 * time: 77.29119086265564
    37     1.748883e+00     1.267273e-04
 * time: 78.17648386955261
    38     1.748883e+00     9.553521e-05
 * time: 79.12689900398254
    39     1.748883e+00     3.965080e-05
 * time: 79.72314095497131
    40     1.748883e+00     1.014977e-04
 * time: 80.67424201965332
    41     1.748883e+00     4.014384e-05
 * time: 81.2462899684906
    42     1.748883e+00     2.498548e-05
 * time: 82.10451793670654
    43     1.748883e+00     2.563258e-05
 * time: 83.05371189117432
    44     1.748883e+00     4.564363e-05
 * time: 83.92946696281433
 90.141280 seconds (79.61 M allocations: 18.301 GiB, 3.49% gc time, 27 lock conflicts, 17.11% compilation time)
 * Status: success

 * Candidate solution
    Final objective value:     1.748883e+00

 * Found with
    Algorithm:     BFGS

 * Convergence measures
    |x - x'|               = 5.71e-01 ≰ 1.0e-04
    |x - x'|/|x'|          = 7.62e-02 ≰ 0.0e+00
    |f(x) - f(x')|         = 7.31e-09 ≰ 0.0e+00
    |f(x) - f(x')|/|f(x')| = 4.18e-09 ≤ 1.0e-08
    |g(x)|                 = 4.56e-05 ≰ 1.0e-05

 * Work counters
    Seconds run:   84  (vs limit 14400)
    Iterations:    44
    f(x) calls:    137
    ∇f(x) calls:   137

ν_s = 0.6123426433862635
ν_t = 1.0598340303569047
r_t = 163.7901126537518
r_s = 216.5098314425613
σ = 3.6009825202159296
β_obs = 0.9999999996602882
σ_obs = 1.0835064317152998
Task 7 finished at Fri  2 Oct 03:44:28 CEST 2026
