Job 25525829, task 2 running on idun-04-04 at Fri  2 Oct 03:42:50 CEST 2026
Estimating parameters for scenario HL, replication r = 2
Iter     Function value   Gradient norm 
     0     2.072592e+00     1.678758e+00
 * time: 0.028115034103393555
     1     1.622558e+00     2.601601e-01
 * time: 0.8590738773345947
     2     1.567499e+00     5.713253e-02
 * time: 1.4153549671173096
     3     1.562911e+00     6.714356e-02
 * time: 1.966670036315918
     4     1.560689e+00     1.019072e-02
 * time: 2.5233559608459473
     5     1.560454e+00     1.149142e-02
 * time: 3.1002979278564453
     6     1.560188e+00     3.445438e-03
 * time: 3.6417300701141357
     7     1.560072e+00     1.460737e-02
 * time: 4.3913679122924805
     8     1.559650e+00     7.766181e-03
 * time: 4.942967891693115
     9     1.559605e+00     5.289829e-03
 * time: 5.326075077056885
    10     1.559451e+00     1.523789e-02
 * time: 5.906321048736572
    11     1.558682e+00     1.480381e-02
 * time: 6.965038061141968
    12     1.558460e+00     4.447457e-03
 * time: 9.05460000038147
    13     1.558426e+00     3.904130e-03
 * time: 10.20684003829956
    14     1.558402e+00     2.967422e-03
 * time: 19.266200065612793
    15     1.558357e+00     4.799114e-01
 * time: 122.25380086898804
    16     1.558357e+00     2.075311e-01
 * time: 165.55349206924438
    17     1.558356e+00     5.851770e-02
 * time: 302.0622239112854
    18     1.558351e+00     1.523467e-02
 * time: 403.816890001297
    19     1.558351e+00     3.132009e-02
 * time: 833.2711679935455
    20     1.558350e+00     6.598934e-02
 * time: 862.7734169960022
    21     1.558342e+00     2.018994e-02
 * time: 941.266753911972
    22     1.558335e+00     2.419885e-01
 * time: 1022.3675630092621
    23     1.558336e+00     1.321735e-01
 * time: 1080.1183218955994
    24     1.558331e+00     2.951661e-01
 * time: 1184.5916049480438
    25     1.558330e+00     4.101439e-03
 * time: 1232.1349639892578
    26     1.558308e+00     1.385138e-01
 * time: 1261.1328239440918
    27     1.558309e+00     3.648592e-02
 * time: 1360.8601019382477
    28     1.558287e+00     1.634504e-01
 * time: 1399.4419059753418
    29     1.558287e+00     1.227026e-01
 * time: 1553.4980330467224
    30     1.558269e+00     3.168722e-02
 * time: 1603.0127470493317
    31     1.558256e+00     1.714807e-01
 * time: 1671.5773620605469
    32     1.558244e+00     8.870421e-03
 * time: 1708.8295409679413
    33     1.558201e+00     6.810147e-02
 * time: 1747.9198379516602
    34     1.558197e+00     2.878691e-02
 * time: 1781.6590659618378
    35     1.558060e+00     7.322140e-02
 * time: 1811.805860042572
    36     1.557979e+00     1.252923e-01
 * time: 1832.2767219543457
    37     1.557948e+00     2.281382e-01
 * time: 1867.8643200397491
    38     1.557934e+00     1.881594e-01
 * time: 1887.4895870685577
    39     1.557925e+00     1.660675e-01
 * time: 1905.7035028934479
    40     1.557900e+00     1.276149e-01
 * time: 1935.2363979816437
    41     1.557901e+00     4.374457e-02
 * time: 1959.8903238773346
    42     1.557895e+00     1.780769e-01
 * time: 1985.9300849437714
    43     1.557888e+00     2.287200e-01
 * time: 2007.0278670787811
    44     1.557883e+00     1.331419e-02
 * time: 2034.755271911621
    45     1.557872e+00     5.554375e-03
 * time: 2062.6298398971558
    46     1.557826e+00     1.817275e-01
 * time: 2097.7954659461975
    47     1.557811e+00     7.234291e-02
 * time: 2136.2947368621826
    48     1.557776e+00     2.062367e-01
 * time: 2164.907392978668
    49     1.557777e+00     4.168752e-02
 * time: 2215.86354804039
    50     1.557772e+00     3.294751e-01
 * time: 2244.2130160331726
    51     1.557773e+00     7.603869e-02
 * time: 2288.9859840869904
    52     1.557774e+00     2.583337e-01
 * time: 2329.3146300315857
    53     1.557773e+00     1.215096e-01
 * time: 2350.2581429481506
    54     1.557774e+00     1.134449e-01
 * time: 2370.0532438755035
    55     1.557775e+00     1.429434e-01
 * time: 2387.7553210258484
    56     1.557774e+00     1.074314e-01
 * time: 2516.750496864319
    57     1.557772e+00     1.225856e-01
 * time: 2553.736582994461
    58     1.557773e+00     9.294614e-02
 * time: 2637.5210630893707
    59     1.557773e+00     3.480312e-02
 * time: 2658.5638949871063
    60     1.557772e+00     4.001997e-02
 * time: 2685.531264066696
    61     1.557772e+00     2.840500e-02
 * time: 2715.8068709373474
    62     1.557772e+00     5.189804e-02
 * time: 2754.600606918335
    63     1.557772e+00     6.155682e-02
 * time: 2774.8808948993683
    64     1.557772e+00     3.939644e-03
 * time: 2795.2989580631256
    65     1.557772e+00     7.072921e-02
 * time: 2813.56556391716
    66     1.557772e+00     5.754505e-03
 * time: 2831.356589078903
    67     1.557770e+00     3.022807e-01
 * time: 2899.1725120544434
    68     1.557768e+00     8.369462e-02
 * time: 2927.930670976639
    69     1.557766e+00     2.426204e-01
 * time: 2954.6362960338593
    70     1.557766e+00     2.795045e-02
 * time: 2984.2065908908844
    71     1.557766e+00     1.502164e-01
 * time: 3060.0192408561707
    72     1.557766e+00     1.963531e-01
 * time: 3078.9498488903046
    73     1.557766e+00     6.192942e-02
 * time: 3097.1300840377808
    74     1.557767e+00     2.122061e-01
 * time: 3115.6499540805817
    75     1.557766e+00     5.830473e-02
 * time: 3133.978781938553
    76     1.557767e+00     2.086504e-01
 * time: 3172.9463069438934
    77     1.557765e+00     1.387507e-02
 * time: 3199.266529083252
    78     1.557764e+00     1.676447e-01
 * time: 3217.715281009674
    79     1.557765e+00     4.058202e-02
 * time: 3238.167993068695
    80     1.557766e+00     8.145448e-02
 * time: 3266.2411699295044
    81     1.557766e+00     3.057212e-01
 * time: 3292.666704893112
    82     1.557767e+00     2.173820e-01
 * time: 3323.3258879184723
    83     1.557764e+00     1.326915e-01
 * time: 3355.011909008026
    84     1.557763e+00     3.819324e-02
 * time: 3382.3239669799805
    85     1.557764e+00     7.599306e-02
 * time: 3411.9980750083923
    86     1.557764e+00     2.637509e-01
 * time: 3438.3181850910187
    87     1.557765e+00     8.160578e-02
 * time: 3456.87890291214
    88     1.557764e+00     1.723827e-02
 * time: 3485.7051289081573
    89     1.557764e+00     3.819406e-02
 * time: 3514.953600883484
    90     1.557764e+00     9.763049e-02
 * time: 3542.2518179416656
    91     1.557764e+00     1.868264e-01
 * time: 3567.1793990135193
    92     1.557764e+00     1.387446e-01
 * time: 3625.5527780056
3632.509699 seconds (939.46 M allocations: 92.851 GiB, 0.48% gc time, 153 lock conflicts, 0.44% compilation time)
 * Status: success

 * Candidate solution
    Final objective value:     1.557764e+00

 * Found with
    Algorithm:     BFGS

 * Convergence measures
    |x - x'|               = 1.42e-03 ≰ 1.0e-04
    |x - x'|/|x'|          = 3.78e-04 ≰ 0.0e+00
    |f(x) - f(x')|         = 7.41e-09 ≰ 0.0e+00
    |f(x) - f(x')|/|f(x')| = 4.75e-09 ≤ 1.0e-08
    |g(x)|                 = 1.39e-01 ≰ 1.0e-05

 * Work counters
    Seconds run:   3626  (vs limit 14400)
    Iterations:    92
    f(x) calls:    428
    ∇f(x) calls:   428

ν_s = 0.515808416878005
ν_t = 0.8654014832337128
r_t = 43.016476050747784
r_s = 16.654424704586
σ = 3.830887771850327
β_obs = 0.9960275725609588
σ_obs = 0.8464829283703752
Task 2 finished at Fri  2 Oct 04:43:31 CEST 2026
