Job 25525696, task 29 running on idun-04-04 at Fri  2 Oct 02:48:49 CEST 2026
Estimating parameters for replication r = 29
Iter     Function value   Gradient norm 
     0     1.958548e+00     1.614711e+00
 * time: 0.02407383918762207
     1     1.571358e+00     2.702948e-01
 * time: 0.8819160461425781
     2     1.522387e+00     5.679717e-02
 * time: 1.4294688701629639
     3     1.514131e+00     1.192212e-01
 * time: 2.003026008605957
     4     1.505785e+00     3.906787e-02
 * time: 2.5487148761749268
     5     1.503684e+00     2.800700e-02
 * time: 3.1188509464263916
     6     1.502329e+00     1.045755e-02
 * time: 3.659299850463867
     7     1.502265e+00     3.396479e-03
 * time: 4.2097249031066895
     8     1.502027e+00     7.331533e-03
 * time: 4.962384939193726
     9     1.501545e+00     2.595841e-03
 * time: 13.006495952606201
    10     1.501426e+00     1.476713e-03
 * time: 13.543856859207153
    11     1.501408e+00     1.778296e-03
 * time: 14.092378854751587
    12     1.501165e+00     1.140341e-02
 * time: 15.082828998565674
    13     1.501047e+00     3.401465e-01
 * time: 23.10989785194397
    14     1.500929e+00     4.649338e-03
 * time: 23.5105459690094
    15     1.500845e+00     2.615486e-03
 * time: 24.123281002044678
    16     1.500773e+00     7.168196e-04
 * time: 24.720919847488403
    17     1.500770e+00     9.926057e-04
 * time: 25.69005584716797
    18     1.500670e+00     5.150239e-01
 * time: 55.48125386238098
    19     1.500671e+00     4.833211e-02
 * time: 93.36706495285034
    20     1.500658e+00     6.759966e-04
 * time: 104.04441285133362
    21     1.500657e+00     2.385834e-01
 * time: 176.65230894088745
    22     1.500656e+00     5.953717e-04
 * time: 180.56952786445618
    23     1.500649e+00     2.763072e+00
 * time: 197.88881492614746
    24     1.500648e+00     3.358559e-01
 * time: 213.59750294685364
    25     1.500632e+00     1.055604e+00
 * time: 234.09983086585999
    26     1.500602e+00     3.014849e-01
 * time: 254.4152488708496
    27     1.500587e+00     2.569087e-01
 * time: 262.45551586151123
    28     1.500556e+00     1.923558e-02
 * time: 281.074355840683
    29     1.500552e+00     1.238407e+00
 * time: 295.2963180541992
    30     1.500530e+00     8.986977e-04
 * time: 305.34489393234253
    31     1.500526e+00     2.226645e-04
 * time: 319.2992389202118
    32     1.500523e+00     1.649194e-02
 * time: 331.9137330055237
    33     1.500522e+00     4.443226e-03
 * time: 346.9816918373108
    34     1.500522e+00     5.327652e-03
 * time: 374.3257670402527
    35     1.500522e+00     7.716276e-02
 * time: 406.3135950565338
    36     1.500523e+00     2.110722e-04
 * time: 415.4969279766083
    37     1.500522e+00     2.297810e-04
 * time: 421.6934459209442
    38     1.500522e+00     1.925856e-01
 * time: 456.2130539417267
    39     1.500523e+00     2.891273e-03
 * time: 480.4592978954315
    40     1.500522e+00     1.571773e-01
 * time: 508.5217900276184
515.486858 seconds (163.38 M allocations: 18.877 GiB, 0.65% gc time, 49 lock conflicts, 3.14% compilation time)
 * Status: success

 * Candidate solution
    Final objective value:     1.500522e+00

 * Found with
    Algorithm:     BFGS

 * Convergence measures
    |x - x'|               = 5.41e-05 ≤ 1.0e-04
    |x - x'|/|x'|          = 2.20e-05 ≰ 0.0e+00
    |f(x) - f(x')|         = 4.34e-07 ≰ 0.0e+00
    |f(x) - f(x')|/|f(x')| = 2.89e-07 ≰ 1.0e-08
    |g(x)|                 = 1.57e-01 ≰ 1.0e-05

 * Work counters
    Seconds run:   509  (vs limit 14400)
    Iterations:    40
    f(x) calls:    146
    ∇f(x) calls:   146

ν_s = 0.8400956502299125
ν_t = 1.5179994972426651
r_t = 11.66080815259818
r_s = 1.0459784321443402
σ = 5.759878484952163
β_obs = 0.25887445519160013
σ_obs = 0.8324470063916536
Task 29 finished at Fri  2 Oct 02:57:32 CEST 2026
