Job 25525879, task 19 running on idun-04-08 at Fri  2 Oct 03:43:20 CEST 2026
Estimating parameters for scenario LH, replication r = 19
Iter     Function value   Gradient norm 
     0     2.700282e+00     3.006415e+00
 * time: 0.02725696563720703
     1     1.758547e+00     1.647589e-01
 * time: 0.8761320114135742
     2     1.718613e+00     8.217238e-02
 * time: 1.4876010417938232
     3     1.710557e+00     3.000864e-02
 * time: 2.310030937194824
     4     1.709440e+00     2.006681e-02
 * time: 2.927420139312744
     5     1.708628e+00     4.510986e-03
 * time: 3.5339019298553467
     6     1.708606e+00     2.844637e-03
 * time: 4.1337480545043945
     7     1.708338e+00     5.190766e-03
 * time: 5.154428005218506
     8     1.707101e+00     2.304037e-02
 * time: 13.585959911346436
     9     1.706890e+00     4.664239e-03
 * time: 14.559873104095459
    10     1.706854e+00     2.442726e-03
 * time: 15.101238012313843
    11     1.706744e+00     3.785609e-03
 * time: 15.952265977859497
    12     1.706664e+00     4.225877e-03
 * time: 22.941927909851074
    13     1.706618e+00     1.237868e-03
 * time: 23.60470700263977
    14     1.706587e+00     4.813914e-02
 * time: 43.927897930145264
    15     1.706588e+00     6.313896e-03
 * time: 78.11792802810669
    16     1.706587e+00     1.323325e-03
 * time: 94.06337213516235
    17     1.706587e+00     1.781270e-02
 * time: 124.2237811088562
    18     1.706585e+00     1.753604e-01
 * time: 139.17304110527039
    19     1.706584e+00     5.534778e-03
 * time: 161.75876712799072
    20     1.706579e+00     2.595888e-03
 * time: 177.39524912834167
    21     1.706578e+00     2.879351e-02
 * time: 194.0314691066742
    22     1.706574e+00     3.792379e-02
 * time: 216.90720510482788
    23     1.706575e+00     7.608868e-03
 * time: 420.5882239341736
427.087601 seconds (135.76 M allocations: 17.025 GiB, 0.91% gc time, 51 lock conflicts, 3.43% compilation time)
 * Status: success

 * Candidate solution
    Final objective value:     1.706575e+00

 * Found with
    Algorithm:     BFGS

 * Convergence measures
    |x - x'|               = 2.14e-07 ≤ 1.0e-04
    |x - x'|/|x'|          = 1.10e-07 ≰ 0.0e+00
    |f(x) - f(x')|         = 1.19e-06 ≰ 0.0e+00
    |f(x) - f(x')|/|f(x')| = 6.95e-07 ≰ 1.0e-08
    |g(x)|                 = 7.61e-03 ≰ 1.0e-05

 * Work counters
    Seconds run:   421  (vs limit 14400)
    Iterations:    23
    f(x) calls:    108
    ∇f(x) calls:   108

ν_s = 0.6348029418451
ν_t = 2.530830734601663
r_t = 7.000622841793709
r_s = 1.6430931805240994
σ = 4.4167132399400755
β_obs = 0.2622377737834103
σ_obs = 1.0702194736888362
Task 19 finished at Fri  2 Oct 03:50:39 CEST 2026
