Job 25525696, task 28 running on idun-04-04 at Fri  2 Oct 02:48:49 CEST 2026
Estimating parameters for replication r = 28
Iter     Function value   Gradient norm 
     0     1.933336e+00     1.572850e+00
 * time: 0.02561783790588379
     1     1.565519e+00     2.748400e-01
 * time: 0.8652799129486084
     2     1.516395e+00     5.713671e-02
 * time: 1.4080479145050049
     3     1.508559e+00     1.123860e-01
 * time: 1.9794349670410156
     4     1.500697e+00     3.867982e-02
 * time: 2.5201609134674072
     5     1.498769e+00     2.584075e-02
 * time: 3.068495035171509
     6     1.497657e+00     5.968153e-03
 * time: 3.632974863052368
     7     1.497635e+00     1.796061e-03
 * time: 4.174513816833496
     8     1.497447e+00     4.757668e-03
 * time: 5.080168008804321
     9     1.496917e+00     5.654572e-03
 * time: 5.60814094543457
    10     1.496478e+00     8.245839e-03
 * time: 13.83920693397522
    11     1.496303e+00     4.627980e-03
 * time: 28.514621019363403
    12     1.496302e+00     4.244601e-02
 * time: 58.59886598587036
    13     1.496266e+00     3.185694e-02
 * time: 66.90561103820801
    14     1.496259e+00     1.914425e-03
 * time: 89.22406101226807
    15     1.496257e+00     4.764748e-02
 * time: 108.51767492294312
    16     1.496257e+00     1.764544e-02
 * time: 136.93439483642578
    17     1.496255e+00     4.605032e-02
 * time: 151.94943594932556
    18     1.496252e+00     2.011941e-03
 * time: 165.1318860054016
    19     1.496225e+00     2.010614e-01
 * time: 193.86632680892944
    20     1.496185e+00     2.565160e+00
 * time: 215.34586691856384
    21     1.496180e+00     5.481335e-02
 * time: 237.12074995040894
    22     1.496148e+00     1.877482e-02
 * time: 252.86857295036316
    23     1.496120e+00     1.007444e-02
 * time: 288.5960998535156
    24     1.496113e+00     1.134653e-03
 * time: 309.8776478767395
    25     1.496100e+00     1.431225e-02
 * time: 339.1418528556824
    26     1.496075e+00     2.180378e-02
 * time: 360.96509194374084
    27     1.496014e+00     5.366542e-03
 * time: 381.4484558105469
    28     1.495999e+00     1.274148e-02
 * time: 395.0132439136505
    29     1.495995e+00     2.896299e-03
 * time: 408.5879490375519
    30     1.495994e+00     5.228301e-03
 * time: 429.40212988853455
    31     1.495992e+00     8.257019e+14
 * time: 443.6869969367981
    32     1.495993e+00     4.340453e-03
 * time: 479.6781988143921
    33     1.495989e+00     6.514615e-03
 * time: 482.99553084373474
    34     1.495984e+00     5.385344e-03
 * time: 483.77178597450256
    35     1.495981e+00     4.856538e-03
 * time: 484.4717478752136
    36     1.495978e+00     5.366051e-03
 * time: 485.1582679748535
    37     1.495976e+00     3.213239e-03
 * time: 485.8718559741974
    38     1.495976e+00     1.828691e-03
 * time: 486.3409399986267
    39     1.495975e+00     1.488659e-03
 * time: 487.14971590042114
    40     1.495975e+00     8.065972e-04
 * time: 487.8346629142761
    41     1.495974e+00     1.296673e-03
 * time: 488.54976201057434
    42     1.495974e+00     5.208452e-03
 * time: 496.7166848182678
    43     1.495973e+00     4.865723e-03
 * time: 499.58759689331055
    44     1.495973e+00     4.951071e-03
 * time: 500.07385301589966
    45     1.495973e+00     2.928267e-03
 * time: 500.5461678504944
    46     1.495973e+00     2.714045e-03
 * time: 501.0532019138336
    47     1.495973e+00     2.866596e-03
 * time: 501.51501202583313
    48     1.495973e+00     2.764155e-03
 * time: 502.289598941803
    49     1.495973e+00     2.720919e-03
 * time: 502.9884498119354
    50     1.495973e+00     8.899396e-02
 * time: 503.7128629684448
    51     1.495973e+00     8.830682e-02
 * time: 504.1817419528961
    52     1.495973e+00     8.661428e-02
 * time: 504.6531538963318
    53     1.495973e+00     8.851898e-02
 * time: 505.44823384284973
    54     1.495973e+00     8.749299e-02
 * time: 508.2832009792328
    55     1.495973e+00     8.637358e-02
 * time: 508.76331901550293
    56     1.495973e+00     8.928615e-02
 * time: 509.45473194122314
    57     1.495973e+00     8.792519e-02
 * time: 509.9337010383606
    58     1.495973e+00     8.723240e-02
 * time: 510.39442801475525
    59     1.495973e+00     8.859349e-02
 * time: 510.8539469242096
    60     1.495973e+00     8.794759e-02
 * time: 513.8558478355408
520.627952 seconds (171.44 M allocations: 22.936 GiB, 0.75% gc time, 88 lock conflicts, 2.97% compilation time)
 * Status: success

 * Candidate solution
    Final objective value:     1.495973e+00

 * Found with
    Algorithm:     BFGS

 * Convergence measures
    |x - x'|               = 2.31e-01 ≰ 1.0e-04
    |x - x'|/|x'|          = 2.79e-02 ≰ 0.0e+00
    |f(x) - f(x')|         = 1.41e-08 ≰ 0.0e+00
    |f(x) - f(x')|/|f(x')| = 9.40e-09 ≤ 1.0e-08
    |g(x)|                 = 8.79e-02 ≰ 1.0e-05

 * Work counters
    Seconds run:   514  (vs limit 14400)
    Iterations:    60
    f(x) calls:    182
    ∇f(x) calls:   182

ν_s = 0.6518954399031893
ν_t = 1.500147492581264
r_t = 143.67890746020552
r_s = 3947.0166895779053
σ = 4.923993719678913
β_obs = 0.2840542865531454
σ_obs = 0.8288161126793865
Task 28 finished at Fri  2 Oct 02:57:37 CEST 2026
