Job 25525828, task 28 running on idun-03-07 at Fri  2 Oct 03:42:50 CEST 2026
Estimating parameters for scenario HH, replication r = 28
Iter     Function value   Gradient norm 
     0     2.799258e+00     3.136811e+00
 * time: 0.02740311622619629
     1     1.790218e+00     1.486861e-01
 * time: 0.8717031478881836
     2     1.756008e+00     3.996181e-02
 * time: 1.4202020168304443
     3     1.754357e+00     6.561901e-03
 * time: 1.9609010219573975
     4     1.754015e+00     3.211851e-03
 * time: 2.681615114212036
     5     1.753927e+00     3.426166e-03
 * time: 3.2123870849609375
     6     1.753871e+00     5.484191e-03
 * time: 3.9304959774017334
     7     1.753645e+00     5.629510e-03
 * time: 15.307990074157715
     8     1.753510e+00     4.159654e-03
 * time: 15.690935134887695
     9     1.753402e+00     1.801707e-03
 * time: 16.497749090194702
    10     1.753353e+00     4.182963e-03
 * time: 17.10235595703125
    11     1.753201e+00     1.156742e-02
 * time: 22.099647045135498
    12     1.752959e+00     9.350709e-03
 * time: 29.072510957717896
    13     1.752731e+00     1.663727e-03
 * time: 29.99464702606201
    14     1.752684e+00     3.198074e-03
 * time: 30.797662019729614
    15     1.752647e+00     1.770439e-03
 * time: 31.566404104232788
    16     1.752635e+00     1.185162e-03
 * time: 40.59173011779785
    17     1.752630e+00     1.103806e-03
 * time: 48.99489402770996
    18     1.752630e+00     5.588675e-02
 * time: 331.12098813056946
    19     1.752630e+00     3.374324e-02
 * time: 377.8566851615906
    20     1.752631e+00     4.380358e-02
 * time: 426.64717507362366
    21     1.752631e+00     1.853134e-02
 * time: 489.52773213386536
    22     1.752579e+00     8.612453e-03
 * time: 511.4212591648102
    23     1.752537e+00     1.054027e-03
 * time: 532.8281321525574
    24     1.752527e+00     2.468763e-03
 * time: 553.5130410194397
    25     1.752486e+00     2.089966e-02
 * time: 582.3993401527405
    26     1.752443e+00     3.115945e-02
 * time: 601.7222909927368
    27     1.752336e+00     5.884440e-03
 * time: 659.4228031635284
    28     1.752155e+00     5.401297e-03
 * time: 670.5030341148376
    29     1.752139e+00     5.540240e-04
 * time: 675.3222920894623
    30     1.752138e+00     5.328960e-03
 * time: 690.4317581653595
    31     1.752138e+00     3.482322e-03
 * time: 716.7771430015564
    32     1.752138e+00     2.589779e-03
 * time: 731.41717004776
    33     1.752138e+00     1.350720e-03
 * time: 750.2314200401306
    34     1.752138e+00     6.864667e-04
 * time: 757.4156680107117
    35     1.752138e+00     3.658800e-03
 * time: 788.309079170227
    36     1.752138e+00     7.971925e-04
 * time: 807.0588970184326
    37     1.752137e+00     2.583292e-03
 * time: 827.5720629692078
    38     1.752137e+00     1.114518e-03
 * time: 844.7373690605164
    39     1.752135e+00     5.948387e-04
 * time: 864.1253180503845
    40     1.752130e+00     6.611742e-03
 * time: 897.5045919418335
    41     1.752130e+00     7.283805e-04
 * time: 911.5971751213074
    42     1.752129e+00     2.269228e-03
 * time: 933.9435751438141
    43     1.752129e+00     5.470219e-03
 * time: 949.545802116394
    44     1.752129e+00     6.229274e-04
 * time: 964.0917029380798
    45     1.752128e+00     4.795202e-04
 * time: 974.6910150051117
    46     1.752127e+00     1.120756e-03
 * time: 987.6097300052643
    47     1.752129e+00     8.140090e-03
 * time: 1080.8140051364899
    48     1.752131e+00     1.044567e-02
 * time: 1143.8145179748535
    49     1.752131e+00     1.547407e-03
 * time: 1184.4093871116638
    50     1.752123e+00     1.231675e-03
 * time: 1200.599385023117
    51     1.752122e+00     1.410427e-03
 * time: 1228.156690120697
    52     1.752121e+00     1.229202e-02
 * time: 1259.5627300739288
    53     1.752122e+00     5.184420e-03
 * time: 1341.3910100460052
    54     1.752121e+00     2.432867e-03
 * time: 1364.8744101524353
    55     1.752122e+00     9.376182e-03
 * time: 1411.656080007553
    56     1.752120e+00     4.578711e-03
 * time: 1442.2146940231323
    57     1.752120e+00     1.685977e-03
 * time: 1454.9347040653229
    58     1.752120e+00     1.704730e-03
 * time: 1479.0365371704102
    59     1.752120e+00     9.980645e-04
 * time: 1496.3876280784607
    60     1.752120e+00     3.218215e-03
 * time: 1558.7062270641327
    61     1.752120e+00     2.936707e-03
 * time: 1589.379019021988
    62     1.752120e+00     9.658353e-04
 * time: 1681.5097801685333
    63     1.752120e+00     4.349559e-03
 * time: 1694.3829679489136
    64     1.752120e+00     1.218293e-03
 * time: 1714.425488948822
    65     1.752120e+00     5.360463e-03
 * time: 1737.3451960086823
    66     1.752120e+00     2.313829e-03
 * time: 1752.5547721385956
    67     1.752120e+00     6.414246e-03
 * time: 1774.8391880989075
    68     1.752120e+00     7.794892e-04
 * time: 1799.4169080257416
    69     1.752119e+00     1.569218e-03
 * time: 1828.988233089447
    70     1.752119e+00     2.691535e-03
 * time: 1857.4184391498566
    71     1.752120e+00     3.706399e-03
 * time: 1900.5399551391602
    72     1.752119e+00     6.541346e-04
 * time: 1918.580295085907
    73     1.752119e+00     8.699594e-02
 * time: 1956.4943661689758
    74     1.752119e+00     5.321234e-04
 * time: 1982.3475279808044
    75     1.752119e+00     5.661150e-03
 * time: 2007.5674901008606
2014.468331 seconds (520.00 M allocations: 60.583 GiB, 0.55% gc time, 265 lock conflicts, 0.78% compilation time)
 * Status: success

 * Candidate solution
    Final objective value:     1.752119e+00

 * Found with
    Algorithm:     BFGS

 * Convergence measures
    |x - x'|               = 9.92e-03 ≰ 1.0e-04
    |x - x'|/|x'|          = 1.23e-03 ≰ 0.0e+00
    |f(x) - f(x')|         = 1.05e-08 ≰ 0.0e+00
    |f(x) - f(x')|/|f(x')| = 5.97e-09 ≤ 1.0e-08
    |g(x)|                 = 5.66e-03 ≰ 1.0e-05

 * Work counters
    Seconds run:   2008  (vs limit 14400)
    Iterations:    75
    f(x) calls:    355
    ∇f(x) calls:   355

ν_s = 0.46485632286414685
ν_t = 0.8330530355629945
r_t = 663.9840317769972
r_s = 3208.664278815398
σ = 3.3433278894622136
β_obs = 0.9992950299668361
σ_obs = 1.0889158853847818
Task 28 finished at Fri  2 Oct 04:16:34 CEST 2026
