Job 25525828, task 1 running on idun-05-35 at Fri  2 Oct 03:42:50 CEST 2026
Estimating parameters for scenario HH, replication r = 1
Iter     Function value   Gradient norm 
     0     2.744877e+00     3.055459e+00
 * time: 0.02061295509338379
     1     1.778599e+00     1.597648e-01
 * time: 0.7165131568908691
     2     1.744285e+00     3.735848e-02
 * time: 1.224264144897461
     3     1.742639e+00     5.825570e-03
 * time: 1.7201321125030518
     4     1.742448e+00     1.218971e-02
 * time: 2.225506067276001
     5     1.742252e+00     2.844036e-03
 * time: 2.7275521755218506
     6     1.742233e+00     2.058300e-03
 * time: 3.2324321269989014
     7     1.741937e+00     1.136880e-02
 * time: 4.15839695930481
     8     1.741810e+00     7.766507e-03
 * time: 13.749221086502075
     9     1.741774e+00     5.189464e-03
 * time: 14.084694147109985
    10     1.741680e+00     6.462720e-03
 * time: 14.419640064239502
    11     1.741171e+00     9.512142e-03
 * time: 25.870952129364014
    12     1.740834e+00     2.127469e-03
 * time: 26.565787076950073
    13     1.740787e+00     7.381318e-04
 * time: 27.47117805480957
    14     1.740768e+00     8.061474e-04
 * time: 29.67031216621399
    15     1.740764e+00     7.128433e-04
 * time: 35.29885911941528
    16     1.740761e+00     9.825714e-04
 * time: 42.00156617164612
    17     1.740746e+00     2.594597e-03
 * time: 64.04829812049866
    18     1.740732e+00     3.141148e-03
 * time: 110.67083811759949
    19     1.740726e+00     3.976728e-03
 * time: 116.05448007583618
    20     1.740727e+00     8.008527e-04
 * time: 153.1189579963684
    21     1.740728e+00     1.421477e-02
 * time: 396.5793869495392
    22     1.740728e+00     1.694240e-01
 * time: 443.8205909729004
450.014329 seconds (172.27 M allocations: 20.281 GiB, 0.93% gc time, 28 lock conflicts, 3.43% compilation time)
 * Status: success

 * Candidate solution
    Final objective value:     1.740728e+00

 * Found with
    Algorithm:     BFGS

 * Convergence measures
    |x - x'|               = 2.00e-09 ≤ 1.0e-04
    |x - x'|/|x'|          = 1.04e-09 ≰ 0.0e+00
    |f(x) - f(x')|         = 9.69e-08 ≰ 0.0e+00
    |f(x) - f(x')|/|f(x')| = 5.56e-08 ≰ 1.0e-08
    |g(x)|                 = 1.69e-01 ≰ 1.0e-05

 * Work counters
    Seconds run:   444  (vs limit 14400)
    Iterations:    22
    f(x) calls:    119
    ∇f(x) calls:   119

ν_s = 0.6066545284232991
ν_t = 0.988168730288253
r_t = 6.822228237088432
r_s = 0.7551689845636027
σ = 3.53184502198386
β_obs = 0.9769442188810487
σ_obs = 1.0769777766162212
Task 1 finished at Fri  2 Oct 03:50:28 CEST 2026
