Job 25525829, task 8 running on idun-04-14 at Fri  2 Oct 03:42:50 CEST 2026
Estimating parameters for scenario HL, replication r = 8
Iter     Function value   Gradient norm 
     0     2.040340e+00     1.649861e+00
 * time: 0.02428889274597168
     1     1.612229e+00     2.651922e-01
 * time: 0.8506989479064941
     2     1.559189e+00     5.436491e-02
 * time: 1.3982269763946533
     3     1.555069e+00     6.311601e-02
 * time: 1.96036696434021
     4     1.553149e+00     1.023817e-02
 * time: 2.5125789642333984
     5     1.552853e+00     1.233260e-02
 * time: 3.075976848602295
     6     1.552568e+00     2.643428e-03
 * time: 3.6368608474731445
     7     1.552504e+00     9.345796e-03
 * time: 4.363046884536743
     8     1.551538e+00     1.228932e-02
 * time: 5.100029945373535
     9     1.551130e+00     8.731352e-03
 * time: 11.170070886611938
    10     1.551034e+00     5.052082e-03
 * time: 11.541038036346436
    11     1.550888e+00     1.449531e-02
 * time: 12.100924015045166
    12     1.550000e+00     1.002303e-02
 * time: 13.596821069717407
    13     1.549704e+00     3.750926e-03
 * time: 14.452429056167603
    14     1.549561e+00     6.203461e-03
 * time: 15.302679061889648
    15     1.549424e+00     1.439087e-03
 * time: 16.0697820186615
    16     1.549339e+00     5.554257e-03
 * time: 16.85113501548767
    17     1.549308e+00     4.485704e-04
 * time: 17.600895881652832
    18     1.549306e+00     5.890626e-04
 * time: 18.348902940750122
    19     1.549305e+00     1.858858e-04
 * time: 18.84458589553833
    20     1.549305e+00     5.548230e-04
 * time: 19.926887035369873
    21     1.549287e+00     9.157734e-04
 * time: 21.175116062164307
    22     1.549274e+00     1.687557e-03
 * time: 21.676995992660522
    23     1.549263e+00     4.147187e-04
 * time: 22.4664409160614
    24     1.549256e+00     8.943091e-04
 * time: 23.22327995300293
    25     1.549248e+00     4.767505e-04
 * time: 24.04668402671814
    26     1.549247e+00     6.647337e-04
 * time: 24.831937074661255
    27     1.549246e+00     1.491530e-04
 * time: 25.36131191253662
    28     1.549245e+00     9.242146e-05
 * time: 26.16944694519043
    29     1.549245e+00     3.361921e-05
 * time: 26.951194047927856
    30     1.549245e+00     3.951903e-05
 * time: 27.754409074783325
    31     1.549245e+00     9.691547e-05
 * time: 28.808490991592407
    32     1.549244e+00     4.035192e-04
 * time: 30.07863688468933
    33     1.549243e+00     4.270638e-04
 * time: 30.582372903823853
    34     1.549242e+00     3.739883e-05
 * time: 31.07480788230896
    35     1.549241e+00     2.130358e-04
 * time: 31.826153993606567
    36     1.549241e+00     1.472141e-04
 * time: 32.406681060791016
    37     1.549241e+00     6.694201e-05
 * time: 32.92315101623535
    38     1.549241e+00     2.029358e-04
 * time: 33.44532489776611
    39     1.549241e+00     8.010742e-05
 * time: 34.238950967788696
    40     1.549241e+00     7.489547e-05
 * time: 35.0300509929657
    41     1.549241e+00     8.791613e-05
 * time: 35.806442975997925
    42     1.549241e+00     5.738788e-05
 * time: 36.58549189567566
    43     1.549241e+00     5.238225e-05
 * time: 37.08695888519287
 43.741339 seconds (65.47 M allocations: 14.031 GiB, 4.21% gc time, 112 lock conflicts, 34.40% compilation time)
 * Status: success

 * Candidate solution
    Final objective value:     1.549241e+00

 * Found with
    Algorithm:     BFGS

 * Convergence measures
    |x - x'|               = 5.78e-01 ≰ 1.0e-04
    |x - x'|/|x'|          = 6.61e-02 ≰ 0.0e+00
    |f(x) - f(x')|         = 1.23e-08 ≰ 0.0e+00
    |f(x) - f(x')|/|f(x')| = 7.92e-09 ≤ 1.0e-08
    |g(x)|                 = 5.24e-05 ≰ 1.0e-05

 * Work counters
    Seconds run:   37  (vs limit 14400)
    Iterations:    43
    f(x) calls:    131
    ∇f(x) calls:   131

ν_s = 0.6508645281534325
ν_t = 0.8348372822051479
r_t = 1332.0847835817
r_s = 485.62003233789704
σ = 3.9196115624626335
β_obs = 0.9999999999919261
σ_obs = 0.8448625480837346
Task 8 finished at Fri  2 Oct 03:43:46 CEST 2026
