Job 25525879, task 5 running on idun-04-07 at Fri  2 Oct 03:43:20 CEST 2026
Estimating parameters for scenario LH, replication r = 5
Iter     Function value   Gradient norm 
     0     2.727766e+00     3.107717e+00
 * time: 0.026107072830200195
     1     1.758274e+00     1.618187e-01
 * time: 0.8703820705413818
     2     1.724161e+00     7.525388e-02
 * time: 1.4643330574035645
     3     1.717014e+00     3.369186e-02
 * time: 2.229024887084961
     4     1.716086e+00     1.442468e-02
 * time: 2.778380870819092
     5     1.715454e+00     3.015677e-03
 * time: 3.315664052963257
     6     1.715395e+00     8.016473e-03
 * time: 4.027846097946167
     7     1.715113e+00     6.102310e-03
 * time: 4.737770080566406
     8     1.713706e+00     2.955468e-02
 * time: 5.625640869140625
     9     1.713219e+00     8.080781e-03
 * time: 6.4390480518341064
    10     1.713004e+00     1.238410e-02
 * time: 7.230509996414185
    11     1.712795e+00     7.690636e-03
 * time: 8.244606018066406
    12     1.712700e+00     1.758076e-02
 * time: 15.066633939743042
    13     1.712528e+00     1.266907e-02
 * time: 22.995382070541382
    14     1.712399e+00     4.099171e-03
 * time: 24.187875986099243
    15     1.712342e+00     1.424418e-03
 * time: 25.291406869888306
    16     1.712305e+00     6.341242e-03
 * time: 26.49867606163025
    17     1.712228e+00     3.725105e-03
 * time: 27.55980110168457
    18     1.712190e+00     2.321611e-03
 * time: 28.749249935150146
    19     1.712179e+00     1.121326e-03
 * time: 29.820658922195435
    20     1.712176e+00     2.624147e-04
 * time: 30.625518083572388
    21     1.712176e+00     1.664724e-04
 * time: 31.682430028915405
    22     1.712175e+00     2.770182e-04
 * time: 32.77571702003479
    23     1.712167e+00     4.975509e-04
 * time: 34.495847940444946
    24     1.712166e+00     5.150029e-04
 * time: 35.57211208343506
    25     1.712165e+00     4.233070e-05
 * time: 36.252212047576904
    26     1.712165e+00     3.393037e-05
 * time: 37.33561897277832
    27     1.712165e+00     2.572519e-06
 * time: 38.34846496582031
 45.257416 seconds (56.34 M allocations: 11.291 GiB, 4.19% gc time, 113 lock conflicts, 34.59% compilation time)
 * Status: success

 * Candidate solution
    Final objective value:     1.712165e+00

 * Found with
    Algorithm:     BFGS

 * Convergence measures
    |x - x'|               = 1.78e-03 ≰ 1.0e-04
    |x - x'|/|x'|          = 5.20e-04 ≰ 0.0e+00
    |f(x) - f(x')|         = 2.95e-09 ≰ 0.0e+00
    |f(x) - f(x')|/|f(x')| = 1.72e-09 ≤ 1.0e-08
    |g(x)|                 = 2.57e-06 ≤ 1.0e-05

 * Work counters
    Seconds run:   38  (vs limit 14400)
    Iterations:    27
    f(x) calls:    86
    ∇f(x) calls:   86

ν_s = 0.5323093494972908
ν_t = 3.1375392497552888
r_t = 5.650833458801651
r_s = 9.240508112932245
σ = 3.881339220125355
β_obs = 0.12831712559358122
σ_obs = 1.0892426264565267
Task 5 finished at Fri  2 Oct 03:44:16 CEST 2026
