Job 25525879, task 2 running on idun-03-03 at Fri  2 Oct 03:43:20 CEST 2026
Estimating parameters for scenario LH, replication r = 2
Iter     Function value   Gradient norm 
     0     2.720018e+00     3.091416e+00
 * time: 0.024727821350097656
     1     1.757425e+00     1.632530e-01
 * time: 0.8526389598846436
     2     1.723808e+00     7.256084e-02
 * time: 1.4500398635864258
     3     1.716327e+00     3.129759e-02
 * time: 2.259232997894287
     4     1.715497e+00     1.540160e-02
 * time: 2.8687829971313477
     5     1.714912e+00     2.870135e-03
 * time: 3.4712438583374023
     6     1.714879e+00     4.063658e-03
 * time: 4.068181991577148
     7     1.714832e+00     4.570191e-03
 * time: 4.66732382774353
     8     1.714164e+00     9.147461e-03
 * time: 5.869410991668701
     9     1.713938e+00     4.434581e-03
 * time: 14.458273887634277
    10     1.713880e+00     2.449563e-03
 * time: 15.133256912231445
    11     1.713833e+00     1.483160e-01
 * time: 55.081281900405884
    12     1.713806e+00     2.514048e-03
 * time: 85.78529787063599
    13     1.713795e+00     2.488467e-02
 * time: 96.8130829334259
    14     1.713787e+00     8.776917e-03
 * time: 109.5831549167633
    15     1.713549e+00     1.095534e-02
 * time: 131.02224588394165
    16     1.713410e+00     6.898096e-02
 * time: 146.37700581550598
    17     1.713378e+00     1.246497e-03
 * time: 155.90481185913086
    18     1.713379e+00     1.886508e-02
 * time: 194.54824686050415
    19     1.713366e+00     8.946051e-03
 * time: 214.66636991500854
    20     1.713366e+00     5.174765e-04
 * time: 217.13583087921143
    21     1.713366e+00     2.601948e-03
 * time: 232.49981880187988
    22     1.713364e+00     5.079041e-04
 * time: 240.69600081443787
247.267770 seconds (98.47 M allocations: 10.865 GiB, 0.78% gc time, 35 lock conflicts, 6.02% compilation time)
 * Status: success

 * Candidate solution
    Final objective value:     1.713364e+00

 * Found with
    Algorithm:     BFGS

 * Convergence measures
    |x - x'|               = 6.94e-05 ≤ 1.0e-04
    |x - x'|/|x'|          = 3.47e-05 ≰ 0.0e+00
    |f(x) - f(x')|         = 2.30e-06 ≰ 0.0e+00
    |f(x) - f(x')|/|f(x')| = 1.34e-06 ≰ 1.0e-08
    |g(x)|                 = 5.08e-04 ≰ 1.0e-05

 * Work counters
    Seconds run:   241  (vs limit 14400)
    Iterations:    22
    f(x) calls:    82
    ∇f(x) calls:   82

ν_s = 0.7190195871193092
ν_t = 1.5164559974481613
r_t = 7.388900510990666
r_s = 0.7272645626404584
σ = 4.196913360659998
β_obs = 0.19739689827873078
σ_obs = 1.08349136678564
Task 2 finished at Fri  2 Oct 03:47:39 CEST 2026
