Job 25525879, task 27 running on idun-04-08 at Fri  2 Oct 03:43:20 CEST 2026
Estimating parameters for scenario LH, replication r = 27
Iter     Function value   Gradient norm 
     0     2.699384e+00     3.020557e+00
 * time: 0.02476191520690918
     1     1.755235e+00     1.650331e-01
 * time: 0.8935348987579346
     2     1.716667e+00     8.216903e-02
 * time: 1.4981739521026611
     3     1.708362e+00     3.667835e-02
 * time: 2.3128550052642822
     4     1.707125e+00     1.805858e-02
 * time: 2.9222230911254883
     5     1.706258e+00     4.160517e-03
 * time: 3.52860689163208
     6     1.706246e+00     1.700990e-03
 * time: 4.1337339878082275
     7     1.706213e+00     2.334249e-03
 * time: 4.934892892837524
     8     1.705614e+00     7.499740e-03
 * time: 6.467578887939453
     9     1.705541e+00     1.461624e-02
 * time: 23.037957906723022
    10     1.705541e+00     4.348731e-03
 * time: 62.648029088974
    11     1.705537e+00     9.850495e-02
 * time: 75.88528108596802
    12     1.705537e+00     6.289489e-02
 * time: 93.09982109069824
    13     1.705536e+00     5.110566e-03
 * time: 128.1047420501709
    14     1.705534e+00     2.489127e-03
 * time: 140.94422101974487
    15     1.705534e+00     2.145816e-03
 * time: 155.5286979675293
    16     1.705527e+00     6.195581e-03
 * time: 182.8277289867401
    17     1.705522e+00     1.586370e-03
 * time: 203.4445550441742
    18     1.705522e+00     7.839206e-02
 * time: 228.02885508537292
    19     1.705522e+00     1.551057e-02
 * time: 245.77872490882874
252.483302 seconds (96.33 M allocations: 10.100 GiB, 0.80% gc time, 51 lock conflicts, 6.04% compilation time)
 * Status: success

 * Candidate solution
    Final objective value:     1.705522e+00

 * Found with
    Algorithm:     BFGS

 * Convergence measures
    |x - x'|               = 9.14e-05 ≤ 1.0e-04
    |x - x'|/|x'|          = 4.78e-05 ≰ 0.0e+00
    |f(x) - f(x')|         = 4.09e-07 ≰ 0.0e+00
    |f(x) - f(x')|/|f(x')| = 2.40e-07 ≰ 1.0e-08
    |g(x)|                 = 1.55e-02 ≰ 1.0e-05

 * Work counters
    Seconds run:   246  (vs limit 14400)
    Iterations:    19
    f(x) calls:    72
    ∇f(x) calls:   72

ν_s = 0.8627559983398414
ν_t = 1.59956030266569
r_t = 6.7762548874837965
r_s = 0.393321125376837
σ = 4.403618291902756
β_obs = 0.173770265427522
σ_obs = 1.0711436527323963
Task 27 finished at Fri  2 Oct 03:47:44 CEST 2026
