Job 25525829, task 22 running on idun-03-03 at Fri  2 Oct 03:43:20 CEST 2026
Estimating parameters for scenario HL, replication r = 22
Iter     Function value   Gradient norm 
     0     2.055017e+00     1.687400e+00
 * time: 0.02427387237548828
     1     1.616074e+00     2.641921e-01
 * time: 0.9039928913116455
     2     1.563919e+00     5.141287e-02
 * time: 1.5266380310058594
     3     1.560171e+00     6.000112e-02
 * time: 2.1445958614349365
     4     1.558458e+00     9.565617e-03
 * time: 2.769812822341919
     5     1.558199e+00     1.105435e-02
 * time: 3.3877129554748535
     6     1.557980e+00     1.585972e-03
 * time: 4.0076868534088135
     7     1.557963e+00     4.340888e-03
 * time: 4.63631796836853
     8     1.557698e+00     4.650416e-03
 * time: 5.465231895446777
     9     1.557664e+00     3.547346e-03
 * time: 5.8806469440460205
    10     1.557611e+00     2.212989e-03
 * time: 6.685650825500488
    11     1.557598e+00     2.915330e-03
 * time: 7.0732738971710205
    12     1.557529e+00     1.043774e-02
 * time: 7.650389909744263
    13     1.557254e+00     5.829603e-03
 * time: 17.441061973571777
    14     1.556964e+00     2.411255e-03
 * time: 26.367398023605347
    15     1.556778e+00     3.328613e-03
 * time: 27.3818998336792
    16     1.556663e+00     5.925874e-02
 * time: 38.54727387428284
    17     1.556663e+00     1.765713e-01
 * time: 200.5897719860077
    18     1.556664e+00     2.271404e-01
 * time: 437.91419792175293
    19     1.556665e+00     8.875508e-01
 * time: 632.917986869812
    20     1.556665e+00     1.663476e-01
 * time: 729.6737198829651
736.543421 seconds (224.85 M allocations: 23.802 GiB, 0.59% gc time, 85 lock conflicts, 2.15% compilation time)
 * Status: success

 * Candidate solution
    Final objective value:     1.556665e+00

 * Found with
    Algorithm:     BFGS

 * Convergence measures
    |x - x'|               = 1.09e-05 ≤ 1.0e-04
    |x - x'|/|x'|          = 5.64e-06 ≰ 0.0e+00
    |f(x) - f(x')|         = 2.65e-07 ≰ 0.0e+00
    |f(x) - f(x')|/|f(x')| = 1.70e-07 ≰ 1.0e-08
    |g(x)|                 = 1.66e-01 ≰ 1.0e-05

 * Work counters
    Seconds run:   730  (vs limit 14400)
    Iterations:    20
    f(x) calls:    133
    ∇f(x) calls:   133

ν_s = 0.6164089686502345
ν_t = 0.9877162233285767
r_t = 6.938992306830879
r_s = 0.8121227438089874
σ = 3.726954297390446
β_obs = 0.9926332404228838
σ_obs = 0.8502975477129595
Task 22 finished at Fri  2 Oct 03:55:48 CEST 2026
