Job 25525829, task 1 running on idun-03-06 at Fri  2 Oct 03:42:50 CEST 2026
Estimating parameters for scenario HL, replication r = 1
Iter     Function value   Gradient norm 
     0     2.075690e+00     1.716775e+00
 * time: 0.025101900100708008
     1     1.621128e+00     2.588509e-01
 * time: 0.8463208675384521
     2     1.570105e+00     5.406533e-02
 * time: 1.3906128406524658
     3     1.565913e+00     6.437001e-02
 * time: 1.9264168739318848
     4     1.563826e+00     9.869688e-03
 * time: 2.4618377685546875
     5     1.563573e+00     1.262479e-02
 * time: 2.9961559772491455
     6     1.563302e+00     3.458866e-03
 * time: 3.5240519046783447
     7     1.563219e+00     1.280007e-02
 * time: 4.2338879108428955
     8     1.562786e+00     2.968371e-03
 * time: 5.0458807945251465
     9     1.562716e+00     9.752278e-03
 * time: 5.592224836349487
    10     1.562567e+00     5.806656e-03
 * time: 6.144757986068726
    11     1.562317e+00     8.365560e-03
 * time: 6.9241719245910645
    12     1.562241e+00     2.352569e-03
 * time: 7.706777811050415
    13     1.562205e+00     1.948462e-03
 * time: 8.485286951065063
    14     1.562187e+00     1.557637e-03
 * time: 9.247246980667114
    15     1.562171e+00     3.107525e-03
 * time: 10.383809804916382
    16     1.562089e+00     9.646299e-03
 * time: 11.382906913757324
    17     1.561779e+00     1.076410e-02
 * time: 12.393923997879028
    18     1.561676e+00     4.272361e-03
 * time: 13.156049966812134
    19     1.561658e+00     4.187956e-03
 * time: 13.662352800369263
    20     1.561620e+00     4.039958e-03
 * time: 21.738005876541138
    21     1.561605e+00     1.169291e-03
 * time: 27.751041889190674
    22     1.561596e+00     5.453889e-04
 * time: 62.05942893028259
    23     1.561596e+00     6.827783e+14
 * time: 73.81554579734802
    24     1.561597e+00     6.087977e-04
 * time: 77.6587188243866
    25     1.561595e+00     2.558253e-02
 * time: 97.8643867969513
    26     1.561596e+00     9.277605e-03
 * time: 109.66201376914978
    27     1.561597e+00     2.944714e-04
 * time: 110.56016993522644
    28     1.561596e+00     2.681027e-04
 * time: 112.02159476280212
    29     1.561596e+00     3.602638e-04
 * time: 113.41544485092163
    30     1.561594e+00     3.323839e-04
 * time: 127.32904481887817
    31     1.561593e+00     9.330140e-04
 * time: 492.3331558704376
    32     1.561593e+00     2.276283e-03
 * time: 511.58799386024475
    33     1.561594e+00     4.620586e-04
 * time: 536.8228378295898
    34     1.561593e+00     2.889774e-04
 * time: 562.6831948757172
    35     1.561593e+00     8.207827e-04
 * time: 597.0352489948273
603.840856 seconds (195.23 M allocations: 25.529 GiB, 0.68% gc time, 131 lock conflicts, 2.58% compilation time)
 * Status: success

 * Candidate solution
    Final objective value:     1.561593e+00

 * Found with
    Algorithm:     BFGS

 * Convergence measures
    |x - x'|               = 5.81e-06 ≤ 1.0e-04
    |x - x'|/|x'|          = 1.93e-06 ≰ 0.0e+00
    |f(x) - f(x')|         = 2.16e-07 ≰ 0.0e+00
    |f(x) - f(x')|/|f(x')| = 1.38e-07 ≰ 1.0e-08
    |g(x)|                 = 8.21e-04 ≰ 1.0e-05

 * Work counters
    Seconds run:   597  (vs limit 14400)
    Iterations:    35
    f(x) calls:    174
    ∇f(x) calls:   174

ν_s = 0.5292157701939564
ν_t = 0.8740607958553354
r_t = 18.980249736313066
r_s = 4.304147377163682
σ = 3.687824809394496
β_obs = 0.9997642898972146
σ_obs = 0.8561763845291517
Task 1 finished at Fri  2 Oct 03:53:04 CEST 2026
