Job 25525879, task 4 running on idun-03-28 at Fri  2 Oct 03:43:20 CEST 2026
Estimating parameters for scenario LH, replication r = 4
Iter     Function value   Gradient norm 
     0     2.647213e+00     2.935032e+00
 * time: 0.023922204971313477
     1     1.743835e+00     1.737655e-01
 * time: 0.8156511783599854
     2     1.707567e+00     7.185197e-02
 * time: 1.351034164428711
     3     1.699539e+00     2.384540e-02
 * time: 2.0586111545562744
     4     1.698812e+00     1.737105e-02
 * time: 2.577666997909546
     5     1.698307e+00     2.858835e-03
 * time: 3.096019983291626
     6     1.698261e+00     3.816529e-03
 * time: 3.6190240383148193
     7     1.698236e+00     3.582990e-03
 * time: 4.141348123550415
     8     1.697586e+00     6.705600e-03
 * time: 5.284107208251953
     9     1.697211e+00     8.419386e-03
 * time: 5.635045051574707
    10     1.697023e+00     2.282936e-03
 * time: 5.984579086303711
    11     1.696957e+00     1.858682e-03
 * time: 19.411097049713135
    12     1.696947e+00     1.963721e-03
 * time: 25.858219146728516
    13     1.696897e+00     9.143760e-03
 * time: 47.00073218345642
    14     1.696856e+00     2.958923e-02
 * time: 94.73390913009644
    15     1.696853e+00     2.154079e+00
 * time: 128.58703017234802
    16     1.696839e+00     1.472062e-02
 * time: 140.24170207977295
    17     1.696717e+00     5.531072e-01
 * time: 150.8508071899414
    18     1.696679e+00     1.148195e+00
 * time: 171.0399820804596
    19     1.696606e+00     1.756197e-03
 * time: 189.81248807907104
    20     1.696591e+00     3.237145e-03
 * time: 209.36569619178772
    21     1.696587e+00     3.703651e-02
 * time: 231.6873061656952
    22     1.696582e+00     1.116544e-02
 * time: 259.56503915786743
    23     1.696528e+00     2.339559e-01
 * time: 287.0110762119293
    24     1.696513e+00     9.718347e-03
 * time: 307.5006470680237
    25     1.696490e+00     7.745992e-03
 * time: 325.6429979801178
    26     1.696444e+00     1.217449e-02
 * time: 339.4635109901428
    27     1.696427e+00     1.667390e+00
 * time: 358.9032061100006
    28     1.696421e+00     1.346841e-02
 * time: 380.16565012931824
    29     1.696409e+00     7.476379e-04
 * time: 391.25589203834534
    30     1.696406e+00     6.885917e-02
 * time: 411.69167017936707
    31     1.696403e+00     2.192914e-03
 * time: 434.12088799476624
    32     1.696401e+00     3.155554e-02
 * time: 453.20292019844055
    33     1.696392e+00     3.464278e-02
 * time: 471.2064571380615
    34     1.696389e+00     1.279854e-02
 * time: 492.8868579864502
    35     1.696389e+00     3.436527e-02
 * time: 510.5296881198883
    36     1.696389e+00     8.806152e-05
 * time: 529.5181012153625
    37     1.696388e+00     5.063056e-01
 * time: 548.9023280143738
    38     1.696388e+00     8.461449e-03
 * time: 571.0177800655365
    39     1.696388e+00     3.416044e-03
 * time: 582.4584591388702
    40     1.696388e+00     3.514850e-02
 * time: 607.9830451011658
    41     1.696388e+00     1.755913e-02
 * time: 625.8357231616974
    42     1.696388e+00     1.166329e-02
 * time: 651.0413150787354
    43     1.696388e+00     1.421992e-03
 * time: 666.084676027298
    44     1.696388e+00     1.730908e-02
 * time: 686.6657910346985
    45     1.696384e+00     1.010959e-03
 * time: 712.903048992157
    46     1.696385e+00     1.544751e-03
 * time: 731.7386071681976
    47     1.696382e+00     1.335434e-01
 * time: 785.6781811714172
    48     1.696379e+00     2.595211e-03
 * time: 803.1195211410522
    49     1.696376e+00     1.472172e-01
 * time: 823.893238067627
    50     1.696375e+00     1.335733e-02
 * time: 842.4428219795227
    51     1.696373e+00     1.168494e-02
 * time: 862.1956031322479
    52     1.696373e+00     2.151259e-02
 * time: 882.9059090614319
    53     1.696372e+00     1.966012e-02
 * time: 897.6086611747742
    54     1.696372e+00     1.208010e-02
 * time: 917.0345530509949
    55     1.696371e+00     1.178212e+00
 * time: 931.9384760856628
    56     1.696372e+00     2.083061e-01
 * time: 946.3950910568237
    57     1.696372e+00     1.460042e-01
 * time: 961.1583530902863
    58     1.696372e+00     5.893319e-02
 * time: 980.240284204483
    59     1.696373e+00     2.179441e-03
 * time: 1064.033704996109
    60     1.696373e+00     1.097343e-01
 * time: 1091.7675189971924
    61     1.696373e+00     2.575425e-02
 * time: 1111.9291319847107
    62     1.696371e+00     1.471441e-01
 * time: 1124.4041411876678
    63     1.696371e+00     5.873375e-02
 * time: 1137.4676620960236
    64     1.696371e+00     3.118117e-03
 * time: 1152.065896987915
    65     1.696372e+00     8.585074e-03
 * time: 1165.763027191162
    66     1.696371e+00     3.758914e-02
 * time: 1175.188992023468
    67     1.696371e+00     3.078868e-03
 * time: 1196.0827441215515
    68     1.696371e+00     1.106071e-01
 * time: 1212.4413270950317
    69     1.696371e+00     1.532699e-02
 * time: 1232.0583710670471
    70     1.696371e+00     4.267901e-02
 * time: 1252.3061790466309
    71     1.696371e+00     1.466757e-04
 * time: 1270.4780189990997
    72     1.696371e+00     1.560492e-02
 * time: 1294.8884642124176
    73     1.696371e+00     3.505108e-05
 * time: 1328.2516992092133
    74     1.696371e+00     1.884902e-02
 * time: 1342.928286075592
1349.449849 seconds (352.61 M allocations: 37.197 GiB, 0.48% gc time, 30 lock conflicts, 1.10% compilation time)
 * Status: success

 * Candidate solution
    Final objective value:     1.696371e+00

 * Found with
    Algorithm:     BFGS

 * Convergence measures
    |x - x'|               = 6.22e-02 ≰ 1.0e-04
    |x - x'|/|x'|          = 1.91e-02 ≰ 0.0e+00
    |f(x) - f(x')|         = 3.50e-09 ≰ 0.0e+00
    |f(x) - f(x')|/|f(x')| = 2.07e-09 ≤ 1.0e-08
    |g(x)|                 = 1.88e-02 ≰ 1.0e-05

 * Work counters
    Seconds run:   1343  (vs limit 14400)
    Iterations:    74
    f(x) calls:    247
    ∇f(x) calls:   247

ν_s = 0.544143231181911
ν_t = 1.6021984732344565
r_t = 21.63636304418817
r_s = 26.027351469151675
σ = 4.043739947406542
β_obs = 0.280913688101746
σ_obs = 1.0617661356202146
Task 4 finished at Fri  2 Oct 04:06:00 CEST 2026
