Job 25525879, task 17 running on idun-04-08 at Fri  2 Oct 03:43:20 CEST 2026
Estimating parameters for scenario LH, replication r = 17
Iter     Function value   Gradient norm 
     0     2.673175e+00     3.026738e+00
 * time: 0.024212121963500977
     1     1.744538e+00     1.727195e-01
 * time: 0.8725690841674805
     2     1.712402e+00     6.556217e-02
 * time: 1.4805970191955566
     3     1.705582e+00     3.293285e-02
 * time: 2.2828569412231445
     4     1.704868e+00     1.144620e-02
 * time: 2.8965721130371094
     5     1.704397e+00     2.799329e-03
 * time: 3.5020151138305664
     6     1.704384e+00     2.554244e-03
 * time: 4.104259967803955
     7     1.704359e+00     2.346813e-03
 * time: 4.913638114929199
     8     1.703890e+00     7.275659e-03
 * time: 6.1005539894104
     9     1.703494e+00     5.774204e-03
 * time: 6.8587329387664795
    10     1.703389e+00     3.104398e-03
 * time: 7.4060680866241455
    11     1.703320e+00     1.043113e-03
 * time: 7.95090913772583
    12     1.703293e+00     1.372665e-03
 * time: 8.498631000518799
    13     1.703274e+00     2.375316e-03
 * time: 9.316182136535645
    14     1.703254e+00     8.119787e-04
 * time: 10.047856092453003
    15     1.703252e+00     4.720736e-04
 * time: 10.528924942016602
    16     1.703249e+00     1.161753e-03
 * time: 11.59639310836792
    17     1.703204e+00     1.447735e-03
 * time: 12.563305139541626
    18     1.703197e+00     1.317901e-03
 * time: 13.08642315864563
    19     1.703194e+00     3.892622e-04
 * time: 13.613202095031738
    20     1.703193e+00     1.774126e-04
 * time: 14.595402956008911
    21     1.703193e+00     1.661025e-04
 * time: 15.410676002502441
    22     1.703193e+00     3.802554e-04
 * time: 16.339558124542236
    23     1.703186e+00     1.263992e-03
 * time: 17.862250089645386
    24     1.703181e+00     2.110614e-04
 * time: 18.59049916267395
    25     1.703181e+00     3.136400e-05
 * time: 19.33281898498535
    26     1.703181e+00     3.312519e-05
 * time: 20.073857069015503
    27     1.703180e+00     3.834590e-04
 * time: 21.342160940170288
    28     1.703174e+00     1.108987e-03
 * time: 22.36676597595215
    29     1.703171e+00     3.981964e-04
 * time: 23.213818073272705
    30     1.703170e+00     4.138914e-04
 * time: 23.93514108657837
    31     1.703170e+00     3.680705e-04
 * time: 24.52201199531555
    32     1.703169e+00     2.343962e-04
 * time: 25.42053198814392
    33     1.703168e+00     2.635750e-04
 * time: 26.312416076660156
    34     1.703168e+00     1.770793e-04
 * time: 27.229215145111084
    35     1.703168e+00     1.525691e-04
 * time: 28.034929990768433
    36     1.703168e+00     1.529016e-05
 * time: 28.532931089401245
    37     1.703168e+00     1.377329e-04
 * time: 29.27945613861084
    38     1.703168e+00     1.316508e-04
 * time: 30.030925989151
    39     1.703168e+00     1.136662e-05
 * time: 30.52753496170044
    40     1.703168e+00     7.303696e-05
 * time: 31.296123027801514
    41     1.703168e+00     2.131344e-05
 * time: 32.20495295524597
 38.785876 seconds (62.58 M allocations: 13.519 GiB, 4.94% gc time, 95 lock conflicts, 38.43% compilation time)
 * Status: success

 * Candidate solution
    Final objective value:     1.703168e+00

 * Found with
    Algorithm:     BFGS

 * Convergence measures
    |x - x'|               = 7.26e-01 ≰ 1.0e-04
    |x - x'|/|x'|          = 1.72e-01 ≰ 0.0e+00
    |f(x) - f(x')|         = 9.83e-09 ≰ 0.0e+00
    |f(x) - f(x')|/|f(x')| = 5.77e-09 ≤ 1.0e-08
    |g(x)|                 = 2.13e-05 ≰ 1.0e-05

 * Work counters
    Seconds run:   32  (vs limit 14400)
    Iterations:    41
    f(x) calls:    124
    ∇f(x) calls:   124

ν_s = 0.5238990222253036
ν_t = 1.8826250091294843
r_t = 13.427449506860238
r_s = 68.23682964884068
σ = 3.675461557537855
β_obs = 0.21177527504281762
σ_obs = 1.0777287283659753
Task 17 finished at Fri  2 Oct 03:44:11 CEST 2026
