Job 25525828, task 29 running on idun-03-06 at Fri  2 Oct 03:42:50 CEST 2026
Estimating parameters for scenario HH, replication r = 29
Iter     Function value   Gradient norm 
     0     2.811222e+00     3.169902e+00
 * time: 0.02456808090209961
     1     1.794860e+00     1.502798e-01
 * time: 0.8221030235290527
     2     1.758496e+00     3.781947e-02
 * time: 1.3547229766845703
     3     1.757113e+00     1.381535e-02
 * time: 1.8828520774841309
     4     1.756897e+00     6.587090e-03
 * time: 2.4095170497894287
     5     1.756701e+00     2.698410e-03
 * time: 2.9319519996643066
     6     1.756627e+00     6.506915e-03
 * time: 3.6305460929870605
     7     1.756262e+00     5.638647e-03
 * time: 4.399683952331543
     8     1.756225e+00     2.124398e-03
 * time: 4.763760089874268
     9     1.756189e+00     6.150155e-03
 * time: 5.124948978424072
    10     1.756137e+00     1.366834e-02
 * time: 5.670903921127319
    11     1.755874e+00     8.971066e-03
 * time: 11.517364978790283
    12     1.755651e+00     1.227526e-02
 * time: 12.273060083389282
    13     1.755563e+00     1.548263e-03
 * time: 13.018931865692139
    14     1.755541e+00     3.835691e-03
 * time: 13.766327857971191
    15     1.755505e+00     1.013215e-03
 * time: 22.052571058273315
    16     1.755504e+00     3.891869e-02
 * time: 407.7956829071045
    17     1.755505e+00     1.744342e-02
 * time: 463.31363797187805
    18     1.755505e+00     1.158026e-03
 * time: 567.6363830566406
    19     1.755500e+00     2.300350e-02
 * time: 624.2765409946442
    20     1.755496e+00     4.167730e-02
 * time: 639.0786790847778
    21     1.755497e+00     2.633909e-02
 * time: 674.650778055191
    22     1.755495e+00     1.211335e-02
 * time: 690.9182279109955
    23     1.755495e+00     2.138736e-02
 * time: 734.9141519069672
    24     1.755492e+00     2.898340e-02
 * time: 748.8497779369354
    25     1.755483e+00     4.311423e-01
 * time: 959.3613300323486
    26     1.755480e+00     5.282066e-01
 * time: 1220.0756349563599
    27     1.755480e+00     4.045093e-01
 * time: 1737.7105660438538
1744.251551 seconds (469.48 M allocations: 49.054 GiB, 0.46% gc time, 22 lock conflicts, 0.87% compilation time)
 * Status: success

 * Candidate solution
    Final objective value:     1.755480e+00

 * Found with
    Algorithm:     BFGS

 * Convergence measures
    |x - x'|               = 2.22e-16 ≤ 1.0e-04
    |x - x'|/|x'|          = 1.01e-16 ≰ 0.0e+00
    |f(x) - f(x')|         = 0.00e+00 ≤ 0.0e+00
    |f(x) - f(x')|/|f(x')| = 0.00e+00 ≤ 1.0e-08
    |g(x)|                 = 4.05e-01 ≰ 1.0e-05

 * Work counters
    Seconds run:   1738  (vs limit 14400)
    Iterations:    27
    f(x) calls:    250
    ∇f(x) calls:   250

ν_s = 0.5856990035712608
ν_t = 0.9523947979447743
r_t = 5.725216173567023
r_s = 0.5625522882896333
σ = 3.369978333536693
β_obs = 0.9973273347229907
σ_obs = 1.0887630644672897
Task 29 finished at Fri  2 Oct 04:12:04 CEST 2026
