Job 25525829, task 7 running on idun-04-14 at Fri  2 Oct 03:42:50 CEST 2026
Estimating parameters for scenario HL, replication r = 7
Iter     Function value   Gradient norm 
     0     2.041485e+00     1.662456e+00
 * time: 0.023106813430786133
     1     1.610174e+00     2.625167e-01
 * time: 0.8460760116577148
     2     1.559654e+00     5.420366e-02
 * time: 1.4018089771270752
     3     1.555444e+00     6.451148e-02
 * time: 1.9567348957061768
     4     1.553279e+00     1.049361e-02
 * time: 2.506309986114502
     5     1.552997e+00     1.321010e-02
 * time: 3.0715157985687256
     6     1.552711e+00     3.087122e-03
 * time: 3.622886896133423
     7     1.552646e+00     1.116963e-02
 * time: 4.3584558963775635
     8     1.552212e+00     3.439283e-03
 * time: 20.869001865386963
     9     1.552174e+00     2.485910e-03
 * time: 21.23241901397705
    10     1.552108e+00     5.008168e-03
 * time: 21.77132296562195
    11     1.551922e+00     1.132726e-02
 * time: 22.334370851516724
    12     1.551787e+00     2.416733e-02
 * time: 33.22573781013489
    13     1.551561e+00     1.152733e-03
 * time: 34.119271993637085
    14     1.551467e+00     3.434570e-03
 * time: 36.701610803604126
    15     1.551414e+00     1.657597e-03
 * time: 47.515734910964966
    16     1.551402e+00     8.756035e-04
 * time: 67.9552869796753
    17     1.551402e+00     8.765619e-04
 * time: 77.88386487960815
    18     1.551400e+00     8.879225e-04
 * time: 87.96366691589355
    19     1.551396e+00     9.370624e-04
 * time: 206.86882090568542
    20     1.551351e+00     1.829318e-02
 * time: 245.83948588371277
    21     1.551352e+00     4.347916e-03
 * time: 303.53631687164307
    22     1.551341e+00     1.656251e-03
 * time: 315.18724298477173
    23     1.551264e+00     2.274906e-03
 * time: 339.4920709133148
    24     1.551201e+00     5.303053e-03
 * time: 356.55862379074097
    25     1.551088e+00     3.196284e-03
 * time: 362.5534248352051
    26     1.551007e+00     5.448227e-03
 * time: 363.3240828514099
    27     1.550976e+00     1.022114e-03
 * time: 364.08626890182495
    28     1.550968e+00     3.682509e-04
 * time: 364.912250995636
    29     1.550967e+00     3.177610e-04
 * time: 365.683837890625
    30     1.550966e+00     4.427672e-04
 * time: 366.6854147911072
    31     1.550938e+00     8.218330e-04
 * time: 367.996524810791
    32     1.550918e+00     6.781598e-04
 * time: 368.74460101127625
    33     1.550913e+00     4.974561e-04
 * time: 369.5129449367523
    34     1.550910e+00     4.553113e-04
 * time: 370.26492381095886
    35     1.550909e+00     1.371678e-04
 * time: 371.0265510082245
    36     1.550908e+00     2.205116e-04
 * time: 371.60272884368896
    37     1.550908e+00     1.848942e-04
 * time: 372.33826184272766
    38     1.550908e+00     6.190438e-05
 * time: 373.1132688522339
    39     1.550908e+00     9.893670e-05
 * time: 373.8635308742523
    40     1.550908e+00     8.440232e-05
 * time: 374.60187792778015
    41     1.550908e+00     1.618307e-04
 * time: 375.6579508781433
    42     1.550907e+00     3.625430e-04
 * time: 376.66869592666626
    43     1.550906e+00     5.048266e-03
 * time: 422.18013882637024
    44     1.550906e+00     1.594471e-03
 * time: 770.0260419845581
    45     1.550906e+00     4.215980e-03
 * time: 838.2944748401642
    46     1.550908e+00     5.196615e-02
 * time: 955.2977387905121
    47     1.550908e+00     4.047451e-02
 * time: 1067.620110988617
    48     1.550906e+00     2.110457e-02
 * time: 1118.1589210033417
    49     1.550907e+00     1.555840e-02
 * time: 1214.0034608840942
    50     1.550904e+00     3.607223e-02
 * time: 1245.281492948532
    51     1.550905e+00     5.034390e-02
 * time: 1263.8143768310547
    52     1.550907e+00     2.015000e-03
 * time: 1358.2986660003662
    53     1.550906e+00     1.391233e-02
 * time: 1377.0636219978333
    54     1.550906e+00     1.105799e-02
 * time: 1394.221451997757
    55     1.550906e+00     2.278624e-02
 * time: 1410.3945679664612
    56     1.550905e+00     1.023564e-02
 * time: 1448.58261179924
    57     1.550906e+00     7.090429e-04
 * time: 1547.5280089378357
    58     1.550907e+00     2.081821e-01
 * time: 1908.3902959823608
    59     1.550907e+00     1.973328e-02
 * time: 2056.0762009620667
2062.744115 seconds (550.78 M allocations: 62.530 GiB, 0.55% gc time, 123 lock conflicts, 0.73% compilation time)
 * Status: success

 * Candidate solution
    Final objective value:     1.550907e+00

 * Found with
    Algorithm:     BFGS

 * Convergence measures
    |x - x'|               = 2.68e-06 ≤ 1.0e-04
    |x - x'|/|x'|          = 7.93e-07 ≰ 0.0e+00
    |f(x) - f(x')|         = 4.29e-07 ≰ 0.0e+00
    |f(x) - f(x')|/|f(x')| = 2.76e-07 ≰ 1.0e-08
    |g(x)|                 = 1.97e-02 ≰ 1.0e-05

 * Work counters
    Seconds run:   2056  (vs limit 14400)
    Iterations:    59
    f(x) calls:    345
    ∇f(x) calls:   345

ν_s = 0.49896211924847145
ν_t = 0.8458093914944746
r_t = 29.393027417421273
r_s = 9.29879258045273
σ = 3.6168561693487438
β_obs = 0.997666285243455
σ_obs = 0.8482111510572748
Task 7 finished at Fri  2 Oct 04:17:25 CEST 2026
