Job 25525829, task 9 running on idun-04-14 at Fri  2 Oct 03:42:50 CEST 2026
Estimating parameters for scenario HL, replication r = 9
Iter     Function value   Gradient norm 
     0     2.018260e+00     1.639864e+00
 * time: 0.026387929916381836
     1     1.602863e+00     2.665444e-01
 * time: 0.867110013961792
     2     1.552535e+00     5.351512e-02
 * time: 1.410106897354126
     3     1.548507e+00     6.213539e-02
 * time: 1.9793040752410889
     4     1.546492e+00     8.592637e-03
 * time: 2.5328369140625
     5     1.546324e+00     1.031459e-02
 * time: 3.091860055923462
     6     1.546113e+00     2.855240e-03
 * time: 3.6464359760284424
     7     1.546002e+00     1.474252e-02
 * time: 4.390696048736572
     8     1.545673e+00     2.639281e-03
 * time: 4.927622079849243
     9     1.545632e+00     2.175911e-03
 * time: 5.2975640296936035
    10     1.545607e+00     2.720037e-03
 * time: 5.688786029815674
    11     1.545429e+00     2.060636e-02
 * time: 6.493221998214722
    12     1.545308e+00     1.815547e-02
 * time: 12.896122932434082
    13     1.544808e+00     7.905781e-03
 * time: 13.880284070968628
    14     1.544699e+00     1.544134e-03
 * time: 14.988899946212769
    15     1.544699e+00     2.845775e-03
 * time: 27.105309009552002
    16     1.544698e+00     5.261119e-03
 * time: 48.041961908340454
    17     1.544688e+00     6.438504e-03
 * time: 55.52442288398743
    18     1.544688e+00     2.486550e-03
 * time: 64.2603828907013
    19     1.544667e+00     5.262785e-03
 * time: 73.50022888183594
    20     1.544527e+00     2.883585e-03
 * time: 75.3537449836731
    21     1.544246e+00     5.844343e-03
 * time: 76.87364292144775
    22     1.544142e+00     9.137003e-04
 * time: 78.03701686859131
    23     1.544106e+00     1.574096e-03
 * time: 79.14603304862976
    24     1.544104e+00     3.567969e-04
 * time: 80.22950291633606
    25     1.544104e+00     4.265811e-04
 * time: 81.36113500595093
    26     1.544104e+00     3.515443e-04
 * time: 82.46559691429138
    27     1.544081e+00     1.152280e-03
 * time: 84.63024806976318
    28     1.544034e+00     1.696241e-03
 * time: 100.93223190307617
    29     1.544019e+00     8.733166e-02
 * time: 119.86144590377808
    30     1.544015e+00     4.299667e-01
 * time: 390.5187749862671
    31     1.544015e+00     1.295247e-01
 * time: 692.0234398841858
698.741401 seconds (208.25 M allocations: 30.699 GiB, 0.78% gc time, 113 lock conflicts, 2.19% compilation time)
 * Status: success

 * Candidate solution
    Final objective value:     1.544015e+00

 * Found with
    Algorithm:     BFGS

 * Convergence measures
    |x - x'|               = 2.80e-13 ≤ 1.0e-04
    |x - x'|/|x'|          = 1.14e-13 ≰ 0.0e+00
    |f(x) - f(x')|         = 6.37e-08 ≰ 0.0e+00
    |f(x) - f(x')|/|f(x')| = 4.12e-08 ≰ 1.0e-08
    |g(x)|                 = 1.30e-01 ≰ 1.0e-05

 * Work counters
    Seconds run:   692  (vs limit 14400)
    Iterations:    31
    f(x) calls:    198
    ∇f(x) calls:   198

ν_s = 0.5249597984903861
ν_t = 0.8945066342367514
r_t = 11.714881156111787
r_s = 2.008365346195919
σ = 3.524284253882435
β_obs = 0.9631909794819716
σ_obs = 0.8458942690439134
Task 9 finished at Fri  2 Oct 03:54:41 CEST 2026
