Job 25525879, task 7 running on idun-04-07 at Fri  2 Oct 03:43:20 CEST 2026
Estimating parameters for scenario LH, replication r = 7
Iter     Function value   Gradient norm 
     0     2.756852e+00     3.151656e+00
 * time: 0.02581620216369629
     1     1.766467e+00     1.583665e-01
 * time: 0.8735551834106445
     2     1.729781e+00     8.029574e-02
 * time: 1.4465742111206055
     3     1.722723e+00     3.512828e-02
 * time: 2.0280230045318604
     4     1.721516e+00     1.499698e-02
 * time: 2.5804619789123535
     5     1.720963e+00     8.390915e-03
 * time: 3.1143290996551514
     6     1.720920e+00     2.151238e-03
 * time: 3.646712064743042
     7     1.720888e+00     2.506398e-03
 * time: 4.365069150924683
     8     1.720438e+00     2.513905e-03
 * time: 7.883068084716797
     9     1.720349e+00     1.525708e-03
 * time: 16.24383521080017
    10     1.720315e+00     2.030944e-03
 * time: 16.780893087387085
    11     1.720296e+00     2.269351e-03
 * time: 17.3127920627594
    12     1.720116e+00     2.365244e-03
 * time: 18.111322164535522
    13     1.720047e+00     5.194230e-01
 * time: 25.990539073944092
    14     1.719934e+00     2.442669e-03
 * time: 26.358084201812744
    15     1.719835e+00     4.702165e-04
 * time: 26.89542007446289
    16     1.719834e+00     3.104407e-04
 * time: 27.439184188842773
    17     1.719829e+00     1.448132e-03
 * time: 28.169924020767212
    18     1.719829e+00     5.621292e-03
 * time: 179.65304517745972
    19     1.719830e+00     1.731490e-01
 * time: 475.72207498550415
    20     1.719831e+00     5.725905e-03
 * time: 549.2502880096436
    21     1.719767e+00     1.194485e-01
 * time: 568.1253311634064
    22     1.719761e+00     2.771532e-03
 * time: 593.4172930717468
    23     1.719740e+00     1.428411e-02
 * time: 604.8672480583191
    24     1.719737e+00     3.181230e-04
 * time: 626.7451221942902
    25     1.719737e+00     1.384593e-02
 * time: 639.7907021045685
    26     1.719737e+00     7.566091e-03
 * time: 716.6790940761566
    27     1.719738e+00     7.520931e-02
 * time: 783.2152421474457
    28     1.719738e+00     1.389502e-02
 * time: 807.1427471637726
814.128011 seconds (236.76 M allocations: 27.406 GiB, 0.60% gc time, 106 lock conflicts, 1.97% compilation time)
 * Status: success

 * Candidate solution
    Final objective value:     1.719738e+00

 * Found with
    Algorithm:     BFGS

 * Convergence measures
    |x - x'|               = 7.41e-05 ≤ 1.0e-04
    |x - x'|/|x'|          = 3.62e-05 ≰ 0.0e+00
    |f(x) - f(x')|         = 2.88e-08 ≰ 0.0e+00
    |f(x) - f(x')|/|f(x')| = 1.67e-08 ≰ 1.0e-08
    |g(x)|                 = 1.39e-02 ≰ 1.0e-05

 * Work counters
    Seconds run:   807  (vs limit 14400)
    Iterations:    28
    f(x) calls:    204
    ∇f(x) calls:   204

ν_s = 0.6078483687741181
ν_t = 1.6181068954134876
r_t = 7.750743747178009
r_s = 1.2791408707770193
σ = 4.155211660921305
β_obs = 0.18156179484211007
σ_obs = 1.091275863874739
Task 7 finished at Fri  2 Oct 03:57:05 CEST 2026
