Job 25525829, task 6 running on idun-04-14 at Fri  2 Oct 03:42:50 CEST 2026
Estimating parameters for scenario HL, replication r = 6
Iter     Function value   Gradient norm 
     0     2.091642e+00     1.750715e+00
 * time: 0.024040937423706055
     1     1.625166e+00     2.556701e-01
 * time: 0.866178035736084
     2     1.575420e+00     5.429895e-02
 * time: 1.4367039203643799
     3     1.571075e+00     6.704811e-02
 * time: 2.006308078765869
     4     1.569037e+00     8.871715e-03
 * time: 2.575028896331787
     5     1.568846e+00     9.828661e-03
 * time: 3.1372230052948
     6     1.568558e+00     3.926301e-03
 * time: 3.697537899017334
     7     1.568330e+00     1.119863e-02
 * time: 4.492517948150635
     8     1.568096e+00     7.716366e-03
 * time: 5.057888984680176
     9     1.568006e+00     2.299927e-03
 * time: 5.461651086807251
    10     1.567828e+00     1.714361e-02
 * time: 6.019471883773804
    11     1.567383e+00     5.906767e-03
 * time: 6.723480939865112
    12     1.567289e+00     2.534841e-03
 * time: 7.5245630741119385
    13     1.567239e+00     6.819685e-03
 * time: 8.292419910430908
    14     1.567190e+00     3.490893e-03
 * time: 9.069119930267334
    15     1.567170e+00     1.867025e-03
 * time: 9.84970998764038
    16     1.567162e+00     1.549929e-03
 * time: 10.613179922103882
    17     1.567105e+00     2.344831e-03
 * time: 11.64965295791626
    18     1.566857e+00     1.748393e-03
 * time: 12.730128049850464
    19     1.566810e+00     4.354713e-04
 * time: 13.759890079498291
    20     1.566785e+00     1.948711e-03
 * time: 14.357806921005249
    21     1.566756e+00     1.002513e-03
 * time: 15.156070947647095
    22     1.566745e+00     3.194882e-04
 * time: 16.035135984420776
    23     1.566740e+00     4.918917e-04
 * time: 24.81237006187439
    24     1.566739e+00     2.663321e-04
 * time: 35.4715518951416
    25     1.566739e+00     1.289027e-01
 * time: 279.0193750858307
    26     1.566740e+00     4.156116e-02
 * time: 305.69366693496704
    27     1.566741e+00     1.776753e-03
 * time: 357.95167088508606
    28     1.566737e+00     4.560846e-02
 * time: 641.8880019187927
    29     1.566737e+00     1.111532e-02
 * time: 847.5126719474792
    30     1.566737e+00     6.531199e-02
 * time: 1126.110904932022
    31     1.566736e+00     1.187972e-01
 * time: 1352.7832350730896
    32     1.566737e+00     2.199354e-02
 * time: 1555.9776439666748
    33     1.566736e+00     8.772396e-02
 * time: 1638.0776360034943
    34     1.566738e+00     6.460578e-02
 * time: 1707.8519020080566
    35     1.566737e+00     1.497335e-02
 * time: 1727.5622239112854
    36     1.566736e+00     7.955100e-02
 * time: 1741.3067009449005
    37     1.566737e+00     8.711899e-02
 * time: 1767.723049879074
1774.639619 seconds (483.96 M allocations: 54.429 GiB, 0.71% gc time, 62 lock conflicts, 0.86% compilation time)
 * Status: success

 * Candidate solution
    Final objective value:     1.566737e+00

 * Found with
    Algorithm:     BFGS

 * Convergence measures
    |x - x'|               = 7.11e-05 ≤ 1.0e-04
    |x - x'|/|x'|          = 1.42e-05 ≰ 0.0e+00
    |f(x) - f(x')|         = 1.47e-06 ≰ 0.0e+00
    |f(x) - f(x')|/|f(x')| = 9.40e-07 ≰ 1.0e-08
    |g(x)|                 = 8.71e-02 ≰ 1.0e-05

 * Work counters
    Seconds run:   1768  (vs limit 14400)
    Iterations:    37
    f(x) calls:    299
    ∇f(x) calls:   299

ν_s = 0.539399155049572
ν_t = 0.8854775746585746
r_t = 15.880762876761317
r_s = 3.0838966181554586
σ = 3.718841085952643
β_obs = 0.999999387166667
σ_obs = 0.8613079490410199
Task 6 finished at Fri  2 Oct 04:12:37 CEST 2026
