Job 25525828, task 2 running on idun-05-35 at Fri  2 Oct 03:42:50 CEST 2026
Estimating parameters for scenario HH, replication r = 2
Iter     Function value   Gradient norm 
     0     2.771400e+00     3.092209e+00
 * time: 0.020041227340698242
     1     1.785459e+00     1.547968e-01
 * time: 0.7179651260375977
     2     1.750898e+00     3.962916e-02
 * time: 1.2134690284729004
     3     1.748998e+00     1.309417e-02
 * time: 1.7104589939117432
     4     1.748518e+00     1.268932e-02
 * time: 2.369913101196289
     5     1.748418e+00     2.467873e-03
 * time: 2.8673641681671143
     6     1.748393e+00     3.605720e-03
 * time: 3.358161211013794
     7     1.748150e+00     3.557693e-03
 * time: 4.024450063705444
     8     1.748083e+00     3.003332e-03
 * time: 13.459941148757935
     9     1.748045e+00     2.014931e-03
 * time: 23.123924016952515
    10     1.748013e+00     1.372768e-03
 * time: 23.604252099990845
    11     1.747985e+00     2.342242e-03
 * time: 24.257880210876465
    12     1.747973e+00     2.867434e-03
 * time: 24.575123071670532
    13     1.747781e+00     9.977625e-03
 * time: 25.063396215438843
    14     1.747439e+00     8.588211e-03
 * time: 25.76193618774414
    15     1.747321e+00     3.404893e-03
 * time: 26.53962802886963
    16     1.747280e+00     6.163430e-03
 * time: 27.373589038848877
    17     1.747267e+00     1.179736e-02
 * time: 54.87555909156799
    18     1.747264e+00     1.264705e-02
 * time: 55.45725107192993
    19     1.747213e+00     3.294515e-04
 * time: 56.42206311225891
    20     1.747209e+00     6.091098e-04
 * time: 57.35414004325867
    21     1.747201e+00     8.206771e-04
 * time: 58.21475601196289
    22     1.747196e+00     8.554419e-04
 * time: 58.87514615058899
    23     1.747193e+00     3.120697e-04
 * time: 59.7217481136322
    24     1.747192e+00     3.219411e-04
 * time: 60.60262107849121
    25     1.747192e+00     1.807056e-04
 * time: 61.52051520347595
    26     1.747191e+00     1.933497e-04
 * time: 62.38803315162659
    27     1.747188e+00     1.289959e-03
 * time: 63.60000419616699
    28     1.747183e+00     1.028164e-03
 * time: 64.17419099807739
    29     1.747181e+00     8.003995e-04
 * time: 65.3695821762085
    30     1.747175e+00     2.650414e-04
 * time: 69.45547318458557
    31     1.747174e+00     4.575357e-04
 * time: 70.39832711219788
    32     1.747173e+00     3.430839e-04
 * time: 71.26561212539673
    33     1.747173e+00     7.929437e-05
 * time: 72.50305819511414
    34     1.747173e+00     5.868312e-05
 * time: 73.36180710792542
    35     1.747173e+00     5.427064e-05
 * time: 74.29770612716675
    36     1.747172e+00     9.030144e-05
 * time: 75.52446699142456
    37     1.747168e+00     4.601162e-04
 * time: 76.98016405105591
    38     1.747165e+00     6.552699e-04
 * time: 79.17960405349731
    39     1.747162e+00     2.064130e-04
 * time: 79.73671817779541
    40     1.747160e+00     2.815851e-04
 * time: 80.30846810340881
    41     1.747159e+00     4.511773e-04
 * time: 86.45855808258057
    42     1.747158e+00     1.865250e-04
 * time: 87.39317917823792
    43     1.747157e+00     2.076075e-04
 * time: 90.66201710700989
    44     1.747157e+00     3.393223e-04
 * time: 93.4984941482544
    45     1.747156e+00     1.801359e-04
 * time: 94.08722615242004
    46     1.747156e+00     1.571259e-04
 * time: 106.78181505203247
    47     1.747155e+00     3.196788e-04
 * time: 115.16983914375305
    48     1.747155e+00     1.987501e-04
 * time: 128.2150981426239
    49     1.747155e+00     1.389440e-04
 * time: 147.5842251777649
    50     1.747155e+00     6.389414e-05
 * time: 151.1771421432495
    51     1.747155e+00     7.434699e-05
 * time: 155.66221404075623
    52     1.747155e+00     7.148972e-05
 * time: 173.44431400299072
179.664890 seconds (105.30 M allocations: 23.381 GiB, 2.42% gc time, 15 lock conflicts, 8.63% compilation time)
 * Status: success

 * Candidate solution
    Final objective value:     1.747155e+00

 * Found with
    Algorithm:     BFGS

 * Convergence measures
    |x - x'|               = 4.55e-06 ≤ 1.0e-04
    |x - x'|/|x'|          = 1.29e-06 ≰ 0.0e+00
    |f(x) - f(x')|         = 2.33e-08 ≰ 0.0e+00
    |f(x) - f(x')|/|f(x')| = 1.34e-08 ≰ 1.0e-08
    |g(x)|                 = 7.15e-05 ≰ 1.0e-05

 * Work counters
    Seconds run:   173  (vs limit 14400)
    Iterations:    52
    f(x) calls:    175
    ∇f(x) calls:   175

ν_s = 0.550467926047767
ν_t = 0.996015531979966
r_t = 33.733917464594064
r_s = 14.63684154787837
σ = 3.5289197903824294
β_obs = 0.9441352812876981
σ_obs = 1.0837629645158626
Task 2 finished at Fri  2 Oct 03:45:58 CEST 2026
