Job 25525829, task 30 running on idun-03-03 at Fri  2 Oct 03:43:20 CEST 2026
Estimating parameters for scenario HL, replication r = 30
Iter     Function value   Gradient norm 
     0     2.081408e+00     1.732557e+00
 * time: 0.023670196533203125
     1     1.621966e+00     2.550167e-01
 * time: 0.8601040840148926
     2     1.572862e+00     5.551804e-02
 * time: 1.4463741779327393
     3     1.568286e+00     6.950306e-02
 * time: 2.0477421283721924
     4     1.565870e+00     1.118891e-02
 * time: 2.649506092071533
     5     1.565539e+00     1.451202e-02
 * time: 3.251758098602295
     6     1.565165e+00     4.055136e-03
 * time: 3.8433151245117188
     7     1.565044e+00     1.514209e-02
 * time: 4.650142192840576
     8     1.564462e+00     2.001175e-03
 * time: 5.68559718132019
     9     1.564328e+00     7.940001e-03
 * time: 6.277777194976807
    10     1.563929e+00     5.332895e-03
 * time: 12.8334801197052
    11     1.563836e+00     6.580887e-03
 * time: 13.329121112823486
    12     1.563735e+00     1.536956e-03
 * time: 21.02727699279785
    13     1.563698e+00     6.176846e-02
 * time: 49.99317407608032
    14     1.563685e+00     1.954938e-03
 * time: 50.499396085739136
    15     1.563674e+00     1.856864e-03
 * time: 51.30271601676941
    16     1.563450e+00     1.572199e-02
 * time: 52.70331597328186
    17     1.563263e+00     5.785081e-02
 * time: 103.40820407867432
    18     1.563242e+00     2.111858e-01
 * time: 124.46244597434998
    19     1.563228e+00     2.747667e-01
 * time: 135.56427311897278
    20     1.563228e+00     7.039140e-02
 * time: 236.42404007911682
    21     1.563227e+00     2.843709e-01
 * time: 405.26466703414917
    22     1.563229e+00     2.916073e-02
 * time: 522.6055619716644
    23     1.563213e+00     5.530905e-02
 * time: 541.9040169715881
    24     1.563199e+00     5.265291e-02
 * time: 562.4140961170197
    25     1.563192e+00     6.933264e-02
 * time: 593.6937310695648
    26     1.563177e+00     6.637801e-03
 * time: 631.5149221420288
    27     1.563134e+00     5.541703e-02
 * time: 661.8131020069122
    28     1.563097e+00     2.832094e-01
 * time: 699.8423540592194
    29     1.563097e+00     3.161659e-01
 * time: 779.7860670089722
    30     1.563082e+00     2.254618e-01
 * time: 800.9298961162567
    31     1.563067e+00     1.406496e-01
 * time: 984.5177080631256
    32     1.562995e+00     1.219678e+00
 * time: 1004.3279201984406
    33     1.562983e+00     2.010021e-01
 * time: 1034.1010711193085
    34     1.562953e+00     3.514374e-01
 * time: 1054.4580001831055
    35     1.562954e+00     1.306121e-02
 * time: 1075.2096590995789
    36     1.562952e+00     5.823588e-02
 * time: 1095.6285510063171
    37     1.562953e+00     6.335339e-02
 * time: 1116.5008370876312
    38     1.562952e+00     1.239307e-01
 * time: 1136.3023290634155
    39     1.562952e+00     3.323009e-02
 * time: 1175.8315420150757
    40     1.562952e+00     1.416396e-01
 * time: 1244.0252401828766
    41     1.562952e+00     2.154730e-02
 * time: 1270.0737781524658
    42     1.562951e+00     1.127021e-02
 * time: 1289.3151111602783
    43     1.562951e+00     1.739701e-01
 * time: 1318.199107170105
    44     1.562951e+00     1.400342e-01
 * time: 1336.762109041214
    45     1.562951e+00     9.594587e-02
 * time: 1365.4455389976501
    46     1.562952e+00     4.074313e-02
 * time: 1383.4226660728455
    47     1.562951e+00     2.039121e-01
 * time: 1419.5543730258942
    48     1.562951e+00     9.205989e-02
 * time: 1460.420823097229
    49     1.562951e+00     2.708040e-01
 * time: 1488.0981631278992
    50     1.562950e+00     1.411179e-01
 * time: 1507.023609161377
    51     1.562951e+00     1.538785e-01
 * time: 1527.0657720565796
    52     1.562951e+00     3.244746e-02
 * time: 1557.7653880119324
    53     1.562950e+00     2.117916e-01
 * time: 1588.6645970344543
    54     1.562951e+00     4.903942e-02
 * time: 1619.4804110527039
    55     1.562951e+00     1.391869e-01
 * time: 1644.696799993515
    56     1.562951e+00     8.551290e-03
 * time: 1691.4278810024261
    57     1.562951e+00     6.452685e-02
 * time: 1721.098132133484
1727.718051 seconds (470.51 M allocations: 48.061 GiB, 0.46% gc time, 54 lock conflicts, 0.88% compilation time)
 * Status: success

 * Candidate solution
    Final objective value:     1.562951e+00

 * Found with
    Algorithm:     BFGS

 * Convergence measures
    |x - x'|               = 5.11e-04 ≰ 1.0e-04
    |x - x'|/|x'|          = 2.14e-04 ≰ 0.0e+00
    |f(x) - f(x')|         = 8.86e-09 ≰ 0.0e+00
    |f(x) - f(x')|/|f(x')| = 5.67e-09 ≤ 1.0e-08
    |g(x)|                 = 6.45e-02 ≰ 1.0e-05

 * Work counters
    Seconds run:   1721  (vs limit 14400)
    Iterations:    57
    f(x) calls:    236
    ∇f(x) calls:   236

ν_s = 0.5307173094693991
ν_t = 0.9083832363917596
r_t = 10.892525943948186
r_s = 1.7026660392614708
σ = 3.70012854419906
β_obs = 0.9728399899205044
σ_obs = 0.8590088468864111
Task 30 finished at Fri  2 Oct 04:12:19 CEST 2026
