Job 25525696, task 9 running on idun-05-34 at Fri  2 Oct 02:48:49 CEST 2026
Estimating parameters for replication r = 9
Iter     Function value   Gradient norm 
     0     1.950832e+00     1.604330e+00
 * time: 0.02000904083251953
     1     1.569433e+00     2.735442e-01
 * time: 0.7113800048828125
     2     1.519171e+00     5.527380e-02
 * time: 1.1963610649108887
     3     1.511609e+00     1.137340e-01
 * time: 1.6728670597076416
     4     1.504489e+00     3.473223e-02
 * time: 2.152575969696045
     5     1.502732e+00     2.610436e-02
 * time: 2.624614953994751
     6     1.501755e+00     1.109409e-02
 * time: 3.1020328998565674
     7     1.501678e+00     2.894297e-03
 * time: 3.5784380435943604
     8     1.501464e+00     7.905388e-03
 * time: 4.2167809009552
     9     1.500986e+00     3.419254e-03
 * time: 4.69166898727417
    10     1.500755e+00     1.169994e-02
 * time: 12.245229959487915
    11     1.500130e+00     4.518967e-03
 * time: 14.366350889205933
    12     1.500131e+00     3.105314e-03
 * time: 156.44901704788208
    13     1.500127e+00     4.832106e-02
 * time: 175.99971890449524
    14     1.500060e+00     1.367718e+00
 * time: 209.08220386505127
    15     1.500049e+00     7.382006e-02
 * time: 245.59946393966675
    16     1.500030e+00     7.980506e-01
 * time: 296.78202986717224
    17     1.500010e+00     2.816477e-03
 * time: 314.8805310726166
    18     1.499981e+00     3.822403e+00
 * time: 334.68561005592346
    19     1.499973e+00     2.166267e+00
 * time: 371.79305696487427
    20     1.499929e+00     2.389384e-02
 * time: 388.8964750766754
    21     1.499796e+00     3.301495e+00
 * time: 408.3303380012512
    22     1.499773e+00     1.431524e-01
 * time: 425.4763479232788
    23     1.499766e+00     1.101896e-01
 * time: 442.5855519771576
    24     1.499766e+00     1.998696e+00
 * time: 467.01083493232727
    25     1.499766e+00     5.636719e-02
 * time: 479.86619901657104
    26     1.499766e+00     6.289755e-02
 * time: 499.3289589881897
    27     1.499760e+00     2.457463e-01
 * time: 516.7553119659424
    28     1.499671e+00     9.329534e-03
 * time: 542.8240749835968
    29     1.499649e+00     2.172802e-03
 * time: 554.7145369052887
    30     1.499609e+00     4.769587e-02
 * time: 574.247633934021
    31     1.499597e+00     1.852404e-01
 * time: 593.5592138767242
    32     1.499598e+00     1.092161e+00
 * time: 611.4885370731354
    33     1.499579e+00     4.906278e-01
 * time: 629.103502035141
    34     1.499575e+00     1.077502e-03
 * time: 648.7059500217438
    35     1.499574e+00     1.550241e-01
 * time: 687.9363460540771
    36     1.499573e+00     8.305420e-03
 * time: 700.5159170627594
    37     1.499573e+00     7.162851e-01
 * time: 713.4857199192047
    38     1.499572e+00     2.659825e+00
 * time: 732.8391768932343
    39     1.499572e+00     8.322590e-01
 * time: 756.8916509151459
    40     1.499572e+00     3.480048e-01
 * time: 774.8824188709259
    41     1.499571e+00     3.566713e-01
 * time: 849.9983389377594
    42     1.499571e+00     6.241390e-01
 * time: 875.2622148990631
    43     1.499570e+00     1.318501e+00
 * time: 1074.7099220752716
    44     1.499569e+00     1.850876e-01
 * time: 1086.266191959381
    45     1.499568e+00     1.725871e-02
 * time: 1105.2240688800812
    46     1.499569e+00     5.578127e-02
 * time: 1130.9156680107117
    47     1.499569e+00     9.747029e-01
 * time: 1150.409106016159
    48     1.499568e+00     1.514715e+00
 * time: 1162.624981880188
    49     1.499568e+00     1.890488e-01
 * time: 1182.3338098526
    50     1.499568e+00     2.071534e+00
 * time: 1305.9899849891663
    51     1.499567e+00     8.937948e-01
 * time: 1318.668359041214
    52     1.499568e+00     3.674899e+00
 * time: 1489.3462150096893
    53     1.499567e+00     1.267004e-01
 * time: 1500.1350119113922
    54     1.499567e+00     1.123805e-02
 * time: 1533.0322470664978
    55     1.499567e+00     2.363133e-01
 * time: 1542.1215438842773
    56     1.499567e+00     2.565197e+00
 * time: 1561.8558330535889
    57     1.499567e+00     1.867026e+00
 * time: 1609.4725868701935
    58     1.499567e+00     2.257493e-01
 * time: 1628.2935509681702
    59     1.499566e+00     4.214548e-01
 * time: 1639.8108170032501
    60     1.499567e+00     7.692755e-01
 * time: 1776.2996139526367
    61     1.499567e+00     6.004658e-01
 * time: 1794.557518005371
    62     1.499566e+00     9.439800e-01
 * time: 1812.3530578613281
    63     1.499566e+00     4.456257e-01
 * time: 1835.1847519874573
    64     1.499567e+00     6.974576e-02
 * time: 1848.0777750015259
    65     1.499567e+00     4.223841e-01
 * time: 1876.8986308574677
    66     1.499566e+00     3.981869e-01
 * time: 1901.4249820709229
    67     1.499567e+00     1.238974e-01
 * time: 1914.1908509731293
    68     1.499568e+00     8.419470e-02
 * time: 1926.1355838775635
    69     1.499566e+00     4.968171e-01
 * time: 1939.4278769493103
    70     1.499567e+00     1.785839e-01
 * time: 2034.6698069572449
    71     1.499566e+00     5.715698e-01
 * time: 2045.6440930366516
    72     1.499566e+00     7.798098e-02
 * time: 2065.2800328731537
    73     1.499566e+00     1.120274e+00
 * time: 2082.965090036392
    74     1.499567e+00     7.725103e-01
 * time: 2106.399703025818
    75     1.499567e+00     1.229237e-01
 * time: 2150.9305670261383
    76     1.499568e+00     1.111282e-02
 * time: 2164.5292780399323
2170.751468 seconds (641.55 M allocations: 71.344 GiB, 0.62% gc time, 61 lock conflicts, 0.72% compilation time)
 * Status: success

 * Candidate solution
    Final objective value:     1.499568e+00

 * Found with
    Algorithm:     BFGS

 * Convergence measures
    |x - x'|               = 9.75e-05 ≤ 1.0e-04
    |x - x'|/|x'|          = 2.68e-05 ≰ 0.0e+00
    |f(x) - f(x')|         = 6.52e-07 ≰ 0.0e+00
    |f(x) - f(x')|/|f(x')| = 4.35e-07 ≰ 1.0e-08
    |g(x)|                 = 1.11e-02 ≰ 1.0e-05

 * Work counters
    Seconds run:   2165  (vs limit 14400)
    Iterations:    76
    f(x) calls:    466
    ∇f(x) calls:   466

ν_s = 0.5821204987693809
ν_t = 1.5839196245124203
r_t = 17.205950119387996
r_s = 37.720717439520236
σ = 4.592342529582969
β_obs = 0.19822584588941497
σ_obs = 0.837879839968413
Task 9 finished at Fri  2 Oct 03:25:08 CEST 2026
