Job 25525879, task 24 running on idun-04-08 at Fri  2 Oct 03:43:20 CEST 2026
Estimating parameters for scenario LH, replication r = 24
Iter     Function value   Gradient norm 
     0     2.754947e+00     3.170084e+00
 * time: 0.025152921676635742
     1     1.763975e+00     1.595863e-01
 * time: 0.8886799812316895
     2     1.728902e+00     7.620805e-02
 * time: 1.488757848739624
     3     1.722562e+00     3.525868e-02
 * time: 2.0842678546905518
     4     1.721319e+00     1.569080e-02
 * time: 2.6901919841766357
     5     1.720718e+00     1.085346e-02
 * time: 3.2900679111480713
     6     1.720642e+00     3.688885e-03
 * time: 3.8949408531188965
     7     1.720525e+00     5.330882e-03
 * time: 4.701993942260742
     8     1.719911e+00     5.281739e-03
 * time: 5.500831842422485
     9     1.719761e+00     2.131174e-03
 * time: 6.106389999389648
    10     1.719712e+00     3.489091e-03
 * time: 6.6748058795928955
    11     1.719652e+00     6.014780e-03
 * time: 7.218396902084351
    12     1.719439e+00     1.233030e-02
 * time: 14.526173830032349
    13     1.718923e+00     1.183115e-02
 * time: 15.315394878387451
    14     1.718710e+00     1.477331e-03
 * time: 16.183607816696167
    15     1.718693e+00     1.431419e-03
 * time: 16.926578998565674
    16     1.718687e+00     1.248124e-03
 * time: 17.421956777572632
    17     1.718684e+00     1.442998e-03
 * time: 18.170416831970215
    18     1.718649e+00     7.851875e-04
 * time: 19.176766872406006
    19     1.718645e+00     4.326365e-04
 * time: 19.76795196533203
    20     1.718644e+00     8.309294e-05
 * time: 20.5171959400177
    21     1.718644e+00     8.557050e-05
 * time: 21.26797890663147
    22     1.718644e+00     5.630316e-04
 * time: 22.271423816680908
    23     1.718633e+00     6.655137e-04
 * time: 23.678146839141846
    24     1.718632e+00     5.865597e-05
 * time: 24.422055959701538
    25     1.718632e+00     1.030576e-04
 * time: 24.93062686920166
    26     1.718632e+00     4.116921e-05
 * time: 25.697560787200928
    27     1.718632e+00     1.073221e-04
 * time: 26.71804189682007
    28     1.718631e+00     1.224909e-04
 * time: 28.087289810180664
    29     1.718627e+00     5.234262e-04
 * time: 29.12323498725891
    30     1.718620e+00     3.890244e-04
 * time: 29.88140892982483
    31     1.718620e+00     2.508634e-04
 * time: 30.378310918807983
    32     1.718618e+00     2.025511e-04
 * time: 30.89106583595276
    33     1.718618e+00     9.469475e-05
 * time: 31.741820812225342
    34     1.718618e+00     2.703490e-04
 * time: 32.47797894477844
    35     1.718618e+00     5.558142e-05
 * time: 32.993536949157715
    36     1.718617e+00     1.260646e-04
 * time: 33.766788959503174
    37     1.718617e+00     1.642477e-04
 * time: 34.605445861816406
    38     1.718617e+00     7.369509e-05
 * time: 35.43788981437683
    39     1.718617e+00     7.908364e-05
 * time: 35.939119815826416
    40     1.718617e+00     1.429919e-04
 * time: 36.69473695755005
    41     1.718617e+00     3.463755e-05
 * time: 37.461749792099
    42     1.718617e+00     9.845467e-05
 * time: 38.217620849609375
    43     1.718617e+00     6.941574e-05
 * time: 39.06856393814087
 45.769702 seconds (65.98 M allocations: 14.347 GiB, 4.55% gc time, 132 lock conflicts, 33.13% compilation time)
 * Status: success

 * Candidate solution
    Final objective value:     1.718617e+00

 * Found with
    Algorithm:     BFGS

 * Convergence measures
    |x - x'|               = 2.82e-01 ≰ 1.0e-04
    |x - x'|/|x'|          = 4.55e-02 ≰ 0.0e+00
    |f(x) - f(x')|         = 1.14e-08 ≰ 0.0e+00
    |f(x) - f(x')|/|f(x')| = 6.62e-09 ≤ 1.0e-08
    |g(x)|                 = 6.94e-05 ≰ 1.0e-05

 * Work counters
    Seconds run:   39  (vs limit 14400)
    Iterations:    43
    f(x) calls:    134
    ∇f(x) calls:   134

ν_s = 0.5493722929947644
ν_t = 1.8169257199106768
r_t = 11.669218285461744
r_s = 490.55976238842214
σ = 3.8733430277014453
β_obs = 0.12704503469426856
σ_obs = 1.0948663695823706
Task 24 finished at Fri  2 Oct 03:44:18 CEST 2026
