Job 25525696, task 20 running on idun-04-02 at Fri  2 Oct 02:48:49 CEST 2026
Estimating parameters for replication r = 20
Iter     Function value   Gradient norm 
     0     1.958666e+00     1.585213e+00
 * time: 0.023927927017211914
     1     1.575729e+00     2.723318e-01
 * time: 0.8619768619537354
     2     1.522238e+00     6.109537e-02
 * time: 1.3989589214324951
     3     1.513358e+00     1.202911e-01
 * time: 1.9497640132904053
     4     1.505281e+00     3.852810e-02
 * time: 2.4947688579559326
     5     1.502806e+00     3.256467e-02
 * time: 3.0436439514160156
     6     1.501273e+00     7.632677e-03
 * time: 3.574877977371216
     7     1.501228e+00     3.209893e-03
 * time: 4.137452840805054
     8     1.500679e+00     3.722083e-03
 * time: 12.174250841140747
     9     1.500242e+00     6.938771e-03
 * time: 13.343311071395874
    10     1.499993e+00     3.458714e-03
 * time: 13.876487970352173
    11     1.499955e+00     2.121639e-03
 * time: 22.087148904800415
    12     1.499920e+00     2.934140e-03
 * time: 25.5249080657959
    13     1.499917e+00     8.065614e-03
 * time: 31.226114988327026
    14     1.499792e+00     8.915942e-03
 * time: 31.761497020721436
    15     1.499557e+00     6.728911e-03
 * time: 32.3062629699707
    16     1.499322e+00     1.706310e-03
 * time: 33.21195387840271
    17     1.499251e+00     3.420119e-03
 * time: 33.71238303184509
    18     1.499198e+00     3.009089e-03
 * time: 34.25198006629944
    19     1.499179e+00     1.062566e-03
 * time: 35.063924074172974
    20     1.499127e+00     5.748627e-03
 * time: 42.49186301231384
    21     1.499083e+00     6.089345e-03
 * time: 43.00131297111511
    22     1.499064e+00     2.960222e-03
 * time: 43.60318994522095
    23     1.499059e+00     6.233314e-04
 * time: 44.09047484397888
    24     1.499059e+00     2.474298e-04
 * time: 44.83725190162659
    25     1.499058e+00     6.574957e-04
 * time: 45.827630043029785
    26     1.499055e+00     1.144457e-03
 * time: 46.894526958465576
    27     1.499010e+00     2.929206e-03
 * time: 47.89858102798462
    28     1.498994e+00     1.570740e-03
 * time: 48.39834904670715
    29     1.498990e+00     1.776296e-04
 * time: 48.91830897331238
    30     1.498989e+00     2.637331e-04
 * time: 49.41330289840698
    31     1.498989e+00     6.047024e-05
 * time: 50.15618085861206
    32     1.498989e+00     4.388143e-05
 * time: 50.98765802383423
    33     1.498989e+00     4.440660e-04
 * time: 52.22553586959839
    34     1.498983e+00     5.594070e-04
 * time: 54.12356901168823
    35     1.498983e+00     1.485195e-04
 * time: 54.62842392921448
    36     1.498983e+00     1.430424e-04
 * time: 55.21792697906494
    37     1.498983e+00     7.230726e-05
 * time: 55.96439290046692
    38     1.498983e+00     1.234675e-05
 * time: 56.72302985191345
    39     1.498983e+00     3.809585e-06
 * time: 57.486156940460205
 64.213862 seconds (66.82 M allocations: 12.710 GiB, 2.89% gc time, 92 lock conflicts, 23.93% compilation time)
 * Status: success

 * Candidate solution
    Final objective value:     1.498983e+00

 * Found with
    Algorithm:     BFGS

 * Convergence measures
    |x - x'|               = 2.00e-03 ≰ 1.0e-04
    |x - x'|/|x'|          = 8.01e-04 ≰ 0.0e+00
    |f(x) - f(x')|         = 4.40e-09 ≰ 0.0e+00
    |f(x) - f(x')|/|f(x')| = 2.93e-09 ≤ 1.0e-08
    |g(x)|                 = 3.81e-06 ≤ 1.0e-05

 * Work counters
    Seconds run:   57  (vs limit 14400)
    Iterations:    39
    f(x) calls:    116
    ∇f(x) calls:   116

ν_s = 0.8363375391154534
ν_t = 1.7362078046991392
r_t = 12.118325814874026
r_s = 1.159359949556094
σ = 6.0167313559179
β_obs = 0.3233109902988139
σ_obs = 0.8236511995683866
Task 20 finished at Fri  2 Oct 02:50:01 CEST 2026
