Job 25525879, task 11 running on idun-04-06 at Fri  2 Oct 03:43:20 CEST 2026
Estimating parameters for scenario LH, replication r = 11
Iter     Function value   Gradient norm 
     0     2.731280e+00     3.105443e+00
 * time: 0.02655315399169922
     1     1.759897e+00     1.613844e-01
 * time: 0.89109206199646
     2     1.724612e+00     7.884002e-02
 * time: 1.4815990924835205
     3     1.717037e+00     3.762319e-02
 * time: 2.261254072189331
     4     1.715848e+00     1.576344e-02
 * time: 2.8453991413116455
     5     1.715093e+00     4.813477e-03
 * time: 3.4246931076049805
     6     1.715066e+00     3.436880e-03
 * time: 3.999356985092163
     7     1.714978e+00     4.007363e-03
 * time: 4.766836166381836
     8     1.714060e+00     1.106059e-02
 * time: 6.038150072097778
     9     1.714040e+00     9.241809e-03
 * time: 25.559580087661743
    10     1.713991e+00     6.049774e-03
 * time: 42.79209899902344
    11     1.713975e+00     2.269654e-03
 * time: 56.276172161102295
    12     1.713962e+00     6.262593e-03
 * time: 84.07491612434387
    13     1.713860e+00     3.976363e-03
 * time: 92.15474700927734
    14     1.713797e+00     1.061785e+00
 * time: 112.2805860042572
    15     1.713778e+00     1.019554e-01
 * time: 117.22946000099182
    16     1.713741e+00     1.330733e-02
 * time: 131.8125901222229
    17     1.713638e+00     3.991071e-03
 * time: 150.5949821472168
    18     1.713600e+00     5.203434e-03
 * time: 161.81441402435303
    19     1.713587e+00     1.631652e-03
 * time: 189.51541304588318
    20     1.713584e+00     6.074896e-03
 * time: 206.14359617233276
    21     1.713583e+00     3.053576e-03
 * time: 234.79159212112427
    22     1.713585e+00     2.810752e-02
 * time: 295.90779304504395
    23     1.713586e+00     1.618367e-02
 * time: 444.34672713279724
    24     1.713586e+00     1.054688e-01
 * time: 458.21558713912964
    25     1.713581e+00     3.213030e-02
 * time: 465.79520201683044
    26     1.713580e+00     1.321380e-02
 * time: 477.00380516052246
    27     1.713578e+00     4.491502e-02
 * time: 617.6246430873871
    28     1.713576e+00     2.326637e-03
 * time: 629.0364880561829
    29     1.713563e+00     1.270024e-03
 * time: 649.2233321666718
    30     1.713543e+00     1.112556e-03
 * time: 653.4317171573639
    31     1.713505e+00     2.134952e-01
 * time: 678.7451059818268
    32     1.713500e+00     3.761828e-03
 * time: 696.2837409973145
    33     1.713484e+00     1.307987e-01
 * time: 706.5377740859985
    34     1.713484e+00     3.666694e-02
 * time: 719.7750470638275
    35     1.713480e+00     1.350469e-03
 * time: 736.5350160598755
    36     1.713477e+00     1.440088e-02
 * time: 748.5961580276489
    37     1.713476e+00     1.465919e-01
 * time: 768.7187860012054
    38     1.713474e+00     1.496096e+00
 * time: 784.5107750892639
    39     1.713473e+00     1.149017e-03
 * time: 798.5925190448761
    40     1.713468e+00     1.054090e-02
 * time: 809.4726581573486
    41     1.713469e+00     2.678541e-02
 * time: 824.4168350696564
    42     1.713468e+00     1.110258e-03
 * time: 832.2035050392151
    43     1.713468e+00     8.230539e-03
 * time: 839.0004150867462
    44     1.713469e+00     5.202370e-02
 * time: 858.4305901527405
    45     1.713468e+00     2.452542e-01
 * time: 878.8547651767731
885.742743 seconds (252.82 M allocations: 30.586 GiB, 0.70% gc time, 107 lock conflicts, 1.76% compilation time)
 * Status: success

 * Candidate solution
    Final objective value:     1.713468e+00

 * Found with
    Algorithm:     BFGS

 * Convergence measures
    |x - x'|               = 4.44e-05 ≤ 1.0e-04
    |x - x'|/|x'|          = 2.32e-05 ≰ 0.0e+00
    |f(x) - f(x')|         = 1.33e-06 ≰ 0.0e+00
    |f(x) - f(x')|/|f(x')| = 7.75e-07 ≰ 1.0e-08
    |g(x)|                 = 2.45e-01 ≰ 1.0e-05

 * Work counters
    Seconds run:   879  (vs limit 14400)
    Iterations:    45
    f(x) calls:    230
    ∇f(x) calls:   230

ν_s = 0.5732130808630507
ν_t = 1.5148746152252
r_t = 6.807821885597284
r_s = 1.0899412060534668
σ = 4.126549743909629
β_obs = 0.1155480067342205
σ_obs = 1.0841708837262563
Task 11 finished at Fri  2 Oct 03:58:17 CEST 2026
