Job 25525829, task 5 running on idun-04-04 at Fri  2 Oct 03:42:50 CEST 2026
Estimating parameters for scenario HL, replication r = 5
Iter     Function value   Gradient norm 
     0     2.061524e+00     1.696652e+00
 * time: 0.027493000030517578
     1     1.616402e+00     2.589014e-01
 * time: 0.8680019378662109
     2     1.565858e+00     5.501775e-02
 * time: 1.4013128280639648
     3     1.561238e+00     6.962466e-02
 * time: 1.9662837982177734
     4     1.558828e+00     1.158395e-02
 * time: 2.493168830871582
     5     1.558453e+00     1.546494e-02
 * time: 3.0357229709625244
     6     1.557983e+00     6.138062e-03
 * time: 3.5580368041992188
     7     1.557550e+00     1.907851e-02
 * time: 4.282157897949219
     8     1.557177e+00     1.512884e-02
 * time: 14.6298508644104
     9     1.557003e+00     3.473743e-03
 * time: 15.197497844696045
    10     1.556911e+00     9.742501e-03
 * time: 15.554536819458008
    11     1.556748e+00     7.357618e-03
 * time: 23.615747928619385
    12     1.556213e+00     1.062378e-02
 * time: 24.404189825057983
    13     1.556110e+00     2.264268e-03
 * time: 25.17154598236084
    14     1.556101e+00     1.751169e-03
 * time: 25.934592962265015
    15     1.556048e+00     3.367081e-03
 * time: 26.950023889541626
    16     1.555580e+00     6.704962e-03
 * time: 28.28672981262207
    17     1.555458e+00     6.644236e-04
 * time: 29.333581924438477
    18     1.555439e+00     2.266199e-03
 * time: 30.41068387031555
    19     1.555413e+00     7.234920e-04
 * time: 31.55485987663269
    20     1.555406e+00     7.498324e-04
 * time: 32.650309801101685
    21     1.555384e+00     7.647851e-04
 * time: 34.14411902427673
    22     1.555368e+00     2.899656e-04
 * time: 35.212886810302734
    23     1.555365e+00     5.675289e-04
 * time: 36.01214289665222
    24     1.555364e+00     2.808686e-04
 * time: 37.07992100715637
    25     1.555363e+00     3.321685e-04
 * time: 38.263014793395996
    26     1.555361e+00     7.162354e-04
 * time: 39.73411583900452
    27     1.555335e+00     7.618611e-04
 * time: 41.145663022994995
    28     1.555315e+00     3.879594e-04
 * time: 52.610572814941406
    29     1.555276e+00     3.920921e-04
 * time: 53.136536836624146
    30     1.555269e+00     1.091447e-03
 * time: 53.622994899749756
    31     1.555252e+00     2.732729e-02
 * time: 66.29560494422913
    32     1.555253e+00     9.603644e-03
 * time: 88.9608998298645
    33     1.555253e+00     7.677911e-03
 * time: 109.36607599258423
    34     1.555255e+00     9.293933e-04
 * time: 155.07790899276733
    35     1.555254e+00     1.771194e+00
 * time: 168.43760299682617
    36     1.555253e+00     7.475586e-03
 * time: 204.87826800346375
    37     1.555253e+00     5.741324e-02
 * time: 275.8138418197632
    38     1.555253e+00     2.705671e-01
 * time: 290.3599228858948
    39     1.555252e+00     1.250889e-01
 * time: 303.7830319404602
    40     1.555252e+00     2.089335e-02
 * time: 337.1353209018707
    41     1.555251e+00     3.767802e-04
 * time: 356.85262393951416
    42     1.555252e+00     4.740894e-02
 * time: 490.2586889266968
    43     1.555253e+00     6.593809e-02
 * time: 595.9405817985535
    44     1.555251e+00     7.940189e-02
 * time: 794.8503379821777
    45     1.555250e+00     5.921368e-02
 * time: 817.2120139598846
    46     1.555247e+00     3.411765e-02
 * time: 836.2968769073486
    47     1.555247e+00     3.330459e-02
 * time: 864.7898309230804
    48     1.555246e+00     9.910760e-02
 * time: 880.6169579029083
    49     1.555246e+00     7.223096e-02
 * time: 896.0898900032043
    50     1.555246e+00     5.275332e-02
 * time: 923.1204559803009
    51     1.555248e+00     4.266086e-02
 * time: 947.4505579471588
    52     1.555248e+00     3.614751e-02
 * time: 998.714607000351
    53     1.555247e+00     2.487630e-01
 * time: 1017.9365839958191
    54     1.555246e+00     1.399726e-01
 * time: 1036.9342489242554
    55     1.555247e+00     2.667357e-02
 * time: 1077.1374869346619
    56     1.555246e+00     3.906173e-03
 * time: 1102.0712687969208
    57     1.555247e+00     1.012558e-01
 * time: 1120.713996887207
    58     1.555246e+00     4.894622e-02
 * time: 1141.2992010116577
    59     1.555246e+00     6.584625e-02
 * time: 1159.9527649879456
    60     1.555246e+00     7.774987e-02
 * time: 1178.6662509441376
    61     1.555246e+00     1.369558e-01
 * time: 1235.3739178180695
    62     1.555246e+00     3.430127e-02
 * time: 1248.95872092247
    63     1.555246e+00     1.731675e-02
 * time: 1262.9789679050446
    64     1.555245e+00     2.986482e-01
 * time: 1281.9530718326569
    65     1.555246e+00     1.856882e-03
 * time: 1298.9703199863434
    66     1.555245e+00     1.866052e-02
 * time: 1323.3198599815369
    67     1.555243e+00     2.397485e-02
 * time: 1418.231251001358
    68     1.555243e+00     2.397485e-02
 * time: 1680.3520939350128
1687.098237 seconds (465.74 M allocations: 58.909 GiB, 0.60% gc time, 153 lock conflicts, 0.91% compilation time)
 * Status: success

 * Candidate solution
    Final objective value:     1.555243e+00

 * Found with
    Algorithm:     BFGS

 * Convergence measures
    |x - x'|               = 8.76e-12 ≤ 1.0e-04
    |x - x'|/|x'|          = 2.39e-12 ≰ 0.0e+00
    |f(x) - f(x')|         = 2.89e-15 ≰ 0.0e+00
    |f(x) - f(x')|/|f(x')| = 1.86e-15 ≤ 1.0e-08
    |g(x)|                 = 2.40e-02 ≰ 1.0e-05

 * Work counters
    Seconds run:   1680  (vs limit 14400)
    Iterations:    68
    f(x) calls:    340
    ∇f(x) calls:   340

ν_s = 0.4021363434102492
ν_t = 0.7240637656527279
r_t = 12.441937389545538
r_s = 2.1062581285605195
σ = 3.5402613007095707
β_obs = 0.9999662080064936
σ_obs = 0.8510428064521111
Task 5 finished at Fri  2 Oct 04:11:06 CEST 2026
