Job 25525879, task 13 running on idun-04-06 at Fri  2 Oct 03:43:20 CEST 2026
Estimating parameters for scenario LH, replication r = 13
Iter     Function value   Gradient norm 
     0     2.766921e+00     3.161457e+00
 * time: 0.024908065795898438
     1     1.769519e+00     1.555431e-01
 * time: 0.8851790428161621
     2     1.733695e+00     7.999034e-02
 * time: 1.4741239547729492
     3     1.727558e+00     3.598911e-02
 * time: 2.0598559379577637
     4     1.726154e+00     1.658921e-02
 * time: 2.633970022201538
     5     1.725458e+00     1.373662e-02
 * time: 3.2186760902404785
     6     1.725351e+00     2.682589e-03
 * time: 3.8092899322509766
     7     1.725271e+00     4.594602e-03
 * time: 4.583749055862427
     8     1.724764e+00     4.603379e-03
 * time: 5.350346088409424
     9     1.723987e+00     8.974362e-03
 * time: 6.141668081283569
    10     1.723728e+00     3.223238e-03
 * time: 7.035043954849243
    11     1.723544e+00     4.263411e-03
 * time: 7.873802900314331
    12     1.723426e+00     6.102519e-03
 * time: 8.431437015533447
    13     1.723217e+00     4.767924e-03
 * time: 9.642082929611206
    14     1.723014e+00     9.561552e-02
 * time: 18.295175075531006
    15     1.723015e+00     2.403366e-03
 * time: 78.94553709030151
    16     1.723003e+00     5.045256e-02
 * time: 92.83218097686768
    17     1.722998e+00     2.596177e-02
 * time: 108.32945799827576
    18     1.722975e+00     2.097555e-03
 * time: 130.19654202461243
    19     1.722955e+00     2.003597e-03
 * time: 150.8650529384613
    20     1.722898e+00     3.685050e-02
 * time: 188.0781910419464
    21     1.722899e+00     6.805739e-03
 * time: 292.02428102493286
    22     1.722775e+00     2.456923e-03
 * time: 311.01645398139954
    23     1.722745e+00     1.209601e-01
 * time: 327.6688029766083
    24     1.722745e+00     7.435854e-02
 * time: 365.0313289165497
    25     1.722715e+00     9.370989e-03
 * time: 392.2179629802704
    26     1.722677e+00     2.977909e-02
 * time: 421.4459240436554
    27     1.722655e+00     6.752204e-04
 * time: 439.9938519001007
    28     1.722655e+00     2.769775e-03
 * time: 461.4031629562378
    29     1.722655e+00     8.752708e-03
 * time: 489.92628502845764
    30     1.722641e+00     6.372313e-02
 * time: 523.2992689609528
    31     1.722641e+00     7.487602e-03
 * time: 553.007306098938
    32     1.722631e+00     1.445716e-03
 * time: 573.9884929656982
    33     1.722631e+00     1.958222e-02
 * time: 597.212217092514
    34     1.722631e+00     1.961293e-02
 * time: 714.4950079917908
    35     1.722631e+00     3.523200e-04
 * time: 726.628005027771
    36     1.722630e+00     6.551362e-03
 * time: 748.232992887497
    37     1.722630e+00     1.786748e-02
 * time: 760.958997964859
    38     1.722630e+00     6.201063e-03
 * time: 782.6403360366821
    39     1.722630e+00     3.056009e-03
 * time: 806.4054880142212
    40     1.722630e+00     1.191582e-04
 * time: 827.938127040863
    41     1.722630e+00     4.556928e-03
 * time: 843.0324420928955
    42     1.722630e+00     5.067060e-05
 * time: 862.9227950572968
    43     1.722630e+00     1.777102e-02
 * time: 886.034362077713
    44     1.722630e+00     3.195368e-03
 * time: 901.4990320205688
    45     1.722630e+00     1.243465e-03
 * time: 923.7853269577026
    46     1.722630e+00     1.998265e-03
 * time: 946.8902750015259
    47     1.722630e+00     1.039018e-02
 * time: 971.0411059856415
    48     1.722630e+00     8.182441e-04
 * time: 985.3049619197845
    49     1.722630e+00     1.856327e-03
 * time: 1015.7479031085968
    50     1.722630e+00     3.642133e-05
 * time: 1037.593859910965
    51     1.722630e+00     3.718320e-03
 * time: 1066.1129848957062
    52     1.722628e+00     1.726727e-03
 * time: 1091.0823040008545
    53     1.722626e+00     3.910947e-03
 * time: 1112.0691781044006
    54     1.722624e+00     3.689882e-04
 * time: 1125.3368949890137
    55     1.722622e+00     9.657056e-04
 * time: 1148.4312028884888
    56     1.722620e+00     4.785121e-03
 * time: 1163.8450889587402
    57     1.722620e+00     3.611046e-03
 * time: 1179.4778099060059
    58     1.722621e+00     1.846428e-02
 * time: 1319.4768629074097
    59     1.722620e+00     1.641745e-02
 * time: 1359.1230409145355
    60     1.722619e+00     9.752574e-03
 * time: 1381.914340019226
    61     1.722619e+00     3.877951e-02
 * time: 1405.3181290626526
    62     1.722620e+00     5.729320e-02
 * time: 1635.1226160526276
    63     1.722620e+00     1.123803e-02
 * time: 1673.5625040531158
    64     1.722619e+00     3.803555e-04
 * time: 1693.4964640140533
    65     1.722619e+00     5.867961e-03
 * time: 1715.112559080124
    66     1.722619e+00     3.380014e-03
 * time: 1735.9344670772552
    67     1.722619e+00     1.566322e-03
 * time: 1758.8101780414581
    68     1.722619e+00     2.412151e-04
 * time: 1773.0148179531097
    69     1.722619e+00     1.620717e-04
 * time: 1808.8972129821777
    70     1.722619e+00     3.534314e-05
 * time: 1826.8523480892181
    71     1.722619e+00     1.452461e-03
 * time: 1871.3911690711975
1878.298685 seconds (465.27 M allocations: 56.683 GiB, 0.84% gc time, 116 lock conflicts, 0.83% compilation time)
 * Status: success

 * Candidate solution
    Final objective value:     1.722619e+00

 * Found with
    Algorithm:     BFGS

 * Convergence measures
    |x - x'|               = 1.46e-02 ≰ 1.0e-04
    |x - x'|/|x'|          = 6.57e-03 ≰ 0.0e+00
    |f(x) - f(x')|         = 9.17e-09 ≰ 0.0e+00
    |f(x) - f(x')|/|f(x')| = 5.33e-09 ≤ 1.0e-08
    |g(x)|                 = 1.45e-03 ≰ 1.0e-05

 * Work counters
    Seconds run:   1871  (vs limit 14400)
    Iterations:    71
    f(x) calls:    308
    ∇f(x) calls:   308

ν_s = 0.5275383250123944
ν_t = 2.5996614682634998
r_t = 7.200670768188476
r_s = 9.184159103256196
σ = 4.028881877810978
β_obs = 0.19378937628612206
σ_obs = 1.0933349756228516
Task 13 finished at Fri  2 Oct 04:14:50 CEST 2026
