Job 25525829, task 26 running on idun-03-03 at Fri  2 Oct 03:43:20 CEST 2026
Estimating parameters for scenario HL, replication r = 26
Iter     Function value   Gradient norm 
     0     2.052908e+00     1.722645e+00
 * time: 0.028735876083374023
     1     1.611804e+00     2.628753e-01
 * time: 0.9694900512695312
     2     1.564221e+00     4.988226e-02
 * time: 1.622788906097412
     3     1.560768e+00     5.777015e-02
 * time: 2.2617640495300293
     4     1.559060e+00     7.792788e-03
 * time: 2.8960678577423096
     5     1.558894e+00     1.061487e-02
 * time: 3.531419038772583
     6     1.558661e+00     3.308208e-03
 * time: 4.1490418910980225
     7     1.558570e+00     1.356765e-02
 * time: 4.995080947875977
     8     1.557943e+00     1.000572e-02
 * time: 6.006849050521851
     9     1.557712e+00     1.277852e-02
 * time: 6.636535882949829
    10     1.557553e+00     2.034084e-02
 * time: 7.049602031707764
    11     1.556323e+00     2.180533e-02
 * time: 19.107208013534546
    12     1.556067e+00     3.454596e-03
 * time: 20.163336038589478
    13     1.555989e+00     7.398203e-03
 * time: 21.223646879196167
    14     1.555856e+00     1.442652e-03
 * time: 22.131125926971436
    15     1.555835e+00     8.150733e-04
 * time: 23.003140926361084
    16     1.555833e+00     7.233725e-04
 * time: 23.90225887298584
    17     1.555823e+00     3.803509e-03
 * time: 25.115919828414917
    18     1.555707e+00     1.555921e-03
 * time: 26.250915050506592
    19     1.555655e+00     1.439536e-03
 * time: 37.20725893974304
    20     1.555632e+00     1.000007e-03
 * time: 38.07142782211304
    21     1.555611e+00     1.316164e-03
 * time: 38.6862268447876
    22     1.555601e+00     5.960762e-04
 * time: 39.81369996070862
    23     1.555600e+00     1.733609e-04
 * time: 40.37003493309021
    24     1.555599e+00     1.634488e-04
 * time: 41.48188591003418
    25     1.555599e+00     1.294873e-04
 * time: 42.346632957458496
    26     1.555599e+00     2.351899e-04
 * time: 43.43132400512695
    27     1.555594e+00     1.032795e-03
 * time: 44.89470982551575
    28     1.555583e+00     1.531014e-03
 * time: 45.80050301551819
    29     1.555574e+00     9.862018e-04
 * time: 46.32924485206604
    30     1.555569e+00     1.512111e-04
 * time: 46.85367298126221
    31     1.555563e+00     1.562378e-03
 * time: 47.76686501502991
    32     1.555562e+00     1.493427e-03
 * time: 48.34046792984009
    33     1.555561e+00     2.741738e-04
 * time: 48.88708686828613
    34     1.555561e+00     2.252491e-04
 * time: 49.783504009246826
    35     1.555561e+00     3.091235e-04
 * time: 50.60687494277954
    36     1.555560e+00     7.975722e-05
 * time: 51.42608904838562
    37     1.555560e+00     9.176651e-05
 * time: 52.23549485206604
    38     1.555560e+00     1.103428e-04
 * time: 53.04146385192871
    39     1.555560e+00     3.828554e-05
 * time: 53.57166600227356
    40     1.555560e+00     3.302864e-05
 * time: 54.40849804878235
    41     1.555560e+00     7.108209e-05
 * time: 55.22616982460022
    42     1.555560e+00     8.211058e-05
 * time: 56.18072295188904
 63.203118 seconds (67.61 M allocations: 13.888 GiB, 4.20% gc time, 65 lock conflicts, 25.35% compilation time)
 * Status: success

 * Candidate solution
    Final objective value:     1.555560e+00

 * Found with
    Algorithm:     BFGS

 * Convergence measures
    |x - x'|               = 2.04e+00 ≰ 1.0e-04
    |x - x'|/|x'|          = 1.26e-01 ≰ 0.0e+00
    |f(x) - f(x')|         = 7.81e-09 ≰ 0.0e+00
    |f(x) - f(x')|/|f(x')| = 5.02e-09 ≤ 1.0e-08
    |g(x)|                 = 8.21e-05 ≰ 1.0e-05

 * Work counters
    Seconds run:   56  (vs limit 14400)
    Iterations:    42
    f(x) calls:    126
    ∇f(x) calls:   126

ν_s = 0.6076742676297533
ν_t = 0.7066192649763201
r_t = 2533.6280479113752
r_s = 495.3324085738728
σ = 3.538041250307668
β_obs = 1.0
σ_obs = 0.8636848574291692
Task 26 finished at Fri  2 Oct 03:44:35 CEST 2026
