Job 25525696, task 12 running on idun-05-34 at Fri  2 Oct 02:48:49 CEST 2026
Estimating parameters for replication r = 12
Iter     Function value   Gradient norm 
     0     1.901902e+00     1.493796e+00
 * time: 0.019960880279541016
     1     1.557039e+00     2.800003e-01
 * time: 0.7098379135131836
     2     1.503692e+00     5.909130e-02
 * time: 1.1882209777832031
     3     1.495835e+00     1.089280e-01
 * time: 1.6658120155334473
     4     1.488673e+00     3.561323e-02
 * time: 2.1352720260620117
     5     1.486919e+00     2.553744e-02
 * time: 2.6065759658813477
     6     1.485961e+00     5.573485e-03
 * time: 3.075901985168457
     7     1.485935e+00     2.595374e-03
 * time: 3.5390920639038086
     8     1.485162e+00     3.651994e-03
 * time: 4.317123889923096
     9     1.484825e+00     1.781409e-02
 * time: 11.150030851364136
    10     1.484248e+00     1.129668e-02
 * time: 11.725089073181152
    11     1.484180e+00     1.862466e-03
 * time: 12.171027898788452
    12     1.484162e+00     1.844135e-03
 * time: 12.852239847183228
    13     1.484139e+00     5.246795e-04
 * time: 13.617693901062012
    14     1.484137e+00     5.302642e-04
 * time: 14.275781869888306
    15     1.484136e+00     5.304999e-04
 * time: 14.943058967590332
    16     1.484132e+00     9.212805e-04
 * time: 15.867295980453491
    17     1.484114e+00     3.289800e-04
 * time: 16.66311287879944
    18     1.484114e+00     2.722715e-04
 * time: 17.314085960388184
    19     1.484107e+00     1.445461e-03
 * time: 18.42362689971924
    20     1.484088e+00     4.153170e-04
 * time: 19.08551788330078
    21     1.484085e+00     2.800374e-04
 * time: 19.842555046081543
    22     1.484085e+00     1.887294e-05
 * time: 20.500452041625977
    23     1.484085e+00     1.284190e-05
 * time: 21.149970054626465
    24     1.484085e+00     9.732121e-06
 * time: 21.80665397644043
 27.950949 seconds (53.30 M allocations: 8.804 GiB, 5.67% gc time, 10 lock conflicts, 54.85% compilation time)
 * Status: success

 * Candidate solution
    Final objective value:     1.484085e+00

 * Found with
    Algorithm:     BFGS

 * Convergence measures
    |x - x'|               = 6.64e-04 ≰ 1.0e-04
    |x - x'|/|x'|          = 3.40e-04 ≰ 0.0e+00
    |f(x) - f(x')|         = 4.52e-10 ≰ 0.0e+00
    |f(x) - f(x')|/|f(x')| = 3.05e-10 ≤ 1.0e-08
    |g(x)|                 = 9.73e-06 ≤ 1.0e-05

 * Work counters
    Seconds run:   22  (vs limit 14400)
    Iterations:    24
    f(x) calls:    77
    ∇f(x) calls:   77

ν_s = 0.6568582082013887
ν_t = 2.0304005505389187
r_t = 7.084272409864788
r_s = 0.9818561108093824
σ = 4.683125074963438
β_obs = 0.22920005813221678
σ_obs = 0.8163446022112063
Task 12 finished at Fri  2 Oct 02:49:26 CEST 2026
