Job 25525829, task 4 running on idun-04-04 at Fri  2 Oct 03:42:50 CEST 2026
Estimating parameters for scenario HL, replication r = 4
Iter     Function value   Gradient norm 
     0     2.095132e+00     1.759227e+00
 * time: 0.026048898696899414
     1     1.630176e+00     2.601412e-01
 * time: 0.8635380268096924
     2     1.577020e+00     5.097749e-02
 * time: 1.4507598876953125
     3     1.573330e+00     5.955413e-02
 * time: 2.0264949798583984
     4     1.571809e+00     8.327756e-03
 * time: 2.633125066757202
     5     1.571591e+00     8.865750e-03
 * time: 3.185957908630371
     6     1.571423e+00     1.774509e-03
 * time: 3.75496506690979
     7     1.571397e+00     3.212986e-03
 * time: 4.52237606048584
     8     1.571054e+00     3.389835e-03
 * time: 5.283658981323242
     9     1.570892e+00     3.126766e-03
 * time: 6.057399034500122
    10     1.570813e+00     3.888846e-03
 * time: 6.827502965927124
    11     1.570786e+00     4.593905e-03
 * time: 17.23243808746338
    12     1.570715e+00     2.867095e-03
 * time: 17.801182985305786
    13     1.570450e+00     1.643626e-02
 * time: 18.688361883163452
    14     1.570339e+00     2.218102e-02
 * time: 27.338654041290283
    15     1.570172e+00     2.150390e-03
 * time: 34.571654081344604
    16     1.570169e+00     8.335304e-04
 * time: 35.11833691596985
    17     1.570165e+00     2.298111e-03
 * time: 36.24883794784546
    18     1.570095e+00     2.748835e-03
 * time: 37.78869009017944
    19     1.570044e+00     1.355397e-03
 * time: 38.74188590049744
    20     1.570008e+00     1.472804e-03
 * time: 39.33788800239563
    21     1.569996e+00     7.935638e-04
 * time: 47.767009019851685
    22     1.569997e+00     1.650128e-02
 * time: 358.40246295928955
    23     1.569996e+00     4.328204e-02
 * time: 420.3365569114685
    24     1.569996e+00     4.328204e-02
 * time: 700.0873968601227
707.138543 seconds (217.54 M allocations: 27.060 GiB, 0.84% gc time, 80 lock conflicts, 2.29% compilation time)
 * Status: success

 * Candidate solution
    Final objective value:     1.569996e+00

 * Found with
    Algorithm:     BFGS

 * Convergence measures
    |x - x'|               = 1.11e-16 ≤ 1.0e-04
    |x - x'|/|x'|          = 4.08e-17 ≰ 0.0e+00
    |f(x) - f(x')|         = 8.88e-16 ≰ 0.0e+00
    |f(x) - f(x')|/|f(x')| = 5.66e-16 ≤ 1.0e-08
    |g(x)|                 = 4.33e-02 ≰ 1.0e-05

 * Work counters
    Seconds run:   700  (vs limit 14400)
    Iterations:    24
    f(x) calls:    166
    ∇f(x) calls:   166

ν_s = 0.6982470860066161
ν_t = 1.0652799882628543
r_t = 15.253184792294615
r_s = 2.3784389183177606
σ = 4.016281380454946
β_obs = 0.9988260722431933
σ_obs = 0.867156639822069
Task 4 finished at Fri  2 Oct 03:54:46 CEST 2026
