Job 25525829, task 20 running on idun-04-33 at Fri  2 Oct 03:42:50 CEST 2026
Estimating parameters for scenario HL, replication r = 20
Iter     Function value   Gradient norm 
     0     2.088286e+00     1.753707e+00
 * time: 0.02476811408996582
     1     1.625187e+00     2.586679e-01
 * time: 0.8517861366271973
     2     1.574310e+00     5.262813e-02
 * time: 1.384554147720337
     3     1.570340e+00     6.328185e-02
 * time: 1.9243052005767822
     4     1.568556e+00     7.853595e-03
 * time: 2.4543261528015137
     5     1.568394e+00     9.181050e-03
 * time: 2.9867680072784424
     6     1.568126e+00     4.568839e-03
 * time: 3.5185999870300293
     7     1.567766e+00     1.333744e-02
 * time: 4.22821307182312
     8     1.567659e+00     1.079906e-02
 * time: 4.597968101501465
     9     1.567369e+00     2.833542e-03
 * time: 4.973349094390869
    10     1.566332e+00     2.299377e-02
 * time: 5.8534321784973145
    11     1.565969e+00     3.114594e-03
 * time: 6.608213186264038
    12     1.565814e+00     8.363506e-03
 * time: 7.372928142547607
    13     1.565596e+00     8.206955e-03
 * time: 8.125446081161499
    14     1.565555e+00     1.237375e-03
 * time: 8.974321126937866
    15     1.565550e+00     7.682747e-04
 * time: 9.730063199996948
    16     1.565545e+00     1.331962e-03
 * time: 10.742098093032837
    17     1.565384e+00     8.512319e-03
 * time: 12.014976024627686
    18     1.565255e+00     5.364614e-03
 * time: 12.92858600616455
    19     1.565186e+00     2.735828e-03
 * time: 13.687478065490723
    20     1.565148e+00     3.168888e-03
 * time: 14.459175109863281
    21     1.565134e+00     1.267554e-03
 * time: 14.972424983978271
    22     1.565122e+00     2.276541e-03
 * time: 15.48574709892273
    23     1.565112e+00     5.737318e-04
 * time: 16.2532742023468
    24     1.565109e+00     8.551167e-04
 * time: 17.082340002059937
    25     1.565108e+00     3.140868e-04
 * time: 17.597609043121338
    26     1.565108e+00     1.634015e-04
 * time: 18.120607137680054
    27     1.565108e+00     1.527300e-04
 * time: 18.897452116012573
    28     1.565107e+00     8.732591e-04
 * time: 19.932504177093506
    29     1.565088e+00     2.043835e-03
 * time: 21.281869173049927
    30     1.565084e+00     1.511679e-03
 * time: 21.78385305404663
    31     1.565077e+00     5.841104e-04
 * time: 22.29078197479248
    32     1.565072e+00     6.461612e-04
 * time: 23.064290046691895
    33     1.565069e+00     1.064156e-03
 * time: 23.829895973205566
    34     1.565068e+00     9.955986e-04
 * time: 24.33781909942627
    35     1.565066e+00     5.681712e-04
 * time: 24.844590187072754
    36     1.565066e+00     9.416870e-05
 * time: 25.43530011177063
    37     1.565066e+00     2.485388e-04
 * time: 26.200733184814453
    38     1.565065e+00     2.916691e-04
 * time: 27.224400997161865
    39     1.565065e+00     6.699836e-05
 * time: 27.99337601661682
    40     1.565065e+00     7.253991e-05
 * time: 28.822143077850342
    41     1.565065e+00     8.744063e-05
 * time: 29.571401119232178
    42     1.565065e+00     2.064256e-05
 * time: 30.330161094665527
    43     1.565065e+00     1.512618e-05
 * time: 31.084135055541992
 37.841561 seconds (63.54 M allocations: 13.847 GiB, 5.10% gc time, 114 lock conflicts, 40.74% compilation time)
 * Status: success

 * Candidate solution
    Final objective value:     1.565065e+00

 * Found with
    Algorithm:     BFGS

 * Convergence measures
    |x - x'|               = 1.18e-01 ≰ 1.0e-04
    |x - x'|/|x'|          = 1.12e-02 ≰ 0.0e+00
    |f(x) - f(x')|         = 5.37e-09 ≰ 0.0e+00
    |f(x) - f(x')|/|f(x')| = 3.43e-09 ≤ 1.0e-08
    |g(x)|                 = 1.51e-05 ≰ 1.0e-05

 * Work counters
    Seconds run:   31  (vs limit 14400)
    Iterations:    43
    f(x) calls:    127
    ∇f(x) calls:   127

ν_s = 0.5600793389283744
ν_t = 0.7001087697247756
r_t = 227.35243060132788
r_s = 41.53641218729113
σ = 3.6868439316053907
β_obs = 0.9999999999999571
σ_obs = 0.8636917616698396
Task 20 finished at Fri  2 Oct 03:43:40 CEST 2026
