Job 25525879, task 23 running on idun-04-08 at Fri  2 Oct 03:43:20 CEST 2026
Estimating parameters for scenario LH, replication r = 23
Iter     Function value   Gradient norm 
     0     2.731482e+00     3.125447e+00
 * time: 0.024179935455322266
     1     1.757798e+00     1.635307e-01
 * time: 0.9099459648132324
     2     1.722285e+00     7.659974e-02
 * time: 1.5247089862823486
     3     1.716272e+00     3.578077e-02
 * time: 2.143195867538452
     4     1.715014e+00     1.492288e-02
 * time: 2.750025987625122
     5     1.714598e+00     1.032127e-02
 * time: 3.385978937149048
     6     1.714523e+00     2.178301e-03
 * time: 3.992928981781006
     7     1.714499e+00     1.894935e-03
 * time: 4.593112945556641
     8     1.714282e+00     4.034636e-03
 * time: 5.608465909957886
     9     1.713391e+00     1.669350e+00
 * time: 15.888510942459106
    10     1.713323e+00     5.206227e-01
 * time: 32.999783992767334
    11     1.713267e+00     2.239622e-02
 * time: 43.40861701965332
    12     1.713261e+00     2.139063e-01
 * time: 59.05924201011658
    13     1.713255e+00     2.058165e-02
 * time: 131.11901903152466
    14     1.713248e+00     2.552154e-01
 * time: 154.7783920764923
    15     1.713250e+00     1.071340e-01
 * time: 171.06103992462158
    16     1.713248e+00     2.700687e-01
 * time: 183.2985439300537
    17     1.713247e+00     3.280416e-01
 * time: 195.51762104034424
    18     1.713245e+00     5.838917e-03
 * time: 213.1479790210724
    19     1.713245e+00     3.568083e-02
 * time: 253.81014394760132
    20     1.713245e+00     2.763531e-01
 * time: 276.8608639240265
    21     1.713236e+00     3.616780e-02
 * time: 303.40722489356995
    22     1.713204e+00     2.204287e-02
 * time: 324.6959750652313
    23     1.713203e+00     3.783483e-02
 * time: 369.4428188800812
    24     1.713203e+00     8.624744e-02
 * time: 442.22812485694885
    25     1.713202e+00     5.930460e-04
 * time: 471.06710505485535
    26     1.713175e+00     3.387610e-02
 * time: 499.85869693756104
    27     1.713146e+00     4.398517e-01
 * time: 519.9051508903503
    28     1.713138e+00     3.082228e-02
 * time: 539.035630941391
    29     1.713126e+00     4.844178e-04
 * time: 555.995521068573
    30     1.713123e+00     1.106071e+00
 * time: 576.2340669631958
    31     1.713123e+00     4.253238e-01
 * time: 602.078183889389
    32     1.713122e+00     5.298155e-03
 * time: 656.289892911911
    33     1.713122e+00     5.407453e-01
 * time: 675.9730770587921
    34     1.713122e+00     1.263295e-01
 * time: 691.3425378799438
    35     1.713122e+00     1.323757e-01
 * time: 705.796303987503
    36     1.713123e+00     3.324033e-02
 * time: 718.5802989006042
    37     1.713122e+00     2.229369e-01
 * time: 786.4971358776093
    38     1.713122e+00     3.257054e-02
 * time: 817.5951299667358
824.319096 seconds (230.30 M allocations: 23.730 GiB, 0.55% gc time, 102 lock conflicts, 1.85% compilation time)
 * Status: success

 * Candidate solution
    Final objective value:     1.713122e+00

 * Found with
    Algorithm:     BFGS

 * Convergence measures
    |x - x'|               = 4.23e-05 ≤ 1.0e-04
    |x - x'|/|x'|          = 2.10e-05 ≰ 0.0e+00
    |f(x) - f(x')|         = 2.46e-07 ≰ 0.0e+00
    |f(x) - f(x')|/|f(x')| = 1.44e-07 ≰ 1.0e-08
    |g(x)|                 = 3.26e-02 ≰ 1.0e-05

 * Work counters
    Seconds run:   818  (vs limit 14400)
    Iterations:    38
    f(x) calls:    159
    ∇f(x) calls:   159

ν_s = 0.5949892821525264
ν_t = 1.5262175846307664
r_t = 7.488676643145161
r_s = 0.8588371171042734
σ = 3.82804878385178
β_obs = 0.19828465038304205
σ_obs = 1.0919823456992337
Task 23 finished at Fri  2 Oct 03:57:16 CEST 2026
